2023-04-21 17:19:05,347:WARNING: * Debugger is active!
2023-04-21 17:19:05,354:INFO: * Debugger PIN: 341-549-671
2023-04-21 17:19:20,737:INFO: * Detected change in 'C:\\curso_python\\Proyecto Final\\The_World_of_cakes\\project\\main.py', reloading
2023-04-21 17:19:23,366:WARNING: * Debugger is active!
2023-04-21 17:19:23,374:INFO: * Debugger PIN: 497-842-438
2023-04-21 17:19:36,204:INFO: * Detected change in 'C:\\curso_python\\Proyecto Final\\The_World_of_cakes\\project\\main.py', reloading
2023-04-21 17:19:38,455:INFO:Se inicio la aplicacion
2023-04-21 17:19:38,472:WARNING: * Debugger is active!
2023-04-21 17:19:38,480:INFO: * Debugger PIN: 341-549-671
2023-04-21 17:19:46,635:INFO:Se inicio la aplicacion
2023-04-21 17:19:46,656:INFO:[31m[1mWARNING: This is a development server. Do not use it in a production deployment. Use a production WSGI server instead.[0m
 * Running on http://127.0.0.1:5000
2023-04-21 17:19:46,656:INFO:[33mPress CTRL+C to quit[0m
2023-04-21 17:19:46,660:INFO: * Restarting with stat
2023-04-21 17:19:48,550:INFO:Se inicio la aplicacion
2023-04-21 17:19:48,566:WARNING: * Debugger is active!
2023-04-21 17:19:48,570:INFO: * Debugger PIN: 341-549-671
2023-04-21 17:20:29,921:INFO:Se inicio la aplicacion
2023-04-21 17:20:29,937:INFO:[31m[1mWARNING: This is a development server. Do not use it in a production deployment. Use a production WSGI server instead.[0m
 * Running on http://127.0.0.1:5000
2023-04-21 17:20:29,937:INFO:[33mPress CTRL+C to quit[0m
2023-04-21 17:20:29,940:INFO: * Restarting with stat
2023-04-21 17:20:31,901:INFO:Se inicio la aplicacion
2023-04-21 17:20:31,915:WARNING: * Debugger is active!
2023-04-21 17:20:31,921:INFO: * Debugger PIN: 341-549-671
2023-04-21 17:21:03,286:INFO:127.0.0.1 - - [21/Apr/2023 17:21:03] "[32mGET /security/logout HTTP/1.1[0m" 302 -
2023-04-21 17:21:03,342:INFO:127.0.0.1 - - [21/Apr/2023 17:21:03] "GET /login?next=%2Fsecurity%2Flogout HTTP/1.1" 200 -
2023-04-21 17:21:08,471:INFO:127.0.0.1 - - [21/Apr/2023 17:21:08] "GET / HTTP/1.1" 200 -
2023-04-21 17:21:08,585:INFO:127.0.0.1 - - [21/Apr/2023 17:21:08] "[36mGET /static/bootstrap/css/bootstrap.min.css HTTP/1.1[0m" 304 -
2023-04-21 17:21:08,589:INFO:127.0.0.1 - - [21/Apr/2023 17:21:08] "[36mGET /static/bootstrap/css/bootstrap-responsive.min.css HTTP/1.1[0m" 304 -
2023-04-21 17:21:08,604:INFO:127.0.0.1 - - [21/Apr/2023 17:21:08] "[36mGET /static/bootstrap/css/styles.css HTTP/1.1[0m" 304 -
2023-04-21 17:21:08,609:INFO:127.0.0.1 - - [21/Apr/2023 17:21:08] "[36mGET /static/css/nav.css HTTP/1.1[0m" 304 -
2023-04-21 17:21:08,612:INFO:127.0.0.1 - - [21/Apr/2023 17:21:08] "[36mGET /static/css/carrusel.css HTTP/1.1[0m" 304 -
2023-04-21 17:21:08,620:INFO:127.0.0.1 - - [21/Apr/2023 17:21:08] "[36mGET /static/js/carrusel.js HTTP/1.1[0m" 304 -
2023-04-21 17:21:08,722:INFO:127.0.0.1 - - [21/Apr/2023 17:21:08] "[36mGET /static/img/fondo4.png HTTP/1.1[0m" 304 -
2023-04-21 17:21:08,729:INFO:127.0.0.1 - - [21/Apr/2023 17:21:08] "[36mGET /static/img/fondo3.png HTTP/1.1[0m" 304 -
2023-04-21 17:21:08,915:INFO:127.0.0.1 - - [21/Apr/2023 17:21:08] "[36mGET /static/img/fondo2.png HTTP/1.1[0m" 304 -
2023-04-21 17:21:08,927:INFO:127.0.0.1 - - [21/Apr/2023 17:21:08] "[36mGET /static/img/fondo5.jpg HTTP/1.1[0m" 304 -
2023-04-21 17:21:16,750:INFO:127.0.0.1 - - [21/Apr/2023 17:21:16] "GET /security/login HTTP/1.1" 200 -
2023-04-21 17:21:16,854:INFO:127.0.0.1 - - [21/Apr/2023 17:21:16] "[36mGET /static/bootstrap/css/bootstrap.min.css HTTP/1.1[0m" 304 -
2023-04-21 17:21:16,873:INFO:127.0.0.1 - - [21/Apr/2023 17:21:16] "[36mGET /static/bootstrap/css/bootstrap-responsive.min.css HTTP/1.1[0m" 304 -
2023-04-21 17:21:16,894:INFO:127.0.0.1 - - [21/Apr/2023 17:21:16] "[36mGET /static/bootstrap/css/styles.css HTTP/1.1[0m" 304 -
2023-04-21 17:21:16,903:INFO:127.0.0.1 - - [21/Apr/2023 17:21:16] "[36mGET /static/css/nav.css HTTP/1.1[0m" 304 -
2023-04-21 17:21:16,914:INFO:127.0.0.1 - - [21/Apr/2023 17:21:16] "[36mGET /static/css/carrusel.css HTTP/1.1[0m" 304 -
2023-04-21 17:21:16,926:INFO:127.0.0.1 - - [21/Apr/2023 17:21:16] "[33mGET /security/static/estilos.css HTTP/1.1[0m" 404 -
2023-04-21 17:21:16,931:INFO:127.0.0.1 - - [21/Apr/2023 17:21:16] "[36mGET /static/js/carrusel.js HTTP/1.1[0m" 304 -
2023-04-21 17:21:16,967:INFO:127.0.0.1 - - [21/Apr/2023 17:21:16] "[33mGET /security/static/estilos.css HTTP/1.1[0m" 404 -
2023-04-21 17:21:16,978:INFO:127.0.0.1 - - [21/Apr/2023 17:21:16] "[36mGET /static/img/fondo5.jpg HTTP/1.1[0m" 304 -
2023-04-21 17:21:21,703:DEBUG:El usuario FernandoLP.mx@outlook.com ingreso al sistema
2023-04-21 17:21:21,706:INFO:127.0.0.1 - - [21/Apr/2023 17:21:21] "[32mPOST /security/login HTTP/1.1[0m" 302 -
2023-04-21 17:21:21,731:INFO:127.0.0.1 - - [21/Apr/2023 17:21:21] "GET / HTTP/1.1" 200 -
2023-04-21 17:21:21,829:INFO:127.0.0.1 - - [21/Apr/2023 17:21:21] "[36mGET /static/bootstrap/css/bootstrap.min.css HTTP/1.1[0m" 304 -
2023-04-21 17:21:21,840:INFO:127.0.0.1 - - [21/Apr/2023 17:21:21] "[36mGET /static/bootstrap/css/bootstrap-responsive.min.css HTTP/1.1[0m" 304 -
2023-04-21 17:21:21,854:INFO:127.0.0.1 - - [21/Apr/2023 17:21:21] "[36mGET /static/bootstrap/css/styles.css HTTP/1.1[0m" 304 -
2023-04-21 17:21:21,887:INFO:127.0.0.1 - - [21/Apr/2023 17:21:21] "[36mGET /static/css/nav.css HTTP/1.1[0m" 304 -
2023-04-21 17:21:21,899:INFO:127.0.0.1 - - [21/Apr/2023 17:21:21] "[36mGET /static/css/carrusel.css HTTP/1.1[0m" 304 -
2023-04-21 17:21:21,914:INFO:127.0.0.1 - - [21/Apr/2023 17:21:21] "[36mGET /static/js/carrusel.js HTTP/1.1[0m" 304 -
2023-04-21 17:21:21,986:INFO:127.0.0.1 - - [21/Apr/2023 17:21:21] "[36mGET /static/img/fondo3.png HTTP/1.1[0m" 304 -
2023-04-21 17:21:22,000:INFO:127.0.0.1 - - [21/Apr/2023 17:21:22] "[36mGET /static/img/fondo4.png HTTP/1.1[0m" 304 -
2023-04-21 17:21:22,032:INFO:127.0.0.1 - - [21/Apr/2023 17:21:22] "[36mGET /static/img/fondo5.jpg HTTP/1.1[0m" 304 -
2023-04-21 17:21:22,036:INFO:127.0.0.1 - - [21/Apr/2023 17:21:22] "[36mGET /static/img/fondo2.png HTTP/1.1[0m" 304 -
2023-04-21 17:22:04,599:INFO:127.0.0.1 - - [21/Apr/2023 17:22:04] "[32mGET /security/logout HTTP/1.1[0m" 302 -
2023-04-21 17:22:04,616:INFO:127.0.0.1 - - [21/Apr/2023 17:22:04] "GET / HTTP/1.1" 200 -
2023-04-21 17:22:04,688:INFO:127.0.0.1 - - [21/Apr/2023 17:22:04] "[36mGET /static/bootstrap/css/bootstrap.min.css HTTP/1.1[0m" 304 -
2023-04-21 17:22:04,698:INFO:127.0.0.1 - - [21/Apr/2023 17:22:04] "[36mGET /static/bootstrap/css/bootstrap-responsive.min.css HTTP/1.1[0m" 304 -
2023-04-21 17:22:04,712:INFO:127.0.0.1 - - [21/Apr/2023 17:22:04] "[36mGET /static/css/nav.css HTTP/1.1[0m" 304 -
2023-04-21 17:22:04,721:INFO:127.0.0.1 - - [21/Apr/2023 17:22:04] "[36mGET /static/css/carrusel.css HTTP/1.1[0m" 304 -
2023-04-21 17:22:04,727:INFO:127.0.0.1 - - [21/Apr/2023 17:22:04] "[36mGET /static/bootstrap/css/styles.css HTTP/1.1[0m" 304 -
2023-04-21 17:22:04,734:INFO:127.0.0.1 - - [21/Apr/2023 17:22:04] "[36mGET /static/js/carrusel.js HTTP/1.1[0m" 304 -
2023-04-21 17:22:04,837:INFO:127.0.0.1 - - [21/Apr/2023 17:22:04] "[36mGET /static/img/fondo3.png HTTP/1.1[0m" 304 -
2023-04-21 17:22:04,871:INFO:127.0.0.1 - - [21/Apr/2023 17:22:04] "[36mGET /static/img/fondo5.jpg HTTP/1.1[0m" 304 -
2023-04-21 17:22:04,886:INFO:127.0.0.1 - - [21/Apr/2023 17:22:04] "[36mGET /static/img/fondo4.png HTTP/1.1[0m" 304 -
2023-04-21 17:22:04,895:INFO:127.0.0.1 - - [21/Apr/2023 17:22:04] "[36mGET /static/img/fondo2.png HTTP/1.1[0m" 304 -
2023-04-21 17:22:44,593:INFO:127.0.0.1 - - [21/Apr/2023 17:22:44] "GET /security/register HTTP/1.1" 200 -
2023-04-21 17:22:44,677:INFO:127.0.0.1 - - [21/Apr/2023 17:22:44] "[36mGET /static/bootstrap/css/bootstrap.min.css HTTP/1.1[0m" 304 -
2023-04-21 17:22:44,683:INFO:127.0.0.1 - - [21/Apr/2023 17:22:44] "[36mGET /static/bootstrap/css/bootstrap-responsive.min.css HTTP/1.1[0m" 304 -
2023-04-21 17:22:44,697:INFO:127.0.0.1 - - [21/Apr/2023 17:22:44] "[36mGET /static/bootstrap/css/styles.css HTTP/1.1[0m" 304 -
2023-04-21 17:22:44,704:INFO:127.0.0.1 - - [21/Apr/2023 17:22:44] "[36mGET /static/css/nav.css HTTP/1.1[0m" 304 -
2023-04-21 17:22:44,720:INFO:127.0.0.1 - - [21/Apr/2023 17:22:44] "[36mGET /static/css/carrusel.css HTTP/1.1[0m" 304 -
2023-04-21 17:22:44,738:INFO:127.0.0.1 - - [21/Apr/2023 17:22:44] "[36mGET /static/js/carrusel.js HTTP/1.1[0m" 304 -
2023-04-21 17:22:44,838:INFO:127.0.0.1 - - [21/Apr/2023 17:22:44] "[36mGET /static/img/fondo5.jpg HTTP/1.1[0m" 304 -
2023-04-21 17:26:40,580:INFO:127.0.0.1 - - [21/Apr/2023 17:26:40] "GET /security/login HTTP/1.1" 200 -
2023-04-21 17:26:40,685:INFO:127.0.0.1 - - [21/Apr/2023 17:26:40] "[36mGET /static/bootstrap/css/bootstrap.min.css HTTP/1.1[0m" 304 -
2023-04-21 17:26:40,698:INFO:127.0.0.1 - - [21/Apr/2023 17:26:40] "[36mGET /static/bootstrap/css/bootstrap-responsive.min.css HTTP/1.1[0m" 304 -
2023-04-21 17:26:40,711:INFO:127.0.0.1 - - [21/Apr/2023 17:26:40] "[36mGET /static/bootstrap/css/styles.css HTTP/1.1[0m" 304 -
2023-04-21 17:26:40,716:INFO:127.0.0.1 - - [21/Apr/2023 17:26:40] "[36mGET /static/css/nav.css HTTP/1.1[0m" 304 -
2023-04-21 17:26:40,722:INFO:127.0.0.1 - - [21/Apr/2023 17:26:40] "[36mGET /static/css/carrusel.css HTTP/1.1[0m" 304 -
2023-04-21 17:26:40,730:INFO:127.0.0.1 - - [21/Apr/2023 17:26:40] "[36mGET /static/js/carrusel.js HTTP/1.1[0m" 304 -
2023-04-21 17:26:40,734:INFO:127.0.0.1 - - [21/Apr/2023 17:26:40] "[33mGET /security/static/estilos.css HTTP/1.1[0m" 404 -
2023-04-21 17:26:40,817:INFO:127.0.0.1 - - [21/Apr/2023 17:26:40] "[33mGET /security/static/estilos.css HTTP/1.1[0m" 404 -
2023-04-21 17:26:40,832:INFO:127.0.0.1 - - [21/Apr/2023 17:26:40] "[36mGET /static/img/fondo5.jpg HTTP/1.1[0m" 304 -
2023-04-21 17:26:51,818:DEBUG:El usuario FernandoLP.mx@outlook.com ingreso al sistema
2023-04-21 17:26:51,824:INFO:127.0.0.1 - - [21/Apr/2023 17:26:51] "[32mPOST /security/login HTTP/1.1[0m" 302 -
2023-04-21 17:26:51,838:INFO:127.0.0.1 - - [21/Apr/2023 17:26:51] "GET / HTTP/1.1" 200 -
2023-04-21 17:26:51,920:INFO:127.0.0.1 - - [21/Apr/2023 17:26:51] "[36mGET /static/bootstrap/css/bootstrap.min.css HTTP/1.1[0m" 304 -
2023-04-21 17:26:51,929:INFO:127.0.0.1 - - [21/Apr/2023 17:26:51] "[36mGET /static/bootstrap/css/bootstrap-responsive.min.css HTTP/1.1[0m" 304 -
2023-04-21 17:26:51,945:INFO:127.0.0.1 - - [21/Apr/2023 17:26:51] "[36mGET /static/bootstrap/css/styles.css HTTP/1.1[0m" 304 -
2023-04-21 17:26:51,953:INFO:127.0.0.1 - - [21/Apr/2023 17:26:51] "[36mGET /static/css/nav.css HTTP/1.1[0m" 304 -
2023-04-21 17:26:51,982:INFO:127.0.0.1 - - [21/Apr/2023 17:26:51] "[36mGET /static/css/carrusel.css HTTP/1.1[0m" 304 -
2023-04-21 17:26:51,995:INFO:127.0.0.1 - - [21/Apr/2023 17:26:51] "[36mGET /static/js/carrusel.js HTTP/1.1[0m" 304 -
2023-04-21 17:26:52,057:INFO:127.0.0.1 - - [21/Apr/2023 17:26:52] "[36mGET /static/img/fondo4.png HTTP/1.1[0m" 304 -
2023-04-21 17:26:52,059:INFO:127.0.0.1 - - [21/Apr/2023 17:26:52] "[36mGET /static/img/fondo3.png HTTP/1.1[0m" 304 -
2023-04-21 17:26:52,059:INFO:127.0.0.1 - - [21/Apr/2023 17:26:52] "[36mGET /static/img/fondo2.png HTTP/1.1[0m" 304 -
2023-04-21 17:26:52,122:INFO:127.0.0.1 - - [21/Apr/2023 17:26:52] "[36mGET /static/img/fondo5.jpg HTTP/1.1[0m" 304 -
2023-04-21 17:27:04,571:INFO:127.0.0.1 - - [21/Apr/2023 17:27:04] "GET /security/registroRecetario_admin HTTP/1.1" 200 -
2023-04-21 17:27:04,697:INFO:127.0.0.1 - - [21/Apr/2023 17:27:04] "[36mGET /static/bootstrap/css/bootstrap-responsive.min.css HTTP/1.1[0m" 304 -
2023-04-21 17:27:04,698:INFO:127.0.0.1 - - [21/Apr/2023 17:27:04] "[36mGET /static/bootstrap/css/bootstrap.min.css HTTP/1.1[0m" 304 -
2023-04-21 17:27:04,713:INFO:127.0.0.1 - - [21/Apr/2023 17:27:04] "[36mGET /static/bootstrap/css/styles.css HTTP/1.1[0m" 304 -
2023-04-21 17:27:04,733:INFO:127.0.0.1 - - [21/Apr/2023 17:27:04] "[36mGET /static/css/nav.css HTTP/1.1[0m" 304 -
2023-04-21 17:27:04,742:INFO:127.0.0.1 - - [21/Apr/2023 17:27:04] "[36mGET /static/css/carrusel.css HTTP/1.1[0m" 304 -
2023-04-21 17:27:04,774:INFO:127.0.0.1 - - [21/Apr/2023 17:27:04] "[36mGET /static/js/carrusel.js HTTP/1.1[0m" 304 -
2023-04-21 17:27:04,774:INFO:127.0.0.1 - - [21/Apr/2023 17:27:04] "[33mGET /security/static/estilos.css HTTP/1.1[0m" 404 -
2023-04-21 17:27:04,788:INFO:127.0.0.1 - - [21/Apr/2023 17:27:04] "[33mGET /security/static/sweetalert2/sweetalert2.min.css HTTP/1.1[0m" 404 -
2023-04-21 17:27:04,800:INFO:127.0.0.1 - - [21/Apr/2023 17:27:04] "[33mGET /security/static/sweetalert2/sweetalert2.min.js HTTP/1.1[0m" 404 -
2023-04-21 17:27:04,831:INFO:127.0.0.1 - - [21/Apr/2023 17:27:04] "[33mGET /security/static/estilos.css HTTP/1.1[0m" 404 -
2023-04-21 17:27:04,845:INFO:127.0.0.1 - - [21/Apr/2023 17:27:04] "[36mGET /static/img/fondo5.jpg HTTP/1.1[0m" 304 -
2023-04-21 17:27:10,474:INFO:127.0.0.1 - - [21/Apr/2023 17:27:10] "GET /security/clientes_admin HTTP/1.1" 200 -
2023-04-21 17:27:10,574:INFO:127.0.0.1 - - [21/Apr/2023 17:27:10] "[36mGET /static/bootstrap/css/bootstrap.min.css HTTP/1.1[0m" 304 -
2023-04-21 17:27:10,577:INFO:127.0.0.1 - - [21/Apr/2023 17:27:10] "[36mGET /static/bootstrap/css/bootstrap-responsive.min.css HTTP/1.1[0m" 304 -
2023-04-21 17:27:10,581:INFO:127.0.0.1 - - [21/Apr/2023 17:27:10] "[36mGET /static/bootstrap/css/styles.css HTTP/1.1[0m" 304 -
2023-04-21 17:27:10,602:INFO:127.0.0.1 - - [21/Apr/2023 17:27:10] "[36mGET /static/css/nav.css HTTP/1.1[0m" 304 -
2023-04-21 17:27:10,618:INFO:127.0.0.1 - - [21/Apr/2023 17:27:10] "[36mGET /static/css/carrusel.css HTTP/1.1[0m" 304 -
2023-04-21 17:27:10,627:INFO:127.0.0.1 - - [21/Apr/2023 17:27:10] "[36mGET /static/js/carrusel.js HTTP/1.1[0m" 304 -
2023-04-21 17:27:10,691:INFO:127.0.0.1 - - [21/Apr/2023 17:27:10] "[36mGET /static/img/fondo5.jpg HTTP/1.1[0m" 304 -
2023-04-21 17:27:10,700:INFO:127.0.0.1 - - [21/Apr/2023 17:27:10] "[36mGET /static/bootstrap/img/glyphicons-halflings-white.png HTTP/1.1[0m" 304 -
2023-04-21 17:27:39,007:INFO:127.0.0.1 - - [21/Apr/2023 17:27:39] "GET /security/productos HTTP/1.1" 200 -
2023-04-21 17:27:39,127:INFO:127.0.0.1 - - [21/Apr/2023 17:27:39] "[36mGET /static/bootstrap/css/bootstrap.min.css HTTP/1.1[0m" 304 -
2023-04-21 17:27:39,146:INFO:127.0.0.1 - - [21/Apr/2023 17:27:39] "[36mGET /static/bootstrap/css/bootstrap-responsive.min.css HTTP/1.1[0m" 304 -
2023-04-21 17:27:39,164:INFO:127.0.0.1 - - [21/Apr/2023 17:27:39] "[36mGET /static/bootstrap/css/styles.css HTTP/1.1[0m" 304 -
2023-04-21 17:27:39,197:INFO:127.0.0.1 - - [21/Apr/2023 17:27:39] "[36mGET /static/css/nav.css HTTP/1.1[0m" 304 -
2023-04-21 17:27:39,225:INFO:127.0.0.1 - - [21/Apr/2023 17:27:39] "[36mGET /static/js/carrusel.js HTTP/1.1[0m" 304 -
2023-04-21 17:27:39,226:INFO:127.0.0.1 - - [21/Apr/2023 17:27:39] "[36mGET /static/css/carrusel.css HTTP/1.1[0m" 304 -
2023-04-21 17:27:39,366:INFO:127.0.0.1 - - [21/Apr/2023 17:27:39] "[36mGET /static/img/fondo5.jpg HTTP/1.1[0m" 304 -
2023-04-21 17:30:21,827:INFO:127.0.0.1 - - [21/Apr/2023 17:30:21] "GET /security/productos HTTP/1.1" 200 -
2023-04-21 17:30:21,907:INFO:127.0.0.1 - - [21/Apr/2023 17:30:21] "[36mGET /static/bootstrap/css/bootstrap.min.css HTTP/1.1[0m" 304 -
2023-04-21 17:30:21,920:INFO:127.0.0.1 - - [21/Apr/2023 17:30:21] "[36mGET /static/bootstrap/css/bootstrap-responsive.min.css HTTP/1.1[0m" 304 -
2023-04-21 17:30:21,923:INFO:127.0.0.1 - - [21/Apr/2023 17:30:21] "[36mGET /static/bootstrap/css/styles.css HTTP/1.1[0m" 304 -
2023-04-21 17:30:21,924:INFO:127.0.0.1 - - [21/Apr/2023 17:30:21] "[36mGET /static/css/nav.css HTTP/1.1[0m" 304 -
2023-04-21 17:30:21,936:INFO:127.0.0.1 - - [21/Apr/2023 17:30:21] "[36mGET /static/css/carrusel.css HTTP/1.1[0m" 304 -
2023-04-21 17:30:21,954:INFO:127.0.0.1 - - [21/Apr/2023 17:30:21] "[36mGET /static/js/carrusel.js HTTP/1.1[0m" 304 -
2023-04-21 17:30:22,033:INFO:127.0.0.1 - - [21/Apr/2023 17:30:22] "[36mGET /static/img/fondo5.jpg HTTP/1.1[0m" 304 -
2023-04-21 17:30:23,113:INFO:127.0.0.1 - - [21/Apr/2023 17:30:23] "GET /security/productos HTTP/1.1" 200 -
2023-04-21 17:30:23,177:INFO:127.0.0.1 - - [21/Apr/2023 17:30:23] "[36mGET /static/bootstrap/css/bootstrap.min.css HTTP/1.1[0m" 304 -
2023-04-21 17:30:23,185:INFO:127.0.0.1 - - [21/Apr/2023 17:30:23] "[36mGET /static/bootstrap/css/bootstrap-responsive.min.css HTTP/1.1[0m" 304 -
2023-04-21 17:30:23,198:INFO:127.0.0.1 - - [21/Apr/2023 17:30:23] "[36mGET /static/css/nav.css HTTP/1.1[0m" 304 -
2023-04-21 17:30:23,207:INFO:127.0.0.1 - - [21/Apr/2023 17:30:23] "[36mGET /static/bootstrap/css/styles.css HTTP/1.1[0m" 304 -
2023-04-21 17:30:23,217:INFO:127.0.0.1 - - [21/Apr/2023 17:30:23] "[36mGET /static/css/carrusel.css HTTP/1.1[0m" 304 -
2023-04-21 17:30:23,228:INFO:127.0.0.1 - - [21/Apr/2023 17:30:23] "[36mGET /static/js/carrusel.js HTTP/1.1[0m" 304 -
2023-04-21 17:30:23,292:INFO:127.0.0.1 - - [21/Apr/2023 17:30:23] "[36mGET /static/img/fondo5.jpg HTTP/1.1[0m" 304 -
2023-04-21 17:30:24,036:INFO:127.0.0.1 - - [21/Apr/2023 17:30:24] "GET /security/administracion_admin HTTP/1.1" 200 -
2023-04-21 17:30:24,123:INFO:127.0.0.1 - - [21/Apr/2023 17:30:24] "[36mGET /static/bootstrap/css/bootstrap.min.css HTTP/1.1[0m" 304 -
2023-04-21 17:30:24,133:INFO:127.0.0.1 - - [21/Apr/2023 17:30:24] "[36mGET /static/bootstrap/css/bootstrap-responsive.min.css HTTP/1.1[0m" 304 -
2023-04-21 17:30:24,173:INFO:127.0.0.1 - - [21/Apr/2023 17:30:24] "[36mGET /static/bootstrap/css/styles.css HTTP/1.1[0m" 304 -
2023-04-21 17:30:24,178:INFO:127.0.0.1 - - [21/Apr/2023 17:30:24] "[36mGET /static/css/nav.css HTTP/1.1[0m" 304 -
2023-04-21 17:30:24,196:INFO:127.0.0.1 - - [21/Apr/2023 17:30:24] "[36mGET /static/css/carrusel.css HTTP/1.1[0m" 304 -
2023-04-21 17:30:24,221:INFO:127.0.0.1 - - [21/Apr/2023 17:30:24] "[33mGET /security/static/sweetalert2/sweetalert2.min.js HTTP/1.1[0m" 404 -
2023-04-21 17:30:24,224:INFO:127.0.0.1 - - [21/Apr/2023 17:30:24] "[36mGET /static/js/carrusel.js HTTP/1.1[0m" 304 -
2023-04-21 17:30:24,231:INFO:127.0.0.1 - - [21/Apr/2023 17:30:24] "[33mGET /security/static/sweetalert2/sweetalert2.min.css HTTP/1.1[0m" 404 -
2023-04-21 17:30:24,242:INFO:127.0.0.1 - - [21/Apr/2023 17:30:24] "[33mGET /security/static/estilos.css HTTP/1.1[0m" 404 -
2023-04-21 17:30:24,286:INFO:127.0.0.1 - - [21/Apr/2023 17:30:24] "[33mGET /security/static/sweetalert2/sweetalert2.min.css HTTP/1.1[0m" 404 -
2023-04-21 17:30:24,302:INFO:127.0.0.1 - - [21/Apr/2023 17:30:24] "[33mGET /security/static/sweetalert2/sweetalert2.min.js HTTP/1.1[0m" 404 -
2023-04-21 17:30:24,315:INFO:127.0.0.1 - - [21/Apr/2023 17:30:24] "[36mGET /static/img/fondo5.jpg HTTP/1.1[0m" 304 -
2023-04-21 17:30:24,360:INFO:127.0.0.1 - - [21/Apr/2023 17:30:24] "[33mGET /security/static/estilos.css HTTP/1.1[0m" 404 -
2023-04-21 17:31:46,506:INFO: * Detected change in 'C:\\curso_python\\Proyecto Final\\The_World_of_cakes\\project\\forms.py', reloading
2023-04-21 17:31:46,681:INFO: * Restarting with stat
2023-04-21 17:31:49,740:INFO:Se inicio la aplicacion
2023-04-21 17:31:49,756:WARNING: * Debugger is active!
2023-04-21 17:31:49,763:INFO: * Debugger PIN: 341-549-671
2023-04-21 17:31:49,896:INFO:127.0.0.1 - - [21/Apr/2023 17:31:49] "[32mGET /security/administracion_admin HTTP/1.1[0m" 302 -
2023-04-21 17:31:49,973:INFO:127.0.0.1 - - [21/Apr/2023 17:31:49] "GET /login?next=%2Fsecurity%2Fadministracion_admin HTTP/1.1" 200 -
2023-04-21 17:31:54,989:INFO:127.0.0.1 - - [21/Apr/2023 17:31:54] "GET / HTTP/1.1" 200 -
2023-04-21 17:31:55,095:INFO:127.0.0.1 - - [21/Apr/2023 17:31:55] "[36mGET /static/bootstrap/css/bootstrap.min.css HTTP/1.1[0m" 304 -
2023-04-21 17:31:55,101:INFO:127.0.0.1 - - [21/Apr/2023 17:31:55] "[36mGET /static/bootstrap/css/bootstrap-responsive.min.css HTTP/1.1[0m" 304 -
2023-04-21 17:31:55,108:INFO:127.0.0.1 - - [21/Apr/2023 17:31:55] "[36mGET /static/bootstrap/css/styles.css HTTP/1.1[0m" 304 -
2023-04-21 17:31:55,123:INFO:127.0.0.1 - - [21/Apr/2023 17:31:55] "[36mGET /static/css/nav.css HTTP/1.1[0m" 304 -
2023-04-21 17:31:55,135:INFO:127.0.0.1 - - [21/Apr/2023 17:31:55] "[36mGET /static/css/carrusel.css HTTP/1.1[0m" 304 -
2023-04-21 17:31:55,141:INFO:127.0.0.1 - - [21/Apr/2023 17:31:55] "[36mGET /static/js/carrusel.js HTTP/1.1[0m" 304 -
2023-04-21 17:31:55,152:INFO:127.0.0.1 - - [21/Apr/2023 17:31:55] "[36mGET /static/img/fondo3.png HTTP/1.1[0m" 304 -
2023-04-21 17:31:55,215:INFO:127.0.0.1 - - [21/Apr/2023 17:31:55] "[36mGET /static/img/fondo4.png HTTP/1.1[0m" 304 -
2023-04-21 17:31:55,390:INFO:127.0.0.1 - - [21/Apr/2023 17:31:55] "[36mGET /static/img/fondo2.png HTTP/1.1[0m" 304 -
2023-04-21 17:31:55,421:INFO:127.0.0.1 - - [21/Apr/2023 17:31:55] "[36mGET /static/img/fondo5.jpg HTTP/1.1[0m" 304 -
2023-04-21 17:31:57,944:INFO:127.0.0.1 - - [21/Apr/2023 17:31:57] "GET /security/login HTTP/1.1" 200 -
2023-04-21 17:31:58,004:INFO:127.0.0.1 - - [21/Apr/2023 17:31:58] "[36mGET /static/bootstrap/css/bootstrap.min.css HTTP/1.1[0m" 304 -
2023-04-21 17:31:58,025:INFO:127.0.0.1 - - [21/Apr/2023 17:31:58] "[36mGET /static/bootstrap/css/bootstrap-responsive.min.css HTTP/1.1[0m" 304 -
2023-04-21 17:31:58,030:INFO:127.0.0.1 - - [21/Apr/2023 17:31:58] "[36mGET /static/bootstrap/css/styles.css HTTP/1.1[0m" 304 -
2023-04-21 17:31:58,036:INFO:127.0.0.1 - - [21/Apr/2023 17:31:58] "[36mGET /static/css/nav.css HTTP/1.1[0m" 304 -
2023-04-21 17:31:58,042:INFO:127.0.0.1 - - [21/Apr/2023 17:31:58] "[36mGET /static/css/carrusel.css HTTP/1.1[0m" 304 -
2023-04-21 17:31:58,052:INFO:127.0.0.1 - - [21/Apr/2023 17:31:58] "[33mGET /security/static/estilos.css HTTP/1.1[0m" 404 -
2023-04-21 17:31:58,054:INFO:127.0.0.1 - - [21/Apr/2023 17:31:58] "[36mGET /static/js/carrusel.js HTTP/1.1[0m" 304 -
2023-04-21 17:31:58,241:INFO:127.0.0.1 - - [21/Apr/2023 17:31:58] "[33mGET /security/static/estilos.css HTTP/1.1[0m" 404 -
2023-04-21 17:31:58,251:INFO:127.0.0.1 - - [21/Apr/2023 17:31:58] "[36mGET /static/img/fondo5.jpg HTTP/1.1[0m" 304 -
2023-04-21 17:32:02,651:DEBUG:El usuario FernandoLP.mx@outlook.com ingreso al sistema
2023-04-21 17:32:02,652:INFO:127.0.0.1 - - [21/Apr/2023 17:32:02] "[32mPOST /security/login HTTP/1.1[0m" 302 -
2023-04-21 17:32:02,664:INFO:127.0.0.1 - - [21/Apr/2023 17:32:02] "GET / HTTP/1.1" 200 -
2023-04-21 17:32:02,756:INFO:127.0.0.1 - - [21/Apr/2023 17:32:02] "[36mGET /static/bootstrap/css/bootstrap.min.css HTTP/1.1[0m" 304 -
2023-04-21 17:32:02,771:INFO:127.0.0.1 - - [21/Apr/2023 17:32:02] "[36mGET /static/bootstrap/css/bootstrap-responsive.min.css HTTP/1.1[0m" 304 -
2023-04-21 17:32:02,791:INFO:127.0.0.1 - - [21/Apr/2023 17:32:02] "[36mGET /static/bootstrap/css/styles.css HTTP/1.1[0m" 304 -
2023-04-21 17:32:02,803:INFO:127.0.0.1 - - [21/Apr/2023 17:32:02] "[36mGET /static/css/nav.css HTTP/1.1[0m" 304 -
2023-04-21 17:32:02,823:INFO:127.0.0.1 - - [21/Apr/2023 17:32:02] "[36mGET /static/css/carrusel.css HTTP/1.1[0m" 304 -
2023-04-21 17:32:02,834:INFO:127.0.0.1 - - [21/Apr/2023 17:32:02] "[36mGET /static/js/carrusel.js HTTP/1.1[0m" 304 -
2023-04-21 17:32:02,922:INFO:127.0.0.1 - - [21/Apr/2023 17:32:02] "[36mGET /static/img/fondo3.png HTTP/1.1[0m" 304 -
2023-04-21 17:32:02,942:INFO:127.0.0.1 - - [21/Apr/2023 17:32:02] "[36mGET /static/img/fondo2.png HTTP/1.1[0m" 304 -
2023-04-21 17:32:02,978:INFO:127.0.0.1 - - [21/Apr/2023 17:32:02] "[36mGET /static/img/fondo5.jpg HTTP/1.1[0m" 304 -
2023-04-21 17:32:03,052:INFO:127.0.0.1 - - [21/Apr/2023 17:32:03] "[36mGET /static/img/fondo4.png HTTP/1.1[0m" 304 -
2023-04-21 17:32:05,300:INFO:127.0.0.1 - - [21/Apr/2023 17:32:05] "GET /security/administracion_admin HTTP/1.1" 200 -
2023-04-21 17:32:05,399:INFO:127.0.0.1 - - [21/Apr/2023 17:32:05] "[36mGET /static/bootstrap/css/bootstrap.min.css HTTP/1.1[0m" 304 -
2023-04-21 17:32:05,400:INFO:127.0.0.1 - - [21/Apr/2023 17:32:05] "[36mGET /static/bootstrap/css/bootstrap-responsive.min.css HTTP/1.1[0m" 304 -
2023-04-21 17:32:05,415:INFO:127.0.0.1 - - [21/Apr/2023 17:32:05] "[36mGET /static/bootstrap/css/styles.css HTTP/1.1[0m" 304 -
2023-04-21 17:32:05,419:INFO:127.0.0.1 - - [21/Apr/2023 17:32:05] "[36mGET /static/css/nav.css HTTP/1.1[0m" 304 -
2023-04-21 17:32:05,436:INFO:127.0.0.1 - - [21/Apr/2023 17:32:05] "[36mGET /static/css/carrusel.css HTTP/1.1[0m" 304 -
2023-04-21 17:32:05,478:INFO:127.0.0.1 - - [21/Apr/2023 17:32:05] "[33mGET /security/static/sweetalert2/sweetalert2.min.css HTTP/1.1[0m" 404 -
2023-04-21 17:32:05,482:INFO:127.0.0.1 - - [21/Apr/2023 17:32:05] "[36mGET /static/js/carrusel.js HTTP/1.1[0m" 304 -
2023-04-21 17:32:05,492:INFO:127.0.0.1 - - [21/Apr/2023 17:32:05] "[33mGET /security/static/sweetalert2/sweetalert2.min.js HTTP/1.1[0m" 404 -
2023-04-21 17:32:05,497:INFO:127.0.0.1 - - [21/Apr/2023 17:32:05] "[33mGET /security/static/estilos.css HTTP/1.1[0m" 404 -
2023-04-21 17:32:05,543:INFO:127.0.0.1 - - [21/Apr/2023 17:32:05] "[33mGET /security/static/sweetalert2/sweetalert2.min.css HTTP/1.1[0m" 404 -
2023-04-21 17:32:05,559:INFO:127.0.0.1 - - [21/Apr/2023 17:32:05] "[33mGET /security/static/estilos.css HTTP/1.1[0m" 404 -
2023-04-21 17:32:05,585:INFO:127.0.0.1 - - [21/Apr/2023 17:32:05] "[36mGET /static/img/fondo5.jpg HTTP/1.1[0m" 304 -
2023-04-21 17:33:41,400:INFO: * Detected change in 'C:\\curso_python\\Proyecto Final\\The_World_of_cakes\\project\\forms.py', reloading
2023-04-21 17:33:41,612:INFO: * Restarting with stat
2023-04-21 17:33:43,978:INFO:Se inicio la aplicacion
2023-04-21 17:33:43,994:WARNING: * Debugger is active!
2023-04-21 17:33:44,001:INFO: * Debugger PIN: 341-549-671
2023-04-21 17:33:46,206:INFO:127.0.0.1 - - [21/Apr/2023 17:33:46] "[32mGET /security/administracion_admin HTTP/1.1[0m" 302 -
2023-04-21 17:33:46,309:INFO:127.0.0.1 - - [21/Apr/2023 17:33:46] "GET /login?next=%2Fsecurity%2Fadministracion_admin HTTP/1.1" 200 -
2023-04-21 17:33:49,636:INFO:127.0.0.1 - - [21/Apr/2023 17:33:49] "GET / HTTP/1.1" 200 -
2023-04-21 17:33:49,750:INFO:127.0.0.1 - - [21/Apr/2023 17:33:49] "[36mGET /static/bootstrap/css/bootstrap.min.css HTTP/1.1[0m" 304 -
2023-04-21 17:33:49,788:INFO:127.0.0.1 - - [21/Apr/2023 17:33:49] "[36mGET /static/bootstrap/css/bootstrap-responsive.min.css HTTP/1.1[0m" 304 -
2023-04-21 17:33:49,816:INFO:127.0.0.1 - - [21/Apr/2023 17:33:49] "[36mGET /static/bootstrap/css/styles.css HTTP/1.1[0m" 304 -
2023-04-21 17:33:49,828:INFO:127.0.0.1 - - [21/Apr/2023 17:33:49] "[36mGET /static/css/nav.css HTTP/1.1[0m" 304 -
2023-04-21 17:33:49,844:INFO:127.0.0.1 - - [21/Apr/2023 17:33:49] "[36mGET /static/css/carrusel.css HTTP/1.1[0m" 304 -
2023-04-21 17:33:49,851:INFO:127.0.0.1 - - [21/Apr/2023 17:33:49] "[36mGET /static/js/carrusel.js HTTP/1.1[0m" 304 -
2023-04-21 17:33:49,924:INFO:127.0.0.1 - - [21/Apr/2023 17:33:49] "[36mGET /static/img/fondo3.png HTTP/1.1[0m" 304 -
2023-04-21 17:33:49,929:INFO:127.0.0.1 - - [21/Apr/2023 17:33:49] "[36mGET /static/img/fondo4.png HTTP/1.1[0m" 304 -
2023-04-21 17:33:50,033:INFO:127.0.0.1 - - [21/Apr/2023 17:33:50] "[36mGET /static/img/fondo2.png HTTP/1.1[0m" 304 -
2023-04-21 17:33:50,086:INFO:127.0.0.1 - - [21/Apr/2023 17:33:50] "[36mGET /static/img/fondo5.jpg HTTP/1.1[0m" 304 -
2023-04-21 17:33:52,806:INFO:127.0.0.1 - - [21/Apr/2023 17:33:52] "GET /security/login HTTP/1.1" 200 -
2023-04-21 17:33:52,896:INFO:127.0.0.1 - - [21/Apr/2023 17:33:52] "[36mGET /static/bootstrap/css/bootstrap-responsive.min.css HTTP/1.1[0m" 304 -
2023-04-21 17:33:52,903:INFO:127.0.0.1 - - [21/Apr/2023 17:33:52] "[36mGET /static/bootstrap/css/bootstrap.min.css HTTP/1.1[0m" 304 -
2023-04-21 17:33:52,907:INFO:127.0.0.1 - - [21/Apr/2023 17:33:52] "[36mGET /static/bootstrap/css/styles.css HTTP/1.1[0m" 304 -
2023-04-21 17:33:52,909:INFO:127.0.0.1 - - [21/Apr/2023 17:33:52] "[36mGET /static/css/nav.css HTTP/1.1[0m" 304 -
2023-04-21 17:33:52,939:INFO:127.0.0.1 - - [21/Apr/2023 17:33:52] "[36mGET /static/css/carrusel.css HTTP/1.1[0m" 304 -
2023-04-21 17:33:52,959:INFO:127.0.0.1 - - [21/Apr/2023 17:33:52] "[33mGET /security/static/estilos.css HTTP/1.1[0m" 404 -
2023-04-21 17:33:52,961:INFO:127.0.0.1 - - [21/Apr/2023 17:33:52] "[36mGET /static/js/carrusel.js HTTP/1.1[0m" 304 -
2023-04-21 17:33:53,023:INFO:127.0.0.1 - - [21/Apr/2023 17:33:53] "[33mGET /security/static/estilos.css HTTP/1.1[0m" 404 -
2023-04-21 17:33:53,028:INFO:127.0.0.1 - - [21/Apr/2023 17:33:53] "[36mGET /static/img/fondo5.jpg HTTP/1.1[0m" 304 -
2023-04-21 17:33:56,725:DEBUG:El usuario FernandoLP.mx@outlook.com ingreso al sistema
2023-04-21 17:33:56,727:INFO:127.0.0.1 - - [21/Apr/2023 17:33:56] "[32mPOST /security/login HTTP/1.1[0m" 302 -
2023-04-21 17:33:56,811:INFO:127.0.0.1 - - [21/Apr/2023 17:33:56] "GET / HTTP/1.1" 200 -
2023-04-21 17:33:57,077:INFO:127.0.0.1 - - [21/Apr/2023 17:33:57] "[36mGET /static/bootstrap/css/bootstrap.min.css HTTP/1.1[0m" 304 -
2023-04-21 17:33:57,141:INFO:127.0.0.1 - - [21/Apr/2023 17:33:57] "[36mGET /static/bootstrap/css/bootstrap-responsive.min.css HTTP/1.1[0m" 304 -
2023-04-21 17:33:57,183:INFO:127.0.0.1 - - [21/Apr/2023 17:33:57] "[36mGET /static/bootstrap/css/styles.css HTTP/1.1[0m" 304 -
2023-04-21 17:33:57,237:INFO:127.0.0.1 - - [21/Apr/2023 17:33:57] "[36mGET /static/css/nav.css HTTP/1.1[0m" 304 -
2023-04-21 17:33:57,337:INFO:127.0.0.1 - - [21/Apr/2023 17:33:57] "[36mGET /static/css/carrusel.css HTTP/1.1[0m" 304 -
2023-04-21 17:33:57,417:INFO:127.0.0.1 - - [21/Apr/2023 17:33:57] "[36mGET /static/js/carrusel.js HTTP/1.1[0m" 304 -
2023-04-21 17:33:57,553:INFO:127.0.0.1 - - [21/Apr/2023 17:33:57] "[36mGET /static/img/fondo3.png HTTP/1.1[0m" 304 -
2023-04-21 17:33:57,725:INFO:127.0.0.1 - - [21/Apr/2023 17:33:57] "[36mGET /static/img/fondo4.png HTTP/1.1[0m" 304 -
2023-04-21 17:33:57,907:INFO:127.0.0.1 - - [21/Apr/2023 17:33:57] "[36mGET /static/img/fondo2.png HTTP/1.1[0m" 304 -
2023-04-21 17:33:58,018:INFO:127.0.0.1 - - [21/Apr/2023 17:33:58] "[36mGET /static/img/fondo5.jpg HTTP/1.1[0m" 304 -
2023-04-21 17:34:00,618:INFO:127.0.0.1 - - [21/Apr/2023 17:34:00] "GET /security/administracion_admin HTTP/1.1" 200 -
2023-04-21 17:34:00,759:INFO:127.0.0.1 - - [21/Apr/2023 17:34:00] "[36mGET /static/bootstrap/css/bootstrap.min.css HTTP/1.1[0m" 304 -
2023-04-21 17:34:00,811:INFO:127.0.0.1 - - [21/Apr/2023 17:34:00] "[36mGET /static/bootstrap/css/bootstrap-responsive.min.css HTTP/1.1[0m" 304 -
2023-04-21 17:34:00,839:INFO:127.0.0.1 - - [21/Apr/2023 17:34:00] "[36mGET /static/bootstrap/css/styles.css HTTP/1.1[0m" 304 -
2023-04-21 17:34:00,888:INFO:127.0.0.1 - - [21/Apr/2023 17:34:00] "[36mGET /static/css/nav.css HTTP/1.1[0m" 304 -
2023-04-21 17:34:00,912:INFO:127.0.0.1 - - [21/Apr/2023 17:34:00] "[36mGET /static/css/carrusel.css HTTP/1.1[0m" 304 -
2023-04-21 17:34:00,956:INFO:127.0.0.1 - - [21/Apr/2023 17:34:00] "[36mGET /static/js/carrusel.js HTTP/1.1[0m" 304 -
2023-04-21 17:34:01,021:INFO:127.0.0.1 - - [21/Apr/2023 17:34:01] "[33mGET /security/static/sweetalert2/sweetalert2.min.css HTTP/1.1[0m" 404 -
2023-04-21 17:34:01,075:INFO:127.0.0.1 - - [21/Apr/2023 17:34:01] "[33mGET /security/static/sweetalert2/sweetalert2.min.js HTTP/1.1[0m" 404 -
2023-04-21 17:34:01,146:INFO:127.0.0.1 - - [21/Apr/2023 17:34:01] "[33mGET /security/static/estilos.css HTTP/1.1[0m" 404 -
2023-04-21 17:34:01,207:INFO:127.0.0.1 - - [21/Apr/2023 17:34:01] "[36mGET /static/img/fondo5.jpg HTTP/1.1[0m" 304 -
2023-04-21 17:37:14,601:INFO:127.0.0.1 - - [21/Apr/2023 17:37:14] "[32mPOST /security/administracion_admin HTTP/1.1[0m" 302 -
2023-04-21 17:37:14,622:INFO:127.0.0.1 - - [21/Apr/2023 17:37:14] "GET /security/administracion_admin HTTP/1.1" 200 -
2023-04-21 17:37:14,716:INFO:127.0.0.1 - - [21/Apr/2023 17:37:14] "[36mGET /static/bootstrap/css/bootstrap.min.css HTTP/1.1[0m" 304 -
2023-04-21 17:37:14,734:INFO:127.0.0.1 - - [21/Apr/2023 17:37:14] "[36mGET /static/bootstrap/css/bootstrap-responsive.min.css HTTP/1.1[0m" 304 -
2023-04-21 17:37:14,738:INFO:127.0.0.1 - - [21/Apr/2023 17:37:14] "[36mGET /static/css/nav.css HTTP/1.1[0m" 304 -
2023-04-21 17:37:14,751:INFO:127.0.0.1 - - [21/Apr/2023 17:37:14] "[36mGET /static/bootstrap/css/styles.css HTTP/1.1[0m" 304 -
2023-04-21 17:37:14,766:INFO:127.0.0.1 - - [21/Apr/2023 17:37:14] "[36mGET /static/css/carrusel.css HTTP/1.1[0m" 304 -
2023-04-21 17:37:14,795:INFO:127.0.0.1 - - [21/Apr/2023 17:37:14] "[36mGET /static/js/carrusel.js HTTP/1.1[0m" 304 -
2023-04-21 17:37:14,800:INFO:127.0.0.1 - - [21/Apr/2023 17:37:14] "[33mGET /security/static/sweetalert2/sweetalert2.min.js HTTP/1.1[0m" 404 -
2023-04-21 17:37:14,801:INFO:127.0.0.1 - - [21/Apr/2023 17:37:14] "[33mGET /security/static/sweetalert2/sweetalert2.min.css HTTP/1.1[0m" 404 -
2023-04-21 17:37:14,819:INFO:127.0.0.1 - - [21/Apr/2023 17:37:14] "[33mGET /security/static/estilos.css HTTP/1.1[0m" 404 -
2023-04-21 17:37:15,249:INFO:127.0.0.1 - - [21/Apr/2023 17:37:15] "[33mGET /security/static/sweetalert2/sweetalert2.min.css HTTP/1.1[0m" 404 -
2023-04-21 17:37:15,249:INFO:127.0.0.1 - - [21/Apr/2023 17:37:15] "[33mGET /security/static/sweetalert2/sweetalert2.min.js HTTP/1.1[0m" 404 -
2023-04-21 17:37:15,265:INFO:127.0.0.1 - - [21/Apr/2023 17:37:15] "[36mGET /static/img/fondo5.jpg HTTP/1.1[0m" 304 -
2023-04-21 17:37:15,303:INFO:127.0.0.1 - - [21/Apr/2023 17:37:15] "[33mGET /security/static/estilos.css HTTP/1.1[0m" 404 -
2023-04-21 17:37:15,316:INFO:127.0.0.1 - - [21/Apr/2023 17:37:15] "[36mGET /static/bootstrap/img/glyphicons-halflings-white.png HTTP/1.1[0m" 304 -
2023-04-21 17:37:28,886:INFO:127.0.0.1 - - [21/Apr/2023 17:37:28] "GET /security/productos HTTP/1.1" 200 -
2023-04-21 17:37:28,968:INFO:127.0.0.1 - - [21/Apr/2023 17:37:28] "[36mGET /static/bootstrap/css/bootstrap.min.css HTTP/1.1[0m" 304 -
2023-04-21 17:37:29,038:INFO:127.0.0.1 - - [21/Apr/2023 17:37:29] "[36mGET /static/bootstrap/css/bootstrap-responsive.min.css HTTP/1.1[0m" 304 -
2023-04-21 17:37:29,042:INFO:127.0.0.1 - - [21/Apr/2023 17:37:29] "[36mGET /static/bootstrap/css/styles.css HTTP/1.1[0m" 304 -
2023-04-21 17:37:29,049:INFO:127.0.0.1 - - [21/Apr/2023 17:37:29] "[36mGET /static/css/carrusel.css HTTP/1.1[0m" 304 -
2023-04-21 17:37:29,059:INFO:127.0.0.1 - - [21/Apr/2023 17:37:29] "[36mGET /static/css/nav.css HTTP/1.1[0m" 304 -
2023-04-21 17:37:29,065:INFO:127.0.0.1 - - [21/Apr/2023 17:37:29] "[36mGET /static/js/carrusel.js HTTP/1.1[0m" 304 -
2023-04-21 17:37:29,080:INFO:127.0.0.1 - - [21/Apr/2023 17:37:29] "[33mGET /security/... HTTP/1.1[0m" 404 -
2023-04-21 17:37:29,127:INFO:127.0.0.1 - - [21/Apr/2023 17:37:29] "[36mGET /static/img/fondo5.jpg HTTP/1.1[0m" 304 -
2023-04-21 17:40:41,083:INFO:127.0.0.1 - - [21/Apr/2023 17:40:41] "GET /security/productos HTTP/1.1" 200 -
2023-04-21 17:40:41,166:INFO:127.0.0.1 - - [21/Apr/2023 17:40:41] "[36mGET /static/bootstrap/css/bootstrap.min.css HTTP/1.1[0m" 304 -
2023-04-21 17:40:41,222:INFO:127.0.0.1 - - [21/Apr/2023 17:40:41] "[36mGET /static/bootstrap/css/bootstrap-responsive.min.css HTTP/1.1[0m" 304 -
2023-04-21 17:40:41,240:INFO:127.0.0.1 - - [21/Apr/2023 17:40:41] "[36mGET /static/bootstrap/css/styles.css HTTP/1.1[0m" 304 -
2023-04-21 17:40:41,298:INFO:127.0.0.1 - - [21/Apr/2023 17:40:41] "[36mGET /static/css/nav.css HTTP/1.1[0m" 304 -
2023-04-21 17:40:41,323:INFO:127.0.0.1 - - [21/Apr/2023 17:40:41] "[36mGET /static/css/carrusel.css HTTP/1.1[0m" 304 -
2023-04-21 17:40:41,325:INFO:127.0.0.1 - - [21/Apr/2023 17:40:41] "[36mGET /static/js/carrusel.js HTTP/1.1[0m" 304 -
2023-04-21 17:40:41,405:INFO:127.0.0.1 - - [21/Apr/2023 17:40:41] "[36mGET /static/img/fondo5.jpg HTTP/1.1[0m" 304 -
2023-04-21 17:41:19,263:INFO:127.0.0.1 - - [21/Apr/2023 17:41:19] "GET /security/productos HTTP/1.1" 200 -
2023-04-21 17:41:19,388:INFO:127.0.0.1 - - [21/Apr/2023 17:41:19] "[36mGET /static/bootstrap/css/bootstrap.min.css HTTP/1.1[0m" 304 -
2023-04-21 17:41:19,424:INFO:127.0.0.1 - - [21/Apr/2023 17:41:19] "[36mGET /static/bootstrap/css/bootstrap-responsive.min.css HTTP/1.1[0m" 304 -
2023-04-21 17:41:19,449:INFO:127.0.0.1 - - [21/Apr/2023 17:41:19] "[36mGET /static/bootstrap/css/styles.css HTTP/1.1[0m" 304 -
2023-04-21 17:41:19,485:INFO:127.0.0.1 - - [21/Apr/2023 17:41:19] "[36mGET /static/css/nav.css HTTP/1.1[0m" 304 -
2023-04-21 17:41:19,490:INFO:127.0.0.1 - - [21/Apr/2023 17:41:19] "[36mGET /static/css/carrusel.css HTTP/1.1[0m" 304 -
2023-04-21 17:41:19,493:INFO:127.0.0.1 - - [21/Apr/2023 17:41:19] "[36mGET /static/js/carrusel.js HTTP/1.1[0m" 304 -
2023-04-21 17:41:19,571:INFO:127.0.0.1 - - [21/Apr/2023 17:41:19] "[36mGET /static/img/fondo5.jpg HTTP/1.1[0m" 304 -
2023-04-21 17:41:34,222:INFO:127.0.0.1 - - [21/Apr/2023 17:41:34] "GET /security/productos HTTP/1.1" 200 -
2023-04-21 17:41:34,308:INFO:127.0.0.1 - - [21/Apr/2023 17:41:34] "[36mGET /static/bootstrap/css/bootstrap-responsive.min.css HTTP/1.1[0m" 304 -
2023-04-21 17:41:34,309:INFO:127.0.0.1 - - [21/Apr/2023 17:41:34] "[36mGET /static/bootstrap/css/bootstrap.min.css HTTP/1.1[0m" 304 -
2023-04-21 17:41:34,319:INFO:127.0.0.1 - - [21/Apr/2023 17:41:34] "[36mGET /static/bootstrap/css/styles.css HTTP/1.1[0m" 304 -
2023-04-21 17:41:34,330:INFO:127.0.0.1 - - [21/Apr/2023 17:41:34] "[36mGET /static/css/nav.css HTTP/1.1[0m" 304 -
2023-04-21 17:41:34,362:INFO:127.0.0.1 - - [21/Apr/2023 17:41:34] "[36mGET /static/css/carrusel.css HTTP/1.1[0m" 304 -
2023-04-21 17:41:34,384:INFO:127.0.0.1 - - [21/Apr/2023 17:41:34] "[36mGET /static/js/carrusel.js HTTP/1.1[0m" 304 -
2023-04-21 17:41:34,433:INFO:127.0.0.1 - - [21/Apr/2023 17:41:34] "[36mGET /static/img/fondo5.jpg HTTP/1.1[0m" 304 -
2023-04-21 17:42:00,579:INFO:127.0.0.1 - - [21/Apr/2023 17:42:00] "GET /security/productos HTTP/1.1" 200 -
2023-04-21 17:42:00,666:INFO:127.0.0.1 - - [21/Apr/2023 17:42:00] "[36mGET /static/bootstrap/css/bootstrap-responsive.min.css HTTP/1.1[0m" 304 -
2023-04-21 17:42:00,669:INFO:127.0.0.1 - - [21/Apr/2023 17:42:00] "[36mGET /static/bootstrap/css/bootstrap.min.css HTTP/1.1[0m" 304 -
2023-04-21 17:42:00,674:INFO:127.0.0.1 - - [21/Apr/2023 17:42:00] "[36mGET /static/bootstrap/css/styles.css HTTP/1.1[0m" 304 -
2023-04-21 17:42:00,679:INFO:127.0.0.1 - - [21/Apr/2023 17:42:00] "[36mGET /static/css/nav.css HTTP/1.1[0m" 304 -
2023-04-21 17:42:00,711:INFO:127.0.0.1 - - [21/Apr/2023 17:42:00] "[36mGET /static/css/carrusel.css HTTP/1.1[0m" 304 -
2023-04-21 17:42:00,731:INFO:127.0.0.1 - - [21/Apr/2023 17:42:00] "[36mGET /static/js/carrusel.js HTTP/1.1[0m" 304 -
2023-04-21 17:42:00,773:INFO:127.0.0.1 - - [21/Apr/2023 17:42:00] "[36mGET /static/img/fondo5.jpg HTTP/1.1[0m" 304 -
2023-04-21 17:42:09,745:INFO:127.0.0.1 - - [21/Apr/2023 17:42:09] "GET /security/productos HTTP/1.1" 200 -
2023-04-21 17:42:09,823:INFO:127.0.0.1 - - [21/Apr/2023 17:42:09] "[36mGET /static/css/nav.css HTTP/1.1[0m" 304 -
2023-04-21 17:42:09,844:INFO:127.0.0.1 - - [21/Apr/2023 17:42:09] "[36mGET /static/css/carrusel.css HTTP/1.1[0m" 304 -
2023-04-21 17:42:09,877:INFO:127.0.0.1 - - [21/Apr/2023 17:42:09] "[36mGET /static/js/carrusel.js HTTP/1.1[0m" 304 -
2023-04-21 17:42:09,931:INFO:127.0.0.1 - - [21/Apr/2023 17:42:09] "[36mGET /static/bootstrap/css/bootstrap.min.css HTTP/1.1[0m" 304 -
2023-04-21 17:42:09,993:INFO:127.0.0.1 - - [21/Apr/2023 17:42:09] "[36mGET /static/bootstrap/css/bootstrap-responsive.min.css HTTP/1.1[0m" 304 -
2023-04-21 17:42:10,046:INFO:127.0.0.1 - - [21/Apr/2023 17:42:10] "[36mGET /static/bootstrap/css/styles.css HTTP/1.1[0m" 304 -
2023-04-21 17:42:10,145:INFO:127.0.0.1 - - [21/Apr/2023 17:42:10] "[36mGET /static/img/fondo5.jpg HTTP/1.1[0m" 304 -
2023-04-21 17:42:28,280:INFO:127.0.0.1 - - [21/Apr/2023 17:42:28] "GET /security/productos HTTP/1.1" 200 -
2023-04-21 17:42:28,364:INFO:127.0.0.1 - - [21/Apr/2023 17:42:28] "[36mGET /static/bootstrap/css/bootstrap.min.css HTTP/1.1[0m" 304 -
2023-04-21 17:42:28,368:INFO:127.0.0.1 - - [21/Apr/2023 17:42:28] "[36mGET /static/bootstrap/css/bootstrap-responsive.min.css HTTP/1.1[0m" 304 -
2023-04-21 17:42:28,371:INFO:127.0.0.1 - - [21/Apr/2023 17:42:28] "[36mGET /static/bootstrap/css/styles.css HTTP/1.1[0m" 304 -
2023-04-21 17:42:28,389:INFO:127.0.0.1 - - [21/Apr/2023 17:42:28] "[36mGET /static/css/nav.css HTTP/1.1[0m" 304 -
2023-04-21 17:42:28,390:INFO:127.0.0.1 - - [21/Apr/2023 17:42:28] "[36mGET /static/css/carrusel.css HTTP/1.1[0m" 304 -
2023-04-21 17:42:28,406:INFO:127.0.0.1 - - [21/Apr/2023 17:42:28] "[36mGET /static/js/carrusel.js HTTP/1.1[0m" 304 -
2023-04-21 17:42:28,461:INFO:127.0.0.1 - - [21/Apr/2023 17:42:28] "[36mGET /static/img/fondo5.jpg HTTP/1.1[0m" 304 -
2023-04-21 17:43:02,082:INFO:127.0.0.1 - - [21/Apr/2023 17:43:02] "GET /security/productos HTTP/1.1" 200 -
2023-04-21 17:43:02,144:INFO:127.0.0.1 - - [21/Apr/2023 17:43:02] "[36mGET /static/bootstrap/css/bootstrap.min.css HTTP/1.1[0m" 304 -
2023-04-21 17:43:02,171:INFO:127.0.0.1 - - [21/Apr/2023 17:43:02] "[36mGET /static/bootstrap/css/bootstrap-responsive.min.css HTTP/1.1[0m" 304 -
2023-04-21 17:43:02,188:INFO:127.0.0.1 - - [21/Apr/2023 17:43:02] "[36mGET /static/bootstrap/css/styles.css HTTP/1.1[0m" 304 -
2023-04-21 17:43:02,193:INFO:127.0.0.1 - - [21/Apr/2023 17:43:02] "[36mGET /static/css/nav.css HTTP/1.1[0m" 304 -
2023-04-21 17:43:02,194:INFO:127.0.0.1 - - [21/Apr/2023 17:43:02] "[36mGET /static/css/carrusel.css HTTP/1.1[0m" 304 -
2023-04-21 17:43:02,202:INFO:127.0.0.1 - - [21/Apr/2023 17:43:02] "[36mGET /static/js/carrusel.js HTTP/1.1[0m" 304 -
2023-04-21 17:43:02,286:INFO:127.0.0.1 - - [21/Apr/2023 17:43:02] "[36mGET /static/img/fondo5.jpg HTTP/1.1[0m" 304 -
2023-04-21 17:43:35,772:INFO:127.0.0.1 - - [21/Apr/2023 17:43:35] "GET /security/productos HTTP/1.1" 200 -
2023-04-21 17:43:35,868:INFO:127.0.0.1 - - [21/Apr/2023 17:43:35] "[36mGET /static/css/nav.css HTTP/1.1[0m" 304 -
2023-04-21 17:43:35,883:INFO:127.0.0.1 - - [21/Apr/2023 17:43:35] "[36mGET /static/css/carrusel.css HTTP/1.1[0m" 304 -
2023-04-21 17:43:35,884:INFO:127.0.0.1 - - [21/Apr/2023 17:43:35] "[36mGET /static/js/carrusel.js HTTP/1.1[0m" 304 -
2023-04-21 17:43:35,886:INFO:127.0.0.1 - - [21/Apr/2023 17:43:35] "GET /static/bootstrap/css/bootstrap.min.css HTTP/1.1" 200 -
2023-04-21 17:43:35,898:INFO:127.0.0.1 - - [21/Apr/2023 17:43:35] "[36mGET /static/bootstrap/css/bootstrap-responsive.min.css HTTP/1.1[0m" 304 -
2023-04-21 17:43:35,912:INFO:127.0.0.1 - - [21/Apr/2023 17:43:35] "[36mGET /static/bootstrap/css/styles.css HTTP/1.1[0m" 304 -
2023-04-21 17:43:35,970:INFO:127.0.0.1 - - [21/Apr/2023 17:43:35] "[36mGET /static/img/fondo5.jpg HTTP/1.1[0m" 304 -
2023-04-21 17:46:25,495:INFO:127.0.0.1 - - [21/Apr/2023 17:46:25] "GET /security/productos HTTP/1.1" 200 -
2023-04-21 17:46:25,581:INFO:127.0.0.1 - - [21/Apr/2023 17:46:25] "[36mGET /static/js/carrusel.js HTTP/1.1[0m" 304 -
2023-04-21 17:46:25,587:INFO:127.0.0.1 - - [21/Apr/2023 17:46:25] "[36mGET /static/bootstrap/css/bootstrap.min.css HTTP/1.1[0m" 304 -
2023-04-21 17:46:25,592:INFO:127.0.0.1 - - [21/Apr/2023 17:46:25] "[36mGET /static/bootstrap/css/bootstrap-responsive.min.css HTTP/1.1[0m" 304 -
2023-04-21 17:46:25,599:INFO:127.0.0.1 - - [21/Apr/2023 17:46:25] "[36mGET /static/bootstrap/css/styles.css HTTP/1.1[0m" 304 -
2023-04-21 17:46:25,608:INFO:127.0.0.1 - - [21/Apr/2023 17:46:25] "[36mGET /static/css/nav.css HTTP/1.1[0m" 304 -
2023-04-21 17:46:25,624:INFO:127.0.0.1 - - [21/Apr/2023 17:46:25] "[36mGET /static/css/carrusel.css HTTP/1.1[0m" 304 -
2023-04-21 17:46:25,690:INFO:127.0.0.1 - - [21/Apr/2023 17:46:25] "[36mGET /static/img/fondo5.jpg HTTP/1.1[0m" 304 -
2023-04-21 17:52:38,937:INFO:127.0.0.1 - - [21/Apr/2023 17:52:38] "GET /security/productos HTTP/1.1" 200 -
2023-04-21 17:52:39,042:INFO:127.0.0.1 - - [21/Apr/2023 17:52:39] "[36mGET /static/bootstrap/css/bootstrap.min.css HTTP/1.1[0m" 304 -
2023-04-21 17:52:39,044:INFO:127.0.0.1 - - [21/Apr/2023 17:52:39] "[36mGET /static/bootstrap/css/bootstrap-responsive.min.css HTTP/1.1[0m" 304 -
2023-04-21 17:52:39,049:INFO:127.0.0.1 - - [21/Apr/2023 17:52:39] "[36mGET /static/bootstrap/css/styles.css HTTP/1.1[0m" 304 -
2023-04-21 17:52:39,054:INFO:127.0.0.1 - - [21/Apr/2023 17:52:39] "[36mGET /static/css/nav.css HTTP/1.1[0m" 304 -
2023-04-21 17:52:39,085:INFO:127.0.0.1 - - [21/Apr/2023 17:52:39] "[36mGET /static/css/carrusel.css HTTP/1.1[0m" 304 -
2023-04-21 17:52:39,088:INFO:127.0.0.1 - - [21/Apr/2023 17:52:39] "[36mGET /static/js/carrusel.js HTTP/1.1[0m" 304 -
2023-04-21 17:52:39,276:INFO:127.0.0.1 - - [21/Apr/2023 17:52:39] "[36mGET /static/img/fondo5.jpg HTTP/1.1[0m" 304 -
2023-04-21 17:53:30,224:INFO:127.0.0.1 - - [21/Apr/2023 17:53:30] "GET /security/productos HTTP/1.1" 200 -
2023-04-21 17:53:30,323:INFO:127.0.0.1 - - [21/Apr/2023 17:53:30] "[36mGET /static/bootstrap/css/bootstrap.min.css HTTP/1.1[0m" 304 -
2023-04-21 17:53:30,323:INFO:127.0.0.1 - - [21/Apr/2023 17:53:30] "[36mGET /static/bootstrap/css/bootstrap-responsive.min.css HTTP/1.1[0m" 304 -
2023-04-21 17:53:30,340:INFO:127.0.0.1 - - [21/Apr/2023 17:53:30] "[36mGET /static/css/nav.css HTTP/1.1[0m" 304 -
2023-04-21 17:53:30,341:INFO:127.0.0.1 - - [21/Apr/2023 17:53:30] "[36mGET /static/bootstrap/css/styles.css HTTP/1.1[0m" 304 -
2023-04-21 17:53:30,344:INFO:127.0.0.1 - - [21/Apr/2023 17:53:30] "[36mGET /static/js/carrusel.js HTTP/1.1[0m" 304 -
2023-04-21 17:53:30,346:INFO:127.0.0.1 - - [21/Apr/2023 17:53:30] "[36mGET /static/css/carrusel.css HTTP/1.1[0m" 304 -
2023-04-21 17:53:30,416:INFO:127.0.0.1 - - [21/Apr/2023 17:53:30] "[36mGET /static/img/fondo5.jpg HTTP/1.1[0m" 304 -
2023-04-21 17:55:10,205:INFO:127.0.0.1 - - [21/Apr/2023 17:55:10] "GET /security/finanzas HTTP/1.1" 200 -
2023-04-21 17:55:10,344:INFO:127.0.0.1 - - [21/Apr/2023 17:55:10] "[36mGET /static/bootstrap/css/bootstrap.min.css HTTP/1.1[0m" 304 -
2023-04-21 17:55:10,346:INFO:127.0.0.1 - - [21/Apr/2023 17:55:10] "[36mGET /static/bootstrap/css/styles.css HTTP/1.1[0m" 304 -
2023-04-21 17:55:10,346:INFO:127.0.0.1 - - [21/Apr/2023 17:55:10] "GET /static/bootstrap/css/bootstrap-responsive.min.css HTTP/1.1" 200 -
2023-04-21 17:55:10,373:INFO:127.0.0.1 - - [21/Apr/2023 17:55:10] "[36mGET /static/css/nav.css HTTP/1.1[0m" 304 -
2023-04-21 17:55:10,396:INFO:127.0.0.1 - - [21/Apr/2023 17:55:10] "[36mGET /static/css/carrusel.css HTTP/1.1[0m" 304 -
2023-04-21 17:55:10,399:INFO:127.0.0.1 - - [21/Apr/2023 17:55:10] "[36mGET /static/js/carrusel.js HTTP/1.1[0m" 304 -
2023-04-21 17:55:10,452:INFO:127.0.0.1 - - [21/Apr/2023 17:55:10] "[36mGET /static/img/fondo5.jpg HTTP/1.1[0m" 304 -
2023-04-21 17:56:18,195:INFO:127.0.0.1 - - [21/Apr/2023 17:56:18] "GET /security/productos HTTP/1.1" 200 -
2023-04-21 17:56:18,274:INFO:127.0.0.1 - - [21/Apr/2023 17:56:18] "[36mGET /static/bootstrap/css/bootstrap.min.css HTTP/1.1[0m" 304 -
2023-04-21 17:56:18,321:INFO:127.0.0.1 - - [21/Apr/2023 17:56:18] "[36mGET /static/bootstrap/css/bootstrap-responsive.min.css HTTP/1.1[0m" 304 -
2023-04-21 17:56:18,324:INFO:127.0.0.1 - - [21/Apr/2023 17:56:18] "[36mGET /static/bootstrap/css/styles.css HTTP/1.1[0m" 304 -
2023-04-21 17:56:18,328:INFO:127.0.0.1 - - [21/Apr/2023 17:56:18] "[36mGET /static/css/nav.css HTTP/1.1[0m" 304 -
2023-04-21 17:56:18,335:INFO:127.0.0.1 - - [21/Apr/2023 17:56:18] "[36mGET /static/css/carrusel.css HTTP/1.1[0m" 304 -
2023-04-21 17:56:18,365:INFO:127.0.0.1 - - [21/Apr/2023 17:56:18] "[36mGET /static/js/carrusel.js HTTP/1.1[0m" 304 -
2023-04-21 17:56:18,436:INFO:127.0.0.1 - - [21/Apr/2023 17:56:18] "[36mGET /static/img/fondo5.jpg HTTP/1.1[0m" 304 -
2023-04-21 17:57:38,270:INFO:127.0.0.1 - - [21/Apr/2023 17:57:38] "GET /security/productos HTTP/1.1" 200 -
2023-04-21 17:57:38,387:INFO:127.0.0.1 - - [21/Apr/2023 17:57:38] "GET /static/bootstrap/css/bootstrap.min.css HTTP/1.1" 200 -
2023-04-21 17:57:38,395:INFO:127.0.0.1 - - [21/Apr/2023 17:57:38] "GET /static/bootstrap/css/bootstrap-responsive.min.css HTTP/1.1" 200 -
2023-04-21 17:57:38,404:INFO:127.0.0.1 - - [21/Apr/2023 17:57:38] "[36mGET /static/bootstrap/css/styles.css HTTP/1.1[0m" 304 -
2023-04-21 17:57:38,405:INFO:127.0.0.1 - - [21/Apr/2023 17:57:38] "[36mGET /static/css/nav.css HTTP/1.1[0m" 304 -
2023-04-21 17:57:38,419:INFO:127.0.0.1 - - [21/Apr/2023 17:57:38] "[36mGET /static/css/carrusel.css HTTP/1.1[0m" 304 -
2023-04-21 17:57:38,424:INFO:127.0.0.1 - - [21/Apr/2023 17:57:38] "[36mGET /static/js/carrusel.js HTTP/1.1[0m" 304 -
2023-04-21 17:57:38,490:INFO:127.0.0.1 - - [21/Apr/2023 17:57:38] "[36mGET /static/img/fondo5.jpg HTTP/1.1[0m" 304 -
2023-04-21 17:57:39,225:INFO:127.0.0.1 - - [21/Apr/2023 17:57:39] "GET / HTTP/1.1" 200 -
2023-04-21 17:57:39,356:INFO:127.0.0.1 - - [21/Apr/2023 17:57:39] "[36mGET /static/bootstrap/css/bootstrap.min.css HTTP/1.1[0m" 304 -
2023-04-21 17:57:39,366:INFO:127.0.0.1 - - [21/Apr/2023 17:57:39] "[36mGET /static/bootstrap/css/bootstrap-responsive.min.css HTTP/1.1[0m" 304 -
2023-04-21 17:57:39,370:INFO:127.0.0.1 - - [21/Apr/2023 17:57:39] "[36mGET /static/bootstrap/css/styles.css HTTP/1.1[0m" 304 -
2023-04-21 17:57:39,377:INFO:127.0.0.1 - - [21/Apr/2023 17:57:39] "[36mGET /static/css/nav.css HTTP/1.1[0m" 304 -
2023-04-21 17:57:39,399:INFO:127.0.0.1 - - [21/Apr/2023 17:57:39] "[36mGET /static/css/carrusel.css HTTP/1.1[0m" 304 -
2023-04-21 17:57:39,416:INFO:127.0.0.1 - - [21/Apr/2023 17:57:39] "[36mGET /static/js/carrusel.js HTTP/1.1[0m" 304 -
2023-04-21 17:57:39,469:INFO:127.0.0.1 - - [21/Apr/2023 17:57:39] "[36mGET /static/img/fondo5.jpg HTTP/1.1[0m" 304 -
2023-04-21 17:57:58,833:INFO:127.0.0.1 - - [21/Apr/2023 17:57:58] "GET / HTTP/1.1" 200 -
2023-04-21 17:57:58,911:INFO:127.0.0.1 - - [21/Apr/2023 17:57:58] "[36mGET /static/bootstrap/css/bootstrap.min.css HTTP/1.1[0m" 304 -
2023-04-21 17:57:58,933:INFO:127.0.0.1 - - [21/Apr/2023 17:57:58] "[36mGET /static/bootstrap/css/styles.css HTTP/1.1[0m" 304 -
2023-04-21 17:57:58,939:INFO:127.0.0.1 - - [21/Apr/2023 17:57:58] "[36mGET /static/bootstrap/css/bootstrap-responsive.min.css HTTP/1.1[0m" 304 -
2023-04-21 17:57:58,947:INFO:127.0.0.1 - - [21/Apr/2023 17:57:58] "[36mGET /static/css/nav.css HTTP/1.1[0m" 304 -
2023-04-21 17:57:58,949:INFO:127.0.0.1 - - [21/Apr/2023 17:57:58] "[36mGET /static/css/carrusel.css HTTP/1.1[0m" 304 -
2023-04-21 17:57:58,966:INFO:127.0.0.1 - - [21/Apr/2023 17:57:58] "[36mGET /static/js/carrusel.js HTTP/1.1[0m" 304 -
2023-04-21 17:57:59,226:INFO:127.0.0.1 - - [21/Apr/2023 17:57:59] "[36mGET /static/img/fondo5.jpg HTTP/1.1[0m" 304 -
2023-04-21 17:58:13,836:INFO:127.0.0.1 - - [21/Apr/2023 17:58:13] "GET / HTTP/1.1" 200 -
2023-04-21 17:58:13,995:INFO:127.0.0.1 - - [21/Apr/2023 17:58:13] "GET /static/bootstrap/css/bootstrap.min.css HTTP/1.1" 200 -
2023-04-21 17:58:14,030:INFO:127.0.0.1 - - [21/Apr/2023 17:58:14] "GET /static/bootstrap/css/bootstrap-responsive.min.css HTTP/1.1" 200 -
2023-04-21 17:58:14,065:INFO:127.0.0.1 - - [21/Apr/2023 17:58:14] "[36mGET /static/css/carrusel.css HTTP/1.1[0m" 304 -
2023-04-21 17:58:14,068:INFO:127.0.0.1 - - [21/Apr/2023 17:58:14] "[36mGET /static/js/carrusel.js HTTP/1.1[0m" 304 -
2023-04-21 17:58:14,371:INFO:127.0.0.1 - - [21/Apr/2023 17:58:14] "GET /static/css/nav.css HTTP/1.1" 200 -
2023-04-21 17:58:14,372:INFO:127.0.0.1 - - [21/Apr/2023 17:58:14] "GET /static/bootstrap/css/styles.css HTTP/1.1" 200 -
2023-04-21 17:58:14,938:INFO:127.0.0.1 - - [21/Apr/2023 17:58:14] "[33mGET /favicon.ico HTTP/1.1[0m" 404 -
2023-04-21 17:58:15,254:INFO:127.0.0.1 - - [21/Apr/2023 17:58:15] "[36mGET /static/img/fondo5.jpg HTTP/1.1[0m" 304 -
2023-04-21 17:58:34,386:INFO:127.0.0.1 - - [21/Apr/2023 17:58:34] "GET / HTTP/1.1" 200 -
2023-04-21 17:58:34,461:INFO:127.0.0.1 - - [21/Apr/2023 17:58:34] "GET /static/bootstrap/css/bootstrap.min.css HTTP/1.1" 200 -
2023-04-21 17:58:34,486:INFO:127.0.0.1 - - [21/Apr/2023 17:58:34] "GET /static/bootstrap/css/bootstrap-responsive.min.css HTTP/1.1" 200 -
2023-04-21 17:58:34,512:INFO:127.0.0.1 - - [21/Apr/2023 17:58:34] "GET /static/bootstrap/css/styles.css HTTP/1.1" 200 -
2023-04-21 17:58:34,532:INFO:127.0.0.1 - - [21/Apr/2023 17:58:34] "[36mGET /static/css/nav.css HTTP/1.1[0m" 304 -
2023-04-21 17:58:34,533:INFO:127.0.0.1 - - [21/Apr/2023 17:58:34] "[36mGET /static/css/carrusel.css HTTP/1.1[0m" 304 -
2023-04-21 17:58:34,552:INFO:127.0.0.1 - - [21/Apr/2023 17:58:34] "[36mGET /static/js/carrusel.js HTTP/1.1[0m" 304 -
2023-04-21 17:58:34,599:INFO:127.0.0.1 - - [21/Apr/2023 17:58:34] "[36mGET /static/img/fondo5.jpg HTTP/1.1[0m" 304 -
2023-04-21 17:58:46,594:INFO:127.0.0.1 - - [21/Apr/2023 17:58:46] "GET / HTTP/1.1" 200 -
2023-04-21 17:58:46,665:INFO:127.0.0.1 - - [21/Apr/2023 17:58:46] "GET /static/bootstrap/css/bootstrap.min.css HTTP/1.1" 200 -
2023-04-21 17:58:46,673:INFO:127.0.0.1 - - [21/Apr/2023 17:58:46] "GET /static/bootstrap/css/bootstrap-responsive.min.css HTTP/1.1" 200 -
2023-04-21 17:58:46,693:INFO:127.0.0.1 - - [21/Apr/2023 17:58:46] "GET /static/bootstrap/css/styles.css HTTP/1.1" 200 -
2023-04-21 17:58:46,698:INFO:127.0.0.1 - - [21/Apr/2023 17:58:46] "[36mGET /static/css/nav.css HTTP/1.1[0m" 304 -
2023-04-21 17:58:46,710:INFO:127.0.0.1 - - [21/Apr/2023 17:58:46] "[36mGET /static/css/carrusel.css HTTP/1.1[0m" 304 -
2023-04-21 17:58:46,738:INFO:127.0.0.1 - - [21/Apr/2023 17:58:46] "[36mGET /static/js/carrusel.js HTTP/1.1[0m" 304 -
2023-04-21 17:58:46,791:INFO:127.0.0.1 - - [21/Apr/2023 17:58:46] "[36mGET /static/img/fondo5.jpg HTTP/1.1[0m" 304 -
2023-04-21 17:58:48,526:INFO:127.0.0.1 - - [21/Apr/2023 17:58:48] "GET / HTTP/1.1" 200 -
2023-04-21 17:58:48,619:INFO:127.0.0.1 - - [21/Apr/2023 17:58:48] "[36mGET /static/bootstrap/css/bootstrap-responsive.min.css HTTP/1.1[0m" 304 -
2023-04-21 17:58:48,627:INFO:127.0.0.1 - - [21/Apr/2023 17:58:48] "[36mGET /static/bootstrap/css/bootstrap.min.css HTTP/1.1[0m" 304 -
2023-04-21 17:58:48,635:INFO:127.0.0.1 - - [21/Apr/2023 17:58:48] "[36mGET /static/bootstrap/css/styles.css HTTP/1.1[0m" 304 -
2023-04-21 17:58:48,636:INFO:127.0.0.1 - - [21/Apr/2023 17:58:48] "[36mGET /static/css/nav.css HTTP/1.1[0m" 304 -
2023-04-21 17:58:48,652:INFO:127.0.0.1 - - [21/Apr/2023 17:58:48] "[36mGET /static/css/carrusel.css HTTP/1.1[0m" 304 -
2023-04-21 17:58:48,671:INFO:127.0.0.1 - - [21/Apr/2023 17:58:48] "[36mGET /static/js/carrusel.js HTTP/1.1[0m" 304 -
2023-04-21 17:58:48,714:INFO:127.0.0.1 - - [21/Apr/2023 17:58:48] "[36mGET /static/img/fondo5.jpg HTTP/1.1[0m" 304 -
2023-04-21 17:59:15,458:INFO:127.0.0.1 - - [21/Apr/2023 17:59:15] "GET / HTTP/1.1" 200 -
2023-04-21 17:59:15,519:INFO:127.0.0.1 - - [21/Apr/2023 17:59:15] "[36mGET /static/bootstrap/css/bootstrap.min.css HTTP/1.1[0m" 304 -
2023-04-21 17:59:15,542:INFO:127.0.0.1 - - [21/Apr/2023 17:59:15] "[36mGET /static/bootstrap/css/bootstrap-responsive.min.css HTTP/1.1[0m" 304 -
2023-04-21 17:59:15,548:INFO:127.0.0.1 - - [21/Apr/2023 17:59:15] "[36mGET /static/bootstrap/css/styles.css HTTP/1.1[0m" 304 -
2023-04-21 17:59:15,555:INFO:127.0.0.1 - - [21/Apr/2023 17:59:15] "[36mGET /static/css/carrusel.css HTTP/1.1[0m" 304 -
2023-04-21 17:59:15,556:INFO:127.0.0.1 - - [21/Apr/2023 17:59:15] "[36mGET /static/css/nav.css HTTP/1.1[0m" 304 -
2023-04-21 17:59:15,565:INFO:127.0.0.1 - - [21/Apr/2023 17:59:15] "[36mGET /static/js/carrusel.js HTTP/1.1[0m" 304 -
2023-04-21 17:59:15,892:INFO:127.0.0.1 - - [21/Apr/2023 17:59:15] "[36mGET /static/img/fondo5.jpg HTTP/1.1[0m" 304 -
2023-04-21 18:01:27,284:INFO:127.0.0.1 - - [21/Apr/2023 18:01:27] "GET / HTTP/1.1" 200 -
2023-04-21 18:01:27,375:INFO:127.0.0.1 - - [21/Apr/2023 18:01:27] "[36mGET /static/bootstrap/css/bootstrap.min.css HTTP/1.1[0m" 304 -
2023-04-21 18:01:27,386:INFO:127.0.0.1 - - [21/Apr/2023 18:01:27] "[36mGET /static/bootstrap/css/styles.css HTTP/1.1[0m" 304 -
2023-04-21 18:01:27,387:INFO:127.0.0.1 - - [21/Apr/2023 18:01:27] "[36mGET /static/bootstrap/css/bootstrap-responsive.min.css HTTP/1.1[0m" 304 -
2023-04-21 18:01:27,391:INFO:127.0.0.1 - - [21/Apr/2023 18:01:27] "[36mGET /static/css/nav.css HTTP/1.1[0m" 304 -
2023-04-21 18:01:27,396:INFO:127.0.0.1 - - [21/Apr/2023 18:01:27] "[36mGET /static/css/carrusel.css HTTP/1.1[0m" 304 -
2023-04-21 18:01:27,412:INFO:127.0.0.1 - - [21/Apr/2023 18:01:27] "[36mGET /static/js/carrusel.js HTTP/1.1[0m" 304 -
2023-04-21 18:01:27,481:INFO:127.0.0.1 - - [21/Apr/2023 18:01:27] "[36mGET /static/img/fondo5.jpg HTTP/1.1[0m" 304 -
2023-04-21 18:07:44,591:INFO:127.0.0.1 - - [21/Apr/2023 18:07:44] "GET / HTTP/1.1" 200 -
2023-04-21 18:07:44,792:INFO:127.0.0.1 - - [21/Apr/2023 18:07:44] "[36mGET /static/bootstrap/css/bootstrap.min.css HTTP/1.1[0m" 304 -
2023-04-21 18:07:44,796:INFO:127.0.0.1 - - [21/Apr/2023 18:07:44] "GET /static/img/mision.jpg HTTP/1.1" 200 -
2023-04-21 18:07:44,800:INFO:127.0.0.1 - - [21/Apr/2023 18:07:44] "[36mGET /static/bootstrap/css/bootstrap-responsive.min.css HTTP/1.1[0m" 304 -
2023-04-21 18:07:44,808:INFO:127.0.0.1 - - [21/Apr/2023 18:07:44] "[36mGET /static/bootstrap/css/styles.css HTTP/1.1[0m" 304 -
2023-04-21 18:07:44,833:INFO:127.0.0.1 - - [21/Apr/2023 18:07:44] "[36mGET /static/css/nav.css HTTP/1.1[0m" 304 -
2023-04-21 18:07:44,864:INFO:127.0.0.1 - - [21/Apr/2023 18:07:44] "[36mGET /static/css/carrusel.css HTTP/1.1[0m" 304 -
2023-04-21 18:07:44,865:INFO:127.0.0.1 - - [21/Apr/2023 18:07:44] "[36mGET /static/js/carrusel.js HTTP/1.1[0m" 304 -
2023-04-21 18:07:44,938:INFO:127.0.0.1 - - [21/Apr/2023 18:07:44] "[36mGET /static/img/fondo5.jpg HTTP/1.1[0m" 304 -
2023-04-21 18:07:59,116:INFO:127.0.0.1 - - [21/Apr/2023 18:07:59] "GET / HTTP/1.1" 200 -
2023-04-21 18:07:59,200:INFO:127.0.0.1 - - [21/Apr/2023 18:07:59] "[36mGET /static/bootstrap/css/bootstrap.min.css HTTP/1.1[0m" 304 -
2023-04-21 18:07:59,201:INFO:127.0.0.1 - - [21/Apr/2023 18:07:59] "[36mGET /static/bootstrap/css/bootstrap-responsive.min.css HTTP/1.1[0m" 304 -
2023-04-21 18:07:59,208:INFO:127.0.0.1 - - [21/Apr/2023 18:07:59] "[36mGET /static/bootstrap/css/styles.css HTTP/1.1[0m" 304 -
2023-04-21 18:07:59,253:INFO:127.0.0.1 - - [21/Apr/2023 18:07:59] "[36mGET /static/css/nav.css HTTP/1.1[0m" 304 -
2023-04-21 18:07:59,280:INFO:127.0.0.1 - - [21/Apr/2023 18:07:59] "[36mGET /static/css/carrusel.css HTTP/1.1[0m" 304 -
2023-04-21 18:07:59,282:INFO:127.0.0.1 - - [21/Apr/2023 18:07:59] "[36mGET /static/js/carrusel.js HTTP/1.1[0m" 304 -
2023-04-21 18:07:59,325:INFO:127.0.0.1 - - [21/Apr/2023 18:07:59] "GET /static/img/mision.jpg HTTP/1.1" 200 -
2023-04-21 18:07:59,341:INFO:127.0.0.1 - - [21/Apr/2023 18:07:59] "[36mGET /static/img/fondo5.jpg HTTP/1.1[0m" 304 -
2023-04-21 18:09:06,590:INFO:127.0.0.1 - - [21/Apr/2023 18:09:06] "GET / HTTP/1.1" 200 -
2023-04-21 18:09:06,680:INFO:127.0.0.1 - - [21/Apr/2023 18:09:06] "[36mGET /static/bootstrap/css/bootstrap.min.css HTTP/1.1[0m" 304 -
2023-04-21 18:09:06,688:INFO:127.0.0.1 - - [21/Apr/2023 18:09:06] "[36mGET /static/bootstrap/css/bootstrap-responsive.min.css HTTP/1.1[0m" 304 -
2023-04-21 18:09:06,693:INFO:127.0.0.1 - - [21/Apr/2023 18:09:06] "[36mGET /static/bootstrap/css/styles.css HTTP/1.1[0m" 304 -
2023-04-21 18:09:06,696:INFO:127.0.0.1 - - [21/Apr/2023 18:09:06] "[36mGET /static/css/nav.css HTTP/1.1[0m" 304 -
2023-04-21 18:09:06,697:INFO:127.0.0.1 - - [21/Apr/2023 18:09:06] "[36mGET /static/css/carrusel.css HTTP/1.1[0m" 304 -
2023-04-21 18:09:06,727:INFO:127.0.0.1 - - [21/Apr/2023 18:09:06] "[36mGET /static/js/carrusel.js HTTP/1.1[0m" 304 -
2023-04-21 18:09:06,763:INFO:127.0.0.1 - - [21/Apr/2023 18:09:06] "GET /static/img/mision2.jpg HTTP/1.1" 200 -
2023-04-21 18:09:06,789:INFO:127.0.0.1 - - [21/Apr/2023 18:09:06] "[36mGET /static/img/fondo5.jpg HTTP/1.1[0m" 304 -
2023-04-21 18:10:15,538:INFO:127.0.0.1 - - [21/Apr/2023 18:10:15] "GET / HTTP/1.1" 200 -
2023-04-21 18:10:15,616:INFO:127.0.0.1 - - [21/Apr/2023 18:10:15] "[36mGET /static/bootstrap/css/bootstrap.min.css HTTP/1.1[0m" 304 -
2023-04-21 18:10:15,640:INFO:127.0.0.1 - - [21/Apr/2023 18:10:15] "[36mGET /static/bootstrap/css/bootstrap-responsive.min.css HTTP/1.1[0m" 304 -
2023-04-21 18:10:15,658:INFO:127.0.0.1 - - [21/Apr/2023 18:10:15] "[36mGET /static/bootstrap/css/styles.css HTTP/1.1[0m" 304 -
2023-04-21 18:10:15,663:INFO:127.0.0.1 - - [21/Apr/2023 18:10:15] "[36mGET /static/css/nav.css HTTP/1.1[0m" 304 -
2023-04-21 18:10:15,665:INFO:127.0.0.1 - - [21/Apr/2023 18:10:15] "[36mGET /static/css/carrusel.css HTTP/1.1[0m" 304 -
2023-04-21 18:10:15,678:INFO:127.0.0.1 - - [21/Apr/2023 18:10:15] "[36mGET /static/js/carrusel.js HTTP/1.1[0m" 304 -
2023-04-21 18:10:15,721:INFO:127.0.0.1 - - [21/Apr/2023 18:10:15] "[36mGET /static/img/mision2.jpg HTTP/1.1[0m" 304 -
2023-04-21 18:10:15,748:INFO:127.0.0.1 - - [21/Apr/2023 18:10:15] "[36mGET /static/img/fondo5.jpg HTTP/1.1[0m" 304 -
2023-04-21 18:11:10,148:INFO:127.0.0.1 - - [21/Apr/2023 18:11:10] "GET / HTTP/1.1" 200 -
2023-04-21 18:11:10,213:INFO:127.0.0.1 - - [21/Apr/2023 18:11:10] "[36mGET /static/bootstrap/css/bootstrap.min.css HTTP/1.1[0m" 304 -
2023-04-21 18:11:10,224:INFO:127.0.0.1 - - [21/Apr/2023 18:11:10] "[36mGET /static/bootstrap/css/bootstrap-responsive.min.css HTTP/1.1[0m" 304 -
2023-04-21 18:11:10,241:INFO:127.0.0.1 - - [21/Apr/2023 18:11:10] "[36mGET /static/bootstrap/css/styles.css HTTP/1.1[0m" 304 -
2023-04-21 18:11:10,248:INFO:127.0.0.1 - - [21/Apr/2023 18:11:10] "[36mGET /static/css/nav.css HTTP/1.1[0m" 304 -
2023-04-21 18:11:10,268:INFO:127.0.0.1 - - [21/Apr/2023 18:11:10] "[36mGET /static/css/carrusel.css HTTP/1.1[0m" 304 -
2023-04-21 18:11:10,273:INFO:127.0.0.1 - - [21/Apr/2023 18:11:10] "[36mGET /static/js/carrusel.js HTTP/1.1[0m" 304 -
2023-04-21 18:11:10,324:INFO:127.0.0.1 - - [21/Apr/2023 18:11:10] "[36mGET /static/img/mision2.jpg HTTP/1.1[0m" 304 -
2023-04-21 18:11:10,337:INFO:127.0.0.1 - - [21/Apr/2023 18:11:10] "[36mGET /static/img/fondo5.jpg HTTP/1.1[0m" 304 -
2023-04-21 18:11:18,345:INFO:127.0.0.1 - - [21/Apr/2023 18:11:18] "GET / HTTP/1.1" 200 -
2023-04-21 18:11:18,428:INFO:127.0.0.1 - - [21/Apr/2023 18:11:18] "[36mGET /static/bootstrap/css/bootstrap.min.css HTTP/1.1[0m" 304 -
2023-04-21 18:11:18,439:INFO:127.0.0.1 - - [21/Apr/2023 18:11:18] "[36mGET /static/bootstrap/css/bootstrap-responsive.min.css HTTP/1.1[0m" 304 -
2023-04-21 18:11:18,442:INFO:127.0.0.1 - - [21/Apr/2023 18:11:18] "[36mGET /static/bootstrap/css/styles.css HTTP/1.1[0m" 304 -
2023-04-21 18:11:18,444:INFO:127.0.0.1 - - [21/Apr/2023 18:11:18] "[36mGET /static/css/nav.css HTTP/1.1[0m" 304 -
2023-04-21 18:11:18,459:INFO:127.0.0.1 - - [21/Apr/2023 18:11:18] "[36mGET /static/css/carrusel.css HTTP/1.1[0m" 304 -
2023-04-21 18:11:18,462:INFO:127.0.0.1 - - [21/Apr/2023 18:11:18] "[36mGET /static/js/carrusel.js HTTP/1.1[0m" 304 -
2023-04-21 18:11:18,521:INFO:127.0.0.1 - - [21/Apr/2023 18:11:18] "[36mGET /static/img/mision2.jpg HTTP/1.1[0m" 304 -
2023-04-21 18:11:18,526:INFO:127.0.0.1 - - [21/Apr/2023 18:11:18] "[36mGET /static/img/fondo5.jpg HTTP/1.1[0m" 304 -
2023-04-21 18:12:29,139:INFO:127.0.0.1 - - [21/Apr/2023 18:12:29] "GET / HTTP/1.1" 200 -
2023-04-21 18:12:29,238:INFO:127.0.0.1 - - [21/Apr/2023 18:12:29] "[36mGET /static/bootstrap/css/bootstrap.min.css HTTP/1.1[0m" 304 -
2023-04-21 18:12:29,254:INFO:127.0.0.1 - - [21/Apr/2023 18:12:29] "[36mGET /static/bootstrap/css/bootstrap-responsive.min.css HTTP/1.1[0m" 304 -
2023-04-21 18:12:29,257:INFO:127.0.0.1 - - [21/Apr/2023 18:12:29] "[36mGET /static/bootstrap/css/styles.css HTTP/1.1[0m" 304 -
2023-04-21 18:12:29,280:INFO:127.0.0.1 - - [21/Apr/2023 18:12:29] "[36mGET /static/css/nav.css HTTP/1.1[0m" 304 -
2023-04-21 18:12:29,286:INFO:127.0.0.1 - - [21/Apr/2023 18:12:29] "[36mGET /static/css/carrusel.css HTTP/1.1[0m" 304 -
2023-04-21 18:12:29,290:INFO:127.0.0.1 - - [21/Apr/2023 18:12:29] "[36mGET /static/js/carrusel.js HTTP/1.1[0m" 304 -
2023-04-21 18:12:29,349:INFO:127.0.0.1 - - [21/Apr/2023 18:12:29] "[36mGET /static/img/mision2.jpg HTTP/1.1[0m" 304 -
2023-04-21 18:12:29,349:INFO:127.0.0.1 - - [21/Apr/2023 18:12:29] "[36mGET /static/img/fondo5.jpg HTTP/1.1[0m" 304 -
2023-04-21 18:13:19,377:INFO:127.0.0.1 - - [21/Apr/2023 18:13:19] "GET / HTTP/1.1" 200 -
2023-04-21 18:13:19,447:INFO:127.0.0.1 - - [21/Apr/2023 18:13:19] "[36mGET /static/bootstrap/css/bootstrap.min.css HTTP/1.1[0m" 304 -
2023-04-21 18:13:19,457:INFO:127.0.0.1 - - [21/Apr/2023 18:13:19] "[36mGET /static/bootstrap/css/bootstrap-responsive.min.css HTTP/1.1[0m" 304 -
2023-04-21 18:13:19,489:INFO:127.0.0.1 - - [21/Apr/2023 18:13:19] "[36mGET /static/bootstrap/css/styles.css HTTP/1.1[0m" 304 -
2023-04-21 18:13:19,492:INFO:127.0.0.1 - - [21/Apr/2023 18:13:19] "[36mGET /static/css/nav.css HTTP/1.1[0m" 304 -
2023-04-21 18:13:19,494:INFO:127.0.0.1 - - [21/Apr/2023 18:13:19] "[36mGET /static/css/carrusel.css HTTP/1.1[0m" 304 -
2023-04-21 18:13:19,495:INFO:127.0.0.1 - - [21/Apr/2023 18:13:19] "[36mGET /static/js/carrusel.js HTTP/1.1[0m" 304 -
2023-04-21 18:13:19,551:INFO:127.0.0.1 - - [21/Apr/2023 18:13:19] "[36mGET /static/img/mision2.jpg HTTP/1.1[0m" 304 -
2023-04-21 18:13:19,558:INFO:127.0.0.1 - - [21/Apr/2023 18:13:19] "[36mGET /static/img/fondo5.jpg HTTP/1.1[0m" 304 -
2023-04-21 18:13:33,183:INFO:127.0.0.1 - - [21/Apr/2023 18:13:33] "GET / HTTP/1.1" 200 -
2023-04-21 18:13:33,244:INFO:127.0.0.1 - - [21/Apr/2023 18:13:33] "[36mGET /static/bootstrap/css/bootstrap.min.css HTTP/1.1[0m" 304 -
2023-04-21 18:13:33,275:INFO:127.0.0.1 - - [21/Apr/2023 18:13:33] "[36mGET /static/bootstrap/css/bootstrap-responsive.min.css HTTP/1.1[0m" 304 -
2023-04-21 18:13:33,283:INFO:127.0.0.1 - - [21/Apr/2023 18:13:33] "[36mGET /static/bootstrap/css/styles.css HTTP/1.1[0m" 304 -
2023-04-21 18:13:33,285:INFO:127.0.0.1 - - [21/Apr/2023 18:13:33] "[36mGET /static/css/nav.css HTTP/1.1[0m" 304 -
2023-04-21 18:13:33,302:INFO:127.0.0.1 - - [21/Apr/2023 18:13:33] "[36mGET /static/css/carrusel.css HTTP/1.1[0m" 304 -
2023-04-21 18:13:33,311:INFO:127.0.0.1 - - [21/Apr/2023 18:13:33] "[36mGET /static/js/carrusel.js HTTP/1.1[0m" 304 -
2023-04-21 18:13:33,368:INFO:127.0.0.1 - - [21/Apr/2023 18:13:33] "[36mGET /static/img/mision2.jpg HTTP/1.1[0m" 304 -
2023-04-21 18:13:33,374:INFO:127.0.0.1 - - [21/Apr/2023 18:13:33] "[36mGET /static/img/fondo5.jpg HTTP/1.1[0m" 304 -
2023-04-21 18:13:47,226:INFO:127.0.0.1 - - [21/Apr/2023 18:13:47] "GET / HTTP/1.1" 200 -
2023-04-21 18:13:47,291:INFO:127.0.0.1 - - [21/Apr/2023 18:13:47] "[36mGET /static/bootstrap/css/bootstrap.min.css HTTP/1.1[0m" 304 -
2023-04-21 18:13:47,292:INFO:127.0.0.1 - - [21/Apr/2023 18:13:47] "[36mGET /static/bootstrap/css/bootstrap-responsive.min.css HTTP/1.1[0m" 304 -
2023-04-21 18:13:47,305:INFO:127.0.0.1 - - [21/Apr/2023 18:13:47] "[36mGET /static/bootstrap/css/styles.css HTTP/1.1[0m" 304 -
2023-04-21 18:13:47,321:INFO:127.0.0.1 - - [21/Apr/2023 18:13:47] "[36mGET /static/css/nav.css HTTP/1.1[0m" 304 -
2023-04-21 18:13:47,349:INFO:127.0.0.1 - - [21/Apr/2023 18:13:47] "[36mGET /static/css/carrusel.css HTTP/1.1[0m" 304 -
2023-04-21 18:13:47,352:INFO:127.0.0.1 - - [21/Apr/2023 18:13:47] "[36mGET /static/js/carrusel.js HTTP/1.1[0m" 304 -
2023-04-21 18:13:47,406:INFO:127.0.0.1 - - [21/Apr/2023 18:13:47] "[36mGET /static/img/mision2.jpg HTTP/1.1[0m" 304 -
2023-04-21 18:13:47,410:INFO:127.0.0.1 - - [21/Apr/2023 18:13:47] "[36mGET /static/img/fondo5.jpg HTTP/1.1[0m" 304 -
2023-04-21 18:13:56,901:INFO:127.0.0.1 - - [21/Apr/2023 18:13:56] "GET / HTTP/1.1" 200 -
2023-04-21 18:13:56,969:INFO:127.0.0.1 - - [21/Apr/2023 18:13:56] "[36mGET /static/bootstrap/css/bootstrap.min.css HTTP/1.1[0m" 304 -
2023-04-21 18:13:56,998:INFO:127.0.0.1 - - [21/Apr/2023 18:13:56] "[36mGET /static/bootstrap/css/bootstrap-responsive.min.css HTTP/1.1[0m" 304 -
2023-04-21 18:13:57,006:INFO:127.0.0.1 - - [21/Apr/2023 18:13:57] "[36mGET /static/bootstrap/css/styles.css HTTP/1.1[0m" 304 -
2023-04-21 18:13:57,009:INFO:127.0.0.1 - - [21/Apr/2023 18:13:57] "[36mGET /static/css/nav.css HTTP/1.1[0m" 304 -
2023-04-21 18:13:57,010:INFO:127.0.0.1 - - [21/Apr/2023 18:13:57] "[36mGET /static/css/carrusel.css HTTP/1.1[0m" 304 -
2023-04-21 18:13:57,036:INFO:127.0.0.1 - - [21/Apr/2023 18:13:57] "[36mGET /static/js/carrusel.js HTTP/1.1[0m" 304 -
2023-04-21 18:13:57,081:INFO:127.0.0.1 - - [21/Apr/2023 18:13:57] "[36mGET /static/img/mision2.jpg HTTP/1.1[0m" 304 -
2023-04-21 18:13:57,089:INFO:127.0.0.1 - - [21/Apr/2023 18:13:57] "[36mGET /static/img/fondo5.jpg HTTP/1.1[0m" 304 -
2023-04-21 18:14:09,229:INFO:127.0.0.1 - - [21/Apr/2023 18:14:09] "GET / HTTP/1.1" 200 -
2023-04-21 18:14:09,294:INFO:127.0.0.1 - - [21/Apr/2023 18:14:09] "[36mGET /static/bootstrap/css/bootstrap.min.css HTTP/1.1[0m" 304 -
2023-04-21 18:14:09,317:INFO:127.0.0.1 - - [21/Apr/2023 18:14:09] "[36mGET /static/bootstrap/css/bootstrap-responsive.min.css HTTP/1.1[0m" 304 -
2023-04-21 18:14:09,325:INFO:127.0.0.1 - - [21/Apr/2023 18:14:09] "[36mGET /static/bootstrap/css/styles.css HTTP/1.1[0m" 304 -
2023-04-21 18:14:09,341:INFO:127.0.0.1 - - [21/Apr/2023 18:14:09] "[36mGET /static/css/nav.css HTTP/1.1[0m" 304 -
2023-04-21 18:14:09,343:INFO:127.0.0.1 - - [21/Apr/2023 18:14:09] "[36mGET /static/css/carrusel.css HTTP/1.1[0m" 304 -
2023-04-21 18:14:09,351:INFO:127.0.0.1 - - [21/Apr/2023 18:14:09] "[36mGET /static/js/carrusel.js HTTP/1.1[0m" 304 -
2023-04-21 18:14:09,408:INFO:127.0.0.1 - - [21/Apr/2023 18:14:09] "[36mGET /static/img/mision2.jpg HTTP/1.1[0m" 304 -
2023-04-21 18:14:09,422:INFO:127.0.0.1 - - [21/Apr/2023 18:14:09] "[36mGET /static/img/fondo5.jpg HTTP/1.1[0m" 304 -
2023-04-21 18:14:29,050:INFO:127.0.0.1 - - [21/Apr/2023 18:14:29] "GET / HTTP/1.1" 200 -
2023-04-21 18:14:29,165:INFO:127.0.0.1 - - [21/Apr/2023 18:14:29] "[36mGET /static/bootstrap/css/bootstrap-responsive.min.css HTTP/1.1[0m" 304 -
2023-04-21 18:14:29,170:INFO:127.0.0.1 - - [21/Apr/2023 18:14:29] "[36mGET /static/bootstrap/css/bootstrap.min.css HTTP/1.1[0m" 304 -
2023-04-21 18:14:29,177:INFO:127.0.0.1 - - [21/Apr/2023 18:14:29] "[36mGET /static/bootstrap/css/styles.css HTTP/1.1[0m" 304 -
2023-04-21 18:14:29,180:INFO:127.0.0.1 - - [21/Apr/2023 18:14:29] "[36mGET /static/css/nav.css HTTP/1.1[0m" 304 -
2023-04-21 18:14:29,187:INFO:127.0.0.1 - - [21/Apr/2023 18:14:29] "[36mGET /static/js/carrusel.js HTTP/1.1[0m" 304 -
2023-04-21 18:14:29,209:INFO:127.0.0.1 - - [21/Apr/2023 18:14:29] "[36mGET /static/css/carrusel.css HTTP/1.1[0m" 304 -
2023-04-21 18:14:29,265:INFO:127.0.0.1 - - [21/Apr/2023 18:14:29] "[36mGET /static/img/mision2.jpg HTTP/1.1[0m" 304 -
2023-04-21 18:14:29,284:INFO:127.0.0.1 - - [21/Apr/2023 18:14:29] "[36mGET /static/img/fondo5.jpg HTTP/1.1[0m" 304 -
2023-04-21 18:14:52,477:INFO:127.0.0.1 - - [21/Apr/2023 18:14:52] "GET / HTTP/1.1" 200 -
2023-04-21 18:14:52,536:INFO:127.0.0.1 - - [21/Apr/2023 18:14:52] "[36mGET /static/bootstrap/css/bootstrap.min.css HTTP/1.1[0m" 304 -
2023-04-21 18:14:52,553:INFO:127.0.0.1 - - [21/Apr/2023 18:14:52] "[36mGET /static/bootstrap/css/bootstrap-responsive.min.css HTTP/1.1[0m" 304 -
2023-04-21 18:14:52,576:INFO:127.0.0.1 - - [21/Apr/2023 18:14:52] "[36mGET /static/bootstrap/css/styles.css HTTP/1.1[0m" 304 -
2023-04-21 18:14:52,577:INFO:127.0.0.1 - - [21/Apr/2023 18:14:52] "[36mGET /static/css/nav.css HTTP/1.1[0m" 304 -
2023-04-21 18:14:52,595:INFO:127.0.0.1 - - [21/Apr/2023 18:14:52] "[36mGET /static/css/carrusel.css HTTP/1.1[0m" 304 -
2023-04-21 18:14:52,599:INFO:127.0.0.1 - - [21/Apr/2023 18:14:52] "[36mGET /static/js/carrusel.js HTTP/1.1[0m" 304 -
2023-04-21 18:14:52,657:INFO:127.0.0.1 - - [21/Apr/2023 18:14:52] "[36mGET /static/img/mision2.jpg HTTP/1.1[0m" 304 -
2023-04-21 18:14:52,668:INFO:127.0.0.1 - - [21/Apr/2023 18:14:52] "[36mGET /static/img/fondo5.jpg HTTP/1.1[0m" 304 -
2023-04-21 18:16:05,105:INFO:127.0.0.1 - - [21/Apr/2023 18:16:05] "GET / HTTP/1.1" 200 -
2023-04-21 18:16:05,182:INFO:127.0.0.1 - - [21/Apr/2023 18:16:05] "[36mGET /static/bootstrap/css/bootstrap-responsive.min.css HTTP/1.1[0m" 304 -
2023-04-21 18:16:05,182:INFO:127.0.0.1 - - [21/Apr/2023 18:16:05] "[36mGET /static/bootstrap/css/bootstrap.min.css HTTP/1.1[0m" 304 -
2023-04-21 18:16:05,199:INFO:127.0.0.1 - - [21/Apr/2023 18:16:05] "[36mGET /static/bootstrap/css/styles.css HTTP/1.1[0m" 304 -
2023-04-21 18:16:05,204:INFO:127.0.0.1 - - [21/Apr/2023 18:16:05] "[36mGET /static/css/nav.css HTTP/1.1[0m" 304 -
2023-04-21 18:16:05,207:INFO:127.0.0.1 - - [21/Apr/2023 18:16:05] "[36mGET /static/css/carrusel.css HTTP/1.1[0m" 304 -
2023-04-21 18:16:05,211:INFO:127.0.0.1 - - [21/Apr/2023 18:16:05] "[36mGET /static/js/carrusel.js HTTP/1.1[0m" 304 -
2023-04-21 18:16:05,267:INFO:127.0.0.1 - - [21/Apr/2023 18:16:05] "[36mGET /static/img/mision2.jpg HTTP/1.1[0m" 304 -
2023-04-21 18:16:05,271:INFO:127.0.0.1 - - [21/Apr/2023 18:16:05] "[36mGET /static/img/fondo5.jpg HTTP/1.1[0m" 304 -
2023-04-21 18:16:06,669:INFO:127.0.0.1 - - [21/Apr/2023 18:16:06] "GET / HTTP/1.1" 200 -
2023-04-21 18:16:06,748:INFO:127.0.0.1 - - [21/Apr/2023 18:16:06] "[36mGET /static/bootstrap/css/bootstrap.min.css HTTP/1.1[0m" 304 -
2023-04-21 18:16:06,775:INFO:127.0.0.1 - - [21/Apr/2023 18:16:06] "[36mGET /static/bootstrap/css/bootstrap-responsive.min.css HTTP/1.1[0m" 304 -
2023-04-21 18:16:06,785:INFO:127.0.0.1 - - [21/Apr/2023 18:16:06] "[36mGET /static/bootstrap/css/styles.css HTTP/1.1[0m" 304 -
2023-04-21 18:16:06,790:INFO:127.0.0.1 - - [21/Apr/2023 18:16:06] "[36mGET /static/css/nav.css HTTP/1.1[0m" 304 -
2023-04-21 18:16:06,791:INFO:127.0.0.1 - - [21/Apr/2023 18:16:06] "[36mGET /static/css/carrusel.css HTTP/1.1[0m" 304 -
2023-04-21 18:16:06,804:INFO:127.0.0.1 - - [21/Apr/2023 18:16:06] "[36mGET /static/js/carrusel.js HTTP/1.1[0m" 304 -
2023-04-21 18:16:06,862:INFO:127.0.0.1 - - [21/Apr/2023 18:16:06] "[36mGET /static/img/mision2.jpg HTTP/1.1[0m" 304 -
2023-04-21 18:16:06,871:INFO:127.0.0.1 - - [21/Apr/2023 18:16:06] "[36mGET /static/img/fondo5.jpg HTTP/1.1[0m" 304 -
2023-04-21 18:18:23,927:INFO:127.0.0.1 - - [21/Apr/2023 18:18:23] "GET / HTTP/1.1" 200 -
2023-04-21 18:18:24,032:INFO:127.0.0.1 - - [21/Apr/2023 18:18:24] "GET /static/img/vision.png HTTP/1.1" 200 -
2023-04-21 18:18:24,054:INFO:127.0.0.1 - - [21/Apr/2023 18:18:24] "[36mGET /static/bootstrap/css/bootstrap-responsive.min.css HTTP/1.1[0m" 304 -
2023-04-21 18:18:24,074:INFO:127.0.0.1 - - [21/Apr/2023 18:18:24] "[36mGET /static/bootstrap/css/styles.css HTTP/1.1[0m" 304 -
2023-04-21 18:18:24,099:INFO:127.0.0.1 - - [21/Apr/2023 18:18:24] "[36mGET /static/css/nav.css HTTP/1.1[0m" 304 -
2023-04-21 18:18:24,106:INFO:127.0.0.1 - - [21/Apr/2023 18:18:24] "[36mGET /static/css/carrusel.css HTTP/1.1[0m" 304 -
2023-04-21 18:18:24,110:INFO:127.0.0.1 - - [21/Apr/2023 18:18:24] "[36mGET /static/js/carrusel.js HTTP/1.1[0m" 304 -
2023-04-21 18:18:24,168:INFO:127.0.0.1 - - [21/Apr/2023 18:18:24] "GET /static/bootstrap/css/bootstrap.min.css HTTP/1.1" 200 -
2023-04-21 18:18:24,307:INFO:127.0.0.1 - - [21/Apr/2023 18:18:24] "GET /static/img/mision2.jpg HTTP/1.1" 200 -
2023-04-21 18:18:24,323:INFO:127.0.0.1 - - [21/Apr/2023 18:18:24] "[36mGET /static/img/fondo5.jpg HTTP/1.1[0m" 304 -
2023-04-21 18:18:56,180:INFO:127.0.0.1 - - [21/Apr/2023 18:18:56] "GET / HTTP/1.1" 200 -
2023-04-21 18:18:56,286:INFO:127.0.0.1 - - [21/Apr/2023 18:18:56] "[36mGET /static/bootstrap/css/bootstrap-responsive.min.css HTTP/1.1[0m" 304 -
2023-04-21 18:18:56,292:INFO:127.0.0.1 - - [21/Apr/2023 18:18:56] "[36mGET /static/bootstrap/css/styles.css HTTP/1.1[0m" 304 -
2023-04-21 18:18:56,300:INFO:127.0.0.1 - - [21/Apr/2023 18:18:56] "[36mGET /static/css/nav.css HTTP/1.1[0m" 304 -
2023-04-21 18:18:56,316:INFO:127.0.0.1 - - [21/Apr/2023 18:18:56] "[36mGET /static/css/carrusel.css HTTP/1.1[0m" 304 -
2023-04-21 18:18:56,318:INFO:127.0.0.1 - - [21/Apr/2023 18:18:56] "[36mGET /static/js/carrusel.js HTTP/1.1[0m" 304 -
2023-04-21 18:18:56,340:INFO:127.0.0.1 - - [21/Apr/2023 18:18:56] "GET /static/bootstrap/css/bootstrap.min.css HTTP/1.1" 200 -
2023-04-21 18:18:56,418:INFO:127.0.0.1 - - [21/Apr/2023 18:18:56] "GET /static/img/mision2.jpg HTTP/1.1" 200 -
2023-04-21 18:18:56,418:INFO:127.0.0.1 - - [21/Apr/2023 18:18:56] "GET /static/img/vision.png HTTP/1.1" 200 -
2023-04-21 18:18:56,421:INFO:127.0.0.1 - - [21/Apr/2023 18:18:56] "[36mGET /static/img/fondo5.jpg HTTP/1.1[0m" 304 -
2023-04-21 18:19:25,408:INFO:127.0.0.1 - - [21/Apr/2023 18:19:25] "GET / HTTP/1.1" 200 -
2023-04-21 18:19:25,518:INFO:127.0.0.1 - - [21/Apr/2023 18:19:25] "[36mGET /static/bootstrap/css/bootstrap-responsive.min.css HTTP/1.1[0m" 304 -
2023-04-21 18:19:25,526:INFO:127.0.0.1 - - [21/Apr/2023 18:19:25] "[36mGET /static/bootstrap/css/styles.css HTTP/1.1[0m" 304 -
2023-04-21 18:19:25,537:INFO:127.0.0.1 - - [21/Apr/2023 18:19:25] "[36mGET /static/css/nav.css HTTP/1.1[0m" 304 -
2023-04-21 18:19:25,538:INFO:127.0.0.1 - - [21/Apr/2023 18:19:25] "[36mGET /static/css/carrusel.css HTTP/1.1[0m" 304 -
2023-04-21 18:19:25,554:INFO:127.0.0.1 - - [21/Apr/2023 18:19:25] "[36mGET /static/js/carrusel.js HTTP/1.1[0m" 304 -
2023-04-21 18:19:25,560:INFO:127.0.0.1 - - [21/Apr/2023 18:19:25] "GET /static/bootstrap/css/bootstrap.min.css HTTP/1.1" 200 -
2023-04-21 18:19:25,643:INFO:127.0.0.1 - - [21/Apr/2023 18:19:25] "GET /static/img/mision2.jpg HTTP/1.1" 200 -
2023-04-21 18:19:25,649:INFO:127.0.0.1 - - [21/Apr/2023 18:19:25] "[36mGET /static/img/fondo5.jpg HTTP/1.1[0m" 304 -
2023-04-21 18:19:25,651:INFO:127.0.0.1 - - [21/Apr/2023 18:19:25] "GET /static/img/vision.png HTTP/1.1" 200 -
2023-04-21 18:19:39,641:INFO:127.0.0.1 - - [21/Apr/2023 18:19:39] "GET / HTTP/1.1" 200 -
2023-04-21 18:19:39,758:INFO:127.0.0.1 - - [21/Apr/2023 18:19:39] "[36mGET /static/bootstrap/css/bootstrap.min.css HTTP/1.1[0m" 304 -
2023-04-21 18:19:39,768:INFO:127.0.0.1 - - [21/Apr/2023 18:19:39] "[36mGET /static/bootstrap/css/bootstrap-responsive.min.css HTTP/1.1[0m" 304 -
2023-04-21 18:19:39,774:INFO:127.0.0.1 - - [21/Apr/2023 18:19:39] "[36mGET /static/bootstrap/css/styles.css HTTP/1.1[0m" 304 -
2023-04-21 18:19:39,775:INFO:127.0.0.1 - - [21/Apr/2023 18:19:39] "[36mGET /static/css/nav.css HTTP/1.1[0m" 304 -
2023-04-21 18:19:39,799:INFO:127.0.0.1 - - [21/Apr/2023 18:19:39] "[36mGET /static/css/carrusel.css HTTP/1.1[0m" 304 -
2023-04-21 18:19:39,804:INFO:127.0.0.1 - - [21/Apr/2023 18:19:39] "[36mGET /static/js/carrusel.js HTTP/1.1[0m" 304 -
2023-04-21 18:19:39,857:INFO:127.0.0.1 - - [21/Apr/2023 18:19:39] "[36mGET /static/img/vision.png HTTP/1.1[0m" 304 -
2023-04-21 18:19:39,859:INFO:127.0.0.1 - - [21/Apr/2023 18:19:39] "[36mGET /static/img/mision2.jpg HTTP/1.1[0m" 304 -
2023-04-21 18:19:39,861:INFO:127.0.0.1 - - [21/Apr/2023 18:19:39] "[36mGET /static/img/fondo5.jpg HTTP/1.1[0m" 304 -
2023-04-21 18:20:57,631:INFO:127.0.0.1 - - [21/Apr/2023 18:20:57] "GET / HTTP/1.1" 200 -
2023-04-21 18:20:57,721:INFO:127.0.0.1 - - [21/Apr/2023 18:20:57] "[36mGET /static/bootstrap/css/bootstrap.min.css HTTP/1.1[0m" 304 -
2023-04-21 18:20:57,730:INFO:127.0.0.1 - - [21/Apr/2023 18:20:57] "[36mGET /static/bootstrap/css/bootstrap-responsive.min.css HTTP/1.1[0m" 304 -
2023-04-21 18:20:57,747:INFO:127.0.0.1 - - [21/Apr/2023 18:20:57] "[36mGET /static/bootstrap/css/styles.css HTTP/1.1[0m" 304 -
2023-04-21 18:20:57,802:INFO:127.0.0.1 - - [21/Apr/2023 18:20:57] "[36mGET /static/css/nav.css HTTP/1.1[0m" 304 -
2023-04-21 18:20:57,809:INFO:127.0.0.1 - - [21/Apr/2023 18:20:57] "[36mGET /static/css/carrusel.css HTTP/1.1[0m" 304 -
2023-04-21 18:20:57,821:INFO:127.0.0.1 - - [21/Apr/2023 18:20:57] "[36mGET /static/js/carrusel.js HTTP/1.1[0m" 304 -
2023-04-21 18:20:57,873:INFO:127.0.0.1 - - [21/Apr/2023 18:20:57] "GET /static/img/mision2.jpg HTTP/1.1" 200 -
2023-04-21 18:20:57,882:INFO:127.0.0.1 - - [21/Apr/2023 18:20:57] "[36mGET /static/img/vision.png HTTP/1.1[0m" 304 -
2023-04-21 18:20:57,885:INFO:127.0.0.1 - - [21/Apr/2023 18:20:57] "[36mGET /static/img/fondo5.jpg HTTP/1.1[0m" 304 -
2023-04-21 18:21:22,755:INFO:127.0.0.1 - - [21/Apr/2023 18:21:22] "GET / HTTP/1.1" 200 -
2023-04-21 18:21:22,853:INFO:127.0.0.1 - - [21/Apr/2023 18:21:22] "[36mGET /static/bootstrap/css/bootstrap-responsive.min.css HTTP/1.1[0m" 304 -
2023-04-21 18:21:22,863:INFO:127.0.0.1 - - [21/Apr/2023 18:21:22] "[36mGET /static/bootstrap/css/bootstrap.min.css HTTP/1.1[0m" 304 -
2023-04-21 18:21:22,867:INFO:127.0.0.1 - - [21/Apr/2023 18:21:22] "[36mGET /static/bootstrap/css/styles.css HTTP/1.1[0m" 304 -
2023-04-21 18:21:22,875:INFO:127.0.0.1 - - [21/Apr/2023 18:21:22] "[36mGET /static/css/nav.css HTTP/1.1[0m" 304 -
2023-04-21 18:21:22,889:INFO:127.0.0.1 - - [21/Apr/2023 18:21:22] "[36mGET /static/css/carrusel.css HTTP/1.1[0m" 304 -
2023-04-21 18:21:22,910:INFO:127.0.0.1 - - [21/Apr/2023 18:21:22] "[36mGET /static/js/carrusel.js HTTP/1.1[0m" 304 -
2023-04-21 18:21:22,987:INFO:127.0.0.1 - - [21/Apr/2023 18:21:22] "[36mGET /static/img/mision2.jpg HTTP/1.1[0m" 304 -
2023-04-21 18:21:22,988:INFO:127.0.0.1 - - [21/Apr/2023 18:21:22] "[36mGET /static/img/vision.png HTTP/1.1[0m" 304 -
2023-04-21 18:21:23,002:INFO:127.0.0.1 - - [21/Apr/2023 18:21:23] "[36mGET /static/img/fondo5.jpg HTTP/1.1[0m" 304 -
2023-04-21 18:23:02,945:INFO:127.0.0.1 - - [21/Apr/2023 18:23:02] "GET / HTTP/1.1" 200 -
2023-04-21 18:23:03,092:INFO:127.0.0.1 - - [21/Apr/2023 18:23:03] "[36mGET /static/bootstrap/css/bootstrap-responsive.min.css HTTP/1.1[0m" 304 -
2023-04-21 18:23:03,103:INFO:127.0.0.1 - - [21/Apr/2023 18:23:03] "[36mGET /static/bootstrap/css/bootstrap.min.css HTTP/1.1[0m" 304 -
2023-04-21 18:23:03,104:INFO:127.0.0.1 - - [21/Apr/2023 18:23:03] "[36mGET /static/bootstrap/css/styles.css HTTP/1.1[0m" 304 -
2023-04-21 18:23:03,108:INFO:127.0.0.1 - - [21/Apr/2023 18:23:03] "[36mGET /static/css/nav.css HTTP/1.1[0m" 304 -
2023-04-21 18:23:03,122:INFO:127.0.0.1 - - [21/Apr/2023 18:23:03] "[36mGET /static/css/carrusel.css HTTP/1.1[0m" 304 -
2023-04-21 18:23:03,150:INFO:127.0.0.1 - - [21/Apr/2023 18:23:03] "[36mGET /static/js/carrusel.js HTTP/1.1[0m" 304 -
2023-04-21 18:23:03,216:INFO:127.0.0.1 - - [21/Apr/2023 18:23:03] "[36mGET /static/img/mision2.jpg HTTP/1.1[0m" 304 -
2023-04-21 18:23:03,225:INFO:127.0.0.1 - - [21/Apr/2023 18:23:03] "[36mGET /static/img/vision.png HTTP/1.1[0m" 304 -
2023-04-21 18:23:03,236:INFO:127.0.0.1 - - [21/Apr/2023 18:23:03] "[36mGET /static/img/fondo5.jpg HTTP/1.1[0m" 304 -
2023-04-21 18:24:45,983:INFO:127.0.0.1 - - [21/Apr/2023 18:24:45] "GET / HTTP/1.1" 200 -
2023-04-21 18:24:46,073:INFO:127.0.0.1 - - [21/Apr/2023 18:24:46] "[36mGET /static/bootstrap/css/bootstrap.min.css HTTP/1.1[0m" 304 -
2023-04-21 18:24:46,103:INFO:127.0.0.1 - - [21/Apr/2023 18:24:46] "[36mGET /static/bootstrap/css/bootstrap-responsive.min.css HTTP/1.1[0m" 304 -
2023-04-21 18:24:46,128:INFO:127.0.0.1 - - [21/Apr/2023 18:24:46] "[36mGET /static/bootstrap/css/styles.css HTTP/1.1[0m" 304 -
2023-04-21 18:24:46,159:INFO:127.0.0.1 - - [21/Apr/2023 18:24:46] "[36mGET /static/css/nav.css HTTP/1.1[0m" 304 -
2023-04-21 18:24:46,179:INFO:127.0.0.1 - - [21/Apr/2023 18:24:46] "[36mGET /static/css/carrusel.css HTTP/1.1[0m" 304 -
2023-04-21 18:24:46,200:INFO:127.0.0.1 - - [21/Apr/2023 18:24:46] "[36mGET /static/js/carrusel.js HTTP/1.1[0m" 304 -
2023-04-21 18:24:46,563:INFO:127.0.0.1 - - [21/Apr/2023 18:24:46] "[36mGET /static/img/mision2.jpg HTTP/1.1[0m" 304 -
2023-04-21 18:24:46,577:INFO:127.0.0.1 - - [21/Apr/2023 18:24:46] "[36mGET /static/img/vision.png HTTP/1.1[0m" 304 -
2023-04-21 18:24:46,591:INFO:127.0.0.1 - - [21/Apr/2023 18:24:46] "[36mGET /static/img/fondo5.jpg HTTP/1.1[0m" 304 -
2023-04-21 18:25:07,807:INFO:127.0.0.1 - - [21/Apr/2023 18:25:07] "GET / HTTP/1.1" 200 -
2023-04-21 18:25:07,914:INFO:127.0.0.1 - - [21/Apr/2023 18:25:07] "[36mGET /static/bootstrap/css/bootstrap.min.css HTTP/1.1[0m" 304 -
2023-04-21 18:25:07,922:INFO:127.0.0.1 - - [21/Apr/2023 18:25:07] "[36mGET /static/bootstrap/css/bootstrap-responsive.min.css HTTP/1.1[0m" 304 -
2023-04-21 18:25:07,927:INFO:127.0.0.1 - - [21/Apr/2023 18:25:07] "[36mGET /static/bootstrap/css/styles.css HTTP/1.1[0m" 304 -
2023-04-21 18:25:07,935:INFO:127.0.0.1 - - [21/Apr/2023 18:25:07] "[36mGET /static/css/nav.css HTTP/1.1[0m" 304 -
2023-04-21 18:25:07,992:INFO:127.0.0.1 - - [21/Apr/2023 18:25:07] "[36mGET /static/css/carrusel.css HTTP/1.1[0m" 304 -
2023-04-21 18:25:08,023:INFO:127.0.0.1 - - [21/Apr/2023 18:25:08] "[36mGET /static/js/carrusel.js HTTP/1.1[0m" 304 -
2023-04-21 18:25:08,122:INFO:127.0.0.1 - - [21/Apr/2023 18:25:08] "[36mGET /static/img/mision2.jpg HTTP/1.1[0m" 304 -
2023-04-21 18:25:08,129:INFO:127.0.0.1 - - [21/Apr/2023 18:25:08] "[36mGET /static/img/vision.png HTTP/1.1[0m" 304 -
2023-04-21 18:25:08,130:INFO:127.0.0.1 - - [21/Apr/2023 18:25:08] "[36mGET /static/img/fondo5.jpg HTTP/1.1[0m" 304 -
2023-04-21 18:25:38,052:INFO:127.0.0.1 - - [21/Apr/2023 18:25:38] "GET / HTTP/1.1" 200 -
2023-04-21 18:25:38,176:INFO:127.0.0.1 - - [21/Apr/2023 18:25:38] "[36mGET /static/bootstrap/css/bootstrap.min.css HTTP/1.1[0m" 304 -
2023-04-21 18:25:38,179:INFO:127.0.0.1 - - [21/Apr/2023 18:25:38] "[36mGET /static/bootstrap/css/bootstrap-responsive.min.css HTTP/1.1[0m" 304 -
2023-04-21 18:25:38,185:INFO:127.0.0.1 - - [21/Apr/2023 18:25:38] "[36mGET /static/bootstrap/css/styles.css HTTP/1.1[0m" 304 -
2023-04-21 18:25:38,188:INFO:127.0.0.1 - - [21/Apr/2023 18:25:38] "[36mGET /static/css/nav.css HTTP/1.1[0m" 304 -
2023-04-21 18:25:38,204:INFO:127.0.0.1 - - [21/Apr/2023 18:25:38] "[36mGET /static/css/carrusel.css HTTP/1.1[0m" 304 -
2023-04-21 18:25:38,234:INFO:127.0.0.1 - - [21/Apr/2023 18:25:38] "[36mGET /static/js/carrusel.js HTTP/1.1[0m" 304 -
2023-04-21 18:25:38,289:INFO:127.0.0.1 - - [21/Apr/2023 18:25:38] "[36mGET /static/img/mision2.jpg HTTP/1.1[0m" 304 -
2023-04-21 18:25:38,293:INFO:127.0.0.1 - - [21/Apr/2023 18:25:38] "[36mGET /static/img/vision.png HTTP/1.1[0m" 304 -
2023-04-21 18:25:38,297:INFO:127.0.0.1 - - [21/Apr/2023 18:25:38] "[36mGET /static/img/fondo5.jpg HTTP/1.1[0m" 304 -
2023-04-21 18:26:53,168:INFO:127.0.0.1 - - [21/Apr/2023 18:26:53] "GET / HTTP/1.1" 200 -
2023-04-21 18:26:53,258:INFO:127.0.0.1 - - [21/Apr/2023 18:26:53] "GET /static/bootstrap/css/bootstrap.min.css HTTP/1.1" 200 -
2023-04-21 18:26:53,284:INFO:127.0.0.1 - - [21/Apr/2023 18:26:53] "[36mGET /static/bootstrap/css/bootstrap-responsive.min.css HTTP/1.1[0m" 304 -
2023-04-21 18:26:53,300:INFO:127.0.0.1 - - [21/Apr/2023 18:26:53] "[36mGET /static/bootstrap/css/styles.css HTTP/1.1[0m" 304 -
2023-04-21 18:26:53,316:INFO:127.0.0.1 - - [21/Apr/2023 18:26:53] "[36mGET /static/css/carrusel.css HTTP/1.1[0m" 304 -
2023-04-21 18:26:53,317:INFO:127.0.0.1 - - [21/Apr/2023 18:26:53] "[36mGET /static/css/nav.css HTTP/1.1[0m" 304 -
2023-04-21 18:26:53,324:INFO:127.0.0.1 - - [21/Apr/2023 18:26:53] "[36mGET /static/js/carrusel.js HTTP/1.1[0m" 304 -
2023-04-21 18:26:53,385:INFO:127.0.0.1 - - [21/Apr/2023 18:26:53] "GET /static/img/mision2.jpg HTTP/1.1" 200 -
2023-04-21 18:26:53,412:INFO:127.0.0.1 - - [21/Apr/2023 18:26:53] "GET /static/img/vision.png HTTP/1.1" 200 -
2023-04-21 18:26:53,413:INFO:127.0.0.1 - - [21/Apr/2023 18:26:53] "[36mGET /static/img/fondo5.jpg HTTP/1.1[0m" 304 -
2023-04-21 18:27:09,157:INFO:127.0.0.1 - - [21/Apr/2023 18:27:09] "GET / HTTP/1.1" 200 -
2023-04-21 18:27:09,252:INFO:127.0.0.1 - - [21/Apr/2023 18:27:09] "[36mGET /static/bootstrap/css/bootstrap-responsive.min.css HTTP/1.1[0m" 304 -
2023-04-21 18:27:09,253:INFO:127.0.0.1 - - [21/Apr/2023 18:27:09] "GET /static/bootstrap/css/bootstrap.min.css HTTP/1.1" 200 -
2023-04-21 18:27:09,271:INFO:127.0.0.1 - - [21/Apr/2023 18:27:09] "[36mGET /static/css/nav.css HTTP/1.1[0m" 304 -
2023-04-21 18:27:09,271:INFO:127.0.0.1 - - [21/Apr/2023 18:27:09] "[36mGET /static/bootstrap/css/styles.css HTTP/1.1[0m" 304 -
2023-04-21 18:27:09,278:INFO:127.0.0.1 - - [21/Apr/2023 18:27:09] "[36mGET /static/css/carrusel.css HTTP/1.1[0m" 304 -
2023-04-21 18:27:09,291:INFO:127.0.0.1 - - [21/Apr/2023 18:27:09] "[36mGET /static/js/carrusel.js HTTP/1.1[0m" 304 -
2023-04-21 18:27:09,383:INFO:127.0.0.1 - - [21/Apr/2023 18:27:09] "GET /static/img/mision2.jpg HTTP/1.1" 200 -
2023-04-21 18:27:09,395:INFO:127.0.0.1 - - [21/Apr/2023 18:27:09] "GET /static/img/vision.png HTTP/1.1" 200 -
2023-04-21 18:27:09,423:INFO:127.0.0.1 - - [21/Apr/2023 18:27:09] "[36mGET /static/img/fondo5.jpg HTTP/1.1[0m" 304 -
2023-04-21 18:27:23,032:INFO:127.0.0.1 - - [21/Apr/2023 18:27:23] "GET / HTTP/1.1" 200 -
2023-04-21 18:27:23,144:INFO:127.0.0.1 - - [21/Apr/2023 18:27:23] "GET /static/bootstrap/css/bootstrap-responsive.min.css HTTP/1.1" 200 -
2023-04-21 18:27:23,150:INFO:127.0.0.1 - - [21/Apr/2023 18:27:23] "GET /static/bootstrap/css/bootstrap.min.css HTTP/1.1" 200 -
2023-04-21 18:27:23,156:INFO:127.0.0.1 - - [21/Apr/2023 18:27:23] "GET /static/bootstrap/css/styles.css HTTP/1.1" 200 -
2023-04-21 18:27:23,181:INFO:127.0.0.1 - - [21/Apr/2023 18:27:23] "[36mGET /static/css/nav.css HTTP/1.1[0m" 304 -
2023-04-21 18:27:23,182:INFO:127.0.0.1 - - [21/Apr/2023 18:27:23] "[36mGET /static/css/carrusel.css HTTP/1.1[0m" 304 -
2023-04-21 18:27:23,197:INFO:127.0.0.1 - - [21/Apr/2023 18:27:23] "[36mGET /static/js/carrusel.js HTTP/1.1[0m" 304 -
2023-04-21 18:27:23,248:INFO:127.0.0.1 - - [21/Apr/2023 18:27:23] "GET /static/img/mision2.jpg HTTP/1.1" 200 -
2023-04-21 18:27:23,266:INFO:127.0.0.1 - - [21/Apr/2023 18:27:23] "GET /static/img/vision.png HTTP/1.1" 200 -
2023-04-21 18:27:23,268:INFO:127.0.0.1 - - [21/Apr/2023 18:27:23] "[36mGET /static/img/fondo5.jpg HTTP/1.1[0m" 304 -
2023-04-21 18:27:23,306:INFO:127.0.0.1 - - [21/Apr/2023 18:27:23] "[33mGET /favicon.ico HTTP/1.1[0m" 404 -
2023-04-21 18:27:39,018:INFO:127.0.0.1 - - [21/Apr/2023 18:27:39] "GET / HTTP/1.1" 200 -
2023-04-21 18:27:39,086:INFO:127.0.0.1 - - [21/Apr/2023 18:27:39] "GET /static/bootstrap/css/bootstrap.min.css HTTP/1.1" 200 -
2023-04-21 18:27:39,099:INFO:127.0.0.1 - - [21/Apr/2023 18:27:39] "GET /static/bootstrap/css/bootstrap-responsive.min.css HTTP/1.1" 200 -
2023-04-21 18:27:39,112:INFO:127.0.0.1 - - [21/Apr/2023 18:27:39] "[36mGET /static/css/nav.css HTTP/1.1[0m" 304 -
2023-04-21 18:27:39,123:INFO:127.0.0.1 - - [21/Apr/2023 18:27:39] "[36mGET /static/bootstrap/css/styles.css HTTP/1.1[0m" 304 -
2023-04-21 18:27:39,137:INFO:127.0.0.1 - - [21/Apr/2023 18:27:39] "[36mGET /static/css/carrusel.css HTTP/1.1[0m" 304 -
2023-04-21 18:27:39,157:INFO:127.0.0.1 - - [21/Apr/2023 18:27:39] "[36mGET /static/js/carrusel.js HTTP/1.1[0m" 304 -
2023-04-21 18:27:39,212:INFO:127.0.0.1 - - [21/Apr/2023 18:27:39] "GET /static/img/mision2.jpg HTTP/1.1" 200 -
2023-04-21 18:27:39,215:INFO:127.0.0.1 - - [21/Apr/2023 18:27:39] "GET /static/img/vision.png HTTP/1.1" 200 -
2023-04-21 18:27:39,216:INFO:127.0.0.1 - - [21/Apr/2023 18:27:39] "[36mGET /static/img/fondo5.jpg HTTP/1.1[0m" 304 -
2023-04-21 18:28:12,372:INFO:127.0.0.1 - - [21/Apr/2023 18:28:12] "GET / HTTP/1.1" 200 -
2023-04-21 18:28:12,452:INFO:127.0.0.1 - - [21/Apr/2023 18:28:12] "GET /static/bootstrap/css/bootstrap.min.css HTTP/1.1" 200 -
2023-04-21 18:28:12,466:INFO:127.0.0.1 - - [21/Apr/2023 18:28:12] "[36mGET /static/bootstrap/css/bootstrap-responsive.min.css HTTP/1.1[0m" 304 -
2023-04-21 18:28:12,475:INFO:127.0.0.1 - - [21/Apr/2023 18:28:12] "[36mGET /static/bootstrap/css/styles.css HTTP/1.1[0m" 304 -
2023-04-21 18:28:12,484:INFO:127.0.0.1 - - [21/Apr/2023 18:28:12] "[36mGET /static/css/nav.css HTTP/1.1[0m" 304 -
2023-04-21 18:28:12,496:INFO:127.0.0.1 - - [21/Apr/2023 18:28:12] "[36mGET /static/css/carrusel.css HTTP/1.1[0m" 304 -
2023-04-21 18:28:12,500:INFO:127.0.0.1 - - [21/Apr/2023 18:28:12] "[36mGET /static/js/carrusel.js HTTP/1.1[0m" 304 -
2023-04-21 18:28:12,566:INFO:127.0.0.1 - - [21/Apr/2023 18:28:12] "GET /static/img/mision2.jpg HTTP/1.1" 200 -
2023-04-21 18:28:12,572:INFO:127.0.0.1 - - [21/Apr/2023 18:28:12] "GET /static/img/vision.png HTTP/1.1" 200 -
2023-04-21 18:28:12,578:INFO:127.0.0.1 - - [21/Apr/2023 18:28:12] "[36mGET /static/img/fondo5.jpg HTTP/1.1[0m" 304 -
2023-04-21 18:28:24,696:INFO:127.0.0.1 - - [21/Apr/2023 18:28:24] "GET / HTTP/1.1" 200 -
2023-04-21 18:28:24,806:INFO:127.0.0.1 - - [21/Apr/2023 18:28:24] "GET /static/bootstrap/css/bootstrap-responsive.min.css HTTP/1.1" 200 -
2023-04-21 18:28:24,810:INFO:127.0.0.1 - - [21/Apr/2023 18:28:24] "GET /static/bootstrap/css/bootstrap.min.css HTTP/1.1" 200 -
2023-04-21 18:28:24,812:INFO:127.0.0.1 - - [21/Apr/2023 18:28:24] "GET /static/bootstrap/css/styles.css HTTP/1.1" 200 -
2023-04-21 18:28:24,819:INFO:127.0.0.1 - - [21/Apr/2023 18:28:24] "[36mGET /static/css/nav.css HTTP/1.1[0m" 304 -
2023-04-21 18:28:24,861:INFO:127.0.0.1 - - [21/Apr/2023 18:28:24] "[36mGET /static/css/carrusel.css HTTP/1.1[0m" 304 -
2023-04-21 18:28:24,877:INFO:127.0.0.1 - - [21/Apr/2023 18:28:24] "[36mGET /static/js/carrusel.js HTTP/1.1[0m" 304 -
2023-04-21 18:28:24,933:INFO:127.0.0.1 - - [21/Apr/2023 18:28:24] "GET /static/img/mision2.jpg HTTP/1.1" 200 -
2023-04-21 18:28:24,938:INFO:127.0.0.1 - - [21/Apr/2023 18:28:24] "GET /static/img/vision.png HTTP/1.1" 200 -
2023-04-21 18:28:24,993:INFO:127.0.0.1 - - [21/Apr/2023 18:28:24] "[36mGET /static/img/fondo5.jpg HTTP/1.1[0m" 304 -
2023-04-21 18:28:42,051:INFO:127.0.0.1 - - [21/Apr/2023 18:28:42] "GET / HTTP/1.1" 200 -
2023-04-21 18:28:42,176:INFO:127.0.0.1 - - [21/Apr/2023 18:28:42] "GET /static/bootstrap/css/bootstrap.min.css HTTP/1.1" 200 -
2023-04-21 18:28:42,180:INFO:127.0.0.1 - - [21/Apr/2023 18:28:42] "GET /static/bootstrap/css/bootstrap-responsive.min.css HTTP/1.1" 200 -
2023-04-21 18:28:42,180:INFO:127.0.0.1 - - [21/Apr/2023 18:28:42] "GET /static/bootstrap/css/styles.css HTTP/1.1" 200 -
2023-04-21 18:28:42,186:INFO:127.0.0.1 - - [21/Apr/2023 18:28:42] "[36mGET /static/css/nav.css HTTP/1.1[0m" 304 -
2023-04-21 18:28:42,207:INFO:127.0.0.1 - - [21/Apr/2023 18:28:42] "[36mGET /static/css/carrusel.css HTTP/1.1[0m" 304 -
2023-04-21 18:28:42,228:INFO:127.0.0.1 - - [21/Apr/2023 18:28:42] "[36mGET /static/js/carrusel.js HTTP/1.1[0m" 304 -
2023-04-21 18:28:42,284:INFO:127.0.0.1 - - [21/Apr/2023 18:28:42] "GET /static/img/mision2.jpg HTTP/1.1" 200 -
2023-04-21 18:28:42,286:INFO:127.0.0.1 - - [21/Apr/2023 18:28:42] "GET /static/img/vision.png HTTP/1.1" 200 -
2023-04-21 18:28:42,295:INFO:127.0.0.1 - - [21/Apr/2023 18:28:42] "[36mGET /static/img/fondo5.jpg HTTP/1.1[0m" 304 -
2023-04-21 18:28:42,315:INFO:127.0.0.1 - - [21/Apr/2023 18:28:42] "[33mGET /favicon.ico HTTP/1.1[0m" 404 -
2023-04-21 18:29:06,285:INFO:127.0.0.1 - - [21/Apr/2023 18:29:06] "GET /security/administracion_admin HTTP/1.1" 200 -
2023-04-21 18:29:06,403:INFO:127.0.0.1 - - [21/Apr/2023 18:29:06] "GET /static/bootstrap/css/bootstrap.min.css HTTP/1.1" 200 -
2023-04-21 18:29:06,412:INFO:127.0.0.1 - - [21/Apr/2023 18:29:06] "GET /static/bootstrap/css/bootstrap-responsive.min.css HTTP/1.1" 200 -
2023-04-21 18:29:06,428:INFO:127.0.0.1 - - [21/Apr/2023 18:29:06] "GET /static/bootstrap/css/styles.css HTTP/1.1" 200 -
2023-04-21 18:29:06,448:INFO:127.0.0.1 - - [21/Apr/2023 18:29:06] "GET /static/css/nav.css HTTP/1.1" 200 -
2023-04-21 18:29:06,482:INFO:127.0.0.1 - - [21/Apr/2023 18:29:06] "GET /static/css/carrusel.css HTTP/1.1" 200 -
2023-04-21 18:29:06,495:INFO:127.0.0.1 - - [21/Apr/2023 18:29:06] "[36mGET /static/js/carrusel.js HTTP/1.1[0m" 304 -
2023-04-21 18:29:06,510:INFO:127.0.0.1 - - [21/Apr/2023 18:29:06] "[33mGET /security/static/sweetalert2/sweetalert2.min.css HTTP/1.1[0m" 404 -
2023-04-21 18:29:06,524:INFO:127.0.0.1 - - [21/Apr/2023 18:29:06] "[33mGET /security/static/sweetalert2/sweetalert2.min.js HTTP/1.1[0m" 404 -
2023-04-21 18:29:06,528:INFO:127.0.0.1 - - [21/Apr/2023 18:29:06] "[33mGET /security/static/estilos.css HTTP/1.1[0m" 404 -
2023-04-21 18:29:06,566:INFO:127.0.0.1 - - [21/Apr/2023 18:29:06] "[36mGET /static/img/fondo5.jpg HTTP/1.1[0m" 304 -
2023-04-21 18:29:06,598:INFO:127.0.0.1 - - [21/Apr/2023 18:29:06] "[33mGET /security/static/estilos.css HTTP/1.1[0m" 404 -
2023-04-21 18:29:06,614:INFO:127.0.0.1 - - [21/Apr/2023 18:29:06] "GET /static/bootstrap/img/glyphicons-halflings-white.png HTTP/1.1" 200 -
2023-04-21 18:29:45,950:INFO:127.0.0.1 - - [21/Apr/2023 18:29:45] "GET /security/administracion_admin HTTP/1.1" 200 -
2023-04-21 18:29:46,040:INFO:127.0.0.1 - - [21/Apr/2023 18:29:46] "[33mGET /security/static/sweetalert2/sweetalert2.min.js HTTP/1.1[0m" 404 -
2023-04-21 18:29:46,042:INFO:127.0.0.1 - - [21/Apr/2023 18:29:46] "GET /static/bootstrap/css/bootstrap.min.css HTTP/1.1" 200 -
2023-04-21 18:29:46,063:INFO:127.0.0.1 - - [21/Apr/2023 18:29:46] "GET /static/bootstrap/css/bootstrap-responsive.min.css HTTP/1.1" 200 -
2023-04-21 18:29:46,089:INFO:127.0.0.1 - - [21/Apr/2023 18:29:46] "[36mGET /static/bootstrap/css/styles.css HTTP/1.1[0m" 304 -
2023-04-21 18:29:46,126:INFO:127.0.0.1 - - [21/Apr/2023 18:29:46] "[36mGET /static/css/nav.css HTTP/1.1[0m" 304 -
2023-04-21 18:29:46,133:INFO:127.0.0.1 - - [21/Apr/2023 18:29:46] "[36mGET /static/css/carrusel.css HTTP/1.1[0m" 304 -
2023-04-21 18:29:46,155:INFO:127.0.0.1 - - [21/Apr/2023 18:29:46] "[33mGET /security/static/sweetalert2/sweetalert2.min.css HTTP/1.1[0m" 404 -
2023-04-21 18:29:46,156:INFO:127.0.0.1 - - [21/Apr/2023 18:29:46] "[36mGET /static/js/carrusel.js HTTP/1.1[0m" 304 -
2023-04-21 18:29:46,156:INFO:127.0.0.1 - - [21/Apr/2023 18:29:46] "[33mGET /security/static/estilos.css HTTP/1.1[0m" 404 -
2023-04-21 18:29:46,209:INFO:127.0.0.1 - - [21/Apr/2023 18:29:46] "[33mGET /security/static/sweetalert2/sweetalert2.min.css HTTP/1.1[0m" 404 -
2023-04-21 18:29:46,230:INFO:127.0.0.1 - - [21/Apr/2023 18:29:46] "[33mGET /security/static/sweetalert2/sweetalert2.min.js HTTP/1.1[0m" 404 -
2023-04-21 18:29:46,233:INFO:127.0.0.1 - - [21/Apr/2023 18:29:46] "[36mGET /static/img/fondo5.jpg HTTP/1.1[0m" 304 -
2023-04-21 18:29:46,259:INFO:127.0.0.1 - - [21/Apr/2023 18:29:46] "[33mGET /security/static/estilos.css HTTP/1.1[0m" 404 -
2023-04-21 18:29:46,271:INFO:127.0.0.1 - - [21/Apr/2023 18:29:46] "GET /static/bootstrap/img/glyphicons-halflings-white.png HTTP/1.1" 200 -
2023-04-21 18:30:06,640:INFO:127.0.0.1 - - [21/Apr/2023 18:30:06] "GET /security/administracion_admin HTTP/1.1" 200 -
2023-04-21 18:30:06,713:INFO:127.0.0.1 - - [21/Apr/2023 18:30:06] "GET /static/bootstrap/css/bootstrap.min.css HTTP/1.1" 200 -
2023-04-21 18:30:06,743:INFO:127.0.0.1 - - [21/Apr/2023 18:30:06] "[33mGET /security/static/sweetalert2/sweetalert2.min.js HTTP/1.1[0m" 404 -
2023-04-21 18:30:06,744:INFO:127.0.0.1 - - [21/Apr/2023 18:30:06] "GET /static/bootstrap/css/bootstrap-responsive.min.css HTTP/1.1" 200 -
2023-04-21 18:30:06,754:INFO:127.0.0.1 - - [21/Apr/2023 18:30:06] "[36mGET /static/bootstrap/css/styles.css HTTP/1.1[0m" 304 -
2023-04-21 18:30:06,758:INFO:127.0.0.1 - - [21/Apr/2023 18:30:06] "[36mGET /static/css/nav.css HTTP/1.1[0m" 304 -
2023-04-21 18:30:06,771:INFO:127.0.0.1 - - [21/Apr/2023 18:30:06] "[36mGET /static/css/carrusel.css HTTP/1.1[0m" 304 -
2023-04-21 18:30:06,794:INFO:127.0.0.1 - - [21/Apr/2023 18:30:06] "[36mGET /static/js/carrusel.js HTTP/1.1[0m" 304 -
2023-04-21 18:30:06,804:INFO:127.0.0.1 - - [21/Apr/2023 18:30:06] "[33mGET /security/static/sweetalert2/sweetalert2.min.css HTTP/1.1[0m" 404 -
2023-04-21 18:30:06,812:INFO:127.0.0.1 - - [21/Apr/2023 18:30:06] "[33mGET /security/static/estilos.css HTTP/1.1[0m" 404 -
2023-04-21 18:30:06,838:INFO:127.0.0.1 - - [21/Apr/2023 18:30:06] "[33mGET /security/static/sweetalert2/sweetalert2.min.js HTTP/1.1[0m" 404 -
2023-04-21 18:30:06,863:INFO:127.0.0.1 - - [21/Apr/2023 18:30:06] "[36mGET /static/img/fondo5.jpg HTTP/1.1[0m" 304 -
2023-04-21 18:30:06,876:INFO:127.0.0.1 - - [21/Apr/2023 18:30:06] "[33mGET /security/static/estilos.css HTTP/1.1[0m" 404 -
2023-04-21 18:30:06,903:INFO:127.0.0.1 - - [21/Apr/2023 18:30:06] "GET /static/bootstrap/img/glyphicons-halflings-white.png HTTP/1.1" 200 -
2023-04-21 18:30:08,441:INFO:127.0.0.1 - - [21/Apr/2023 18:30:08] "GET /security/productos HTTP/1.1" 200 -
2023-04-21 18:30:08,531:INFO:127.0.0.1 - - [21/Apr/2023 18:30:08] "GET /static/bootstrap/css/bootstrap.min.css HTTP/1.1" 200 -
2023-04-21 18:30:08,535:INFO:127.0.0.1 - - [21/Apr/2023 18:30:08] "[36mGET /static/bootstrap/css/bootstrap-responsive.min.css HTTP/1.1[0m" 304 -
2023-04-21 18:30:08,578:INFO:127.0.0.1 - - [21/Apr/2023 18:30:08] "[36mGET /static/bootstrap/css/styles.css HTTP/1.1[0m" 304 -
2023-04-21 18:30:08,582:INFO:127.0.0.1 - - [21/Apr/2023 18:30:08] "[36mGET /static/css/nav.css HTTP/1.1[0m" 304 -
2023-04-21 18:30:08,594:INFO:127.0.0.1 - - [21/Apr/2023 18:30:08] "[36mGET /static/css/carrusel.css HTTP/1.1[0m" 304 -
2023-04-21 18:30:08,608:INFO:127.0.0.1 - - [21/Apr/2023 18:30:08] "[36mGET /static/js/carrusel.js HTTP/1.1[0m" 304 -
2023-04-21 18:30:08,689:INFO:127.0.0.1 - - [21/Apr/2023 18:30:08] "[36mGET /static/img/fondo5.jpg HTTP/1.1[0m" 304 -
2023-04-21 18:30:12,481:INFO:127.0.0.1 - - [21/Apr/2023 18:30:12] "GET /security/clientes_admin HTTP/1.1" 200 -
2023-04-21 18:30:12,703:INFO:127.0.0.1 - - [21/Apr/2023 18:30:12] "[36mGET /static/bootstrap/css/bootstrap.min.css HTTP/1.1[0m" 304 -
2023-04-21 18:30:12,711:INFO:127.0.0.1 - - [21/Apr/2023 18:30:12] "[36mGET /static/bootstrap/css/bootstrap-responsive.min.css HTTP/1.1[0m" 304 -
2023-04-21 18:30:12,749:INFO:127.0.0.1 - - [21/Apr/2023 18:30:12] "[36mGET /static/bootstrap/css/styles.css HTTP/1.1[0m" 304 -
2023-04-21 18:30:12,763:INFO:127.0.0.1 - - [21/Apr/2023 18:30:12] "[36mGET /static/css/nav.css HTTP/1.1[0m" 304 -
2023-04-21 18:30:12,776:INFO:127.0.0.1 - - [21/Apr/2023 18:30:12] "[36mGET /static/css/carrusel.css HTTP/1.1[0m" 304 -
2023-04-21 18:30:12,779:INFO:127.0.0.1 - - [21/Apr/2023 18:30:12] "[36mGET /static/js/carrusel.js HTTP/1.1[0m" 304 -
2023-04-21 18:30:12,850:INFO:127.0.0.1 - - [21/Apr/2023 18:30:12] "[36mGET /static/img/fondo5.jpg HTTP/1.1[0m" 304 -
2023-04-21 18:30:12,853:INFO:127.0.0.1 - - [21/Apr/2023 18:30:12] "GET /static/bootstrap/img/glyphicons-halflings-white.png HTTP/1.1" 200 -
2023-04-21 18:30:24,003:INFO:127.0.0.1 - - [21/Apr/2023 18:30:24] "GET /security/finanzas HTTP/1.1" 200 -
2023-04-21 18:30:24,107:INFO:127.0.0.1 - - [21/Apr/2023 18:30:24] "GET /static/bootstrap/css/bootstrap.min.css HTTP/1.1" 200 -
2023-04-21 18:30:24,121:INFO:127.0.0.1 - - [21/Apr/2023 18:30:24] "[36mGET /static/bootstrap/css/bootstrap-responsive.min.css HTTP/1.1[0m" 304 -
2023-04-21 18:30:24,123:INFO:127.0.0.1 - - [21/Apr/2023 18:30:24] "[36mGET /static/css/nav.css HTTP/1.1[0m" 304 -
2023-04-21 18:30:24,125:INFO:127.0.0.1 - - [21/Apr/2023 18:30:24] "[36mGET /static/bootstrap/css/styles.css HTTP/1.1[0m" 304 -
2023-04-21 18:30:24,144:INFO:127.0.0.1 - - [21/Apr/2023 18:30:24] "[36mGET /static/js/carrusel.js HTTP/1.1[0m" 304 -
2023-04-21 18:30:24,144:INFO:127.0.0.1 - - [21/Apr/2023 18:30:24] "[36mGET /static/css/carrusel.css HTTP/1.1[0m" 304 -
2023-04-21 18:30:24,210:INFO:127.0.0.1 - - [21/Apr/2023 18:30:24] "[36mGET /static/img/fondo5.jpg HTTP/1.1[0m" 304 -
2023-04-21 18:30:25,452:INFO:127.0.0.1 - - [21/Apr/2023 18:30:25] "GET /security/empleados HTTP/1.1" 200 -
2023-04-21 18:30:25,569:INFO:127.0.0.1 - - [21/Apr/2023 18:30:25] "GET /static/bootstrap/css/bootstrap.min.css HTTP/1.1" 200 -
2023-04-21 18:30:25,573:INFO:127.0.0.1 - - [21/Apr/2023 18:30:25] "[33mGET /security/static/sweetalert2/sweetalert2.min.js HTTP/1.1[0m" 404 -
2023-04-21 18:30:25,575:INFO:127.0.0.1 - - [21/Apr/2023 18:30:25] "GET /static/bootstrap/css/bootstrap-responsive.min.css HTTP/1.1" 200 -
2023-04-21 18:30:25,593:INFO:127.0.0.1 - - [21/Apr/2023 18:30:25] "GET /static/bootstrap/css/styles.css HTTP/1.1" 200 -
2023-04-21 18:30:25,628:INFO:127.0.0.1 - - [21/Apr/2023 18:30:25] "GET /static/css/nav.css HTTP/1.1" 200 -
2023-04-21 18:30:25,635:INFO:127.0.0.1 - - [21/Apr/2023 18:30:25] "[36mGET /static/css/carrusel.css HTTP/1.1[0m" 304 -
2023-04-21 18:30:25,661:INFO:127.0.0.1 - - [21/Apr/2023 18:30:25] "[36mGET /static/js/carrusel.js HTTP/1.1[0m" 304 -
2023-04-21 18:30:25,664:INFO:127.0.0.1 - - [21/Apr/2023 18:30:25] "[33mGET /security/static/sweetalert2/sweetalert2.min.css HTTP/1.1[0m" 404 -
2023-04-21 18:30:25,666:INFO:127.0.0.1 - - [21/Apr/2023 18:30:25] "[33mGET /security/static/estilos.css HTTP/1.1[0m" 404 -
2023-04-21 18:30:25,715:INFO:127.0.0.1 - - [21/Apr/2023 18:30:25] "[33mGET /security/static/sweetalert2/sweetalert2.min.js HTTP/1.1[0m" 404 -
2023-04-21 18:30:25,726:INFO:127.0.0.1 - - [21/Apr/2023 18:30:25] "[36mGET /static/img/fondo5.jpg HTTP/1.1[0m" 304 -
2023-04-21 18:30:25,750:INFO:127.0.0.1 - - [21/Apr/2023 18:30:25] "[33mGET /security/static/estilos.css HTTP/1.1[0m" 404 -
2023-04-21 18:30:25,763:INFO:127.0.0.1 - - [21/Apr/2023 18:30:25] "GET /static/bootstrap/img/glyphicons-halflings-white.png HTTP/1.1" 200 -
2023-04-21 18:30:25,809:INFO:127.0.0.1 - - [21/Apr/2023 18:30:25] "[33mGET /favicon.ico HTTP/1.1[0m" 404 -
2023-04-21 18:31:52,837:INFO:127.0.0.1 - - [21/Apr/2023 18:31:52] "GET /security/empleados HTTP/1.1" 200 -
2023-04-21 18:31:52,922:INFO:127.0.0.1 - - [21/Apr/2023 18:31:52] "[33mGET /security/static/sweetalert2/sweetalert2.min.js HTTP/1.1[0m" 404 -
2023-04-21 18:31:52,949:INFO:127.0.0.1 - - [21/Apr/2023 18:31:52] "GET /static/bootstrap/css/bootstrap.min.css HTTP/1.1" 200 -
2023-04-21 18:31:52,995:INFO:127.0.0.1 - - [21/Apr/2023 18:31:52] "GET /static/bootstrap/css/bootstrap-responsive.min.css HTTP/1.1" 200 -
2023-04-21 18:31:53,023:INFO:127.0.0.1 - - [21/Apr/2023 18:31:53] "GET /static/bootstrap/css/styles.css HTTP/1.1" 200 -
2023-04-21 18:31:53,039:INFO:127.0.0.1 - - [21/Apr/2023 18:31:53] "[36mGET /static/css/nav.css HTTP/1.1[0m" 304 -
2023-04-21 18:31:53,062:INFO:127.0.0.1 - - [21/Apr/2023 18:31:53] "[36mGET /static/css/carrusel.css HTTP/1.1[0m" 304 -
2023-04-21 18:31:53,070:INFO:127.0.0.1 - - [21/Apr/2023 18:31:53] "[36mGET /static/js/carrusel.js HTTP/1.1[0m" 304 -
2023-04-21 18:31:53,073:INFO:127.0.0.1 - - [21/Apr/2023 18:31:53] "[33mGET /security/static/sweetalert2/sweetalert2.min.css HTTP/1.1[0m" 404 -
2023-04-21 18:31:53,093:INFO:127.0.0.1 - - [21/Apr/2023 18:31:53] "[33mGET /security/static/estilos.css HTTP/1.1[0m" 404 -
2023-04-21 18:31:53,156:INFO:127.0.0.1 - - [21/Apr/2023 18:31:53] "[36mGET /static/img/ej4.png HTTP/1.1[0m" 304 -
2023-04-21 18:31:53,167:INFO:127.0.0.1 - - [21/Apr/2023 18:31:53] "[33mGET /security/static/sweetalert2/sweetalert2.min.css HTTP/1.1[0m" 404 -
2023-04-21 18:31:53,181:INFO:127.0.0.1 - - [21/Apr/2023 18:31:53] "[33mGET /security/static/sweetalert2/sweetalert2.min.js HTTP/1.1[0m" 404 -
2023-04-21 18:31:53,230:INFO:127.0.0.1 - - [21/Apr/2023 18:31:53] "[36mGET /static/img/fondo5.jpg HTTP/1.1[0m" 304 -
2023-04-21 18:31:53,251:INFO:127.0.0.1 - - [21/Apr/2023 18:31:53] "[33mGET /security/static/estilos.css HTTP/1.1[0m" 404 -
2023-04-21 18:31:53,270:INFO:127.0.0.1 - - [21/Apr/2023 18:31:53] "GET /static/bootstrap/img/glyphicons-halflings-white.png HTTP/1.1" 200 -
2023-04-21 18:31:53,328:INFO:127.0.0.1 - - [21/Apr/2023 18:31:53] "[33mGET /favicon.ico HTTP/1.1[0m" 404 -
2023-04-21 18:32:09,573:INFO:127.0.0.1 - - [21/Apr/2023 18:32:09] "GET /security/empleados HTTP/1.1" 200 -
2023-04-21 18:32:09,677:INFO:127.0.0.1 - - [21/Apr/2023 18:32:09] "[33mGET /security/static/sweetalert2/sweetalert2.min.js HTTP/1.1[0m" 404 -
2023-04-21 18:32:09,693:INFO:127.0.0.1 - - [21/Apr/2023 18:32:09] "GET /static/bootstrap/css/bootstrap.min.css HTTP/1.1" 200 -
2023-04-21 18:32:09,708:INFO:127.0.0.1 - - [21/Apr/2023 18:32:09] "[36mGET /static/bootstrap/css/bootstrap-responsive.min.css HTTP/1.1[0m" 304 -
2023-04-21 18:32:09,711:INFO:127.0.0.1 - - [21/Apr/2023 18:32:09] "[36mGET /static/bootstrap/css/styles.css HTTP/1.1[0m" 304 -
2023-04-21 18:32:09,762:INFO:127.0.0.1 - - [21/Apr/2023 18:32:09] "[36mGET /static/css/carrusel.css HTTP/1.1[0m" 304 -
2023-04-21 18:32:09,776:INFO:127.0.0.1 - - [21/Apr/2023 18:32:09] "GET /static/css/nav.css HTTP/1.1" 200 -
2023-04-21 18:32:09,780:INFO:127.0.0.1 - - [21/Apr/2023 18:32:09] "[36mGET /static/js/carrusel.js HTTP/1.1[0m" 304 -
2023-04-21 18:32:09,796:INFO:127.0.0.1 - - [21/Apr/2023 18:32:09] "[33mGET /security/static/sweetalert2/sweetalert2.min.css HTTP/1.1[0m" 404 -
2023-04-21 18:32:09,801:INFO:127.0.0.1 - - [21/Apr/2023 18:32:09] "[33mGET /security/static/estilos.css HTTP/1.1[0m" 404 -
2023-04-21 18:32:09,842:INFO:127.0.0.1 - - [21/Apr/2023 18:32:09] "GET /static/img/ej4.png HTTP/1.1" 200 -
2023-04-21 18:32:09,842:INFO:127.0.0.1 - - [21/Apr/2023 18:32:09] "[33mGET /security/static/sweetalert2/sweetalert2.min.js HTTP/1.1[0m" 404 -
2023-04-21 18:32:09,877:INFO:127.0.0.1 - - [21/Apr/2023 18:32:09] "[36mGET /static/img/fondo5.jpg HTTP/1.1[0m" 304 -
2023-04-21 18:32:09,878:INFO:127.0.0.1 - - [21/Apr/2023 18:32:09] "[33mGET /security/static/estilos.css HTTP/1.1[0m" 404 -
2023-04-21 18:32:09,903:INFO:127.0.0.1 - - [21/Apr/2023 18:32:09] "GET /static/bootstrap/img/glyphicons-halflings-white.png HTTP/1.1" 200 -
2023-04-21 18:32:28,337:INFO:127.0.0.1 - - [21/Apr/2023 18:32:28] "GET /security/empleados HTTP/1.1" 200 -
2023-04-21 18:32:28,431:INFO:127.0.0.1 - - [21/Apr/2023 18:32:28] "[33mGET /security/static/sweetalert2/sweetalert2.min.js HTTP/1.1[0m" 404 -
2023-04-21 18:32:28,449:INFO:127.0.0.1 - - [21/Apr/2023 18:32:28] "GET /static/bootstrap/css/bootstrap.min.css HTTP/1.1" 200 -
2023-04-21 18:32:28,464:INFO:127.0.0.1 - - [21/Apr/2023 18:32:28] "GET /static/bootstrap/css/bootstrap-responsive.min.css HTTP/1.1" 200 -
2023-04-21 18:32:28,475:INFO:127.0.0.1 - - [21/Apr/2023 18:32:28] "[36mGET /static/bootstrap/css/styles.css HTTP/1.1[0m" 304 -
2023-04-21 18:32:28,494:INFO:127.0.0.1 - - [21/Apr/2023 18:32:28] "GET /static/css/nav.css HTTP/1.1" 200 -
2023-04-21 18:32:28,524:INFO:127.0.0.1 - - [21/Apr/2023 18:32:28] "[36mGET /static/css/carrusel.css HTTP/1.1[0m" 304 -
2023-04-21 18:32:28,545:INFO:127.0.0.1 - - [21/Apr/2023 18:32:28] "[33mGET /security/static/sweetalert2/sweetalert2.min.css HTTP/1.1[0m" 404 -
2023-04-21 18:32:28,546:INFO:127.0.0.1 - - [21/Apr/2023 18:32:28] "[36mGET /static/js/carrusel.js HTTP/1.1[0m" 304 -
2023-04-21 18:32:28,562:INFO:127.0.0.1 - - [21/Apr/2023 18:32:28] "[33mGET /security/static/estilos.css HTTP/1.1[0m" 404 -
2023-04-21 18:32:28,607:INFO:127.0.0.1 - - [21/Apr/2023 18:32:28] "GET /static/img/ej4.png HTTP/1.1" 200 -
2023-04-21 18:32:28,645:INFO:127.0.0.1 - - [21/Apr/2023 18:32:28] "[33mGET /security/static/sweetalert2/sweetalert2.min.css HTTP/1.1[0m" 404 -
2023-04-21 18:32:28,673:INFO:127.0.0.1 - - [21/Apr/2023 18:32:28] "[33mGET /security/static/sweetalert2/sweetalert2.min.js HTTP/1.1[0m" 404 -
2023-04-21 18:32:28,694:INFO:127.0.0.1 - - [21/Apr/2023 18:32:28] "[36mGET /static/img/fondo5.jpg HTTP/1.1[0m" 304 -
2023-04-21 18:32:28,714:INFO:127.0.0.1 - - [21/Apr/2023 18:32:28] "[33mGET /security/static/estilos.css HTTP/1.1[0m" 404 -
2023-04-21 18:32:28,733:INFO:127.0.0.1 - - [21/Apr/2023 18:32:28] "GET /static/bootstrap/img/glyphicons-halflings-white.png HTTP/1.1" 200 -
2023-04-21 18:32:28,769:INFO:127.0.0.1 - - [21/Apr/2023 18:32:28] "[33mGET /favicon.ico HTTP/1.1[0m" 404 -
2023-04-21 18:32:37,287:INFO:127.0.0.1 - - [21/Apr/2023 18:32:37] "[32mGET /security/logout HTTP/1.1[0m" 302 -
2023-04-21 18:32:37,297:INFO:127.0.0.1 - - [21/Apr/2023 18:32:37] "GET / HTTP/1.1" 200 -
2023-04-21 18:32:37,371:INFO:127.0.0.1 - - [21/Apr/2023 18:32:37] "GET /static/bootstrap/css/bootstrap.min.css HTTP/1.1" 200 -
2023-04-21 18:32:37,379:INFO:127.0.0.1 - - [21/Apr/2023 18:32:37] "GET /static/bootstrap/css/bootstrap-responsive.min.css HTTP/1.1" 200 -
2023-04-21 18:32:37,384:INFO:127.0.0.1 - - [21/Apr/2023 18:32:37] "GET /static/bootstrap/css/styles.css HTTP/1.1" 200 -
2023-04-21 18:32:37,423:INFO:127.0.0.1 - - [21/Apr/2023 18:32:37] "GET /static/css/nav.css HTTP/1.1" 200 -
2023-04-21 18:32:37,426:INFO:127.0.0.1 - - [21/Apr/2023 18:32:37] "GET /static/css/carrusel.css HTTP/1.1" 200 -
2023-04-21 18:32:37,429:INFO:127.0.0.1 - - [21/Apr/2023 18:32:37] "GET /static/js/carrusel.js HTTP/1.1" 200 -
2023-04-21 18:32:37,439:INFO:127.0.0.1 - - [21/Apr/2023 18:32:37] "GET /static/img/mision2.jpg HTTP/1.1" 200 -
2023-04-21 18:32:37,449:INFO:127.0.0.1 - - [21/Apr/2023 18:32:37] "GET /static/img/vision.png HTTP/1.1" 200 -
2023-04-21 18:32:37,472:INFO:127.0.0.1 - - [21/Apr/2023 18:32:37] "GET /static/img/ej4.png HTTP/1.1" 200 -
2023-04-21 18:32:37,487:INFO:127.0.0.1 - - [21/Apr/2023 18:32:37] "[33mGET /favicon.ico HTTP/1.1[0m" 404 -
2023-04-21 18:32:37,493:INFO:127.0.0.1 - - [21/Apr/2023 18:32:37] "[36mGET /static/img/fondo5.jpg HTTP/1.1[0m" 304 -
2023-04-21 18:32:43,498:INFO:127.0.0.1 - - [21/Apr/2023 18:32:43] "GET /security/productos HTTP/1.1" 200 -
2023-04-21 18:32:43,584:INFO:127.0.0.1 - - [21/Apr/2023 18:32:43] "GET /static/bootstrap/css/bootstrap.min.css HTTP/1.1" 200 -
2023-04-21 18:32:43,589:INFO:127.0.0.1 - - [21/Apr/2023 18:32:43] "[36mGET /static/bootstrap/css/bootstrap-responsive.min.css HTTP/1.1[0m" 304 -
2023-04-21 18:32:43,596:INFO:127.0.0.1 - - [21/Apr/2023 18:32:43] "[36mGET /static/bootstrap/css/styles.css HTTP/1.1[0m" 304 -
2023-04-21 18:32:43,634:INFO:127.0.0.1 - - [21/Apr/2023 18:32:43] "[36mGET /static/css/nav.css HTTP/1.1[0m" 304 -
2023-04-21 18:32:43,650:INFO:127.0.0.1 - - [21/Apr/2023 18:32:43] "[36mGET /static/css/carrusel.css HTTP/1.1[0m" 304 -
2023-04-21 18:32:43,661:INFO:127.0.0.1 - - [21/Apr/2023 18:32:43] "[36mGET /static/js/carrusel.js HTTP/1.1[0m" 304 -
2023-04-21 18:32:43,704:INFO:127.0.0.1 - - [21/Apr/2023 18:32:43] "GET /static/img/ej4.png HTTP/1.1" 200 -
2023-04-21 18:32:43,731:INFO:127.0.0.1 - - [21/Apr/2023 18:32:43] "[36mGET /static/img/fondo5.jpg HTTP/1.1[0m" 304 -
2023-04-21 18:32:49,006:INFO:127.0.0.1 - - [21/Apr/2023 18:32:49] "GET /security/login HTTP/1.1" 200 -
2023-04-21 18:32:49,096:INFO:127.0.0.1 - - [21/Apr/2023 18:32:49] "GET /static/bootstrap/css/bootstrap.min.css HTTP/1.1" 200 -
2023-04-21 18:32:49,103:INFO:127.0.0.1 - - [21/Apr/2023 18:32:49] "[36mGET /static/bootstrap/css/bootstrap-responsive.min.css HTTP/1.1[0m" 304 -
2023-04-21 18:32:49,127:INFO:127.0.0.1 - - [21/Apr/2023 18:32:49] "[36mGET /static/bootstrap/css/styles.css HTTP/1.1[0m" 304 -
2023-04-21 18:32:49,142:INFO:127.0.0.1 - - [21/Apr/2023 18:32:49] "[36mGET /static/css/nav.css HTTP/1.1[0m" 304 -
2023-04-21 18:32:49,150:INFO:127.0.0.1 - - [21/Apr/2023 18:32:49] "[36mGET /static/css/carrusel.css HTTP/1.1[0m" 304 -
2023-04-21 18:32:49,160:INFO:127.0.0.1 - - [21/Apr/2023 18:32:49] "[36mGET /static/js/carrusel.js HTTP/1.1[0m" 304 -
2023-04-21 18:32:49,165:INFO:127.0.0.1 - - [21/Apr/2023 18:32:49] "[33mGET /security/static/estilos.css HTTP/1.1[0m" 404 -
2023-04-21 18:32:49,199:INFO:127.0.0.1 - - [21/Apr/2023 18:32:49] "GET /static/img/ej4.png HTTP/1.1" 200 -
2023-04-21 18:32:49,267:INFO:127.0.0.1 - - [21/Apr/2023 18:32:49] "[36mGET /static/img/fondo5.jpg HTTP/1.1[0m" 304 -
2023-04-21 18:32:55,327:DEBUG:El usuario Dmorales@gmail.com ingreso al sistema
2023-04-21 18:32:55,328:INFO:127.0.0.1 - - [21/Apr/2023 18:32:55] "[32mPOST /security/login HTTP/1.1[0m" 302 -
2023-04-21 18:32:55,341:INFO:127.0.0.1 - - [21/Apr/2023 18:32:55] "GET / HTTP/1.1" 200 -
2023-04-21 18:32:55,440:INFO:127.0.0.1 - - [21/Apr/2023 18:32:55] "[36mGET /static/bootstrap/css/bootstrap.min.css HTTP/1.1[0m" 304 -
2023-04-21 18:32:55,446:INFO:127.0.0.1 - - [21/Apr/2023 18:32:55] "[36mGET /static/bootstrap/css/bootstrap-responsive.min.css HTTP/1.1[0m" 304 -
2023-04-21 18:32:55,448:INFO:127.0.0.1 - - [21/Apr/2023 18:32:55] "[36mGET /static/bootstrap/css/styles.css HTTP/1.1[0m" 304 -
2023-04-21 18:32:55,459:INFO:127.0.0.1 - - [21/Apr/2023 18:32:55] "[36mGET /static/css/nav.css HTTP/1.1[0m" 304 -
2023-04-21 18:32:55,462:INFO:127.0.0.1 - - [21/Apr/2023 18:32:55] "[36mGET /static/css/carrusel.css HTTP/1.1[0m" 304 -
2023-04-21 18:32:55,475:INFO:127.0.0.1 - - [21/Apr/2023 18:32:55] "[36mGET /static/js/carrusel.js HTTP/1.1[0m" 304 -
2023-04-21 18:32:55,544:INFO:127.0.0.1 - - [21/Apr/2023 18:32:55] "[36mGET /static/img/ej4.png HTTP/1.1[0m" 304 -
2023-04-21 18:32:55,558:INFO:127.0.0.1 - - [21/Apr/2023 18:32:55] "[36mGET /static/img/mision2.jpg HTTP/1.1[0m" 304 -
2023-04-21 18:32:55,569:INFO:127.0.0.1 - - [21/Apr/2023 18:32:55] "[36mGET /static/img/vision.png HTTP/1.1[0m" 304 -
2023-04-21 18:32:55,574:INFO:127.0.0.1 - - [21/Apr/2023 18:32:55] "[36mGET /static/img/fondo5.jpg HTTP/1.1[0m" 304 -
2023-04-21 18:32:58,369:INFO:127.0.0.1 - - [21/Apr/2023 18:32:58] "[35m[1mGET /security/administracion_empleado HTTP/1.1[0m" 500 -
2023-04-21 18:32:58,481:INFO:127.0.0.1 - - [21/Apr/2023 18:32:58] "GET /security/administracion_empleado?__debugger__=yes&cmd=resource&f=style.css HTTP/1.1" 200 -
2023-04-21 18:32:58,498:INFO:127.0.0.1 - - [21/Apr/2023 18:32:58] "GET /security/administracion_empleado?__debugger__=yes&cmd=resource&f=debugger.js HTTP/1.1" 200 -
2023-04-21 18:32:58,559:INFO:127.0.0.1 - - [21/Apr/2023 18:32:58] "GET /security/administracion_empleado?__debugger__=yes&cmd=resource&f=console.png HTTP/1.1" 200 -
2023-04-21 18:33:57,646:INFO:127.0.0.1 - - [21/Apr/2023 18:33:57] "GET /security/administracion_empleado HTTP/1.1" 200 -
2023-04-21 18:33:57,729:INFO:127.0.0.1 - - [21/Apr/2023 18:33:57] "[33mGET /security/static/sweetalert2/sweetalert2.min.js HTTP/1.1[0m" 404 -
2023-04-21 18:33:57,772:INFO:127.0.0.1 - - [21/Apr/2023 18:33:57] "GET /static/bootstrap/css/bootstrap.min.css HTTP/1.1" 200 -
2023-04-21 18:33:57,773:INFO:127.0.0.1 - - [21/Apr/2023 18:33:57] "GET /static/bootstrap/css/bootstrap-responsive.min.css HTTP/1.1" 200 -
2023-04-21 18:33:57,787:INFO:127.0.0.1 - - [21/Apr/2023 18:33:57] "[36mGET /static/bootstrap/css/styles.css HTTP/1.1[0m" 304 -
2023-04-21 18:33:57,795:INFO:127.0.0.1 - - [21/Apr/2023 18:33:57] "[36mGET /static/css/nav.css HTTP/1.1[0m" 304 -
2023-04-21 18:33:57,824:INFO:127.0.0.1 - - [21/Apr/2023 18:33:57] "[36mGET /static/css/carrusel.css HTTP/1.1[0m" 304 -
2023-04-21 18:33:57,838:INFO:127.0.0.1 - - [21/Apr/2023 18:33:57] "[36mGET /static/js/carrusel.js HTTP/1.1[0m" 304 -
2023-04-21 18:33:57,853:INFO:127.0.0.1 - - [21/Apr/2023 18:33:57] "[33mGET /security/static/sweetalert2/sweetalert2.min.css HTTP/1.1[0m" 404 -
2023-04-21 18:33:57,862:INFO:127.0.0.1 - - [21/Apr/2023 18:33:57] "[33mGET /security/static/estilos.css HTTP/1.1[0m" 404 -
2023-04-21 18:33:57,901:INFO:127.0.0.1 - - [21/Apr/2023 18:33:57] "GET /static/img/ej4.png HTTP/1.1" 200 -
2023-04-21 18:33:57,921:INFO:127.0.0.1 - - [21/Apr/2023 18:33:57] "[33mGET /security/static/sweetalert2/sweetalert2.min.js HTTP/1.1[0m" 404 -
2023-04-21 18:33:57,933:INFO:127.0.0.1 - - [21/Apr/2023 18:33:57] "[36mGET /static/img/fondo5.jpg HTTP/1.1[0m" 304 -
2023-04-21 18:33:57,981:INFO:127.0.0.1 - - [21/Apr/2023 18:33:57] "[33mGET /security/static/estilos.css HTTP/1.1[0m" 404 -
2023-04-21 18:33:58,026:INFO:127.0.0.1 - - [21/Apr/2023 18:33:58] "GET /static/bootstrap/img/glyphicons-halflings-white.png HTTP/1.1" 200 -
2023-04-21 18:35:22,225:INFO:127.0.0.1 - - [21/Apr/2023 18:35:22] "GET /security/administracion_empleado HTTP/1.1" 200 -
2023-04-21 18:35:22,308:INFO:127.0.0.1 - - [21/Apr/2023 18:35:22] "[33mGET /security/static/sweetalert2/sweetalert2.min.js HTTP/1.1[0m" 404 -
2023-04-21 18:35:22,314:INFO:127.0.0.1 - - [21/Apr/2023 18:35:22] "GET /static/bootstrap/css/bootstrap.min.css HTTP/1.1" 200 -
2023-04-21 18:35:22,338:INFO:127.0.0.1 - - [21/Apr/2023 18:35:22] "[36mGET /static/bootstrap/css/bootstrap-responsive.min.css HTTP/1.1[0m" 304 -
2023-04-21 18:35:22,357:INFO:127.0.0.1 - - [21/Apr/2023 18:35:22] "[36mGET /static/bootstrap/css/styles.css HTTP/1.1[0m" 304 -
2023-04-21 18:35:22,375:INFO:127.0.0.1 - - [21/Apr/2023 18:35:22] "[36mGET /static/css/nav.css HTTP/1.1[0m" 304 -
2023-04-21 18:35:22,408:INFO:127.0.0.1 - - [21/Apr/2023 18:35:22] "[36mGET /static/css/carrusel.css HTTP/1.1[0m" 304 -
2023-04-21 18:35:22,413:INFO:127.0.0.1 - - [21/Apr/2023 18:35:22] "[36mGET /static/js/carrusel.js HTTP/1.1[0m" 304 -
2023-04-21 18:35:22,426:INFO:127.0.0.1 - - [21/Apr/2023 18:35:22] "[33mGET /security/static/sweetalert2/sweetalert2.min.css HTTP/1.1[0m" 404 -
2023-04-21 18:35:22,429:INFO:127.0.0.1 - - [21/Apr/2023 18:35:22] "[33mGET /security/static/estilos.css HTTP/1.1[0m" 404 -
2023-04-21 18:35:22,478:INFO:127.0.0.1 - - [21/Apr/2023 18:35:22] "[33mGET /security/static/sweetalert2/sweetalert2.min.js HTTP/1.1[0m" 404 -
2023-04-21 18:35:22,478:INFO:127.0.0.1 - - [21/Apr/2023 18:35:22] "GET /static/img/ej4.png HTTP/1.1" 200 -
2023-04-21 18:35:22,488:INFO:127.0.0.1 - - [21/Apr/2023 18:35:22] "[36mGET /static/img/fondo5.jpg HTTP/1.1[0m" 304 -
2023-04-21 18:35:22,515:INFO:127.0.0.1 - - [21/Apr/2023 18:35:22] "[33mGET /security/static/estilos.css HTTP/1.1[0m" 404 -
2023-04-21 18:35:22,569:INFO:127.0.0.1 - - [21/Apr/2023 18:35:22] "GET /static/bootstrap/img/glyphicons-halflings-white.png HTTP/1.1" 200 -
2023-04-21 18:35:23,750:INFO:127.0.0.1 - - [21/Apr/2023 18:35:23] "GET /contacto HTTP/1.1" 200 -
2023-04-21 18:35:23,847:INFO:127.0.0.1 - - [21/Apr/2023 18:35:23] "[33mGET /static/estilos.css HTTP/1.1[0m" 404 -
2023-04-21 18:35:23,878:INFO:127.0.0.1 - - [21/Apr/2023 18:35:23] "GET /static/bootstrap/css/bootstrap.min.css HTTP/1.1" 200 -
2023-04-21 18:35:23,888:INFO:127.0.0.1 - - [21/Apr/2023 18:35:23] "[36mGET /static/bootstrap/css/bootstrap-responsive.min.css HTTP/1.1[0m" 304 -
2023-04-21 18:35:23,889:INFO:127.0.0.1 - - [21/Apr/2023 18:35:23] "[36mGET /static/bootstrap/css/styles.css HTTP/1.1[0m" 304 -
2023-04-21 18:35:23,914:INFO:127.0.0.1 - - [21/Apr/2023 18:35:23] "[36mGET /static/css/nav.css HTTP/1.1[0m" 304 -
2023-04-21 18:35:23,933:INFO:127.0.0.1 - - [21/Apr/2023 18:35:23] "[36mGET /static/css/carrusel.css HTTP/1.1[0m" 304 -
2023-04-21 18:35:23,938:INFO:127.0.0.1 - - [21/Apr/2023 18:35:23] "[36mGET /static/js/carrusel.js HTTP/1.1[0m" 304 -
2023-04-21 18:35:23,991:INFO:127.0.0.1 - - [21/Apr/2023 18:35:23] "[33mGET /static/estilos.css HTTP/1.1[0m" 404 -
2023-04-21 18:35:24,005:INFO:127.0.0.1 - - [21/Apr/2023 18:35:24] "GET /static/img/ej4.png HTTP/1.1" 200 -
2023-04-21 18:35:24,024:INFO:127.0.0.1 - - [21/Apr/2023 18:35:24] "[36mGET /static/img/fondo5.jpg HTTP/1.1[0m" 304 -
2023-04-21 18:36:13,837:INFO:127.0.0.1 - - [21/Apr/2023 18:36:13] "GET /contacto HTTP/1.1" 200 -
2023-04-21 18:36:13,902:INFO:127.0.0.1 - - [21/Apr/2023 18:36:13] "[36mGET /static/bootstrap/css/bootstrap.min.css HTTP/1.1[0m" 304 -
2023-04-21 18:36:13,923:INFO:127.0.0.1 - - [21/Apr/2023 18:36:13] "[36mGET /static/bootstrap/css/styles.css HTTP/1.1[0m" 304 -
2023-04-21 18:36:13,924:INFO:127.0.0.1 - - [21/Apr/2023 18:36:13] "[36mGET /static/bootstrap/css/bootstrap-responsive.min.css HTTP/1.1[0m" 304 -
2023-04-21 18:36:13,937:INFO:127.0.0.1 - - [21/Apr/2023 18:36:13] "[36mGET /static/css/nav.css HTTP/1.1[0m" 304 -
2023-04-21 18:36:13,940:INFO:127.0.0.1 - - [21/Apr/2023 18:36:13] "[36mGET /static/css/carrusel.css HTTP/1.1[0m" 304 -
2023-04-21 18:36:13,971:INFO:127.0.0.1 - - [21/Apr/2023 18:36:13] "[36mGET /static/js/carrusel.js HTTP/1.1[0m" 304 -
2023-04-21 18:36:13,972:INFO:127.0.0.1 - - [21/Apr/2023 18:36:13] "[33mGET /static/estilos.css HTTP/1.1[0m" 404 -
2023-04-21 18:36:14,035:INFO:127.0.0.1 - - [21/Apr/2023 18:36:14] "[33mGET /static/estilos.css HTTP/1.1[0m" 404 -
2023-04-21 18:36:14,051:INFO:127.0.0.1 - - [21/Apr/2023 18:36:14] "[36mGET /static/img/ej4.png HTTP/1.1[0m" 304 -
2023-04-21 18:36:14,067:INFO:127.0.0.1 - - [21/Apr/2023 18:36:14] "[36mGET /static/img/fondo5.jpg HTTP/1.1[0m" 304 -
2023-04-21 18:36:38,513:INFO:127.0.0.1 - - [21/Apr/2023 18:36:38] "GET /contacto HTTP/1.1" 200 -
2023-04-21 18:36:38,583:INFO:127.0.0.1 - - [21/Apr/2023 18:36:38] "GET /static/bootstrap/css/bootstrap.min.css HTTP/1.1" 200 -
2023-04-21 18:36:38,603:INFO:127.0.0.1 - - [21/Apr/2023 18:36:38] "[36mGET /static/bootstrap/css/bootstrap-responsive.min.css HTTP/1.1[0m" 304 -
2023-04-21 18:36:38,628:INFO:127.0.0.1 - - [21/Apr/2023 18:36:38] "[36mGET /static/bootstrap/css/styles.css HTTP/1.1[0m" 304 -
2023-04-21 18:36:38,635:INFO:127.0.0.1 - - [21/Apr/2023 18:36:38] "[36mGET /static/css/nav.css HTTP/1.1[0m" 304 -
2023-04-21 18:36:38,647:INFO:127.0.0.1 - - [21/Apr/2023 18:36:38] "[36mGET /static/css/carrusel.css HTTP/1.1[0m" 304 -
2023-04-21 18:36:38,652:INFO:127.0.0.1 - - [21/Apr/2023 18:36:38] "[36mGET /static/js/carrusel.js HTTP/1.1[0m" 304 -
2023-04-21 18:36:38,664:INFO:127.0.0.1 - - [21/Apr/2023 18:36:38] "[33mGET /static/estilos.css HTTP/1.1[0m" 404 -
2023-04-21 18:36:38,749:INFO:127.0.0.1 - - [21/Apr/2023 18:36:38] "[33mGET /static/estilos.css HTTP/1.1[0m" 404 -
2023-04-21 18:36:38,763:INFO:127.0.0.1 - - [21/Apr/2023 18:36:38] "GET /static/img/ej4.png HTTP/1.1" 200 -
2023-04-21 18:36:38,783:INFO:127.0.0.1 - - [21/Apr/2023 18:36:38] "[36mGET /static/img/fondo5.jpg HTTP/1.1[0m" 304 -
2023-04-21 18:37:04,123:INFO:127.0.0.1 - - [21/Apr/2023 18:37:04] "GET /contacto HTTP/1.1" 200 -
2023-04-21 18:37:04,211:INFO:127.0.0.1 - - [21/Apr/2023 18:37:04] "GET /static/bootstrap/css/bootstrap.min.css HTTP/1.1" 200 -
2023-04-21 18:37:04,231:INFO:127.0.0.1 - - [21/Apr/2023 18:37:04] "GET /static/bootstrap/css/bootstrap-responsive.min.css HTTP/1.1" 200 -
2023-04-21 18:37:04,250:INFO:127.0.0.1 - - [21/Apr/2023 18:37:04] "GET /static/bootstrap/css/styles.css HTTP/1.1" 200 -
2023-04-21 18:37:04,278:INFO:127.0.0.1 - - [21/Apr/2023 18:37:04] "GET /static/css/nav.css HTTP/1.1" 200 -
2023-04-21 18:37:04,311:INFO:127.0.0.1 - - [21/Apr/2023 18:37:04] "GET /static/css/carrusel.css HTTP/1.1" 200 -
2023-04-21 18:37:04,321:INFO:127.0.0.1 - - [21/Apr/2023 18:37:04] "GET /static/js/carrusel.js HTTP/1.1" 200 -
2023-04-21 18:37:04,322:INFO:127.0.0.1 - - [21/Apr/2023 18:37:04] "[33mGET /static/estilos.css HTTP/1.1[0m" 404 -
2023-04-21 18:37:04,373:INFO:127.0.0.1 - - [21/Apr/2023 18:37:04] "[33mGET /static/estilos.css HTTP/1.1[0m" 404 -
2023-04-21 18:37:04,386:INFO:127.0.0.1 - - [21/Apr/2023 18:37:04] "GET /static/img/ej4.png HTTP/1.1" 200 -
2023-04-21 18:37:04,425:INFO:127.0.0.1 - - [21/Apr/2023 18:37:04] "[36mGET /static/img/fondo5.jpg HTTP/1.1[0m" 304 -
2023-04-21 18:37:16,098:INFO:127.0.0.1 - - [21/Apr/2023 18:37:16] "GET /contacto HTTP/1.1" 200 -
2023-04-21 18:37:16,204:INFO:127.0.0.1 - - [21/Apr/2023 18:37:16] "GET /static/bootstrap/css/bootstrap.min.css HTTP/1.1" 200 -
2023-04-21 18:37:16,219:INFO:127.0.0.1 - - [21/Apr/2023 18:37:16] "GET /static/bootstrap/css/bootstrap-responsive.min.css HTTP/1.1" 200 -
2023-04-21 18:37:16,270:INFO:127.0.0.1 - - [21/Apr/2023 18:37:16] "[36mGET /static/bootstrap/css/styles.css HTTP/1.1[0m" 304 -
2023-04-21 18:37:16,285:INFO:127.0.0.1 - - [21/Apr/2023 18:37:16] "[36mGET /static/css/nav.css HTTP/1.1[0m" 304 -
2023-04-21 18:37:16,326:INFO:127.0.0.1 - - [21/Apr/2023 18:37:16] "[36mGET /static/css/carrusel.css HTTP/1.1[0m" 304 -
2023-04-21 18:37:16,335:INFO:127.0.0.1 - - [21/Apr/2023 18:37:16] "[36mGET /static/js/carrusel.js HTTP/1.1[0m" 304 -
2023-04-21 18:37:16,336:INFO:127.0.0.1 - - [21/Apr/2023 18:37:16] "[33mGET /static/estilos.css HTTP/1.1[0m" 404 -
2023-04-21 18:37:16,378:INFO:127.0.0.1 - - [21/Apr/2023 18:37:16] "[33mGET /static/estilos.css HTTP/1.1[0m" 404 -
2023-04-21 18:37:16,396:INFO:127.0.0.1 - - [21/Apr/2023 18:37:16] "GET /static/img/ej4.png HTTP/1.1" 200 -
2023-04-21 18:37:16,402:INFO:127.0.0.1 - - [21/Apr/2023 18:37:16] "[36mGET /static/img/fondo5.jpg HTTP/1.1[0m" 304 -
2023-04-21 18:37:27,818:INFO:127.0.0.1 - - [21/Apr/2023 18:37:27] "GET /contacto HTTP/1.1" 200 -
2023-04-21 18:37:27,900:INFO:127.0.0.1 - - [21/Apr/2023 18:37:27] "GET /static/bootstrap/css/bootstrap.min.css HTTP/1.1" 200 -
2023-04-21 18:37:27,918:INFO:127.0.0.1 - - [21/Apr/2023 18:37:27] "GET /static/bootstrap/css/bootstrap-responsive.min.css HTTP/1.1" 200 -
2023-04-21 18:37:27,923:INFO:127.0.0.1 - - [21/Apr/2023 18:37:27] "[36mGET /static/bootstrap/css/styles.css HTTP/1.1[0m" 304 -
2023-04-21 18:37:27,927:INFO:127.0.0.1 - - [21/Apr/2023 18:37:27] "[36mGET /static/css/nav.css HTTP/1.1[0m" 304 -
2023-04-21 18:37:27,954:INFO:127.0.0.1 - - [21/Apr/2023 18:37:27] "[36mGET /static/css/carrusel.css HTTP/1.1[0m" 304 -
2023-04-21 18:37:27,986:INFO:127.0.0.1 - - [21/Apr/2023 18:37:27] "[36mGET /static/js/carrusel.js HTTP/1.1[0m" 304 -
2023-04-21 18:37:28,033:INFO:127.0.0.1 - - [21/Apr/2023 18:37:28] "[33mGET /static/estilos.css HTTP/1.1[0m" 404 -
2023-04-21 18:37:28,053:INFO:127.0.0.1 - - [21/Apr/2023 18:37:28] "GET /static/img/ej4.png HTTP/1.1" 200 -
2023-04-21 18:37:28,069:INFO:127.0.0.1 - - [21/Apr/2023 18:37:28] "[36mGET /static/img/fondo5.jpg HTTP/1.1[0m" 304 -
2023-04-21 18:37:56,673:INFO:127.0.0.1 - - [21/Apr/2023 18:37:56] "[32mGET /security/logout HTTP/1.1[0m" 302 -
2023-04-21 18:37:56,683:INFO:127.0.0.1 - - [21/Apr/2023 18:37:56] "GET / HTTP/1.1" 200 -
2023-04-21 18:37:56,763:INFO:127.0.0.1 - - [21/Apr/2023 18:37:56] "GET /static/bootstrap/css/bootstrap.min.css HTTP/1.1" 200 -
2023-04-21 18:37:56,790:INFO:127.0.0.1 - - [21/Apr/2023 18:37:56] "GET /static/bootstrap/css/bootstrap-responsive.min.css HTTP/1.1" 200 -
2023-04-21 18:37:56,795:INFO:127.0.0.1 - - [21/Apr/2023 18:37:56] "GET /static/bootstrap/css/styles.css HTTP/1.1" 200 -
2023-04-21 18:37:56,823:INFO:127.0.0.1 - - [21/Apr/2023 18:37:56] "[36mGET /static/css/nav.css HTTP/1.1[0m" 304 -
2023-04-21 18:37:56,834:INFO:127.0.0.1 - - [21/Apr/2023 18:37:56] "[36mGET /static/css/carrusel.css HTTP/1.1[0m" 304 -
2023-04-21 18:37:56,862:INFO:127.0.0.1 - - [21/Apr/2023 18:37:56] "[36mGET /static/js/carrusel.js HTTP/1.1[0m" 304 -
2023-04-21 18:37:56,929:INFO:127.0.0.1 - - [21/Apr/2023 18:37:56] "GET /static/img/ej4.png HTTP/1.1" 200 -
2023-04-21 18:37:56,946:INFO:127.0.0.1 - - [21/Apr/2023 18:37:56] "GET /static/img/mision2.jpg HTTP/1.1" 200 -
2023-04-21 18:37:56,962:INFO:127.0.0.1 - - [21/Apr/2023 18:37:56] "GET /static/img/vision.png HTTP/1.1" 200 -
2023-04-21 18:37:56,975:INFO:127.0.0.1 - - [21/Apr/2023 18:37:56] "[36mGET /static/img/fondo5.jpg HTTP/1.1[0m" 304 -
2023-04-21 18:37:58,588:INFO:127.0.0.1 - - [21/Apr/2023 18:37:58] "GET /security/productos HTTP/1.1" 200 -
2023-04-21 18:37:58,689:INFO:127.0.0.1 - - [21/Apr/2023 18:37:58] "GET /static/bootstrap/css/bootstrap.min.css HTTP/1.1" 200 -
2023-04-21 18:37:58,708:INFO:127.0.0.1 - - [21/Apr/2023 18:37:58] "[36mGET /static/bootstrap/css/bootstrap-responsive.min.css HTTP/1.1[0m" 304 -
2023-04-21 18:37:58,722:INFO:127.0.0.1 - - [21/Apr/2023 18:37:58] "[36mGET /static/bootstrap/css/styles.css HTTP/1.1[0m" 304 -
2023-04-21 18:37:58,733:INFO:127.0.0.1 - - [21/Apr/2023 18:37:58] "[36mGET /static/css/nav.css HTTP/1.1[0m" 304 -
2023-04-21 18:37:58,740:INFO:127.0.0.1 - - [21/Apr/2023 18:37:58] "[36mGET /static/css/carrusel.css HTTP/1.1[0m" 304 -
2023-04-21 18:37:58,754:INFO:127.0.0.1 - - [21/Apr/2023 18:37:58] "[36mGET /static/js/carrusel.js HTTP/1.1[0m" 304 -
2023-04-21 18:37:58,824:INFO:127.0.0.1 - - [21/Apr/2023 18:37:58] "GET /static/img/ej4.png HTTP/1.1" 200 -
2023-04-21 18:37:58,862:INFO:127.0.0.1 - - [21/Apr/2023 18:37:58] "[36mGET /static/img/fondo5.jpg HTTP/1.1[0m" 304 -
2023-04-21 18:38:00,431:INFO:127.0.0.1 - - [21/Apr/2023 18:38:00] "GET /security/login HTTP/1.1" 200 -
2023-04-21 18:38:00,520:INFO:127.0.0.1 - - [21/Apr/2023 18:38:00] "[36mGET /static/bootstrap/css/bootstrap.min.css HTTP/1.1[0m" 304 -
2023-04-21 18:38:00,534:INFO:127.0.0.1 - - [21/Apr/2023 18:38:00] "[36mGET /static/bootstrap/css/bootstrap-responsive.min.css HTTP/1.1[0m" 304 -
2023-04-21 18:38:00,554:INFO:127.0.0.1 - - [21/Apr/2023 18:38:00] "[36mGET /static/bootstrap/css/styles.css HTTP/1.1[0m" 304 -
2023-04-21 18:38:00,560:INFO:127.0.0.1 - - [21/Apr/2023 18:38:00] "[36mGET /static/css/nav.css HTTP/1.1[0m" 304 -
2023-04-21 18:38:00,567:INFO:127.0.0.1 - - [21/Apr/2023 18:38:00] "[36mGET /static/css/carrusel.css HTTP/1.1[0m" 304 -
2023-04-21 18:38:00,577:INFO:127.0.0.1 - - [21/Apr/2023 18:38:00] "[33mGET /security/static/estilos.css HTTP/1.1[0m" 404 -
2023-04-21 18:38:00,578:INFO:127.0.0.1 - - [21/Apr/2023 18:38:00] "[36mGET /static/js/carrusel.js HTTP/1.1[0m" 304 -
2023-04-21 18:38:00,645:INFO:127.0.0.1 - - [21/Apr/2023 18:38:00] "[33mGET /security/static/estilos.css HTTP/1.1[0m" 404 -
2023-04-21 18:38:00,651:INFO:127.0.0.1 - - [21/Apr/2023 18:38:00] "[36mGET /static/img/ej4.png HTTP/1.1[0m" 304 -
2023-04-21 18:38:00,658:INFO:127.0.0.1 - - [21/Apr/2023 18:38:00] "[36mGET /static/img/fondo5.jpg HTTP/1.1[0m" 304 -
2023-04-21 18:38:02,728:INFO:127.0.0.1 - - [21/Apr/2023 18:38:02] "GET /contacto HTTP/1.1" 200 -
2023-04-21 18:38:02,818:INFO:127.0.0.1 - - [21/Apr/2023 18:38:02] "[36mGET /static/bootstrap/css/bootstrap.min.css HTTP/1.1[0m" 304 -
2023-04-21 18:38:02,827:INFO:127.0.0.1 - - [21/Apr/2023 18:38:02] "[36mGET /static/bootstrap/css/bootstrap-responsive.min.css HTTP/1.1[0m" 304 -
2023-04-21 18:38:02,842:INFO:127.0.0.1 - - [21/Apr/2023 18:38:02] "[36mGET /static/bootstrap/css/styles.css HTTP/1.1[0m" 304 -
2023-04-21 18:38:02,847:INFO:127.0.0.1 - - [21/Apr/2023 18:38:02] "[36mGET /static/css/nav.css HTTP/1.1[0m" 304 -
2023-04-21 18:38:02,863:INFO:127.0.0.1 - - [21/Apr/2023 18:38:02] "[36mGET /static/css/carrusel.css HTTP/1.1[0m" 304 -
2023-04-21 18:38:02,873:INFO:127.0.0.1 - - [21/Apr/2023 18:38:02] "[36mGET /static/js/carrusel.js HTTP/1.1[0m" 304 -
2023-04-21 18:38:02,881:INFO:127.0.0.1 - - [21/Apr/2023 18:38:02] "[33mGET /static/estilos.css HTTP/1.1[0m" 404 -
2023-04-21 18:38:02,954:INFO:127.0.0.1 - - [21/Apr/2023 18:38:02] "[36mGET /static/img/ej4.png HTTP/1.1[0m" 304 -
2023-04-21 18:38:02,975:INFO:127.0.0.1 - - [21/Apr/2023 18:38:02] "[33mGET /static/estilos.css HTTP/1.1[0m" 404 -
2023-04-21 18:38:02,996:INFO:127.0.0.1 - - [21/Apr/2023 18:38:02] "[36mGET /static/img/fondo5.jpg HTTP/1.1[0m" 304 -
2023-04-21 18:38:49,287:INFO:127.0.0.1 - - [21/Apr/2023 18:38:49] "GET /contacto HTTP/1.1" 200 -
2023-04-21 18:38:49,376:INFO:127.0.0.1 - - [21/Apr/2023 18:38:49] "GET /static/bootstrap/css/bootstrap.min.css HTTP/1.1" 200 -
2023-04-21 18:38:49,389:INFO:127.0.0.1 - - [21/Apr/2023 18:38:49] "GET /static/bootstrap/css/bootstrap-responsive.min.css HTTP/1.1" 200 -
2023-04-21 18:38:49,403:INFO:127.0.0.1 - - [21/Apr/2023 18:38:49] "[36mGET /static/bootstrap/css/styles.css HTTP/1.1[0m" 304 -
2023-04-21 18:38:49,424:INFO:127.0.0.1 - - [21/Apr/2023 18:38:49] "[36mGET /static/css/nav.css HTTP/1.1[0m" 304 -
2023-04-21 18:38:49,453:INFO:127.0.0.1 - - [21/Apr/2023 18:38:49] "[36mGET /static/css/carrusel.css HTTP/1.1[0m" 304 -
2023-04-21 18:38:49,466:INFO:127.0.0.1 - - [21/Apr/2023 18:38:49] "[36mGET /static/js/carrusel.js HTTP/1.1[0m" 304 -
2023-04-21 18:38:49,472:INFO:127.0.0.1 - - [21/Apr/2023 18:38:49] "[33mGET /static/estilos.css HTTP/1.1[0m" 404 -
2023-04-21 18:38:49,514:INFO:127.0.0.1 - - [21/Apr/2023 18:38:49] "GET /static/img/ej4.png HTTP/1.1" 200 -
2023-04-21 18:38:49,528:INFO:127.0.0.1 - - [21/Apr/2023 18:38:49] "[36mGET /static/img/fondo5.jpg HTTP/1.1[0m" 304 -
2023-04-21 18:39:00,271:INFO:127.0.0.1 - - [21/Apr/2023 18:39:00] "GET /contacto HTTP/1.1" 200 -
2023-04-21 18:39:00,351:INFO:127.0.0.1 - - [21/Apr/2023 18:39:00] "GET /static/bootstrap/css/bootstrap.min.css HTTP/1.1" 200 -
2023-04-21 18:39:00,387:INFO:127.0.0.1 - - [21/Apr/2023 18:39:00] "GET /static/bootstrap/css/bootstrap-responsive.min.css HTTP/1.1" 200 -
2023-04-21 18:39:00,405:INFO:127.0.0.1 - - [21/Apr/2023 18:39:00] "GET /static/bootstrap/css/styles.css HTTP/1.1" 200 -
2023-04-21 18:39:00,430:INFO:127.0.0.1 - - [21/Apr/2023 18:39:00] "[36mGET /static/css/nav.css HTTP/1.1[0m" 304 -
2023-04-21 18:39:00,436:INFO:127.0.0.1 - - [21/Apr/2023 18:39:00] "[36mGET /static/css/carrusel.css HTTP/1.1[0m" 304 -
2023-04-21 18:39:00,445:INFO:127.0.0.1 - - [21/Apr/2023 18:39:00] "[36mGET /static/js/carrusel.js HTTP/1.1[0m" 304 -
2023-04-21 18:39:00,455:INFO:127.0.0.1 - - [21/Apr/2023 18:39:00] "[33mGET /static/estilos.css HTTP/1.1[0m" 404 -
2023-04-21 18:39:00,492:INFO:127.0.0.1 - - [21/Apr/2023 18:39:00] "GET /static/img/ej4.png HTTP/1.1" 200 -
2023-04-21 18:39:00,504:INFO:127.0.0.1 - - [21/Apr/2023 18:39:00] "[36mGET /static/img/fondo5.jpg HTTP/1.1[0m" 304 -
2023-04-21 18:39:21,212:INFO:127.0.0.1 - - [21/Apr/2023 18:39:21] "GET /contacto HTTP/1.1" 200 -
2023-04-21 18:39:21,286:INFO:127.0.0.1 - - [21/Apr/2023 18:39:21] "[36mGET /static/bootstrap/css/bootstrap.min.css HTTP/1.1[0m" 304 -
2023-04-21 18:39:21,310:INFO:127.0.0.1 - - [21/Apr/2023 18:39:21] "[36mGET /static/bootstrap/css/bootstrap-responsive.min.css HTTP/1.1[0m" 304 -
2023-04-21 18:39:21,317:INFO:127.0.0.1 - - [21/Apr/2023 18:39:21] "[36mGET /static/bootstrap/css/styles.css HTTP/1.1[0m" 304 -
2023-04-21 18:39:21,324:INFO:127.0.0.1 - - [21/Apr/2023 18:39:21] "[36mGET /static/css/nav.css HTTP/1.1[0m" 304 -
2023-04-21 18:39:21,329:INFO:127.0.0.1 - - [21/Apr/2023 18:39:21] "[36mGET /static/css/carrusel.css HTTP/1.1[0m" 304 -
2023-04-21 18:39:21,338:INFO:127.0.0.1 - - [21/Apr/2023 18:39:21] "[36mGET /static/js/carrusel.js HTTP/1.1[0m" 304 -
2023-04-21 18:39:21,354:INFO:127.0.0.1 - - [21/Apr/2023 18:39:21] "[33mGET /static/estilos.css HTTP/1.1[0m" 404 -
2023-04-21 18:39:21,393:INFO:127.0.0.1 - - [21/Apr/2023 18:39:21] "[36mGET /static/img/ej4.png HTTP/1.1[0m" 304 -
2023-04-21 18:39:21,401:INFO:127.0.0.1 - - [21/Apr/2023 18:39:21] "[36mGET /static/img/fondo5.jpg HTTP/1.1[0m" 304 -
2023-04-21 18:39:39,137:INFO:127.0.0.1 - - [21/Apr/2023 18:39:39] "GET /contacto HTTP/1.1" 200 -
2023-04-21 18:39:39,217:INFO:127.0.0.1 - - [21/Apr/2023 18:39:39] "GET /static/bootstrap/css/bootstrap.min.css HTTP/1.1" 200 -
2023-04-21 18:39:39,240:INFO:127.0.0.1 - - [21/Apr/2023 18:39:39] "GET /static/bootstrap/css/bootstrap-responsive.min.css HTTP/1.1" 200 -
2023-04-21 18:39:39,273:INFO:127.0.0.1 - - [21/Apr/2023 18:39:39] "GET /static/bootstrap/css/styles.css HTTP/1.1" 200 -
2023-04-21 18:39:39,309:INFO:127.0.0.1 - - [21/Apr/2023 18:39:39] "[36mGET /static/css/nav.css HTTP/1.1[0m" 304 -
2023-04-21 18:39:39,324:INFO:127.0.0.1 - - [21/Apr/2023 18:39:39] "[36mGET /static/css/carrusel.css HTTP/1.1[0m" 304 -
2023-04-21 18:39:39,329:INFO:127.0.0.1 - - [21/Apr/2023 18:39:39] "[36mGET /static/js/carrusel.js HTTP/1.1[0m" 304 -
2023-04-21 18:39:39,339:INFO:127.0.0.1 - - [21/Apr/2023 18:39:39] "[33mGET /static/estilos.css HTTP/1.1[0m" 404 -
2023-04-21 18:39:39,387:INFO:127.0.0.1 - - [21/Apr/2023 18:39:39] "GET /static/img/ej4.png HTTP/1.1" 200 -
2023-04-21 18:39:39,409:INFO:127.0.0.1 - - [21/Apr/2023 18:39:39] "[36mGET /static/img/fondo5.jpg HTTP/1.1[0m" 304 -
2023-04-21 18:39:54,401:INFO:127.0.0.1 - - [21/Apr/2023 18:39:54] "GET /contacto HTTP/1.1" 200 -
2023-04-21 18:39:54,487:INFO:127.0.0.1 - - [21/Apr/2023 18:39:54] "GET /static/bootstrap/css/bootstrap.min.css HTTP/1.1" 200 -
2023-04-21 18:39:54,511:INFO:127.0.0.1 - - [21/Apr/2023 18:39:54] "GET /static/bootstrap/css/bootstrap-responsive.min.css HTTP/1.1" 200 -
2023-04-21 18:39:54,517:INFO:127.0.0.1 - - [21/Apr/2023 18:39:54] "GET /static/bootstrap/css/styles.css HTTP/1.1" 200 -
2023-04-21 18:39:54,527:INFO:127.0.0.1 - - [21/Apr/2023 18:39:54] "[36mGET /static/css/nav.css HTTP/1.1[0m" 304 -
2023-04-21 18:39:54,534:INFO:127.0.0.1 - - [21/Apr/2023 18:39:54] "[36mGET /static/js/carrusel.js HTTP/1.1[0m" 304 -
2023-04-21 18:39:54,540:INFO:127.0.0.1 - - [21/Apr/2023 18:39:54] "[36mGET /static/css/carrusel.css HTTP/1.1[0m" 304 -
2023-04-21 18:39:54,548:INFO:127.0.0.1 - - [21/Apr/2023 18:39:54] "[33mGET /static/estilos.css HTTP/1.1[0m" 404 -
2023-04-21 18:39:54,612:INFO:127.0.0.1 - - [21/Apr/2023 18:39:54] "[33mGET /static/estilos.css HTTP/1.1[0m" 404 -
2023-04-21 18:39:54,653:INFO:127.0.0.1 - - [21/Apr/2023 18:39:54] "GET /static/img/ej4.png HTTP/1.1" 200 -
2023-04-21 18:39:54,672:INFO:127.0.0.1 - - [21/Apr/2023 18:39:54] "[36mGET /static/img/fondo5.jpg HTTP/1.1[0m" 304 -
2023-04-21 18:39:54,724:INFO:127.0.0.1 - - [21/Apr/2023 18:39:54] "[33mGET /favicon.ico HTTP/1.1[0m" 404 -
2023-04-21 18:40:10,171:INFO:127.0.0.1 - - [21/Apr/2023 18:40:10] "GET /contacto HTTP/1.1" 200 -
2023-04-21 18:40:10,271:INFO:127.0.0.1 - - [21/Apr/2023 18:40:10] "GET /static/bootstrap/css/bootstrap.min.css HTTP/1.1" 200 -
2023-04-21 18:40:10,276:INFO:127.0.0.1 - - [21/Apr/2023 18:40:10] "[36mGET /static/bootstrap/css/bootstrap-responsive.min.css HTTP/1.1[0m" 304 -
2023-04-21 18:40:10,287:INFO:127.0.0.1 - - [21/Apr/2023 18:40:10] "[36mGET /static/bootstrap/css/styles.css HTTP/1.1[0m" 304 -
2023-04-21 18:40:10,294:INFO:127.0.0.1 - - [21/Apr/2023 18:40:10] "[36mGET /static/css/nav.css HTTP/1.1[0m" 304 -
2023-04-21 18:40:10,305:INFO:127.0.0.1 - - [21/Apr/2023 18:40:10] "[36mGET /static/css/carrusel.css HTTP/1.1[0m" 304 -
2023-04-21 18:40:10,353:INFO:127.0.0.1 - - [21/Apr/2023 18:40:10] "[36mGET /static/js/carrusel.js HTTP/1.1[0m" 304 -
2023-04-21 18:40:10,408:INFO:127.0.0.1 - - [21/Apr/2023 18:40:10] "[33mGET /static/estilos.css HTTP/1.1[0m" 404 -
2023-04-21 18:40:10,479:INFO:127.0.0.1 - - [21/Apr/2023 18:40:10] "GET /static/img/ej4.png HTTP/1.1" 200 -
2023-04-21 18:40:10,541:INFO:127.0.0.1 - - [21/Apr/2023 18:40:10] "[36mGET /static/img/fondo5.jpg HTTP/1.1[0m" 304 -
2023-04-21 18:40:22,711:INFO:127.0.0.1 - - [21/Apr/2023 18:40:22] "GET /contacto HTTP/1.1" 200 -
2023-04-21 18:40:22,783:INFO:127.0.0.1 - - [21/Apr/2023 18:40:22] "GET /static/bootstrap/css/bootstrap.min.css HTTP/1.1" 200 -
2023-04-21 18:40:22,790:INFO:127.0.0.1 - - [21/Apr/2023 18:40:22] "GET /static/bootstrap/css/bootstrap-responsive.min.css HTTP/1.1" 200 -
2023-04-21 18:40:22,806:INFO:127.0.0.1 - - [21/Apr/2023 18:40:22] "GET /static/bootstrap/css/styles.css HTTP/1.1" 200 -
2023-04-21 18:40:22,816:INFO:127.0.0.1 - - [21/Apr/2023 18:40:22] "GET /static/css/carrusel.css HTTP/1.1" 200 -
2023-04-21 18:40:22,817:INFO:127.0.0.1 - - [21/Apr/2023 18:40:22] "GET /static/css/nav.css HTTP/1.1" 200 -
2023-04-21 18:40:22,825:INFO:127.0.0.1 - - [21/Apr/2023 18:40:22] "[36mGET /static/js/carrusel.js HTTP/1.1[0m" 304 -
2023-04-21 18:40:22,840:INFO:127.0.0.1 - - [21/Apr/2023 18:40:22] "[33mGET /static/estilos.css HTTP/1.1[0m" 404 -
2023-04-21 18:40:22,917:INFO:127.0.0.1 - - [21/Apr/2023 18:40:22] "[33mGET /static/estilos.css HTTP/1.1[0m" 404 -
2023-04-21 18:40:22,928:INFO:127.0.0.1 - - [21/Apr/2023 18:40:22] "GET /static/img/ej4.png HTTP/1.1" 200 -
2023-04-21 18:40:22,945:INFO:127.0.0.1 - - [21/Apr/2023 18:40:22] "[36mGET /static/img/fondo5.jpg HTTP/1.1[0m" 304 -
2023-04-21 18:40:47,113:INFO:127.0.0.1 - - [21/Apr/2023 18:40:47] "GET /contacto HTTP/1.1" 200 -
2023-04-21 18:40:47,191:INFO:127.0.0.1 - - [21/Apr/2023 18:40:47] "GET /static/bootstrap/css/bootstrap.min.css HTTP/1.1" 200 -
2023-04-21 18:40:47,217:INFO:127.0.0.1 - - [21/Apr/2023 18:40:47] "GET /static/bootstrap/css/styles.css HTTP/1.1" 200 -
2023-04-21 18:40:47,219:INFO:127.0.0.1 - - [21/Apr/2023 18:40:47] "GET /static/bootstrap/css/bootstrap-responsive.min.css HTTP/1.1" 200 -
2023-04-21 18:40:47,225:INFO:127.0.0.1 - - [21/Apr/2023 18:40:47] "[36mGET /static/css/nav.css HTTP/1.1[0m" 304 -
2023-04-21 18:40:47,244:INFO:127.0.0.1 - - [21/Apr/2023 18:40:47] "[36mGET /static/css/carrusel.css HTTP/1.1[0m" 304 -
2023-04-21 18:40:47,258:INFO:127.0.0.1 - - [21/Apr/2023 18:40:47] "[36mGET /static/js/carrusel.js HTTP/1.1[0m" 304 -
2023-04-21 18:40:47,261:INFO:127.0.0.1 - - [21/Apr/2023 18:40:47] "[33mGET /static/estilos.css HTTP/1.1[0m" 404 -
2023-04-21 18:40:47,315:INFO:127.0.0.1 - - [21/Apr/2023 18:40:47] "[33mGET /static/estilos.css HTTP/1.1[0m" 404 -
2023-04-21 18:40:47,323:INFO:127.0.0.1 - - [21/Apr/2023 18:40:47] "GET /static/img/ej4.png HTTP/1.1" 200 -
2023-04-21 18:40:47,328:INFO:127.0.0.1 - - [21/Apr/2023 18:40:47] "[36mGET /static/img/fondo5.jpg HTTP/1.1[0m" 304 -
2023-04-21 18:42:53,735:INFO:127.0.0.1 - - [21/Apr/2023 18:42:53] "GET /contacto HTTP/1.1" 200 -
2023-04-21 18:42:53,791:INFO:127.0.0.1 - - [21/Apr/2023 18:42:53] "GET /static/bootstrap/css/bootstrap.min.css HTTP/1.1" 200 -
2023-04-21 18:42:53,806:INFO:127.0.0.1 - - [21/Apr/2023 18:42:53] "[36mGET /static/bootstrap/css/bootstrap-responsive.min.css HTTP/1.1[0m" 304 -
2023-04-21 18:42:53,831:INFO:127.0.0.1 - - [21/Apr/2023 18:42:53] "[36mGET /static/bootstrap/css/styles.css HTTP/1.1[0m" 304 -
2023-04-21 18:42:53,837:INFO:127.0.0.1 - - [21/Apr/2023 18:42:53] "[36mGET /static/css/nav.css HTTP/1.1[0m" 304 -
2023-04-21 18:42:53,848:INFO:127.0.0.1 - - [21/Apr/2023 18:42:53] "[36mGET /static/css/carrusel.css HTTP/1.1[0m" 304 -
2023-04-21 18:42:53,858:INFO:127.0.0.1 - - [21/Apr/2023 18:42:53] "[36mGET /static/js/carrusel.js HTTP/1.1[0m" 304 -
2023-04-21 18:42:53,877:INFO:127.0.0.1 - - [21/Apr/2023 18:42:53] "[33mGET /static/estilos.css HTTP/1.1[0m" 404 -
2023-04-21 18:42:53,926:INFO:127.0.0.1 - - [21/Apr/2023 18:42:53] "GET /static/img/ej4.png HTTP/1.1" 200 -
2023-04-21 18:42:53,933:INFO:127.0.0.1 - - [21/Apr/2023 18:42:53] "[36mGET /static/img/fondo5.jpg HTTP/1.1[0m" 304 -
2023-04-21 18:42:53,957:INFO:127.0.0.1 - - [21/Apr/2023 18:42:53] "[33mGET /favicon.ico HTTP/1.1[0m" 404 -
2023-04-21 18:43:12,733:INFO:127.0.0.1 - - [21/Apr/2023 18:43:12] "GET /contacto HTTP/1.1" 200 -
2023-04-21 18:43:12,792:INFO:127.0.0.1 - - [21/Apr/2023 18:43:12] "GET /static/bootstrap/css/bootstrap.min.css HTTP/1.1" 200 -
2023-04-21 18:43:12,808:INFO:127.0.0.1 - - [21/Apr/2023 18:43:12] "GET /static/bootstrap/css/bootstrap-responsive.min.css HTTP/1.1" 200 -
2023-04-21 18:43:12,837:INFO:127.0.0.1 - - [21/Apr/2023 18:43:12] "[36mGET /static/bootstrap/css/styles.css HTTP/1.1[0m" 304 -
2023-04-21 18:43:12,844:INFO:127.0.0.1 - - [21/Apr/2023 18:43:12] "[36mGET /static/css/nav.css HTTP/1.1[0m" 304 -
2023-04-21 18:43:12,857:INFO:127.0.0.1 - - [21/Apr/2023 18:43:12] "[36mGET /static/css/carrusel.css HTTP/1.1[0m" 304 -
2023-04-21 18:43:12,870:INFO:127.0.0.1 - - [21/Apr/2023 18:43:12] "[36mGET /static/js/carrusel.js HTTP/1.1[0m" 304 -
2023-04-21 18:43:12,892:INFO:127.0.0.1 - - [21/Apr/2023 18:43:12] "[33mGET /static/estilos.css HTTP/1.1[0m" 404 -
2023-04-21 18:43:12,926:INFO:127.0.0.1 - - [21/Apr/2023 18:43:12] "GET /static/img/ej4.png HTTP/1.1" 200 -
2023-04-21 18:43:12,933:INFO:127.0.0.1 - - [21/Apr/2023 18:43:12] "[36mGET /static/img/fondo5.jpg HTTP/1.1[0m" 304 -
2023-04-21 18:43:48,355:INFO:127.0.0.1 - - [21/Apr/2023 18:43:48] "GET / HTTP/1.1" 200 -
2023-04-21 18:43:48,463:INFO:127.0.0.1 - - [21/Apr/2023 18:43:48] "[36mGET /static/bootstrap/css/bootstrap.min.css HTTP/1.1[0m" 304 -
2023-04-21 18:43:48,503:INFO:127.0.0.1 - - [21/Apr/2023 18:43:48] "[36mGET /static/bootstrap/css/bootstrap-responsive.min.css HTTP/1.1[0m" 304 -
2023-04-21 18:43:48,509:INFO:127.0.0.1 - - [21/Apr/2023 18:43:48] "[36mGET /static/bootstrap/css/styles.css HTTP/1.1[0m" 304 -
2023-04-21 18:43:48,532:INFO:127.0.0.1 - - [21/Apr/2023 18:43:48] "[36mGET /static/css/nav.css HTTP/1.1[0m" 304 -
2023-04-21 18:43:48,549:INFO:127.0.0.1 - - [21/Apr/2023 18:43:48] "[36mGET /static/css/carrusel.css HTTP/1.1[0m" 304 -
2023-04-21 18:43:48,556:INFO:127.0.0.1 - - [21/Apr/2023 18:43:48] "[36mGET /static/js/carrusel.js HTTP/1.1[0m" 304 -
2023-04-21 18:43:48,609:INFO:127.0.0.1 - - [21/Apr/2023 18:43:48] "GET /static/img/ej4.png HTTP/1.1" 200 -
2023-04-21 18:43:48,640:INFO:127.0.0.1 - - [21/Apr/2023 18:43:48] "[36mGET /static/img/mision2.jpg HTTP/1.1[0m" 304 -
2023-04-21 18:43:48,648:INFO:127.0.0.1 - - [21/Apr/2023 18:43:48] "[36mGET /static/img/vision.png HTTP/1.1[0m" 304 -
2023-04-21 18:43:48,653:INFO:127.0.0.1 - - [21/Apr/2023 18:43:48] "[36mGET /static/img/fondo5.jpg HTTP/1.1[0m" 304 -
2023-04-21 18:43:53,728:INFO:127.0.0.1 - - [21/Apr/2023 18:43:53] "GET /security/productos HTTP/1.1" 200 -
2023-04-21 18:43:53,822:INFO:127.0.0.1 - - [21/Apr/2023 18:43:53] "GET /static/bootstrap/css/bootstrap.min.css HTTP/1.1" 200 -
2023-04-21 18:43:53,823:INFO:127.0.0.1 - - [21/Apr/2023 18:43:53] "[36mGET /static/bootstrap/css/bootstrap-responsive.min.css HTTP/1.1[0m" 304 -
2023-04-21 18:43:53,842:INFO:127.0.0.1 - - [21/Apr/2023 18:43:53] "[36mGET /static/bootstrap/css/styles.css HTTP/1.1[0m" 304 -
2023-04-21 18:43:53,844:INFO:127.0.0.1 - - [21/Apr/2023 18:43:53] "[36mGET /static/css/nav.css HTTP/1.1[0m" 304 -
2023-04-21 18:43:53,854:INFO:127.0.0.1 - - [21/Apr/2023 18:43:53] "[36mGET /static/css/carrusel.css HTTP/1.1[0m" 304 -
2023-04-21 18:43:53,875:INFO:127.0.0.1 - - [21/Apr/2023 18:43:53] "[36mGET /static/js/carrusel.js HTTP/1.1[0m" 304 -
2023-04-21 18:43:53,924:INFO:127.0.0.1 - - [21/Apr/2023 18:43:53] "GET /static/img/ej4.png HTTP/1.1" 200 -
2023-04-21 18:43:53,937:INFO:127.0.0.1 - - [21/Apr/2023 18:43:53] "[36mGET /static/img/fondo5.jpg HTTP/1.1[0m" 304 -
2023-04-21 18:43:56,138:INFO:127.0.0.1 - - [21/Apr/2023 18:43:56] "GET /security/login HTTP/1.1" 200 -
2023-04-21 18:43:56,232:INFO:127.0.0.1 - - [21/Apr/2023 18:43:56] "GET /static/bootstrap/css/bootstrap.min.css HTTP/1.1" 200 -
2023-04-21 18:43:56,249:INFO:127.0.0.1 - - [21/Apr/2023 18:43:56] "[36mGET /static/bootstrap/css/bootstrap-responsive.min.css HTTP/1.1[0m" 304 -
2023-04-21 18:43:56,261:INFO:127.0.0.1 - - [21/Apr/2023 18:43:56] "[36mGET /static/bootstrap/css/styles.css HTTP/1.1[0m" 304 -
2023-04-21 18:43:56,266:INFO:127.0.0.1 - - [21/Apr/2023 18:43:56] "[36mGET /static/css/nav.css HTTP/1.1[0m" 304 -
2023-04-21 18:43:56,269:INFO:127.0.0.1 - - [21/Apr/2023 18:43:56] "[36mGET /static/css/carrusel.css HTTP/1.1[0m" 304 -
2023-04-21 18:43:56,295:INFO:127.0.0.1 - - [21/Apr/2023 18:43:56] "[33mGET /security/static/estilos.css HTTP/1.1[0m" 404 -
2023-04-21 18:43:56,301:INFO:127.0.0.1 - - [21/Apr/2023 18:43:56] "[36mGET /static/js/carrusel.js HTTP/1.1[0m" 304 -
2023-04-21 18:43:56,342:INFO:127.0.0.1 - - [21/Apr/2023 18:43:56] "[33mGET /security/static/estilos.css HTTP/1.1[0m" 404 -
2023-04-21 18:43:56,349:INFO:127.0.0.1 - - [21/Apr/2023 18:43:56] "GET /static/img/ej4.png HTTP/1.1" 200 -
2023-04-21 18:43:56,360:INFO:127.0.0.1 - - [21/Apr/2023 18:43:56] "[36mGET /static/img/fondo5.jpg HTTP/1.1[0m" 304 -
2023-04-21 18:44:02,152:INFO:127.0.0.1 - - [21/Apr/2023 18:44:02] "GET /security/register HTTP/1.1" 200 -
2023-04-21 18:44:02,219:INFO:127.0.0.1 - - [21/Apr/2023 18:44:02] "[36mGET /static/bootstrap/css/bootstrap.min.css HTTP/1.1[0m" 304 -
2023-04-21 18:44:02,237:INFO:127.0.0.1 - - [21/Apr/2023 18:44:02] "[36mGET /static/bootstrap/css/bootstrap-responsive.min.css HTTP/1.1[0m" 304 -
2023-04-21 18:44:02,259:INFO:127.0.0.1 - - [21/Apr/2023 18:44:02] "[36mGET /static/bootstrap/css/styles.css HTTP/1.1[0m" 304 -
2023-04-21 18:44:02,273:INFO:127.0.0.1 - - [21/Apr/2023 18:44:02] "[36mGET /static/js/carrusel.js HTTP/1.1[0m" 304 -
2023-04-21 18:44:02,273:INFO:127.0.0.1 - - [21/Apr/2023 18:44:02] "[36mGET /static/css/nav.css HTTP/1.1[0m" 304 -
2023-04-21 18:44:02,276:INFO:127.0.0.1 - - [21/Apr/2023 18:44:02] "[36mGET /static/css/carrusel.css HTTP/1.1[0m" 304 -
2023-04-21 18:44:02,330:INFO:127.0.0.1 - - [21/Apr/2023 18:44:02] "[36mGET /static/img/ej4.png HTTP/1.1[0m" 304 -
2023-04-21 18:44:02,390:INFO:127.0.0.1 - - [21/Apr/2023 18:44:02] "[36mGET /static/img/fondo5.jpg HTTP/1.1[0m" 304 -
2023-04-21 18:44:19,006:INFO:127.0.0.1 - - [21/Apr/2023 18:44:19] "GET /contacto HTTP/1.1" 200 -
2023-04-21 18:44:19,066:INFO:127.0.0.1 - - [21/Apr/2023 18:44:19] "GET /static/bootstrap/css/bootstrap.min.css HTTP/1.1" 200 -
2023-04-21 18:44:19,091:INFO:127.0.0.1 - - [21/Apr/2023 18:44:19] "[36mGET /static/bootstrap/css/bootstrap-responsive.min.css HTTP/1.1[0m" 304 -
2023-04-21 18:44:19,107:INFO:127.0.0.1 - - [21/Apr/2023 18:44:19] "[36mGET /static/bootstrap/css/styles.css HTTP/1.1[0m" 304 -
2023-04-21 18:44:19,113:INFO:127.0.0.1 - - [21/Apr/2023 18:44:19] "[36mGET /static/css/nav.css HTTP/1.1[0m" 304 -
2023-04-21 18:44:19,122:INFO:127.0.0.1 - - [21/Apr/2023 18:44:19] "[36mGET /static/css/carrusel.css HTTP/1.1[0m" 304 -
2023-04-21 18:44:19,137:INFO:127.0.0.1 - - [21/Apr/2023 18:44:19] "[36mGET /static/js/carrusel.js HTTP/1.1[0m" 304 -
2023-04-21 18:44:19,149:INFO:127.0.0.1 - - [21/Apr/2023 18:44:19] "[33mGET /static/estilos.css HTTP/1.1[0m" 404 -
2023-04-21 18:44:19,198:INFO:127.0.0.1 - - [21/Apr/2023 18:44:19] "[33mGET /static/estilos.css HTTP/1.1[0m" 404 -
2023-04-21 18:44:19,209:INFO:127.0.0.1 - - [21/Apr/2023 18:44:19] "GET /static/img/ej4.png HTTP/1.1" 200 -
2023-04-21 18:44:19,220:INFO:127.0.0.1 - - [21/Apr/2023 18:44:19] "[36mGET /static/img/fondo5.jpg HTTP/1.1[0m" 304 -
2023-04-21 18:44:19,289:INFO:127.0.0.1 - - [21/Apr/2023 18:44:19] "[33mGET /favicon.ico HTTP/1.1[0m" 404 -
2023-04-21 18:44:54,109:INFO:127.0.0.1 - - [21/Apr/2023 18:44:54] "GET /security/register HTTP/1.1" 200 -
2023-04-21 18:44:54,206:INFO:127.0.0.1 - - [21/Apr/2023 18:44:54] "GET /static/bootstrap/css/bootstrap.min.css HTTP/1.1" 200 -
2023-04-21 18:44:54,219:INFO:127.0.0.1 - - [21/Apr/2023 18:44:54] "[36mGET /static/bootstrap/css/bootstrap-responsive.min.css HTTP/1.1[0m" 304 -
2023-04-21 18:44:54,239:INFO:127.0.0.1 - - [21/Apr/2023 18:44:54] "[36mGET /static/bootstrap/css/styles.css HTTP/1.1[0m" 304 -
2023-04-21 18:44:54,253:INFO:127.0.0.1 - - [21/Apr/2023 18:44:54] "[36mGET /static/css/nav.css HTTP/1.1[0m" 304 -
2023-04-21 18:44:54,255:INFO:127.0.0.1 - - [21/Apr/2023 18:44:54] "[36mGET /static/css/carrusel.css HTTP/1.1[0m" 304 -
2023-04-21 18:44:54,287:INFO:127.0.0.1 - - [21/Apr/2023 18:44:54] "[36mGET /static/js/carrusel.js HTTP/1.1[0m" 304 -
2023-04-21 18:44:54,353:INFO:127.0.0.1 - - [21/Apr/2023 18:44:54] "GET /static/img/ej4.png HTTP/1.1" 200 -
2023-04-21 18:44:54,389:INFO:127.0.0.1 - - [21/Apr/2023 18:44:54] "[36mGET /static/img/fondo5.jpg HTTP/1.1[0m" 304 -
2023-04-21 18:45:15,839:INFO:127.0.0.1 - - [21/Apr/2023 18:45:15] "GET /security/login HTTP/1.1" 200 -
2023-04-21 18:45:15,923:INFO:127.0.0.1 - - [21/Apr/2023 18:45:15] "[36mGET /static/bootstrap/css/bootstrap.min.css HTTP/1.1[0m" 304 -
2023-04-21 18:45:15,932:INFO:127.0.0.1 - - [21/Apr/2023 18:45:15] "[36mGET /static/bootstrap/css/bootstrap-responsive.min.css HTTP/1.1[0m" 304 -
2023-04-21 18:45:15,941:INFO:127.0.0.1 - - [21/Apr/2023 18:45:15] "[36mGET /static/bootstrap/css/styles.css HTTP/1.1[0m" 304 -
2023-04-21 18:45:15,956:INFO:127.0.0.1 - - [21/Apr/2023 18:45:15] "[36mGET /static/css/nav.css HTTP/1.1[0m" 304 -
2023-04-21 18:45:15,962:INFO:127.0.0.1 - - [21/Apr/2023 18:45:15] "[36mGET /static/css/carrusel.css HTTP/1.1[0m" 304 -
2023-04-21 18:45:15,968:INFO:127.0.0.1 - - [21/Apr/2023 18:45:15] "[36mGET /static/js/carrusel.js HTTP/1.1[0m" 304 -
2023-04-21 18:45:15,985:INFO:127.0.0.1 - - [21/Apr/2023 18:45:15] "[33mGET /security/static/estilos.css HTTP/1.1[0m" 404 -
2023-04-21 18:45:16,067:INFO:127.0.0.1 - - [21/Apr/2023 18:45:16] "GET /static/img/ej4.png HTTP/1.1" 200 -
2023-04-21 18:45:16,084:INFO:127.0.0.1 - - [21/Apr/2023 18:45:16] "[36mGET /static/img/fondo5.jpg HTTP/1.1[0m" 304 -
2023-04-21 18:45:16,174:INFO:127.0.0.1 - - [21/Apr/2023 18:45:16] "[33mGET /favicon.ico HTTP/1.1[0m" 404 -
2023-04-21 18:45:32,772:DEBUG:El usuario FernandoLP.mx@outlook.com ingreso al sistema
2023-04-21 18:45:32,775:INFO:127.0.0.1 - - [21/Apr/2023 18:45:32] "[32mPOST /security/login HTTP/1.1[0m" 302 -
2023-04-21 18:45:32,792:INFO:127.0.0.1 - - [21/Apr/2023 18:45:32] "GET / HTTP/1.1" 200 -
2023-04-21 18:45:32,902:INFO:127.0.0.1 - - [21/Apr/2023 18:45:32] "[36mGET /static/bootstrap/css/bootstrap.min.css HTTP/1.1[0m" 304 -
2023-04-21 18:45:32,912:INFO:127.0.0.1 - - [21/Apr/2023 18:45:32] "[36mGET /static/bootstrap/css/bootstrap-responsive.min.css HTTP/1.1[0m" 304 -
2023-04-21 18:45:32,923:INFO:127.0.0.1 - - [21/Apr/2023 18:45:32] "[36mGET /static/bootstrap/css/styles.css HTTP/1.1[0m" 304 -
2023-04-21 18:45:32,947:INFO:127.0.0.1 - - [21/Apr/2023 18:45:32] "[36mGET /static/css/nav.css HTTP/1.1[0m" 304 -
2023-04-21 18:45:32,965:INFO:127.0.0.1 - - [21/Apr/2023 18:45:32] "[36mGET /static/css/carrusel.css HTTP/1.1[0m" 304 -
2023-04-21 18:45:32,977:INFO:127.0.0.1 - - [21/Apr/2023 18:45:32] "[36mGET /static/js/carrusel.js HTTP/1.1[0m" 304 -
2023-04-21 18:45:33,047:INFO:127.0.0.1 - - [21/Apr/2023 18:45:33] "[36mGET /static/img/ej4.png HTTP/1.1[0m" 304 -
2023-04-21 18:45:33,054:INFO:127.0.0.1 - - [21/Apr/2023 18:45:33] "GET /static/img/mision2.jpg HTTP/1.1" 200 -
2023-04-21 18:45:33,068:INFO:127.0.0.1 - - [21/Apr/2023 18:45:33] "[36mGET /static/img/vision.png HTTP/1.1[0m" 304 -
2023-04-21 18:45:33,072:INFO:127.0.0.1 - - [21/Apr/2023 18:45:33] "[36mGET /static/img/fondo5.jpg HTTP/1.1[0m" 304 -
2023-04-21 18:45:36,070:INFO:127.0.0.1 - - [21/Apr/2023 18:45:36] "GET /security/productos HTTP/1.1" 200 -
2023-04-21 18:45:36,141:INFO:127.0.0.1 - - [21/Apr/2023 18:45:36] "GET /static/bootstrap/css/bootstrap.min.css HTTP/1.1" 200 -
2023-04-21 18:45:36,196:INFO:127.0.0.1 - - [21/Apr/2023 18:45:36] "[36mGET /static/bootstrap/css/bootstrap-responsive.min.css HTTP/1.1[0m" 304 -
2023-04-21 18:45:36,212:INFO:127.0.0.1 - - [21/Apr/2023 18:45:36] "[36mGET /static/bootstrap/css/styles.css HTTP/1.1[0m" 304 -
2023-04-21 18:45:36,221:INFO:127.0.0.1 - - [21/Apr/2023 18:45:36] "[36mGET /static/css/nav.css HTTP/1.1[0m" 304 -
2023-04-21 18:45:36,241:INFO:127.0.0.1 - - [21/Apr/2023 18:45:36] "[36mGET /static/css/carrusel.css HTTP/1.1[0m" 304 -
2023-04-21 18:45:36,264:INFO:127.0.0.1 - - [21/Apr/2023 18:45:36] "[36mGET /static/js/carrusel.js HTTP/1.1[0m" 304 -
2023-04-21 18:45:36,327:INFO:127.0.0.1 - - [21/Apr/2023 18:45:36] "GET /static/img/ej4.png HTTP/1.1" 200 -
2023-04-21 18:45:36,348:INFO:127.0.0.1 - - [21/Apr/2023 18:45:36] "[36mGET /static/img/fondo5.jpg HTTP/1.1[0m" 304 -
2023-04-21 18:45:37,572:INFO:127.0.0.1 - - [21/Apr/2023 18:45:37] "GET /security/administracion_admin HTTP/1.1" 200 -
2023-04-21 18:45:37,661:INFO:127.0.0.1 - - [21/Apr/2023 18:45:37] "[36mGET /static/bootstrap/css/bootstrap.min.css HTTP/1.1[0m" 304 -
2023-04-21 18:45:37,703:INFO:127.0.0.1 - - [21/Apr/2023 18:45:37] "[36mGET /static/bootstrap/css/bootstrap-responsive.min.css HTTP/1.1[0m" 304 -
2023-04-21 18:45:37,723:INFO:127.0.0.1 - - [21/Apr/2023 18:45:37] "[36mGET /static/bootstrap/css/styles.css HTTP/1.1[0m" 304 -
2023-04-21 18:45:37,735:INFO:127.0.0.1 - - [21/Apr/2023 18:45:37] "[36mGET /static/css/carrusel.css HTTP/1.1[0m" 304 -
2023-04-21 18:45:37,735:INFO:127.0.0.1 - - [21/Apr/2023 18:45:37] "[36mGET /static/css/nav.css HTTP/1.1[0m" 304 -
2023-04-21 18:45:37,748:INFO:127.0.0.1 - - [21/Apr/2023 18:45:37] "[36mGET /static/js/carrusel.js HTTP/1.1[0m" 304 -
2023-04-21 18:45:37,762:INFO:127.0.0.1 - - [21/Apr/2023 18:45:37] "[33mGET /security/static/sweetalert2/sweetalert2.min.js HTTP/1.1[0m" 404 -
2023-04-21 18:45:37,778:INFO:127.0.0.1 - - [21/Apr/2023 18:45:37] "[33mGET /security/static/sweetalert2/sweetalert2.min.css HTTP/1.1[0m" 404 -
2023-04-21 18:45:37,793:INFO:127.0.0.1 - - [21/Apr/2023 18:45:37] "[33mGET /security/static/estilos.css HTTP/1.1[0m" 404 -
2023-04-21 18:45:37,831:INFO:127.0.0.1 - - [21/Apr/2023 18:45:37] "[36mGET /static/img/fondo5.jpg HTTP/1.1[0m" 304 -
2023-04-21 18:45:37,833:INFO:127.0.0.1 - - [21/Apr/2023 18:45:37] "[36mGET /static/img/ej4.png HTTP/1.1[0m" 304 -
2023-04-21 18:45:37,866:INFO:127.0.0.1 - - [21/Apr/2023 18:45:37] "GET /static/bootstrap/img/glyphicons-halflings-white.png HTTP/1.1" 200 -
2023-04-21 18:45:45,823:INFO:127.0.0.1 - - [21/Apr/2023 18:45:45] "GET /security/finanzas HTTP/1.1" 200 -
2023-04-21 18:45:45,918:INFO:127.0.0.1 - - [21/Apr/2023 18:45:45] "GET /static/bootstrap/css/bootstrap.min.css HTTP/1.1" 200 -
2023-04-21 18:45:45,941:INFO:127.0.0.1 - - [21/Apr/2023 18:45:45] "GET /static/bootstrap/css/bootstrap-responsive.min.css HTTP/1.1" 200 -
2023-04-21 18:45:45,997:INFO:127.0.0.1 - - [21/Apr/2023 18:45:45] "[36mGET /static/bootstrap/css/styles.css HTTP/1.1[0m" 304 -
2023-04-21 18:45:46,036:INFO:127.0.0.1 - - [21/Apr/2023 18:45:46] "[36mGET /static/css/nav.css HTTP/1.1[0m" 304 -
2023-04-21 18:45:46,049:INFO:127.0.0.1 - - [21/Apr/2023 18:45:46] "[36mGET /static/css/carrusel.css HTTP/1.1[0m" 304 -
2023-04-21 18:45:46,063:INFO:127.0.0.1 - - [21/Apr/2023 18:45:46] "[36mGET /static/js/carrusel.js HTTP/1.1[0m" 304 -
2023-04-21 18:45:46,111:INFO:127.0.0.1 - - [21/Apr/2023 18:45:46] "GET /static/img/ej4.png HTTP/1.1" 200 -
2023-04-21 18:45:46,130:INFO:127.0.0.1 - - [21/Apr/2023 18:45:46] "[36mGET /static/img/fondo5.jpg HTTP/1.1[0m" 304 -
2023-04-21 18:45:48,114:INFO:127.0.0.1 - - [21/Apr/2023 18:45:48] "GET /security/empleados HTTP/1.1" 200 -
2023-04-21 18:45:48,214:INFO:127.0.0.1 - - [21/Apr/2023 18:45:48] "[33mGET /security/static/sweetalert2/sweetalert2.min.js HTTP/1.1[0m" 404 -
2023-04-21 18:45:48,233:INFO:127.0.0.1 - - [21/Apr/2023 18:45:48] "[36mGET /static/bootstrap/css/bootstrap.min.css HTTP/1.1[0m" 304 -
2023-04-21 18:45:48,243:INFO:127.0.0.1 - - [21/Apr/2023 18:45:48] "GET /static/css/nav.css HTTP/1.1" 200 -
2023-04-21 18:45:48,251:INFO:127.0.0.1 - - [21/Apr/2023 18:45:48] "[36mGET /static/bootstrap/css/bootstrap-responsive.min.css HTTP/1.1[0m" 304 -
2023-04-21 18:45:48,264:INFO:127.0.0.1 - - [21/Apr/2023 18:45:48] "[36mGET /static/bootstrap/css/styles.css HTTP/1.1[0m" 304 -
2023-04-21 18:45:48,281:INFO:127.0.0.1 - - [21/Apr/2023 18:45:48] "[36mGET /static/css/carrusel.css HTTP/1.1[0m" 304 -
2023-04-21 18:45:48,312:INFO:127.0.0.1 - - [21/Apr/2023 18:45:48] "[33mGET /security/static/sweetalert2/sweetalert2.min.css HTTP/1.1[0m" 404 -
2023-04-21 18:45:48,316:INFO:127.0.0.1 - - [21/Apr/2023 18:45:48] "[36mGET /static/js/carrusel.js HTTP/1.1[0m" 304 -
2023-04-21 18:45:48,323:INFO:127.0.0.1 - - [21/Apr/2023 18:45:48] "[33mGET /security/static/estilos.css HTTP/1.1[0m" 404 -
2023-04-21 18:45:48,365:INFO:127.0.0.1 - - [21/Apr/2023 18:45:48] "[33mGET /security/static/sweetalert2/sweetalert2.min.css HTTP/1.1[0m" 404 -
2023-04-21 18:45:48,378:INFO:127.0.0.1 - - [21/Apr/2023 18:45:48] "[33mGET /security/static/sweetalert2/sweetalert2.min.js HTTP/1.1[0m" 404 -
2023-04-21 18:45:48,396:INFO:127.0.0.1 - - [21/Apr/2023 18:45:48] "GET /static/img/ej4.png HTTP/1.1" 200 -
2023-04-21 18:45:48,418:INFO:127.0.0.1 - - [21/Apr/2023 18:45:48] "[36mGET /static/img/fondo5.jpg HTTP/1.1[0m" 304 -
2023-04-21 18:45:48,426:INFO:127.0.0.1 - - [21/Apr/2023 18:45:48] "[33mGET /security/static/estilos.css HTTP/1.1[0m" 404 -
2023-04-21 18:45:48,487:INFO:127.0.0.1 - - [21/Apr/2023 18:45:48] "GET /static/bootstrap/img/glyphicons-halflings-white.png HTTP/1.1" 200 -
2023-04-21 18:45:48,510:INFO:127.0.0.1 - - [21/Apr/2023 18:45:48] "[33mGET /favicon.ico HTTP/1.1[0m" 404 -
2023-04-21 18:47:22,859:INFO:127.0.0.1 - - [21/Apr/2023 18:47:22] "GET /security/proveedor_admin HTTP/1.1" 200 -
2023-04-21 18:47:22,964:INFO:127.0.0.1 - - [21/Apr/2023 18:47:22] "[33mGET /security/static/sweetalert2/sweetalert2.min.js HTTP/1.1[0m" 404 -
2023-04-21 18:47:22,982:INFO:127.0.0.1 - - [21/Apr/2023 18:47:22] "GET /static/bootstrap/css/bootstrap.min.css HTTP/1.1" 200 -
2023-04-21 18:47:23,026:INFO:127.0.0.1 - - [21/Apr/2023 18:47:23] "[36mGET /static/bootstrap/css/bootstrap-responsive.min.css HTTP/1.1[0m" 304 -
2023-04-21 18:47:23,047:INFO:127.0.0.1 - - [21/Apr/2023 18:47:23] "[36mGET /static/bootstrap/css/styles.css HTTP/1.1[0m" 304 -
2023-04-21 18:47:23,054:INFO:127.0.0.1 - - [21/Apr/2023 18:47:23] "[36mGET /static/css/nav.css HTTP/1.1[0m" 304 -
2023-04-21 18:47:23,060:INFO:127.0.0.1 - - [21/Apr/2023 18:47:23] "[36mGET /static/css/carrusel.css HTTP/1.1[0m" 304 -
2023-04-21 18:47:23,086:INFO:127.0.0.1 - - [21/Apr/2023 18:47:23] "[33mGET /security/static/sweetalert2/sweetalert2.min.css HTTP/1.1[0m" 404 -
2023-04-21 18:47:23,088:INFO:127.0.0.1 - - [21/Apr/2023 18:47:23] "[36mGET /static/js/carrusel.js HTTP/1.1[0m" 304 -
2023-04-21 18:47:23,094:INFO:127.0.0.1 - - [21/Apr/2023 18:47:23] "[33mGET /security/static/estilos.css HTTP/1.1[0m" 404 -
2023-04-21 18:47:23,156:INFO:127.0.0.1 - - [21/Apr/2023 18:47:23] "[33mGET /security/static/sweetalert2/sweetalert2.min.css HTTP/1.1[0m" 404 -
2023-04-21 18:47:23,162:INFO:127.0.0.1 - - [21/Apr/2023 18:47:23] "GET /static/img/ej4.png HTTP/1.1" 200 -
2023-04-21 18:47:23,176:INFO:127.0.0.1 - - [21/Apr/2023 18:47:23] "[33mGET /security/static/sweetalert2/sweetalert2.min.js HTTP/1.1[0m" 404 -
2023-04-21 18:47:23,187:INFO:127.0.0.1 - - [21/Apr/2023 18:47:23] "[36mGET /static/img/fondo5.jpg HTTP/1.1[0m" 304 -
2023-04-21 18:47:23,239:INFO:127.0.0.1 - - [21/Apr/2023 18:47:23] "[33mGET /security/static/estilos.css HTTP/1.1[0m" 404 -
2023-04-21 18:47:25,747:INFO:127.0.0.1 - - [21/Apr/2023 18:47:25] "GET /security/merma_admin HTTP/1.1" 200 -
2023-04-21 18:47:25,860:INFO:127.0.0.1 - - [21/Apr/2023 18:47:25] "[33mGET /security/static/sweetalert2/sweetalert2.min.js HTTP/1.1[0m" 404 -
2023-04-21 18:47:25,866:INFO:127.0.0.1 - - [21/Apr/2023 18:47:25] "GET /static/bootstrap/css/bootstrap.min.css HTTP/1.1" 200 -
2023-04-21 18:47:25,879:INFO:127.0.0.1 - - [21/Apr/2023 18:47:25] "[36mGET /static/bootstrap/css/bootstrap-responsive.min.css HTTP/1.1[0m" 304 -
2023-04-21 18:47:25,900:INFO:127.0.0.1 - - [21/Apr/2023 18:47:25] "[36mGET /static/bootstrap/css/styles.css HTTP/1.1[0m" 304 -
2023-04-21 18:47:25,933:INFO:127.0.0.1 - - [21/Apr/2023 18:47:25] "[36mGET /static/css/nav.css HTTP/1.1[0m" 304 -
2023-04-21 18:47:25,943:INFO:127.0.0.1 - - [21/Apr/2023 18:47:25] "[36mGET /static/css/carrusel.css HTTP/1.1[0m" 304 -
2023-04-21 18:47:25,955:INFO:127.0.0.1 - - [21/Apr/2023 18:47:25] "[36mGET /static/js/carrusel.js HTTP/1.1[0m" 304 -
2023-04-21 18:47:25,962:INFO:127.0.0.1 - - [21/Apr/2023 18:47:25] "[33mGET /security/static/sweetalert2/sweetalert2.min.css HTTP/1.1[0m" 404 -
2023-04-21 18:47:25,973:INFO:127.0.0.1 - - [21/Apr/2023 18:47:25] "[33mGET /security/static/estilos.css HTTP/1.1[0m" 404 -
2023-04-21 18:47:26,025:INFO:127.0.0.1 - - [21/Apr/2023 18:47:26] "[33mGET /security/static/sweetalert2/sweetalert2.min.css HTTP/1.1[0m" 404 -
2023-04-21 18:47:26,028:INFO:127.0.0.1 - - [21/Apr/2023 18:47:26] "[33mGET /security/static/sweetalert2/sweetalert2.min.js HTTP/1.1[0m" 404 -
2023-04-21 18:47:26,042:INFO:127.0.0.1 - - [21/Apr/2023 18:47:26] "GET /static/img/ej4.png HTTP/1.1" 200 -
2023-04-21 18:47:26,068:INFO:127.0.0.1 - - [21/Apr/2023 18:47:26] "[36mGET /static/img/fondo5.jpg HTTP/1.1[0m" 304 -
2023-04-21 18:47:26,123:INFO:127.0.0.1 - - [21/Apr/2023 18:47:26] "[33mGET /security/static/estilos.css HTTP/1.1[0m" 404 -
2023-04-21 18:47:26,144:INFO:127.0.0.1 - - [21/Apr/2023 18:47:26] "[33mGET /favicon.ico HTTP/1.1[0m" 404 -
2023-04-21 18:47:27,896:INFO:127.0.0.1 - - [21/Apr/2023 18:47:27] "GET /security/proveedor_admin HTTP/1.1" 200 -
2023-04-21 18:47:27,986:INFO:127.0.0.1 - - [21/Apr/2023 18:47:27] "[36mGET /static/bootstrap/css/bootstrap.min.css HTTP/1.1[0m" 304 -
2023-04-21 18:47:28,028:INFO:127.0.0.1 - - [21/Apr/2023 18:47:28] "[36mGET /static/bootstrap/css/bootstrap-responsive.min.css HTTP/1.1[0m" 304 -
2023-04-21 18:47:28,047:INFO:127.0.0.1 - - [21/Apr/2023 18:47:28] "[36mGET /static/bootstrap/css/styles.css HTTP/1.1[0m" 304 -
2023-04-21 18:47:28,090:INFO:127.0.0.1 - - [21/Apr/2023 18:47:28] "[36mGET /static/css/carrusel.css HTTP/1.1[0m" 304 -
2023-04-21 18:47:28,096:INFO:127.0.0.1 - - [21/Apr/2023 18:47:28] "[36mGET /static/css/nav.css HTTP/1.1[0m" 304 -
2023-04-21 18:47:28,098:INFO:127.0.0.1 - - [21/Apr/2023 18:47:28] "[36mGET /static/js/carrusel.js HTTP/1.1[0m" 304 -
2023-04-21 18:47:28,114:INFO:127.0.0.1 - - [21/Apr/2023 18:47:28] "[33mGET /security/static/sweetalert2/sweetalert2.min.css HTTP/1.1[0m" 404 -
2023-04-21 18:47:28,119:INFO:127.0.0.1 - - [21/Apr/2023 18:47:28] "[33mGET /security/static/sweetalert2/sweetalert2.min.js HTTP/1.1[0m" 404 -
2023-04-21 18:47:28,134:INFO:127.0.0.1 - - [21/Apr/2023 18:47:28] "[33mGET /security/static/estilos.css HTTP/1.1[0m" 404 -
2023-04-21 18:47:28,180:INFO:127.0.0.1 - - [21/Apr/2023 18:47:28] "[36mGET /static/img/ej4.png HTTP/1.1[0m" 304 -
2023-04-21 18:47:28,194:INFO:127.0.0.1 - - [21/Apr/2023 18:47:28] "[36mGET /static/img/fondo5.jpg HTTP/1.1[0m" 304 -
2023-04-21 18:47:28,195:INFO:127.0.0.1 - - [21/Apr/2023 18:47:28] "[33mGET /security/static/estilos.css HTTP/1.1[0m" 404 -
2023-04-21 18:47:47,177:INFO:127.0.0.1 - - [21/Apr/2023 18:47:47] "GET /security/merma_admin HTTP/1.1" 200 -
2023-04-21 18:47:47,297:INFO:127.0.0.1 - - [21/Apr/2023 18:47:47] "[33mGET /security/static/sweetalert2/sweetalert2.min.js HTTP/1.1[0m" 404 -
2023-04-21 18:47:47,323:INFO:127.0.0.1 - - [21/Apr/2023 18:47:47] "[36mGET /static/bootstrap/css/bootstrap.min.css HTTP/1.1[0m" 304 -
2023-04-21 18:47:47,346:INFO:127.0.0.1 - - [21/Apr/2023 18:47:47] "[36mGET /static/bootstrap/css/bootstrap-responsive.min.css HTTP/1.1[0m" 304 -
2023-04-21 18:47:47,365:INFO:127.0.0.1 - - [21/Apr/2023 18:47:47] "[36mGET /static/bootstrap/css/styles.css HTTP/1.1[0m" 304 -
2023-04-21 18:47:47,394:INFO:127.0.0.1 - - [21/Apr/2023 18:47:47] "[36mGET /static/css/carrusel.css HTTP/1.1[0m" 304 -
2023-04-21 18:47:47,397:INFO:127.0.0.1 - - [21/Apr/2023 18:47:47] "[36mGET /static/css/nav.css HTTP/1.1[0m" 304 -
2023-04-21 18:47:47,399:INFO:127.0.0.1 - - [21/Apr/2023 18:47:47] "[36mGET /static/js/carrusel.js HTTP/1.1[0m" 304 -
2023-04-21 18:47:47,411:INFO:127.0.0.1 - - [21/Apr/2023 18:47:47] "[33mGET /security/static/sweetalert2/sweetalert2.min.css HTTP/1.1[0m" 404 -
2023-04-21 18:47:47,434:INFO:127.0.0.1 - - [21/Apr/2023 18:47:47] "[33mGET /security/static/estilos.css HTTP/1.1[0m" 404 -
2023-04-21 18:47:47,495:INFO:127.0.0.1 - - [21/Apr/2023 18:47:47] "GET /static/img/ej4.png HTTP/1.1" 200 -
2023-04-21 18:47:47,499:INFO:127.0.0.1 - - [21/Apr/2023 18:47:47] "[33mGET /security/static/sweetalert2/sweetalert2.min.css HTTP/1.1[0m" 404 -
2023-04-21 18:47:47,516:INFO:127.0.0.1 - - [21/Apr/2023 18:47:47] "[33mGET /security/static/sweetalert2/sweetalert2.min.js HTTP/1.1[0m" 404 -
2023-04-21 18:47:47,554:INFO:127.0.0.1 - - [21/Apr/2023 18:47:47] "[36mGET /static/img/fondo5.jpg HTTP/1.1[0m" 304 -
2023-04-21 18:47:47,560:INFO:127.0.0.1 - - [21/Apr/2023 18:47:47] "[33mGET /security/static/estilos.css HTTP/1.1[0m" 404 -
2023-04-21 18:48:02,951:INFO:127.0.0.1 - - [21/Apr/2023 18:48:02] "GET /security/registroRecetario_admin HTTP/1.1" 200 -
2023-04-21 18:48:03,122:INFO:127.0.0.1 - - [21/Apr/2023 18:48:03] "[33mGET /security/static/sweetalert2/sweetalert2.min.js HTTP/1.1[0m" 404 -
2023-04-21 18:48:03,146:INFO:127.0.0.1 - - [21/Apr/2023 18:48:03] "GET /static/bootstrap/css/bootstrap.min.css HTTP/1.1" 200 -
2023-04-21 18:48:03,173:INFO:127.0.0.1 - - [21/Apr/2023 18:48:03] "GET /static/bootstrap/css/bootstrap-responsive.min.css HTTP/1.1" 200 -
2023-04-21 18:48:03,180:INFO:127.0.0.1 - - [21/Apr/2023 18:48:03] "GET /static/bootstrap/css/styles.css HTTP/1.1" 200 -
2023-04-21 18:48:03,246:INFO:127.0.0.1 - - [21/Apr/2023 18:48:03] "[36mGET /static/css/nav.css HTTP/1.1[0m" 304 -
2023-04-21 18:48:03,248:INFO:127.0.0.1 - - [21/Apr/2023 18:48:03] "[36mGET /static/css/carrusel.css HTTP/1.1[0m" 304 -
2023-04-21 18:48:03,271:INFO:127.0.0.1 - - [21/Apr/2023 18:48:03] "[33mGET /security/static/sweetalert2/sweetalert2.min.css HTTP/1.1[0m" 404 -
2023-04-21 18:48:03,275:INFO:127.0.0.1 - - [21/Apr/2023 18:48:03] "[36mGET /static/js/carrusel.js HTTP/1.1[0m" 304 -
2023-04-21 18:48:03,283:INFO:127.0.0.1 - - [21/Apr/2023 18:48:03] "[33mGET /security/static/estilos.css HTTP/1.1[0m" 404 -
2023-04-21 18:48:03,346:INFO:127.0.0.1 - - [21/Apr/2023 18:48:03] "[33mGET /security/static/sweetalert2/sweetalert2.min.css HTTP/1.1[0m" 404 -
2023-04-21 18:48:03,368:INFO:127.0.0.1 - - [21/Apr/2023 18:48:03] "[33mGET /security/static/sweetalert2/sweetalert2.min.js HTTP/1.1[0m" 404 -
2023-04-21 18:48:03,375:INFO:127.0.0.1 - - [21/Apr/2023 18:48:03] "GET /static/img/ej4.png HTTP/1.1" 200 -
2023-04-21 18:48:03,422:INFO:127.0.0.1 - - [21/Apr/2023 18:48:03] "[36mGET /static/img/fondo5.jpg HTTP/1.1[0m" 304 -
2023-04-21 18:48:03,443:INFO:127.0.0.1 - - [21/Apr/2023 18:48:03] "[33mGET /security/static/estilos.css HTTP/1.1[0m" 404 -
2023-04-21 18:48:07,629:INFO:127.0.0.1 - - [21/Apr/2023 18:48:07] "GET /security/clientes_admin HTTP/1.1" 200 -
2023-04-21 18:48:07,745:INFO:127.0.0.1 - - [21/Apr/2023 18:48:07] "GET /static/bootstrap/css/bootstrap.min.css HTTP/1.1" 200 -
2023-04-21 18:48:07,753:INFO:127.0.0.1 - - [21/Apr/2023 18:48:07] "[36mGET /static/bootstrap/css/styles.css HTTP/1.1[0m" 304 -
2023-04-21 18:48:07,755:INFO:127.0.0.1 - - [21/Apr/2023 18:48:07] "[36mGET /static/bootstrap/css/bootstrap-responsive.min.css HTTP/1.1[0m" 304 -
2023-04-21 18:48:07,766:INFO:127.0.0.1 - - [21/Apr/2023 18:48:07] "[36mGET /static/css/nav.css HTTP/1.1[0m" 304 -
2023-04-21 18:48:07,797:INFO:127.0.0.1 - - [21/Apr/2023 18:48:07] "[36mGET /static/css/carrusel.css HTTP/1.1[0m" 304 -
2023-04-21 18:48:07,815:INFO:127.0.0.1 - - [21/Apr/2023 18:48:07] "[36mGET /static/js/carrusel.js HTTP/1.1[0m" 304 -
2023-04-21 18:48:07,900:INFO:127.0.0.1 - - [21/Apr/2023 18:48:07] "GET /static/img/ej4.png HTTP/1.1" 200 -
2023-04-21 18:48:07,910:INFO:127.0.0.1 - - [21/Apr/2023 18:48:07] "[36mGET /static/img/fondo5.jpg HTTP/1.1[0m" 304 -
2023-04-21 18:48:07,912:INFO:127.0.0.1 - - [21/Apr/2023 18:48:07] "GET /static/bootstrap/img/glyphicons-halflings-white.png HTTP/1.1" 200 -
2023-04-21 18:48:07,972:INFO:127.0.0.1 - - [21/Apr/2023 18:48:07] "[33mGET /favicon.ico HTTP/1.1[0m" 404 -
2023-04-21 18:48:12,360:INFO:127.0.0.1 - - [21/Apr/2023 18:48:12] "GET /security/registroRecetario_admin HTTP/1.1" 200 -
2023-04-21 18:48:12,482:INFO:127.0.0.1 - - [21/Apr/2023 18:48:12] "[33mGET /security/static/sweetalert2/sweetalert2.min.js HTTP/1.1[0m" 404 -
2023-04-21 18:48:12,496:INFO:127.0.0.1 - - [21/Apr/2023 18:48:12] "GET /static/bootstrap/css/bootstrap.min.css HTTP/1.1" 200 -
2023-04-21 18:48:12,513:INFO:127.0.0.1 - - [21/Apr/2023 18:48:12] "GET /static/bootstrap/css/bootstrap-responsive.min.css HTTP/1.1" 200 -
2023-04-21 18:48:12,523:INFO:127.0.0.1 - - [21/Apr/2023 18:48:12] "[36mGET /static/bootstrap/css/styles.css HTTP/1.1[0m" 304 -
2023-04-21 18:48:12,583:INFO:127.0.0.1 - - [21/Apr/2023 18:48:12] "[36mGET /static/css/nav.css HTTP/1.1[0m" 304 -
2023-04-21 18:48:12,585:INFO:127.0.0.1 - - [21/Apr/2023 18:48:12] "[36mGET /static/css/carrusel.css HTTP/1.1[0m" 304 -
2023-04-21 18:48:12,588:INFO:127.0.0.1 - - [21/Apr/2023 18:48:12] "[36mGET /static/js/carrusel.js HTTP/1.1[0m" 304 -
2023-04-21 18:48:12,596:INFO:127.0.0.1 - - [21/Apr/2023 18:48:12] "[33mGET /security/static/sweetalert2/sweetalert2.min.css HTTP/1.1[0m" 404 -
2023-04-21 18:48:12,609:INFO:127.0.0.1 - - [21/Apr/2023 18:48:12] "[33mGET /security/static/estilos.css HTTP/1.1[0m" 404 -
2023-04-21 18:48:12,661:INFO:127.0.0.1 - - [21/Apr/2023 18:48:12] "[33mGET /security/static/sweetalert2/sweetalert2.min.js HTTP/1.1[0m" 404 -
2023-04-21 18:48:12,661:INFO:127.0.0.1 - - [21/Apr/2023 18:48:12] "[33mGET /security/static/sweetalert2/sweetalert2.min.css HTTP/1.1[0m" 404 -
2023-04-21 18:48:12,675:INFO:127.0.0.1 - - [21/Apr/2023 18:48:12] "GET /static/img/ej4.png HTTP/1.1" 200 -
2023-04-21 18:48:12,701:INFO:127.0.0.1 - - [21/Apr/2023 18:48:12] "[36mGET /static/img/fondo5.jpg HTTP/1.1[0m" 304 -
2023-04-21 18:48:12,766:INFO:127.0.0.1 - - [21/Apr/2023 18:48:12] "[33mGET /security/static/estilos.css HTTP/1.1[0m" 404 -
2023-04-21 18:48:30,915:INFO:127.0.0.1 - - [21/Apr/2023 18:48:30] "GET /security/clientes_admin HTTP/1.1" 200 -
2023-04-21 18:48:30,998:INFO:127.0.0.1 - - [21/Apr/2023 18:48:30] "[36mGET /static/bootstrap/css/bootstrap.min.css HTTP/1.1[0m" 304 -
2023-04-21 18:48:31,030:INFO:127.0.0.1 - - [21/Apr/2023 18:48:31] "[36mGET /static/bootstrap/css/bootstrap-responsive.min.css HTTP/1.1[0m" 304 -
2023-04-21 18:48:31,063:INFO:127.0.0.1 - - [21/Apr/2023 18:48:31] "[36mGET /static/bootstrap/css/styles.css HTTP/1.1[0m" 304 -
2023-04-21 18:48:31,066:INFO:127.0.0.1 - - [21/Apr/2023 18:48:31] "[36mGET /static/css/carrusel.css HTTP/1.1[0m" 304 -
2023-04-21 18:48:31,067:INFO:127.0.0.1 - - [21/Apr/2023 18:48:31] "[36mGET /static/css/nav.css HTTP/1.1[0m" 304 -
2023-04-21 18:48:31,092:INFO:127.0.0.1 - - [21/Apr/2023 18:48:31] "[36mGET /static/js/carrusel.js HTTP/1.1[0m" 304 -
2023-04-21 18:48:31,155:INFO:127.0.0.1 - - [21/Apr/2023 18:48:31] "GET /static/img/ej4.png HTTP/1.1" 200 -
2023-04-21 18:48:31,180:INFO:127.0.0.1 - - [21/Apr/2023 18:48:31] "[36mGET /static/img/fondo5.jpg HTTP/1.1[0m" 304 -
2023-04-21 18:48:31,202:INFO:127.0.0.1 - - [21/Apr/2023 18:48:31] "GET /static/bootstrap/img/glyphicons-halflings-white.png HTTP/1.1" 200 -
2023-04-21 18:48:31,321:INFO:127.0.0.1 - - [21/Apr/2023 18:48:31] "[33mGET /favicon.ico HTTP/1.1[0m" 404 -
2023-04-21 18:48:58,861:INFO:127.0.0.1 - - [21/Apr/2023 18:48:58] "GET /contacto HTTP/1.1" 200 -
2023-04-21 18:48:58,933:INFO:127.0.0.1 - - [21/Apr/2023 18:48:58] "[36mGET /static/bootstrap/css/bootstrap.min.css HTTP/1.1[0m" 304 -
2023-04-21 18:48:58,995:INFO:127.0.0.1 - - [21/Apr/2023 18:48:58] "[36mGET /static/bootstrap/css/bootstrap-responsive.min.css HTTP/1.1[0m" 304 -
2023-04-21 18:48:58,999:INFO:127.0.0.1 - - [21/Apr/2023 18:48:58] "[36mGET /static/bootstrap/css/styles.css HTTP/1.1[0m" 304 -
2023-04-21 18:48:59,015:INFO:127.0.0.1 - - [21/Apr/2023 18:48:59] "[36mGET /static/css/nav.css HTTP/1.1[0m" 304 -
2023-04-21 18:48:59,044:INFO:127.0.0.1 - - [21/Apr/2023 18:48:59] "[36mGET /static/css/carrusel.css HTTP/1.1[0m" 304 -
2023-04-21 18:48:59,044:INFO:127.0.0.1 - - [21/Apr/2023 18:48:59] "[36mGET /static/js/carrusel.js HTTP/1.1[0m" 304 -
2023-04-21 18:48:59,054:INFO:127.0.0.1 - - [21/Apr/2023 18:48:59] "[33mGET /static/estilos.css HTTP/1.1[0m" 404 -
2023-04-21 18:48:59,106:INFO:127.0.0.1 - - [21/Apr/2023 18:48:59] "GET /static/img/ej4.png HTTP/1.1" 200 -
2023-04-21 18:48:59,112:INFO:127.0.0.1 - - [21/Apr/2023 18:48:59] "[36mGET /static/img/fondo5.jpg HTTP/1.1[0m" 304 -
2023-04-21 18:48:59,269:INFO:127.0.0.1 - - [21/Apr/2023 18:48:59] "[33mGET /favicon.ico HTTP/1.1[0m" 404 -
2023-04-21 18:49:00,532:INFO:127.0.0.1 - - [21/Apr/2023 18:49:00] "GET /security/clientes_admin HTTP/1.1" 200 -
2023-04-21 18:49:00,643:INFO:127.0.0.1 - - [21/Apr/2023 18:49:00] "GET /static/bootstrap/css/bootstrap.min.css HTTP/1.1" 200 -
2023-04-21 18:49:00,656:INFO:127.0.0.1 - - [21/Apr/2023 18:49:00] "[36mGET /static/bootstrap/css/bootstrap-responsive.min.css HTTP/1.1[0m" 304 -
2023-04-21 18:49:00,699:INFO:127.0.0.1 - - [21/Apr/2023 18:49:00] "[36mGET /static/bootstrap/css/styles.css HTTP/1.1[0m" 304 -
2023-04-21 18:49:00,744:INFO:127.0.0.1 - - [21/Apr/2023 18:49:00] "[36mGET /static/css/nav.css HTTP/1.1[0m" 304 -
2023-04-21 18:49:00,766:INFO:127.0.0.1 - - [21/Apr/2023 18:49:00] "[36mGET /static/css/carrusel.css HTTP/1.1[0m" 304 -
2023-04-21 18:49:00,768:INFO:127.0.0.1 - - [21/Apr/2023 18:49:00] "[36mGET /static/js/carrusel.js HTTP/1.1[0m" 304 -
2023-04-21 18:49:00,825:INFO:127.0.0.1 - - [21/Apr/2023 18:49:00] "GET /static/img/ej4.png HTTP/1.1" 200 -
2023-04-21 18:49:00,846:INFO:127.0.0.1 - - [21/Apr/2023 18:49:00] "[36mGET /static/img/fondo5.jpg HTTP/1.1[0m" 304 -
2023-04-21 18:49:00,863:INFO:127.0.0.1 - - [21/Apr/2023 18:49:00] "GET /static/bootstrap/img/glyphicons-halflings-white.png HTTP/1.1" 200 -
2023-04-21 18:49:00,956:INFO:127.0.0.1 - - [21/Apr/2023 18:49:00] "[33mGET /favicon.ico HTTP/1.1[0m" 404 -
2023-04-21 18:49:09,709:INFO:127.0.0.1 - - [21/Apr/2023 18:49:09] "GET /contacto HTTP/1.1" 200 -
2023-04-21 18:49:09,799:INFO:127.0.0.1 - - [21/Apr/2023 18:49:09] "[36mGET /static/bootstrap/css/bootstrap.min.css HTTP/1.1[0m" 304 -
2023-04-21 18:49:09,813:INFO:127.0.0.1 - - [21/Apr/2023 18:49:09] "[36mGET /static/bootstrap/css/bootstrap-responsive.min.css HTTP/1.1[0m" 304 -
2023-04-21 18:49:09,830:INFO:127.0.0.1 - - [21/Apr/2023 18:49:09] "[36mGET /static/bootstrap/css/styles.css HTTP/1.1[0m" 304 -
2023-04-21 18:49:09,845:INFO:127.0.0.1 - - [21/Apr/2023 18:49:09] "[36mGET /static/css/nav.css HTTP/1.1[0m" 304 -
2023-04-21 18:49:09,869:INFO:127.0.0.1 - - [21/Apr/2023 18:49:09] "[36mGET /static/css/carrusel.css HTTP/1.1[0m" 304 -
2023-04-21 18:49:09,871:INFO:127.0.0.1 - - [21/Apr/2023 18:49:09] "[36mGET /static/js/carrusel.js HTTP/1.1[0m" 304 -
2023-04-21 18:49:09,883:INFO:127.0.0.1 - - [21/Apr/2023 18:49:09] "[33mGET /static/estilos.css HTTP/1.1[0m" 404 -
2023-04-21 18:49:09,969:INFO:127.0.0.1 - - [21/Apr/2023 18:49:09] "[36mGET /static/img/ej4.png HTTP/1.1[0m" 304 -
2023-04-21 18:49:09,974:INFO:127.0.0.1 - - [21/Apr/2023 18:49:09] "[33mGET /static/estilos.css HTTP/1.1[0m" 404 -
2023-04-21 18:49:10,003:INFO:127.0.0.1 - - [21/Apr/2023 18:49:10] "[36mGET /static/img/fondo5.jpg HTTP/1.1[0m" 304 -
2023-04-21 18:49:11,833:INFO:127.0.0.1 - - [21/Apr/2023 18:49:11] "GET /profile HTTP/1.1" 200 -
2023-04-21 18:49:11,946:INFO:127.0.0.1 - - [21/Apr/2023 18:49:11] "GET /static/bootstrap/css/bootstrap.min.css HTTP/1.1" 200 -
2023-04-21 18:49:11,981:INFO:127.0.0.1 - - [21/Apr/2023 18:49:11] "GET /static/bootstrap/css/bootstrap-responsive.min.css HTTP/1.1" 200 -
2023-04-21 18:49:11,997:INFO:127.0.0.1 - - [21/Apr/2023 18:49:11] "[36mGET /static/bootstrap/css/styles.css HTTP/1.1[0m" 304 -
2023-04-21 18:49:12,016:INFO:127.0.0.1 - - [21/Apr/2023 18:49:12] "[36mGET /static/css/nav.css HTTP/1.1[0m" 304 -
2023-04-21 18:49:12,051:INFO:127.0.0.1 - - [21/Apr/2023 18:49:12] "[36mGET /static/css/carrusel.css HTTP/1.1[0m" 304 -
2023-04-21 18:49:12,058:INFO:127.0.0.1 - - [21/Apr/2023 18:49:12] "[36mGET /static/js/carrusel.js HTTP/1.1[0m" 304 -
2023-04-21 18:49:12,111:INFO:127.0.0.1 - - [21/Apr/2023 18:49:12] "GET /static/img/ej4.png HTTP/1.1" 200 -
2023-04-21 18:49:12,140:INFO:127.0.0.1 - - [21/Apr/2023 18:49:12] "[36mGET /static/img/fondo5.jpg HTTP/1.1[0m" 304 -
2023-04-21 18:49:14,660:INFO:127.0.0.1 - - [21/Apr/2023 18:49:14] "[32mGET /security/logout HTTP/1.1[0m" 302 -
2023-04-21 18:49:14,671:INFO:127.0.0.1 - - [21/Apr/2023 18:49:14] "GET / HTTP/1.1" 200 -
2023-04-21 18:49:14,750:INFO:127.0.0.1 - - [21/Apr/2023 18:49:14] "[36mGET /static/bootstrap/css/bootstrap.min.css HTTP/1.1[0m" 304 -
2023-04-21 18:49:14,776:INFO:127.0.0.1 - - [21/Apr/2023 18:49:14] "[36mGET /static/bootstrap/css/bootstrap-responsive.min.css HTTP/1.1[0m" 304 -
2023-04-21 18:49:14,783:INFO:127.0.0.1 - - [21/Apr/2023 18:49:14] "[36mGET /static/bootstrap/css/styles.css HTTP/1.1[0m" 304 -
2023-04-21 18:49:14,797:INFO:127.0.0.1 - - [21/Apr/2023 18:49:14] "[36mGET /static/css/nav.css HTTP/1.1[0m" 304 -
2023-04-21 18:49:14,804:INFO:127.0.0.1 - - [21/Apr/2023 18:49:14] "[36mGET /static/css/carrusel.css HTTP/1.1[0m" 304 -
2023-04-21 18:49:14,811:INFO:127.0.0.1 - - [21/Apr/2023 18:49:14] "[36mGET /static/js/carrusel.js HTTP/1.1[0m" 304 -
2023-04-21 18:49:14,820:INFO:127.0.0.1 - - [21/Apr/2023 18:49:14] "GET /static/img/mision2.jpg HTTP/1.1" 200 -
2023-04-21 18:49:14,864:INFO:127.0.0.1 - - [21/Apr/2023 18:49:14] "[36mGET /static/img/ej4.png HTTP/1.1[0m" 304 -
2023-04-21 18:49:14,871:INFO:127.0.0.1 - - [21/Apr/2023 18:49:14] "GET /static/img/vision.png HTTP/1.1" 200 -
2023-04-21 18:49:14,873:INFO:127.0.0.1 - - [21/Apr/2023 18:49:14] "[36mGET /static/img/fondo5.jpg HTTP/1.1[0m" 304 -
2023-04-21 18:49:32,068:INFO:127.0.0.1 - - [21/Apr/2023 18:49:32] "GET /security/login HTTP/1.1" 200 -
2023-04-21 18:49:32,151:INFO:127.0.0.1 - - [21/Apr/2023 18:49:32] "[36mGET /static/bootstrap/css/bootstrap.min.css HTTP/1.1[0m" 304 -
2023-04-21 18:49:32,159:INFO:127.0.0.1 - - [21/Apr/2023 18:49:32] "[36mGET /static/bootstrap/css/bootstrap-responsive.min.css HTTP/1.1[0m" 304 -
2023-04-21 18:49:32,170:INFO:127.0.0.1 - - [21/Apr/2023 18:49:32] "[36mGET /static/bootstrap/css/styles.css HTTP/1.1[0m" 304 -
2023-04-21 18:49:32,186:INFO:127.0.0.1 - - [21/Apr/2023 18:49:32] "[36mGET /static/css/nav.css HTTP/1.1[0m" 304 -
2023-04-21 18:49:32,209:INFO:127.0.0.1 - - [21/Apr/2023 18:49:32] "[36mGET /static/css/carrusel.css HTTP/1.1[0m" 304 -
2023-04-21 18:49:32,219:INFO:127.0.0.1 - - [21/Apr/2023 18:49:32] "[36mGET /static/js/carrusel.js HTTP/1.1[0m" 304 -
2023-04-21 18:49:32,223:INFO:127.0.0.1 - - [21/Apr/2023 18:49:32] "[33mGET /security/static/estilos.css HTTP/1.1[0m" 404 -
2023-04-21 18:49:32,273:INFO:127.0.0.1 - - [21/Apr/2023 18:49:32] "GET /static/img/ej4.png HTTP/1.1" 200 -
2023-04-21 18:49:32,279:INFO:127.0.0.1 - - [21/Apr/2023 18:49:32] "[36mGET /static/img/fondo5.jpg HTTP/1.1[0m" 304 -
2023-04-21 18:49:32,408:INFO:127.0.0.1 - - [21/Apr/2023 18:49:32] "[33mGET /favicon.ico HTTP/1.1[0m" 404 -
2023-04-21 18:49:37,303:DEBUG:El usuario Dmorales@gmail.com ingreso al sistema
2023-04-21 18:49:37,306:INFO:127.0.0.1 - - [21/Apr/2023 18:49:37] "[32mPOST /security/login HTTP/1.1[0m" 302 -
2023-04-21 18:49:37,326:INFO:127.0.0.1 - - [21/Apr/2023 18:49:37] "GET / HTTP/1.1" 200 -
2023-04-21 18:49:37,420:INFO:127.0.0.1 - - [21/Apr/2023 18:49:37] "[36mGET /static/bootstrap/css/bootstrap.min.css HTTP/1.1[0m" 304 -
2023-04-21 18:49:37,466:INFO:127.0.0.1 - - [21/Apr/2023 18:49:37] "[36mGET /static/bootstrap/css/bootstrap-responsive.min.css HTTP/1.1[0m" 304 -
2023-04-21 18:49:37,470:INFO:127.0.0.1 - - [21/Apr/2023 18:49:37] "[36mGET /static/bootstrap/css/styles.css HTTP/1.1[0m" 304 -
2023-04-21 18:49:37,479:INFO:127.0.0.1 - - [21/Apr/2023 18:49:37] "[36mGET /static/css/nav.css HTTP/1.1[0m" 304 -
2023-04-21 18:49:37,498:INFO:127.0.0.1 - - [21/Apr/2023 18:49:37] "[36mGET /static/css/carrusel.css HTTP/1.1[0m" 304 -
2023-04-21 18:49:37,502:INFO:127.0.0.1 - - [21/Apr/2023 18:49:37] "[36mGET /static/js/carrusel.js HTTP/1.1[0m" 304 -
2023-04-21 18:49:37,564:INFO:127.0.0.1 - - [21/Apr/2023 18:49:37] "[36mGET /static/img/ej4.png HTTP/1.1[0m" 304 -
2023-04-21 18:49:37,571:INFO:127.0.0.1 - - [21/Apr/2023 18:49:37] "[36mGET /static/img/mision2.jpg HTTP/1.1[0m" 304 -
2023-04-21 18:49:37,595:INFO:127.0.0.1 - - [21/Apr/2023 18:49:37] "[36mGET /static/img/vision.png HTTP/1.1[0m" 304 -
2023-04-21 18:49:37,606:INFO:127.0.0.1 - - [21/Apr/2023 18:49:37] "[36mGET /static/img/fondo5.jpg HTTP/1.1[0m" 304 -
2023-04-21 18:49:45,579:INFO:127.0.0.1 - - [21/Apr/2023 18:49:45] "GET /security/administracion_empleado HTTP/1.1" 200 -
2023-04-21 18:49:45,673:INFO:127.0.0.1 - - [21/Apr/2023 18:49:45] "[33mGET /security/static/sweetalert2/sweetalert2.min.js HTTP/1.1[0m" 404 -
2023-04-21 18:49:45,709:INFO:127.0.0.1 - - [21/Apr/2023 18:49:45] "[36mGET /static/bootstrap/css/bootstrap.min.css HTTP/1.1[0m" 304 -
2023-04-21 18:49:45,715:INFO:127.0.0.1 - - [21/Apr/2023 18:49:45] "[36mGET /static/bootstrap/css/bootstrap-responsive.min.css HTTP/1.1[0m" 304 -
2023-04-21 18:49:45,720:INFO:127.0.0.1 - - [21/Apr/2023 18:49:45] "[36mGET /static/bootstrap/css/styles.css HTTP/1.1[0m" 304 -
2023-04-21 18:49:45,725:INFO:127.0.0.1 - - [21/Apr/2023 18:49:45] "[36mGET /static/css/nav.css HTTP/1.1[0m" 304 -
2023-04-21 18:49:45,747:INFO:127.0.0.1 - - [21/Apr/2023 18:49:45] "[36mGET /static/css/carrusel.css HTTP/1.1[0m" 304 -
2023-04-21 18:49:45,766:INFO:127.0.0.1 - - [21/Apr/2023 18:49:45] "[36mGET /static/js/carrusel.js HTTP/1.1[0m" 304 -
2023-04-21 18:49:45,774:INFO:127.0.0.1 - - [21/Apr/2023 18:49:45] "[33mGET /security/static/sweetalert2/sweetalert2.min.css HTTP/1.1[0m" 404 -
2023-04-21 18:49:45,785:INFO:127.0.0.1 - - [21/Apr/2023 18:49:45] "[33mGET /security/static/estilos.css HTTP/1.1[0m" 404 -
2023-04-21 18:49:45,830:INFO:127.0.0.1 - - [21/Apr/2023 18:49:45] "[33mGET /security/static/sweetalert2/sweetalert2.min.js HTTP/1.1[0m" 404 -
2023-04-21 18:49:45,849:INFO:127.0.0.1 - - [21/Apr/2023 18:49:45] "GET /static/img/ej4.png HTTP/1.1" 200 -
2023-04-21 18:49:45,862:INFO:127.0.0.1 - - [21/Apr/2023 18:49:45] "[33mGET /security/static/estilos.css HTTP/1.1[0m" 404 -
2023-04-21 18:49:45,863:INFO:127.0.0.1 - - [21/Apr/2023 18:49:45] "[36mGET /static/img/fondo5.jpg HTTP/1.1[0m" 304 -
2023-04-21 18:49:45,935:INFO:127.0.0.1 - - [21/Apr/2023 18:49:45] "GET /static/bootstrap/img/glyphicons-halflings-white.png HTTP/1.1" 200 -
2023-04-21 18:49:45,953:INFO:127.0.0.1 - - [21/Apr/2023 18:49:45] "[33mGET /favicon.ico HTTP/1.1[0m" 404 -
2023-04-21 18:49:51,019:INFO:127.0.0.1 - - [21/Apr/2023 18:49:51] "GET /security/finanzas_empleado HTTP/1.1" 200 -
2023-04-21 18:49:51,146:INFO:127.0.0.1 - - [21/Apr/2023 18:49:51] "[36mGET /static/bootstrap/css/bootstrap.min.css HTTP/1.1[0m" 304 -
2023-04-21 18:49:51,169:INFO:127.0.0.1 - - [21/Apr/2023 18:49:51] "[36mGET /static/bootstrap/css/bootstrap-responsive.min.css HTTP/1.1[0m" 304 -
2023-04-21 18:49:51,180:INFO:127.0.0.1 - - [21/Apr/2023 18:49:51] "GET /static/bootstrap/css/styles.css HTTP/1.1" 200 -
2023-04-21 18:49:51,200:INFO:127.0.0.1 - - [21/Apr/2023 18:49:51] "[36mGET /static/css/carrusel.css HTTP/1.1[0m" 304 -
2023-04-21 18:49:51,203:INFO:127.0.0.1 - - [21/Apr/2023 18:49:51] "[36mGET /static/css/nav.css HTTP/1.1[0m" 304 -
2023-04-21 18:49:51,225:INFO:127.0.0.1 - - [21/Apr/2023 18:49:51] "[36mGET /static/js/carrusel.js HTTP/1.1[0m" 304 -
2023-04-21 18:49:51,291:INFO:127.0.0.1 - - [21/Apr/2023 18:49:51] "GET /static/img/ej4.png HTTP/1.1" 200 -
2023-04-21 18:49:51,312:INFO:127.0.0.1 - - [21/Apr/2023 18:49:51] "[36mGET /static/img/fondo5.jpg HTTP/1.1[0m" 304 -
2023-04-21 18:49:51,327:INFO:127.0.0.1 - - [21/Apr/2023 18:49:51] "[33mGET /favicon.ico HTTP/1.1[0m" 404 -
2023-04-21 18:49:53,021:INFO:127.0.0.1 - - [21/Apr/2023 18:49:53] "GET /security/pedidos_empleado HTTP/1.1" 200 -
2023-04-21 18:49:53,160:INFO:127.0.0.1 - - [21/Apr/2023 18:49:53] "[36mGET /static/bootstrap/css/bootstrap-responsive.min.css HTTP/1.1[0m" 304 -
2023-04-21 18:49:53,160:INFO:127.0.0.1 - - [21/Apr/2023 18:49:53] "[36mGET /static/bootstrap/css/bootstrap.min.css HTTP/1.1[0m" 304 -
2023-04-21 18:49:53,170:INFO:127.0.0.1 - - [21/Apr/2023 18:49:53] "[36mGET /static/css/nav.css HTTP/1.1[0m" 304 -
2023-04-21 18:49:53,177:INFO:127.0.0.1 - - [21/Apr/2023 18:49:53] "[36mGET /static/bootstrap/css/styles.css HTTP/1.1[0m" 304 -
2023-04-21 18:49:53,180:INFO:127.0.0.1 - - [21/Apr/2023 18:49:53] "[36mGET /static/css/carrusel.css HTTP/1.1[0m" 304 -
2023-04-21 18:49:53,193:INFO:127.0.0.1 - - [21/Apr/2023 18:49:53] "[36mGET /static/js/carrusel.js HTTP/1.1[0m" 304 -
2023-04-21 18:49:53,260:INFO:127.0.0.1 - - [21/Apr/2023 18:49:53] "[36mGET /static/img/ej4.png HTTP/1.1[0m" 304 -
2023-04-21 18:49:53,276:INFO:127.0.0.1 - - [21/Apr/2023 18:49:53] "[36mGET /static/img/fondo5.jpg HTTP/1.1[0m" 304 -
2023-04-21 18:50:02,277:INFO:127.0.0.1 - - [21/Apr/2023 18:50:02] "GET /contacto HTTP/1.1" 200 -
2023-04-21 18:50:02,387:INFO:127.0.0.1 - - [21/Apr/2023 18:50:02] "[36mGET /static/bootstrap/css/bootstrap.min.css HTTP/1.1[0m" 304 -
2023-04-21 18:50:02,412:INFO:127.0.0.1 - - [21/Apr/2023 18:50:02] "[36mGET /static/bootstrap/css/bootstrap-responsive.min.css HTTP/1.1[0m" 304 -
2023-04-21 18:50:02,415:INFO:127.0.0.1 - - [21/Apr/2023 18:50:02] "[36mGET /static/bootstrap/css/styles.css HTTP/1.1[0m" 304 -
2023-04-21 18:50:02,444:INFO:127.0.0.1 - - [21/Apr/2023 18:50:02] "[36mGET /static/css/nav.css HTTP/1.1[0m" 304 -
2023-04-21 18:50:02,462:INFO:127.0.0.1 - - [21/Apr/2023 18:50:02] "[36mGET /static/css/carrusel.css HTTP/1.1[0m" 304 -
2023-04-21 18:50:02,478:INFO:127.0.0.1 - - [21/Apr/2023 18:50:02] "[36mGET /static/js/carrusel.js HTTP/1.1[0m" 304 -
2023-04-21 18:50:02,489:INFO:127.0.0.1 - - [21/Apr/2023 18:50:02] "[33mGET /static/estilos.css HTTP/1.1[0m" 404 -
2023-04-21 18:50:02,530:INFO:127.0.0.1 - - [21/Apr/2023 18:50:02] "[36mGET /static/img/ej4.png HTTP/1.1[0m" 304 -
2023-04-21 18:50:02,553:INFO:127.0.0.1 - - [21/Apr/2023 18:50:02] "[36mGET /static/img/fondo5.jpg HTTP/1.1[0m" 304 -
2023-04-21 18:50:03,832:INFO:127.0.0.1 - - [21/Apr/2023 18:50:03] "[32mGET /security/logout HTTP/1.1[0m" 302 -
2023-04-21 18:50:03,846:INFO:127.0.0.1 - - [21/Apr/2023 18:50:03] "GET / HTTP/1.1" 200 -
2023-04-21 18:50:03,919:INFO:127.0.0.1 - - [21/Apr/2023 18:50:03] "GET /static/bootstrap/css/bootstrap.min.css HTTP/1.1" 200 -
2023-04-21 18:50:03,938:INFO:127.0.0.1 - - [21/Apr/2023 18:50:03] "GET /static/bootstrap/css/bootstrap-responsive.min.css HTTP/1.1" 200 -
2023-04-21 18:50:03,971:INFO:127.0.0.1 - - [21/Apr/2023 18:50:03] "GET /static/bootstrap/css/styles.css HTTP/1.1" 200 -
2023-04-21 18:50:03,995:INFO:127.0.0.1 - - [21/Apr/2023 18:50:03] "[36mGET /static/css/nav.css HTTP/1.1[0m" 304 -
2023-04-21 18:50:04,015:INFO:127.0.0.1 - - [21/Apr/2023 18:50:04] "[36mGET /static/css/carrusel.css HTTP/1.1[0m" 304 -
2023-04-21 18:50:04,022:INFO:127.0.0.1 - - [21/Apr/2023 18:50:04] "[36mGET /static/js/carrusel.js HTTP/1.1[0m" 304 -
2023-04-21 18:50:04,071:INFO:127.0.0.1 - - [21/Apr/2023 18:50:04] "GET /static/img/ej4.png HTTP/1.1" 200 -
2023-04-21 18:50:04,082:INFO:127.0.0.1 - - [21/Apr/2023 18:50:04] "GET /static/img/mision2.jpg HTTP/1.1" 200 -
2023-04-21 18:50:04,110:INFO:127.0.0.1 - - [21/Apr/2023 18:50:04] "GET /static/img/vision.png HTTP/1.1" 200 -
2023-04-21 18:50:04,142:INFO:127.0.0.1 - - [21/Apr/2023 18:50:04] "[36mGET /static/img/fondo5.jpg HTTP/1.1[0m" 304 -
2023-04-21 19:11:16,074:INFO:127.0.0.1 - - [21/Apr/2023 19:11:16] "GET /security/productos HTTP/1.1" 200 -
2023-04-21 19:11:16,141:INFO:127.0.0.1 - - [21/Apr/2023 19:11:16] "[36mGET /static/bootstrap/css/bootstrap.min.css HTTP/1.1[0m" 304 -
2023-04-21 19:11:16,141:INFO:127.0.0.1 - - [21/Apr/2023 19:11:16] "[36mGET /static/bootstrap/css/bootstrap-responsive.min.css HTTP/1.1[0m" 304 -
2023-04-21 19:11:16,143:INFO:127.0.0.1 - - [21/Apr/2023 19:11:16] "[36mGET /static/bootstrap/css/styles.css HTTP/1.1[0m" 304 -
2023-04-21 19:11:16,150:INFO:127.0.0.1 - - [21/Apr/2023 19:11:16] "[36mGET /static/css/nav.css HTTP/1.1[0m" 304 -
2023-04-21 19:11:16,156:INFO:127.0.0.1 - - [21/Apr/2023 19:11:16] "[36mGET /static/css/carrusel.css HTTP/1.1[0m" 304 -
2023-04-21 19:11:16,157:INFO:127.0.0.1 - - [21/Apr/2023 19:11:16] "[36mGET /static/js/carrusel.js HTTP/1.1[0m" 304 -
2023-04-21 19:11:16,551:INFO:127.0.0.1 - - [21/Apr/2023 19:11:16] "[36mGET /static/img/ej4.png HTTP/1.1[0m" 304 -
2023-04-21 19:11:16,557:INFO:127.0.0.1 - - [21/Apr/2023 19:11:16] "[36mGET /static/img/fondo5.jpg HTTP/1.1[0m" 304 -
2023-04-21 19:11:20,535:INFO:127.0.0.1 - - [21/Apr/2023 19:11:20] "GET /security/login HTTP/1.1" 200 -
2023-04-21 19:11:20,585:INFO:127.0.0.1 - - [21/Apr/2023 19:11:20] "[36mGET /static/css/nav.css HTTP/1.1[0m" 304 -
2023-04-21 19:11:20,593:INFO:127.0.0.1 - - [21/Apr/2023 19:11:20] "[36mGET /static/css/carrusel.css HTTP/1.1[0m" 304 -
2023-04-21 19:11:20,597:INFO:127.0.0.1 - - [21/Apr/2023 19:11:20] "[36mGET /static/js/carrusel.js HTTP/1.1[0m" 304 -
2023-04-21 19:11:20,599:INFO:127.0.0.1 - - [21/Apr/2023 19:11:20] "[36mGET /static/bootstrap/css/bootstrap.min.css HTTP/1.1[0m" 304 -
2023-04-21 19:11:20,605:INFO:127.0.0.1 - - [21/Apr/2023 19:11:20] "[36mGET /static/bootstrap/css/bootstrap-responsive.min.css HTTP/1.1[0m" 304 -
2023-04-21 19:11:20,607:INFO:127.0.0.1 - - [21/Apr/2023 19:11:20] "[33mGET /security/static/estilos.css HTTP/1.1[0m" 404 -
2023-04-21 19:11:20,609:INFO:127.0.0.1 - - [21/Apr/2023 19:11:20] "[36mGET /static/bootstrap/css/styles.css HTTP/1.1[0m" 304 -
2023-04-21 19:11:20,675:INFO:127.0.0.1 - - [21/Apr/2023 19:11:20] "[33mGET /security/static/estilos.css HTTP/1.1[0m" 404 -
2023-04-21 19:11:20,682:INFO:127.0.0.1 - - [21/Apr/2023 19:11:20] "[36mGET /static/img/ej4.png HTTP/1.1[0m" 304 -
2023-04-21 19:11:20,684:INFO:127.0.0.1 - - [21/Apr/2023 19:11:20] "[36mGET /static/img/fondo5.jpg HTTP/1.1[0m" 304 -
2023-04-21 19:12:07,104:INFO:127.0.0.1 - - [21/Apr/2023 19:12:07] "GET /security/login HTTP/1.1" 200 -
2023-04-21 19:12:07,161:INFO:127.0.0.1 - - [21/Apr/2023 19:12:07] "[36mGET /static/bootstrap/css/bootstrap.min.css HTTP/1.1[0m" 304 -
2023-04-21 19:12:07,171:INFO:127.0.0.1 - - [21/Apr/2023 19:12:07] "[36mGET /static/bootstrap/css/bootstrap-responsive.min.css HTTP/1.1[0m" 304 -
2023-04-21 19:12:07,196:INFO:127.0.0.1 - - [21/Apr/2023 19:12:07] "[36mGET /static/bootstrap/css/styles.css HTTP/1.1[0m" 304 -
2023-04-21 19:12:07,202:INFO:127.0.0.1 - - [21/Apr/2023 19:12:07] "[36mGET /static/css/nav.css HTTP/1.1[0m" 304 -
2023-04-21 19:12:07,219:INFO:127.0.0.1 - - [21/Apr/2023 19:12:07] "[33mGET /security/static/estilos.css HTTP/1.1[0m" 404 -
2023-04-21 19:12:07,223:INFO:127.0.0.1 - - [21/Apr/2023 19:12:07] "[36mGET /static/css/carrusel.css HTTP/1.1[0m" 304 -
2023-04-21 19:12:07,226:INFO:127.0.0.1 - - [21/Apr/2023 19:12:07] "[36mGET /static/js/carrusel.js HTTP/1.1[0m" 304 -
2023-04-21 19:12:07,293:INFO:127.0.0.1 - - [21/Apr/2023 19:12:07] "[36mGET /static/img/ej4.png HTTP/1.1[0m" 304 -
2023-04-21 19:12:07,298:INFO:127.0.0.1 - - [21/Apr/2023 19:12:07] "[33mGET /security/static/estilos.css HTTP/1.1[0m" 404 -
2023-04-21 19:12:07,304:INFO:127.0.0.1 - - [21/Apr/2023 19:12:07] "[36mGET /static/img/fondo5.jpg HTTP/1.1[0m" 304 -
2023-04-21 19:12:09,130:INFO:127.0.0.1 - - [21/Apr/2023 19:12:09] "GET /security/register HTTP/1.1" 200 -
2023-04-21 19:12:09,276:INFO:127.0.0.1 - - [21/Apr/2023 19:12:09] "[36mGET /static/bootstrap/css/bootstrap.min.css HTTP/1.1[0m" 304 -
2023-04-21 19:12:09,285:INFO:127.0.0.1 - - [21/Apr/2023 19:12:09] "[36mGET /static/bootstrap/css/bootstrap-responsive.min.css HTTP/1.1[0m" 304 -
2023-04-21 19:12:09,286:INFO:127.0.0.1 - - [21/Apr/2023 19:12:09] "[36mGET /static/bootstrap/css/styles.css HTTP/1.1[0m" 304 -
2023-04-21 19:12:09,300:INFO:127.0.0.1 - - [21/Apr/2023 19:12:09] "[36mGET /static/css/nav.css HTTP/1.1[0m" 304 -
2023-04-21 19:12:09,305:INFO:127.0.0.1 - - [21/Apr/2023 19:12:09] "[36mGET /static/js/carrusel.js HTTP/1.1[0m" 304 -
2023-04-21 19:12:09,307:INFO:127.0.0.1 - - [21/Apr/2023 19:12:09] "[36mGET /static/css/carrusel.css HTTP/1.1[0m" 304 -
2023-04-21 19:12:09,372:INFO:127.0.0.1 - - [21/Apr/2023 19:12:09] "[36mGET /static/img/ej4.png HTTP/1.1[0m" 304 -
2023-04-21 19:12:09,388:INFO:127.0.0.1 - - [21/Apr/2023 19:12:09] "[36mGET /static/img/fondo5.jpg HTTP/1.1[0m" 304 -
2023-04-21 19:13:49,389:INFO:127.0.0.1 - - [21/Apr/2023 19:13:49] "GET /security/register HTTP/1.1" 200 -
2023-04-21 19:13:49,566:INFO:127.0.0.1 - - [21/Apr/2023 19:13:49] "[36mGET /static/bootstrap/css/bootstrap.min.css HTTP/1.1[0m" 304 -
2023-04-21 19:13:49,600:INFO:127.0.0.1 - - [21/Apr/2023 19:13:49] "[36mGET /static/bootstrap/css/bootstrap-responsive.min.css HTTP/1.1[0m" 304 -
2023-04-21 19:13:49,610:INFO:127.0.0.1 - - [21/Apr/2023 19:13:49] "[36mGET /static/bootstrap/css/styles.css HTTP/1.1[0m" 304 -
2023-04-21 19:13:49,620:INFO:127.0.0.1 - - [21/Apr/2023 19:13:49] "[36mGET /static/css/nav.css HTTP/1.1[0m" 304 -
2023-04-21 19:13:49,632:INFO:127.0.0.1 - - [21/Apr/2023 19:13:49] "[36mGET /static/css/carrusel.css HTTP/1.1[0m" 304 -
2023-04-21 19:13:49,637:INFO:127.0.0.1 - - [21/Apr/2023 19:13:49] "[36mGET /static/js/carrusel.js HTTP/1.1[0m" 304 -
2023-04-21 19:13:49,676:INFO:127.0.0.1 - - [21/Apr/2023 19:13:49] "[36mGET /static/img/ej4.png HTTP/1.1[0m" 304 -
2023-04-21 19:13:49,687:INFO:127.0.0.1 - - [21/Apr/2023 19:13:49] "[36mGET /static/img/fondo5.jpg HTTP/1.1[0m" 304 -
2023-04-21 19:14:27,459:INFO:127.0.0.1 - - [21/Apr/2023 19:14:27] "GET /security/register HTTP/1.1" 200 -
2023-04-21 19:14:27,654:INFO:127.0.0.1 - - [21/Apr/2023 19:14:27] "[36mGET /static/bootstrap/css/bootstrap.min.css HTTP/1.1[0m" 304 -
2023-04-21 19:14:27,661:INFO:127.0.0.1 - - [21/Apr/2023 19:14:27] "[36mGET /static/bootstrap/css/bootstrap-responsive.min.css HTTP/1.1[0m" 304 -
2023-04-21 19:14:27,671:INFO:127.0.0.1 - - [21/Apr/2023 19:14:27] "[36mGET /static/bootstrap/css/styles.css HTTP/1.1[0m" 304 -
2023-04-21 19:14:27,677:INFO:127.0.0.1 - - [21/Apr/2023 19:14:27] "[36mGET /static/css/nav.css HTTP/1.1[0m" 304 -
2023-04-21 19:14:27,685:INFO:127.0.0.1 - - [21/Apr/2023 19:14:27] "[36mGET /static/css/carrusel.css HTTP/1.1[0m" 304 -
2023-04-21 19:14:27,690:INFO:127.0.0.1 - - [21/Apr/2023 19:14:27] "[36mGET /static/js/carrusel.js HTTP/1.1[0m" 304 -
2023-04-21 19:14:27,747:INFO:127.0.0.1 - - [21/Apr/2023 19:14:27] "[36mGET /static/img/ej4.png HTTP/1.1[0m" 304 -
2023-04-21 19:14:27,755:INFO:127.0.0.1 - - [21/Apr/2023 19:14:27] "[36mGET /static/img/fondo5.jpg HTTP/1.1[0m" 304 -
2023-04-21 19:15:44,948:INFO:127.0.0.1 - - [21/Apr/2023 19:15:44] "GET /security/register HTTP/1.1" 200 -
2023-04-21 19:15:45,003:INFO:127.0.0.1 - - [21/Apr/2023 19:15:45] "[36mGET /static/bootstrap/css/bootstrap.min.css HTTP/1.1[0m" 304 -
2023-04-21 19:15:45,040:INFO:127.0.0.1 - - [21/Apr/2023 19:15:45] "[36mGET /static/bootstrap/css/styles.css HTTP/1.1[0m" 304 -
2023-04-21 19:15:45,045:INFO:127.0.0.1 - - [21/Apr/2023 19:15:45] "[36mGET /static/bootstrap/css/bootstrap-responsive.min.css HTTP/1.1[0m" 304 -
2023-04-21 19:15:45,056:INFO:127.0.0.1 - - [21/Apr/2023 19:15:45] "[36mGET /static/css/nav.css HTTP/1.1[0m" 304 -
2023-04-21 19:15:45,059:INFO:127.0.0.1 - - [21/Apr/2023 19:15:45] "[36mGET /static/css/carrusel.css HTTP/1.1[0m" 304 -
2023-04-21 19:15:45,067:INFO:127.0.0.1 - - [21/Apr/2023 19:15:45] "[36mGET /static/js/carrusel.js HTTP/1.1[0m" 304 -
2023-04-21 19:15:45,160:INFO:127.0.0.1 - - [21/Apr/2023 19:15:45] "[36mGET /static/img/fondo5.jpg HTTP/1.1[0m" 304 -
2023-04-21 19:15:45,161:INFO:127.0.0.1 - - [21/Apr/2023 19:15:45] "[36mGET /static/img/ej4.png HTTP/1.1[0m" 304 -
2023-04-21 19:16:01,329:INFO:127.0.0.1 - - [21/Apr/2023 19:16:01] "GET /security/register HTTP/1.1" 200 -
2023-04-21 19:16:01,373:INFO:127.0.0.1 - - [21/Apr/2023 19:16:01] "[36mGET /static/bootstrap/css/bootstrap.min.css HTTP/1.1[0m" 304 -
2023-04-21 19:16:01,390:INFO:127.0.0.1 - - [21/Apr/2023 19:16:01] "[36mGET /static/bootstrap/css/styles.css HTTP/1.1[0m" 304 -
2023-04-21 19:16:01,393:INFO:127.0.0.1 - - [21/Apr/2023 19:16:01] "[36mGET /static/bootstrap/css/bootstrap-responsive.min.css HTTP/1.1[0m" 304 -
2023-04-21 19:16:01,400:INFO:127.0.0.1 - - [21/Apr/2023 19:16:01] "[36mGET /static/css/nav.css HTTP/1.1[0m" 304 -
2023-04-21 19:16:01,419:INFO:127.0.0.1 - - [21/Apr/2023 19:16:01] "[36mGET /static/css/carrusel.css HTTP/1.1[0m" 304 -
2023-04-21 19:16:01,421:INFO:127.0.0.1 - - [21/Apr/2023 19:16:01] "[36mGET /static/js/carrusel.js HTTP/1.1[0m" 304 -
2023-04-21 19:16:01,502:INFO:127.0.0.1 - - [21/Apr/2023 19:16:01] "[36mGET /static/img/ej4.png HTTP/1.1[0m" 304 -
2023-04-21 19:16:01,518:INFO:127.0.0.1 - - [21/Apr/2023 19:16:01] "[36mGET /static/img/fondo5.jpg HTTP/1.1[0m" 304 -
2023-04-21 19:17:27,601:DEBUG:Se registro un usuario con el correo: ('Pnicasio@gmail.com',)
2023-04-21 19:17:27,602:INFO:127.0.0.1 - - [21/Apr/2023 19:17:27] "[32mPOST /security/register HTTP/1.1[0m" 302 -
2023-04-21 19:17:27,622:INFO:127.0.0.1 - - [21/Apr/2023 19:17:27] "GET /security/login HTTP/1.1" 200 -
2023-04-21 19:17:27,751:INFO:127.0.0.1 - - [21/Apr/2023 19:17:27] "[36mGET /static/bootstrap/css/bootstrap.min.css HTTP/1.1[0m" 304 -
2023-04-21 19:17:27,771:INFO:127.0.0.1 - - [21/Apr/2023 19:17:27] "[36mGET /static/bootstrap/css/bootstrap-responsive.min.css HTTP/1.1[0m" 304 -
2023-04-21 19:17:27,776:INFO:127.0.0.1 - - [21/Apr/2023 19:17:27] "[36mGET /static/bootstrap/css/styles.css HTTP/1.1[0m" 304 -
2023-04-21 19:17:27,782:INFO:127.0.0.1 - - [21/Apr/2023 19:17:27] "[36mGET /static/css/nav.css HTTP/1.1[0m" 304 -
2023-04-21 19:17:27,790:INFO:127.0.0.1 - - [21/Apr/2023 19:17:27] "[36mGET /static/css/carrusel.css HTTP/1.1[0m" 304 -
2023-04-21 19:17:27,798:INFO:127.0.0.1 - - [21/Apr/2023 19:17:27] "[33mGET /security/static/estilos.css HTTP/1.1[0m" 404 -
2023-04-21 19:17:27,800:INFO:127.0.0.1 - - [21/Apr/2023 19:17:27] "[36mGET /static/js/carrusel.js HTTP/1.1[0m" 304 -
2023-04-21 19:17:27,885:INFO:127.0.0.1 - - [21/Apr/2023 19:17:27] "[36mGET /static/img/ej4.png HTTP/1.1[0m" 304 -
2023-04-21 19:17:27,898:INFO:127.0.0.1 - - [21/Apr/2023 19:17:27] "[33mGET /security/static/estilos.css HTTP/1.1[0m" 404 -
2023-04-21 19:17:27,934:INFO:127.0.0.1 - - [21/Apr/2023 19:17:27] "[36mGET /static/img/fondo5.jpg HTTP/1.1[0m" 304 -
2023-04-21 19:18:17,316:WARNING:Acceso fallido
2023-04-21 19:18:17,318:INFO:127.0.0.1 - - [21/Apr/2023 19:18:17] "[32mPOST /security/login HTTP/1.1[0m" 302 -
2023-04-21 19:18:17,328:INFO:127.0.0.1 - - [21/Apr/2023 19:18:17] "GET /security/login HTTP/1.1" 200 -
2023-04-21 19:18:17,380:INFO:127.0.0.1 - - [21/Apr/2023 19:18:17] "[36mGET /static/bootstrap/css/bootstrap.min.css HTTP/1.1[0m" 304 -
2023-04-21 19:18:17,386:INFO:127.0.0.1 - - [21/Apr/2023 19:18:17] "[36mGET /static/bootstrap/css/bootstrap-responsive.min.css HTTP/1.1[0m" 304 -
2023-04-21 19:18:17,398:INFO:127.0.0.1 - - [21/Apr/2023 19:18:17] "[36mGET /static/bootstrap/css/styles.css HTTP/1.1[0m" 304 -
2023-04-21 19:18:17,402:INFO:127.0.0.1 - - [21/Apr/2023 19:18:17] "[36mGET /static/css/carrusel.css HTTP/1.1[0m" 304 -
2023-04-21 19:18:17,407:INFO:127.0.0.1 - - [21/Apr/2023 19:18:17] "[36mGET /static/css/nav.css HTTP/1.1[0m" 304 -
2023-04-21 19:18:17,416:INFO:127.0.0.1 - - [21/Apr/2023 19:18:17] "[36mGET /static/js/carrusel.js HTTP/1.1[0m" 304 -
2023-04-21 19:18:17,425:INFO:127.0.0.1 - - [21/Apr/2023 19:18:17] "[33mGET /security/static/estilos.css HTTP/1.1[0m" 404 -
2023-04-21 19:18:17,489:INFO:127.0.0.1 - - [21/Apr/2023 19:18:17] "[33mGET /security/static/estilos.css HTTP/1.1[0m" 404 -
2023-04-21 19:18:17,493:INFO:127.0.0.1 - - [21/Apr/2023 19:18:17] "[36mGET /static/img/ej4.png HTTP/1.1[0m" 304 -
2023-04-21 19:18:17,511:INFO:127.0.0.1 - - [21/Apr/2023 19:18:17] "[36mGET /static/img/fondo5.jpg HTTP/1.1[0m" 304 -
2023-04-21 19:18:22,926:DEBUG:El usuario Pnicasio@gmail.com ingreso al sistema
2023-04-21 19:18:22,929:INFO:127.0.0.1 - - [21/Apr/2023 19:18:22] "[32mPOST /security/login HTTP/1.1[0m" 302 -
2023-04-21 19:18:22,943:INFO:127.0.0.1 - - [21/Apr/2023 19:18:22] "GET / HTTP/1.1" 200 -
2023-04-21 19:18:23,062:INFO:127.0.0.1 - - [21/Apr/2023 19:18:23] "[36mGET /static/bootstrap/css/bootstrap.min.css HTTP/1.1[0m" 304 -
2023-04-21 19:18:23,078:INFO:127.0.0.1 - - [21/Apr/2023 19:18:23] "[36mGET /static/bootstrap/css/bootstrap-responsive.min.css HTTP/1.1[0m" 304 -
2023-04-21 19:18:23,081:INFO:127.0.0.1 - - [21/Apr/2023 19:18:23] "[36mGET /static/bootstrap/css/styles.css HTTP/1.1[0m" 304 -
2023-04-21 19:18:23,088:INFO:127.0.0.1 - - [21/Apr/2023 19:18:23] "[36mGET /static/css/carrusel.css HTTP/1.1[0m" 304 -
2023-04-21 19:18:23,091:INFO:127.0.0.1 - - [21/Apr/2023 19:18:23] "[36mGET /static/css/nav.css HTTP/1.1[0m" 304 -
2023-04-21 19:18:23,092:INFO:127.0.0.1 - - [21/Apr/2023 19:18:23] "[36mGET /static/js/carrusel.js HTTP/1.1[0m" 304 -
2023-04-21 19:18:23,128:INFO:127.0.0.1 - - [21/Apr/2023 19:18:23] "[36mGET /static/img/mision2.jpg HTTP/1.1[0m" 304 -
2023-04-21 19:18:23,129:INFO:127.0.0.1 - - [21/Apr/2023 19:18:23] "[36mGET /static/img/vision.png HTTP/1.1[0m" 304 -
2023-04-21 19:18:23,191:INFO:127.0.0.1 - - [21/Apr/2023 19:18:23] "[36mGET /static/img/ej4.png HTTP/1.1[0m" 304 -
2023-04-21 19:18:23,205:INFO:127.0.0.1 - - [21/Apr/2023 19:18:23] "[36mGET /static/img/fondo5.jpg HTTP/1.1[0m" 304 -
2023-04-21 19:18:26,150:INFO:127.0.0.1 - - [21/Apr/2023 19:18:26] "GET /security/administracion_empleado HTTP/1.1" 200 -
2023-04-21 19:18:26,265:INFO:127.0.0.1 - - [21/Apr/2023 19:18:26] "[36mGET /static/bootstrap/css/bootstrap.min.css HTTP/1.1[0m" 304 -
2023-04-21 19:18:26,298:INFO:127.0.0.1 - - [21/Apr/2023 19:18:26] "[36mGET /static/bootstrap/css/bootstrap-responsive.min.css HTTP/1.1[0m" 304 -
2023-04-21 19:18:26,306:INFO:127.0.0.1 - - [21/Apr/2023 19:18:26] "[36mGET /static/bootstrap/css/styles.css HTTP/1.1[0m" 304 -
2023-04-21 19:18:26,313:INFO:127.0.0.1 - - [21/Apr/2023 19:18:26] "[36mGET /static/css/nav.css HTTP/1.1[0m" 304 -
2023-04-21 19:18:26,323:INFO:127.0.0.1 - - [21/Apr/2023 19:18:26] "[36mGET /static/css/carrusel.css HTTP/1.1[0m" 304 -
2023-04-21 19:18:26,364:INFO:127.0.0.1 - - [21/Apr/2023 19:18:26] "[33mGET /security/static/estilos.css HTTP/1.1[0m" 404 -
2023-04-21 19:18:26,367:INFO:127.0.0.1 - - [21/Apr/2023 19:18:26] "[36mGET /static/js/carrusel.js HTTP/1.1[0m" 304 -
2023-04-21 19:18:26,375:INFO:127.0.0.1 - - [21/Apr/2023 19:18:26] "[33mGET /security/static/sweetalert2/sweetalert2.min.css HTTP/1.1[0m" 404 -
2023-04-21 19:18:26,378:INFO:127.0.0.1 - - [21/Apr/2023 19:18:26] "[33mGET /security/static/sweetalert2/sweetalert2.min.js HTTP/1.1[0m" 404 -
2023-04-21 19:18:26,469:INFO:127.0.0.1 - - [21/Apr/2023 19:18:26] "[36mGET /static/img/ej4.png HTTP/1.1[0m" 304 -
2023-04-21 19:18:26,473:INFO:127.0.0.1 - - [21/Apr/2023 19:18:26] "[36mGET /static/img/fondo5.jpg HTTP/1.1[0m" 304 -
2023-04-21 19:18:26,475:INFO:127.0.0.1 - - [21/Apr/2023 19:18:26] "[33mGET /security/static/estilos.css HTTP/1.1[0m" 404 -
2023-04-21 19:18:26,498:INFO:127.0.0.1 - - [21/Apr/2023 19:18:26] "GET /static/bootstrap/img/glyphicons-halflings-white.png HTTP/1.1" 200 -
2023-04-21 19:20:15,499:INFO:127.0.0.1 - - [21/Apr/2023 19:20:15] "[32mGET /security/empleados HTTP/1.1[0m" 302 -
2023-04-21 19:20:15,513:INFO:127.0.0.1 - - [21/Apr/2023 19:20:15] "GET /login?next=%2Fsecurity%2Fempleados HTTP/1.1" 200 -
2023-04-21 19:21:07,751:INFO:127.0.0.1 - - [21/Apr/2023 19:21:07] "GET /security/administracion_empleado HTTP/1.1" 200 -
2023-04-21 19:21:07,833:INFO:127.0.0.1 - - [21/Apr/2023 19:21:07] "[36mGET /static/bootstrap/css/bootstrap.min.css HTTP/1.1[0m" 304 -
2023-04-21 19:21:07,839:INFO:127.0.0.1 - - [21/Apr/2023 19:21:07] "[36mGET /static/bootstrap/css/bootstrap-responsive.min.css HTTP/1.1[0m" 304 -
2023-04-21 19:21:07,850:INFO:127.0.0.1 - - [21/Apr/2023 19:21:07] "[36mGET /static/bootstrap/css/styles.css HTTP/1.1[0m" 304 -
2023-04-21 19:21:07,853:INFO:127.0.0.1 - - [21/Apr/2023 19:21:07] "[36mGET /static/css/nav.css HTTP/1.1[0m" 304 -
2023-04-21 19:21:07,861:INFO:127.0.0.1 - - [21/Apr/2023 19:21:07] "[36mGET /static/css/carrusel.css HTTP/1.1[0m" 304 -
2023-04-21 19:21:07,869:INFO:127.0.0.1 - - [21/Apr/2023 19:21:07] "[36mGET /static/js/carrusel.js HTTP/1.1[0m" 304 -
2023-04-21 19:21:07,895:INFO:127.0.0.1 - - [21/Apr/2023 19:21:07] "[33mGET /security/static/sweetalert2/sweetalert2.min.css HTTP/1.1[0m" 404 -
2023-04-21 19:21:07,897:INFO:127.0.0.1 - - [21/Apr/2023 19:21:07] "[33mGET /security/static/sweetalert2/sweetalert2.min.js HTTP/1.1[0m" 404 -
2023-04-21 19:21:07,898:INFO:127.0.0.1 - - [21/Apr/2023 19:21:07] "[33mGET /security/static/estilos.css HTTP/1.1[0m" 404 -
2023-04-21 19:21:07,965:INFO:127.0.0.1 - - [21/Apr/2023 19:21:07] "[36mGET /static/img/ej4.png HTTP/1.1[0m" 304 -
2023-04-21 19:21:07,994:INFO:127.0.0.1 - - [21/Apr/2023 19:21:07] "[33mGET /security/static/sweetalert2/sweetalert2.min.css HTTP/1.1[0m" 404 -
2023-04-21 19:21:08,005:INFO:127.0.0.1 - - [21/Apr/2023 19:21:08] "[33mGET /security/static/sweetalert2/sweetalert2.min.js HTTP/1.1[0m" 404 -
2023-04-21 19:21:08,012:INFO:127.0.0.1 - - [21/Apr/2023 19:21:08] "[36mGET /static/img/fondo5.jpg HTTP/1.1[0m" 304 -
2023-04-21 19:21:08,042:INFO:127.0.0.1 - - [21/Apr/2023 19:21:08] "[33mGET /security/static/estilos.css HTTP/1.1[0m" 404 -
2023-04-21 19:21:08,061:INFO:127.0.0.1 - - [21/Apr/2023 19:21:08] "GET /static/bootstrap/img/glyphicons-halflings-white.png HTTP/1.1" 200 -
2023-04-21 19:21:21,687:INFO:127.0.0.1 - - [21/Apr/2023 19:21:21] "[32mGET /security/proveedor_admin HTTP/1.1[0m" 302 -
2023-04-21 19:21:21,711:INFO:127.0.0.1 - - [21/Apr/2023 19:21:21] "GET /security/administracion_empleado HTTP/1.1" 200 -
2023-04-21 19:21:21,777:INFO:127.0.0.1 - - [21/Apr/2023 19:21:21] "[36mGET /static/bootstrap/css/bootstrap.min.css HTTP/1.1[0m" 304 -
2023-04-21 19:21:21,816:INFO:127.0.0.1 - - [21/Apr/2023 19:21:21] "[36mGET /static/bootstrap/css/bootstrap-responsive.min.css HTTP/1.1[0m" 304 -
2023-04-21 19:21:21,824:INFO:127.0.0.1 - - [21/Apr/2023 19:21:21] "[36mGET /static/bootstrap/css/styles.css HTTP/1.1[0m" 304 -
2023-04-21 19:21:21,835:INFO:127.0.0.1 - - [21/Apr/2023 19:21:21] "[36mGET /static/css/nav.css HTTP/1.1[0m" 304 -
2023-04-21 19:21:21,843:INFO:127.0.0.1 - - [21/Apr/2023 19:21:21] "[36mGET /static/css/carrusel.css HTTP/1.1[0m" 304 -
2023-04-21 19:21:21,843:INFO:127.0.0.1 - - [21/Apr/2023 19:21:21] "[36mGET /static/js/carrusel.js HTTP/1.1[0m" 304 -
2023-04-21 19:21:21,875:INFO:127.0.0.1 - - [21/Apr/2023 19:21:21] "[33mGET /security/static/sweetalert2/sweetalert2.min.js HTTP/1.1[0m" 404 -
2023-04-21 19:21:21,887:INFO:127.0.0.1 - - [21/Apr/2023 19:21:21] "[33mGET /security/static/sweetalert2/sweetalert2.min.css HTTP/1.1[0m" 404 -
2023-04-21 19:21:21,892:INFO:127.0.0.1 - - [21/Apr/2023 19:21:21] "[33mGET /security/static/estilos.css HTTP/1.1[0m" 404 -
2023-04-21 19:21:21,959:INFO:127.0.0.1 - - [21/Apr/2023 19:21:21] "[36mGET /static/img/ej4.png HTTP/1.1[0m" 304 -
2023-04-21 19:21:21,963:INFO:127.0.0.1 - - [21/Apr/2023 19:21:21] "[33mGET /security/static/sweetalert2/sweetalert2.min.css HTTP/1.1[0m" 404 -
2023-04-21 19:21:21,966:INFO:127.0.0.1 - - [21/Apr/2023 19:21:21] "[33mGET /security/static/sweetalert2/sweetalert2.min.js HTTP/1.1[0m" 404 -
2023-04-21 19:21:21,982:INFO:127.0.0.1 - - [21/Apr/2023 19:21:21] "[36mGET /static/img/fondo5.jpg HTTP/1.1[0m" 304 -
2023-04-21 19:21:22,032:INFO:127.0.0.1 - - [21/Apr/2023 19:21:22] "[33mGET /security/static/estilos.css HTTP/1.1[0m" 404 -
2023-04-21 19:21:22,047:INFO:127.0.0.1 - - [21/Apr/2023 19:21:22] "GET /static/bootstrap/img/glyphicons-halflings-white.png HTTP/1.1" 200 -
2023-04-21 19:29:17,006:INFO:127.0.0.1 - - [21/Apr/2023 19:29:17] "[32mGET /security/logout HTTP/1.1[0m" 302 -
2023-04-21 19:29:17,126:INFO:127.0.0.1 - - [21/Apr/2023 19:29:17] "GET / HTTP/1.1" 200 -
2023-04-21 19:29:17,227:INFO:127.0.0.1 - - [21/Apr/2023 19:29:17] "[36mGET /static/bootstrap/css/bootstrap.min.css HTTP/1.1[0m" 304 -
2023-04-21 19:29:17,244:INFO:127.0.0.1 - - [21/Apr/2023 19:29:17] "[36mGET /static/bootstrap/css/bootstrap-responsive.min.css HTTP/1.1[0m" 304 -
2023-04-21 19:29:17,254:INFO:127.0.0.1 - - [21/Apr/2023 19:29:17] "[36mGET /static/bootstrap/css/styles.css HTTP/1.1[0m" 304 -
2023-04-21 19:29:17,260:INFO:127.0.0.1 - - [21/Apr/2023 19:29:17] "[36mGET /static/css/nav.css HTTP/1.1[0m" 304 -
2023-04-21 19:29:17,262:INFO:127.0.0.1 - - [21/Apr/2023 19:29:17] "[36mGET /static/css/carrusel.css HTTP/1.1[0m" 304 -
2023-04-21 19:29:17,270:INFO:127.0.0.1 - - [21/Apr/2023 19:29:17] "[36mGET /static/js/carrusel.js HTTP/1.1[0m" 304 -
2023-04-21 19:29:17,689:INFO:127.0.0.1 - - [21/Apr/2023 19:29:17] "[36mGET /static/img/ej4.png HTTP/1.1[0m" 304 -
2023-04-21 19:29:17,691:INFO:127.0.0.1 - - [21/Apr/2023 19:29:17] "GET /static/img/mision2.jpg HTTP/1.1" 200 -
2023-04-21 19:29:17,702:INFO:127.0.0.1 - - [21/Apr/2023 19:29:17] "[36mGET /static/img/fondo5.jpg HTTP/1.1[0m" 304 -
2023-04-21 19:29:17,706:INFO:127.0.0.1 - - [21/Apr/2023 19:29:17] "GET /static/img/vision.png HTTP/1.1" 200 -
2023-04-21 19:29:20,326:INFO:127.0.0.1 - - [21/Apr/2023 19:29:20] "GET /security/login HTTP/1.1" 200 -
2023-04-21 19:29:20,520:INFO:127.0.0.1 - - [21/Apr/2023 19:29:20] "[36mGET /static/bootstrap/css/bootstrap.min.css HTTP/1.1[0m" 304 -
2023-04-21 19:29:20,527:INFO:127.0.0.1 - - [21/Apr/2023 19:29:20] "[36mGET /static/bootstrap/css/bootstrap-responsive.min.css HTTP/1.1[0m" 304 -
2023-04-21 19:29:20,539:INFO:127.0.0.1 - - [21/Apr/2023 19:29:20] "[36mGET /static/bootstrap/css/styles.css HTTP/1.1[0m" 304 -
2023-04-21 19:29:20,546:INFO:127.0.0.1 - - [21/Apr/2023 19:29:20] "[36mGET /static/css/carrusel.css HTTP/1.1[0m" 304 -
2023-04-21 19:29:20,551:INFO:127.0.0.1 - - [21/Apr/2023 19:29:20] "[36mGET /static/js/carrusel.js HTTP/1.1[0m" 304 -
2023-04-21 19:29:20,553:INFO:127.0.0.1 - - [21/Apr/2023 19:29:20] "[36mGET /static/css/nav.css HTTP/1.1[0m" 304 -
2023-04-21 19:29:20,561:INFO:127.0.0.1 - - [21/Apr/2023 19:29:20] "[33mGET /security/static/estilos.css HTTP/1.1[0m" 404 -
2023-04-21 19:29:20,622:INFO:127.0.0.1 - - [21/Apr/2023 19:29:20] "[33mGET /security/static/estilos.css HTTP/1.1[0m" 404 -
2023-04-21 19:29:20,624:INFO:127.0.0.1 - - [21/Apr/2023 19:29:20] "[36mGET /static/img/ej4.png HTTP/1.1[0m" 304 -
2023-04-21 19:29:20,647:INFO:127.0.0.1 - - [21/Apr/2023 19:29:20] "[36mGET /static/img/fondo5.jpg HTTP/1.1[0m" 304 -
2023-04-21 19:29:25,252:DEBUG:El usuario FernandoLP.mx@outlook.com ingreso al sistema
2023-04-21 19:29:25,254:INFO:127.0.0.1 - - [21/Apr/2023 19:29:25] "[32mPOST /security/login HTTP/1.1[0m" 302 -
2023-04-21 19:29:25,266:INFO:127.0.0.1 - - [21/Apr/2023 19:29:25] "GET / HTTP/1.1" 200 -
2023-04-21 19:29:25,351:INFO:127.0.0.1 - - [21/Apr/2023 19:29:25] "[36mGET /static/bootstrap/css/bootstrap.min.css HTTP/1.1[0m" 304 -
2023-04-21 19:29:25,391:INFO:127.0.0.1 - - [21/Apr/2023 19:29:25] "[36mGET /static/bootstrap/css/bootstrap-responsive.min.css HTTP/1.1[0m" 304 -
2023-04-21 19:29:25,409:INFO:127.0.0.1 - - [21/Apr/2023 19:29:25] "[36mGET /static/bootstrap/css/styles.css HTTP/1.1[0m" 304 -
2023-04-21 19:29:25,416:INFO:127.0.0.1 - - [21/Apr/2023 19:29:25] "[36mGET /static/css/nav.css HTTP/1.1[0m" 304 -
2023-04-21 19:29:25,416:INFO:127.0.0.1 - - [21/Apr/2023 19:29:25] "[36mGET /static/css/carrusel.css HTTP/1.1[0m" 304 -
2023-04-21 19:29:25,440:INFO:127.0.0.1 - - [21/Apr/2023 19:29:25] "[36mGET /static/js/carrusel.js HTTP/1.1[0m" 304 -
2023-04-21 19:29:25,519:INFO:127.0.0.1 - - [21/Apr/2023 19:29:25] "[36mGET /static/img/ej4.png HTTP/1.1[0m" 304 -
2023-04-21 19:29:25,522:INFO:127.0.0.1 - - [21/Apr/2023 19:29:25] "[36mGET /static/img/mision2.jpg HTTP/1.1[0m" 304 -
2023-04-21 19:29:25,548:INFO:127.0.0.1 - - [21/Apr/2023 19:29:25] "[36mGET /static/img/vision.png HTTP/1.1[0m" 304 -
2023-04-21 19:29:25,551:INFO:127.0.0.1 - - [21/Apr/2023 19:29:25] "[36mGET /static/img/fondo5.jpg HTTP/1.1[0m" 304 -
2023-04-21 19:29:31,737:INFO:127.0.0.1 - - [21/Apr/2023 19:29:31] "GET /security/empleados HTTP/1.1" 200 -
2023-04-21 19:29:31,917:INFO:127.0.0.1 - - [21/Apr/2023 19:29:31] "[36mGET /static/bootstrap/css/bootstrap.min.css HTTP/1.1[0m" 304 -
2023-04-21 19:29:31,944:INFO:127.0.0.1 - - [21/Apr/2023 19:29:31] "[36mGET /static/bootstrap/css/bootstrap-responsive.min.css HTTP/1.1[0m" 304 -
2023-04-21 19:29:31,953:INFO:127.0.0.1 - - [21/Apr/2023 19:29:31] "[36mGET /static/bootstrap/css/styles.css HTTP/1.1[0m" 304 -
2023-04-21 19:29:31,967:INFO:127.0.0.1 - - [21/Apr/2023 19:29:31] "[36mGET /static/css/nav.css HTTP/1.1[0m" 304 -
2023-04-21 19:29:32,001:INFO:127.0.0.1 - - [21/Apr/2023 19:29:32] "[36mGET /static/js/carrusel.js HTTP/1.1[0m" 304 -
2023-04-21 19:29:32,003:INFO:127.0.0.1 - - [21/Apr/2023 19:29:32] "[33mGET /security/static/estilos.css HTTP/1.1[0m" 404 -
2023-04-21 19:29:32,003:INFO:127.0.0.1 - - [21/Apr/2023 19:29:32] "[36mGET /static/css/carrusel.css HTTP/1.1[0m" 304 -
2023-04-21 19:29:32,008:INFO:127.0.0.1 - - [21/Apr/2023 19:29:32] "[33mGET /security/static/sweetalert2/sweetalert2.min.css HTTP/1.1[0m" 404 -
2023-04-21 19:29:32,025:INFO:127.0.0.1 - - [21/Apr/2023 19:29:32] "[33mGET /security/static/sweetalert2/sweetalert2.min.js HTTP/1.1[0m" 404 -
2023-04-21 19:29:32,197:INFO:127.0.0.1 - - [21/Apr/2023 19:29:32] "[33mGET /security/static/sweetalert2/sweetalert2.min.css HTTP/1.1[0m" 404 -
2023-04-21 19:29:32,200:INFO:127.0.0.1 - - [21/Apr/2023 19:29:32] "[36mGET /static/img/ej4.png HTTP/1.1[0m" 304 -
2023-04-21 19:29:32,200:INFO:127.0.0.1 - - [21/Apr/2023 19:29:32] "[33mGET /security/static/sweetalert2/sweetalert2.min.js HTTP/1.1[0m" 404 -
2023-04-21 19:29:32,214:INFO:127.0.0.1 - - [21/Apr/2023 19:29:32] "[36mGET /static/img/fondo5.jpg HTTP/1.1[0m" 304 -
2023-04-21 19:29:32,231:INFO:127.0.0.1 - - [21/Apr/2023 19:29:32] "[33mGET /security/static/estilos.css HTTP/1.1[0m" 404 -
2023-04-21 19:29:32,242:INFO:127.0.0.1 - - [21/Apr/2023 19:29:32] "GET /static/bootstrap/img/glyphicons-halflings-white.png HTTP/1.1" 200 -
2023-04-21 19:30:49,070:INFO:127.0.0.1 - - [21/Apr/2023 19:30:49] "[32mPOST /security/empleados HTTP/1.1[0m" 302 -
2023-04-21 19:30:49,095:INFO:127.0.0.1 - - [21/Apr/2023 19:30:49] "GET /security/empleados HTTP/1.1" 200 -
2023-04-21 19:30:49,168:INFO:127.0.0.1 - - [21/Apr/2023 19:30:49] "[36mGET /static/bootstrap/css/bootstrap.min.css HTTP/1.1[0m" 304 -
2023-04-21 19:30:49,185:INFO:127.0.0.1 - - [21/Apr/2023 19:30:49] "[36mGET /static/bootstrap/css/bootstrap-responsive.min.css HTTP/1.1[0m" 304 -
2023-04-21 19:30:49,204:INFO:127.0.0.1 - - [21/Apr/2023 19:30:49] "[36mGET /static/bootstrap/css/styles.css HTTP/1.1[0m" 304 -
2023-04-21 19:30:49,217:INFO:127.0.0.1 - - [21/Apr/2023 19:30:49] "[36mGET /static/css/nav.css HTTP/1.1[0m" 304 -
2023-04-21 19:30:49,222:INFO:127.0.0.1 - - [21/Apr/2023 19:30:49] "[36mGET /static/css/carrusel.css HTTP/1.1[0m" 304 -
2023-04-21 19:30:49,290:INFO:127.0.0.1 - - [21/Apr/2023 19:30:49] "[36mGET /static/js/carrusel.js HTTP/1.1[0m" 304 -
2023-04-21 19:30:49,291:INFO:127.0.0.1 - - [21/Apr/2023 19:30:49] "[33mGET /security/static/sweetalert2/sweetalert2.min.css HTTP/1.1[0m" 404 -
2023-04-21 19:30:49,293:INFO:127.0.0.1 - - [21/Apr/2023 19:30:49] "[33mGET /security/static/sweetalert2/sweetalert2.min.js HTTP/1.1[0m" 404 -
2023-04-21 19:30:49,296:INFO:127.0.0.1 - - [21/Apr/2023 19:30:49] "[33mGET /security/static/estilos.css HTTP/1.1[0m" 404 -
2023-04-21 19:30:49,387:INFO:127.0.0.1 - - [21/Apr/2023 19:30:49] "[36mGET /static/img/ej4.png HTTP/1.1[0m" 304 -
2023-04-21 19:30:49,387:INFO:127.0.0.1 - - [21/Apr/2023 19:30:49] "[33mGET /security/static/sweetalert2/sweetalert2.min.css HTTP/1.1[0m" 404 -
2023-04-21 19:30:49,394:INFO:127.0.0.1 - - [21/Apr/2023 19:30:49] "[33mGET /security/static/sweetalert2/sweetalert2.min.js HTTP/1.1[0m" 404 -
2023-04-21 19:30:49,416:INFO:127.0.0.1 - - [21/Apr/2023 19:30:49] "[36mGET /static/img/fondo5.jpg HTTP/1.1[0m" 304 -
2023-04-21 19:30:49,422:INFO:127.0.0.1 - - [21/Apr/2023 19:30:49] "[33mGET /security/static/estilos.css HTTP/1.1[0m" 404 -
2023-04-21 19:30:49,445:INFO:127.0.0.1 - - [21/Apr/2023 19:30:49] "[36mGET /static/bootstrap/img/glyphicons-halflings-white.png HTTP/1.1[0m" 304 -
2023-04-21 19:32:34,305:INFO:127.0.0.1 - - [21/Apr/2023 19:32:34] "[32mPOST /security/empleados HTTP/1.1[0m" 302 -
2023-04-21 19:32:34,330:INFO:127.0.0.1 - - [21/Apr/2023 19:32:34] "GET /security/empleados HTTP/1.1" 200 -
2023-04-21 19:32:34,424:INFO:127.0.0.1 - - [21/Apr/2023 19:32:34] "[36mGET /static/bootstrap/css/bootstrap-responsive.min.css HTTP/1.1[0m" 304 -
2023-04-21 19:32:34,425:INFO:127.0.0.1 - - [21/Apr/2023 19:32:34] "[36mGET /static/bootstrap/css/bootstrap.min.css HTTP/1.1[0m" 304 -
2023-04-21 19:32:34,432:INFO:127.0.0.1 - - [21/Apr/2023 19:32:34] "[36mGET /static/bootstrap/css/styles.css HTTP/1.1[0m" 304 -
2023-04-21 19:32:34,450:INFO:127.0.0.1 - - [21/Apr/2023 19:32:34] "[36mGET /static/css/nav.css HTTP/1.1[0m" 304 -
2023-04-21 19:32:34,460:INFO:127.0.0.1 - - [21/Apr/2023 19:32:34] "[36mGET /static/css/carrusel.css HTTP/1.1[0m" 304 -
2023-04-21 19:32:34,469:INFO:127.0.0.1 - - [21/Apr/2023 19:32:34] "[36mGET /static/js/carrusel.js HTTP/1.1[0m" 304 -
2023-04-21 19:32:34,495:INFO:127.0.0.1 - - [21/Apr/2023 19:32:34] "[33mGET /security/static/sweetalert2/sweetalert2.min.css HTTP/1.1[0m" 404 -
2023-04-21 19:32:34,507:INFO:127.0.0.1 - - [21/Apr/2023 19:32:34] "[33mGET /security/static/sweetalert2/sweetalert2.min.js HTTP/1.1[0m" 404 -
2023-04-21 19:32:34,515:INFO:127.0.0.1 - - [21/Apr/2023 19:32:34] "[33mGET /security/static/estilos.css HTTP/1.1[0m" 404 -
2023-04-21 19:32:34,544:INFO:127.0.0.1 - - [21/Apr/2023 19:32:34] "[36mGET /static/img/ej4.png HTTP/1.1[0m" 304 -
2023-04-21 19:32:34,563:INFO:127.0.0.1 - - [21/Apr/2023 19:32:34] "[33mGET /security/static/estilos.css HTTP/1.1[0m" 404 -
2023-04-21 19:32:34,574:INFO:127.0.0.1 - - [21/Apr/2023 19:32:34] "[36mGET /static/img/fondo5.jpg HTTP/1.1[0m" 304 -
2023-04-21 19:32:34,593:INFO:127.0.0.1 - - [21/Apr/2023 19:32:34] "[36mGET /static/bootstrap/img/glyphicons-halflings-white.png HTTP/1.1[0m" 304 -
2023-04-21 19:33:02,565:INFO:127.0.0.1 - - [21/Apr/2023 19:33:02] "[32mGET /security/logout HTTP/1.1[0m" 302 -
2023-04-21 19:33:02,598:INFO:127.0.0.1 - - [21/Apr/2023 19:33:02] "GET / HTTP/1.1" 200 -
2023-04-21 19:33:02,778:INFO:127.0.0.1 - - [21/Apr/2023 19:33:02] "[36mGET /static/bootstrap/css/bootstrap-responsive.min.css HTTP/1.1[0m" 304 -
2023-04-21 19:33:02,781:INFO:127.0.0.1 - - [21/Apr/2023 19:33:02] "[36mGET /static/bootstrap/css/bootstrap.min.css HTTP/1.1[0m" 304 -
2023-04-21 19:33:02,802:INFO:127.0.0.1 - - [21/Apr/2023 19:33:02] "[36mGET /static/bootstrap/css/styles.css HTTP/1.1[0m" 304 -
2023-04-21 19:33:02,803:INFO:127.0.0.1 - - [21/Apr/2023 19:33:02] "[36mGET /static/css/nav.css HTTP/1.1[0m" 304 -
2023-04-21 19:33:02,811:INFO:127.0.0.1 - - [21/Apr/2023 19:33:02] "[36mGET /static/css/carrusel.css HTTP/1.1[0m" 304 -
2023-04-21 19:33:02,813:INFO:127.0.0.1 - - [21/Apr/2023 19:33:02] "[36mGET /static/js/carrusel.js HTTP/1.1[0m" 304 -
2023-04-21 19:33:02,878:INFO:127.0.0.1 - - [21/Apr/2023 19:33:02] "[36mGET /static/img/ej4.png HTTP/1.1[0m" 304 -
2023-04-21 19:33:02,884:INFO:127.0.0.1 - - [21/Apr/2023 19:33:02] "[36mGET /static/img/mision2.jpg HTTP/1.1[0m" 304 -
2023-04-21 19:33:02,901:INFO:127.0.0.1 - - [21/Apr/2023 19:33:02] "[36mGET /static/img/vision.png HTTP/1.1[0m" 304 -
2023-04-21 19:33:02,924:INFO:127.0.0.1 - - [21/Apr/2023 19:33:02] "[36mGET /static/img/fondo5.jpg HTTP/1.1[0m" 304 -
2023-04-21 19:33:05,751:INFO:127.0.0.1 - - [21/Apr/2023 19:33:05] "GET /security/login HTTP/1.1" 200 -
2023-04-21 19:33:05,910:INFO:127.0.0.1 - - [21/Apr/2023 19:33:05] "[36mGET /static/bootstrap/css/bootstrap.min.css HTTP/1.1[0m" 304 -
2023-04-21 19:33:05,918:INFO:127.0.0.1 - - [21/Apr/2023 19:33:05] "[36mGET /static/bootstrap/css/bootstrap-responsive.min.css HTTP/1.1[0m" 304 -
2023-04-21 19:33:05,937:INFO:127.0.0.1 - - [21/Apr/2023 19:33:05] "[36mGET /static/bootstrap/css/styles.css HTTP/1.1[0m" 304 -
2023-04-21 19:33:05,944:INFO:127.0.0.1 - - [21/Apr/2023 19:33:05] "[36mGET /static/css/nav.css HTTP/1.1[0m" 304 -
2023-04-21 19:33:05,951:INFO:127.0.0.1 - - [21/Apr/2023 19:33:05] "[36mGET /static/css/carrusel.css HTTP/1.1[0m" 304 -
2023-04-21 19:33:05,961:INFO:127.0.0.1 - - [21/Apr/2023 19:33:05] "[33mGET /security/static/estilos.css HTTP/1.1[0m" 404 -
2023-04-21 19:33:05,964:INFO:127.0.0.1 - - [21/Apr/2023 19:33:05] "[36mGET /static/js/carrusel.js HTTP/1.1[0m" 304 -
2023-04-21 19:33:06,026:INFO:127.0.0.1 - - [21/Apr/2023 19:33:06] "[33mGET /security/static/estilos.css HTTP/1.1[0m" 404 -
2023-04-21 19:33:06,028:INFO:127.0.0.1 - - [21/Apr/2023 19:33:06] "[36mGET /static/img/ej4.png HTTP/1.1[0m" 304 -
2023-04-21 19:33:06,040:INFO:127.0.0.1 - - [21/Apr/2023 19:33:06] "[36mGET /static/img/fondo5.jpg HTTP/1.1[0m" 304 -
2023-04-21 19:33:06,263:INFO:127.0.0.1 - - [21/Apr/2023 19:33:06] "GET /security/login HTTP/1.1" 200 -
2023-04-21 19:33:06,312:INFO:127.0.0.1 - - [21/Apr/2023 19:33:06] "[36mGET /static/bootstrap/css/bootstrap.min.css HTTP/1.1[0m" 304 -
2023-04-21 19:33:06,354:INFO:127.0.0.1 - - [21/Apr/2023 19:33:06] "[36mGET /static/bootstrap/css/bootstrap-responsive.min.css HTTP/1.1[0m" 304 -
2023-04-21 19:33:06,368:INFO:127.0.0.1 - - [21/Apr/2023 19:33:06] "[36mGET /static/bootstrap/css/styles.css HTTP/1.1[0m" 304 -
2023-04-21 19:33:06,369:INFO:127.0.0.1 - - [21/Apr/2023 19:33:06] "[36mGET /static/css/nav.css HTTP/1.1[0m" 304 -
2023-04-21 19:33:06,391:INFO:127.0.0.1 - - [21/Apr/2023 19:33:06] "[36mGET /static/css/carrusel.css HTTP/1.1[0m" 304 -
2023-04-21 19:33:06,396:INFO:127.0.0.1 - - [21/Apr/2023 19:33:06] "[36mGET /static/js/carrusel.js HTTP/1.1[0m" 304 -
2023-04-21 19:33:06,407:INFO:127.0.0.1 - - [21/Apr/2023 19:33:06] "[33mGET /security/static/estilos.css HTTP/1.1[0m" 404 -
2023-04-21 19:33:06,468:INFO:127.0.0.1 - - [21/Apr/2023 19:33:06] "[36mGET /static/img/ej4.png HTTP/1.1[0m" 304 -
2023-04-21 19:33:06,479:INFO:127.0.0.1 - - [21/Apr/2023 19:33:06] "[33mGET /security/static/estilos.css HTTP/1.1[0m" 404 -
2023-04-21 19:33:06,497:INFO:127.0.0.1 - - [21/Apr/2023 19:33:06] "[36mGET /static/img/fondo5.jpg HTTP/1.1[0m" 304 -
2023-04-21 19:33:11,820:WARNING:Acceso fallido
2023-04-21 19:33:11,822:INFO:127.0.0.1 - - [21/Apr/2023 19:33:11] "[32mPOST /security/login HTTP/1.1[0m" 302 -
2023-04-21 19:33:11,830:INFO:127.0.0.1 - - [21/Apr/2023 19:33:11] "GET /security/login HTTP/1.1" 200 -
2023-04-21 19:33:11,887:INFO:127.0.0.1 - - [21/Apr/2023 19:33:11] "[36mGET /static/bootstrap/css/bootstrap.min.css HTTP/1.1[0m" 304 -
2023-04-21 19:33:11,888:INFO:127.0.0.1 - - [21/Apr/2023 19:33:11] "[36mGET /static/bootstrap/css/bootstrap-responsive.min.css HTTP/1.1[0m" 304 -
2023-04-21 19:33:11,895:INFO:127.0.0.1 - - [21/Apr/2023 19:33:11] "[36mGET /static/bootstrap/css/styles.css HTTP/1.1[0m" 304 -
2023-04-21 19:33:11,906:INFO:127.0.0.1 - - [21/Apr/2023 19:33:11] "[36mGET /static/css/nav.css HTTP/1.1[0m" 304 -
2023-04-21 19:33:11,918:INFO:127.0.0.1 - - [21/Apr/2023 19:33:11] "[36mGET /static/css/carrusel.css HTTP/1.1[0m" 304 -
2023-04-21 19:33:11,920:INFO:127.0.0.1 - - [21/Apr/2023 19:33:11] "[36mGET /static/js/carrusel.js HTTP/1.1[0m" 304 -
2023-04-21 19:33:11,931:INFO:127.0.0.1 - - [21/Apr/2023 19:33:11] "[33mGET /security/static/estilos.css HTTP/1.1[0m" 404 -
2023-04-21 19:33:11,981:INFO:127.0.0.1 - - [21/Apr/2023 19:33:11] "[36mGET /static/img/ej4.png HTTP/1.1[0m" 304 -
2023-04-21 19:33:11,983:INFO:127.0.0.1 - - [21/Apr/2023 19:33:11] "[33mGET /security/static/estilos.css HTTP/1.1[0m" 404 -
2023-04-21 19:33:12,021:INFO:127.0.0.1 - - [21/Apr/2023 19:33:12] "[36mGET /static/img/fondo5.jpg HTTP/1.1[0m" 304 -
2023-04-21 19:33:15,814:DEBUG:El usuario empleado@gmail.com ingreso al sistema
2023-04-21 19:33:15,816:INFO:127.0.0.1 - - [21/Apr/2023 19:33:15] "[32mPOST /security/login HTTP/1.1[0m" 302 -
2023-04-21 19:33:15,827:INFO:127.0.0.1 - - [21/Apr/2023 19:33:15] "GET / HTTP/1.1" 200 -
2023-04-21 19:33:15,950:INFO:127.0.0.1 - - [21/Apr/2023 19:33:15] "[36mGET /static/bootstrap/css/bootstrap.min.css HTTP/1.1[0m" 304 -
2023-04-21 19:33:15,962:INFO:127.0.0.1 - - [21/Apr/2023 19:33:15] "[36mGET /static/bootstrap/css/styles.css HTTP/1.1[0m" 304 -
2023-04-21 19:33:15,965:INFO:127.0.0.1 - - [21/Apr/2023 19:33:15] "[36mGET /static/bootstrap/css/bootstrap-responsive.min.css HTTP/1.1[0m" 304 -
2023-04-21 19:33:15,966:INFO:127.0.0.1 - - [21/Apr/2023 19:33:15] "[36mGET /static/css/nav.css HTTP/1.1[0m" 304 -
2023-04-21 19:33:15,970:INFO:127.0.0.1 - - [21/Apr/2023 19:33:15] "[36mGET /static/css/carrusel.css HTTP/1.1[0m" 304 -
2023-04-21 19:33:15,970:INFO:127.0.0.1 - - [21/Apr/2023 19:33:15] "[36mGET /static/js/carrusel.js HTTP/1.1[0m" 304 -
2023-04-21 19:33:16,049:INFO:127.0.0.1 - - [21/Apr/2023 19:33:16] "[36mGET /static/img/ej4.png HTTP/1.1[0m" 304 -
2023-04-21 19:33:16,062:INFO:127.0.0.1 - - [21/Apr/2023 19:33:16] "[36mGET /static/img/mision2.jpg HTTP/1.1[0m" 304 -
2023-04-21 19:33:16,066:INFO:127.0.0.1 - - [21/Apr/2023 19:33:16] "[36mGET /static/img/vision.png HTTP/1.1[0m" 304 -
2023-04-21 19:33:16,073:INFO:127.0.0.1 - - [21/Apr/2023 19:33:16] "[36mGET /static/img/fondo5.jpg HTTP/1.1[0m" 304 -
2023-04-21 19:33:23,930:INFO:127.0.0.1 - - [21/Apr/2023 19:33:23] "[32mGET /security/logout HTTP/1.1[0m" 302 -
2023-04-21 19:33:23,959:INFO:127.0.0.1 - - [21/Apr/2023 19:33:23] "GET / HTTP/1.1" 200 -
2023-04-21 19:33:24,068:INFO:127.0.0.1 - - [21/Apr/2023 19:33:24] "[36mGET /static/bootstrap/css/bootstrap.min.css HTTP/1.1[0m" 304 -
2023-04-21 19:33:24,074:INFO:127.0.0.1 - - [21/Apr/2023 19:33:24] "[36mGET /static/bootstrap/css/bootstrap-responsive.min.css HTTP/1.1[0m" 304 -
2023-04-21 19:33:24,082:INFO:127.0.0.1 - - [21/Apr/2023 19:33:24] "[36mGET /static/bootstrap/css/styles.css HTTP/1.1[0m" 304 -
2023-04-21 19:33:24,096:INFO:127.0.0.1 - - [21/Apr/2023 19:33:24] "[36mGET /static/css/carrusel.css HTTP/1.1[0m" 304 -
2023-04-21 19:33:24,096:INFO:127.0.0.1 - - [21/Apr/2023 19:33:24] "[36mGET /static/css/nav.css HTTP/1.1[0m" 304 -
2023-04-21 19:33:24,102:INFO:127.0.0.1 - - [21/Apr/2023 19:33:24] "[36mGET /static/js/carrusel.js HTTP/1.1[0m" 304 -
2023-04-21 19:33:24,167:INFO:127.0.0.1 - - [21/Apr/2023 19:33:24] "[36mGET /static/img/ej4.png HTTP/1.1[0m" 304 -
2023-04-21 19:33:24,176:INFO:127.0.0.1 - - [21/Apr/2023 19:33:24] "[36mGET /static/img/vision.png HTTP/1.1[0m" 304 -
2023-04-21 19:33:24,178:INFO:127.0.0.1 - - [21/Apr/2023 19:33:24] "[36mGET /static/img/mision2.jpg HTTP/1.1[0m" 304 -
2023-04-21 19:33:24,183:INFO:127.0.0.1 - - [21/Apr/2023 19:33:24] "[36mGET /static/img/fondo5.jpg HTTP/1.1[0m" 304 -
2023-04-21 19:33:25,398:INFO:127.0.0.1 - - [21/Apr/2023 19:33:25] "GET /contacto HTTP/1.1" 200 -
2023-04-21 19:33:25,557:INFO:127.0.0.1 - - [21/Apr/2023 19:33:25] "[36mGET /static/bootstrap/css/bootstrap.min.css HTTP/1.1[0m" 304 -
2023-04-21 19:33:25,565:INFO:127.0.0.1 - - [21/Apr/2023 19:33:25] "[36mGET /static/bootstrap/css/styles.css HTTP/1.1[0m" 304 -
2023-04-21 19:33:25,570:INFO:127.0.0.1 - - [21/Apr/2023 19:33:25] "[36mGET /static/bootstrap/css/bootstrap-responsive.min.css HTTP/1.1[0m" 304 -
2023-04-21 19:33:25,587:INFO:127.0.0.1 - - [21/Apr/2023 19:33:25] "[36mGET /static/css/nav.css HTTP/1.1[0m" 304 -
2023-04-21 19:33:25,599:INFO:127.0.0.1 - - [21/Apr/2023 19:33:25] "[36mGET /static/css/carrusel.css HTTP/1.1[0m" 304 -
2023-04-21 19:33:25,605:INFO:127.0.0.1 - - [21/Apr/2023 19:33:25] "[36mGET /static/js/carrusel.js HTTP/1.1[0m" 304 -
2023-04-21 19:33:25,610:INFO:127.0.0.1 - - [21/Apr/2023 19:33:25] "[33mGET /static/estilos.css HTTP/1.1[0m" 404 -
2023-04-21 19:33:25,676:INFO:127.0.0.1 - - [21/Apr/2023 19:33:25] "[33mGET /static/estilos.css HTTP/1.1[0m" 404 -
2023-04-21 19:33:25,679:INFO:127.0.0.1 - - [21/Apr/2023 19:33:25] "[36mGET /static/img/ej4.png HTTP/1.1[0m" 304 -
2023-04-21 19:33:25,684:INFO:127.0.0.1 - - [21/Apr/2023 19:33:25] "[36mGET /static/img/fondo5.jpg HTTP/1.1[0m" 304 -
2023-04-21 19:34:02,412:INFO:127.0.0.1 - - [21/Apr/2023 19:34:02] "GET /security/login HTTP/1.1" 200 -
2023-04-21 19:34:02,570:INFO:127.0.0.1 - - [21/Apr/2023 19:34:02] "[36mGET /static/bootstrap/css/bootstrap.min.css HTTP/1.1[0m" 304 -
2023-04-21 19:34:02,571:INFO:127.0.0.1 - - [21/Apr/2023 19:34:02] "[36mGET /static/bootstrap/css/bootstrap-responsive.min.css HTTP/1.1[0m" 304 -
2023-04-21 19:34:02,581:INFO:127.0.0.1 - - [21/Apr/2023 19:34:02] "[36mGET /static/bootstrap/css/styles.css HTTP/1.1[0m" 304 -
2023-04-21 19:34:02,592:INFO:127.0.0.1 - - [21/Apr/2023 19:34:02] "[36mGET /static/css/nav.css HTTP/1.1[0m" 304 -
2023-04-21 19:34:02,602:INFO:127.0.0.1 - - [21/Apr/2023 19:34:02] "[36mGET /static/css/carrusel.css HTTP/1.1[0m" 304 -
2023-04-21 19:34:02,613:INFO:127.0.0.1 - - [21/Apr/2023 19:34:02] "[33mGET /security/static/estilos.css HTTP/1.1[0m" 404 -
2023-04-21 19:34:02,616:INFO:127.0.0.1 - - [21/Apr/2023 19:34:02] "[36mGET /static/js/carrusel.js HTTP/1.1[0m" 304 -
2023-04-21 19:34:02,671:INFO:127.0.0.1 - - [21/Apr/2023 19:34:02] "[36mGET /static/img/ej4.png HTTP/1.1[0m" 304 -
2023-04-21 19:34:02,678:INFO:127.0.0.1 - - [21/Apr/2023 19:34:02] "[33mGET /security/static/estilos.css HTTP/1.1[0m" 404 -
2023-04-21 19:34:02,685:INFO:127.0.0.1 - - [21/Apr/2023 19:34:02] "[36mGET /static/img/fondo5.jpg HTTP/1.1[0m" 304 -
2023-04-21 19:34:06,648:DEBUG:El usuario empleado@gmail.com ingreso al sistema
2023-04-21 19:34:06,650:INFO:127.0.0.1 - - [21/Apr/2023 19:34:06] "[32mPOST /security/login HTTP/1.1[0m" 302 -
2023-04-21 19:34:06,662:INFO:127.0.0.1 - - [21/Apr/2023 19:34:06] "GET / HTTP/1.1" 200 -
2023-04-21 19:34:06,788:INFO:127.0.0.1 - - [21/Apr/2023 19:34:06] "[36mGET /static/bootstrap/css/bootstrap-responsive.min.css HTTP/1.1[0m" 304 -
2023-04-21 19:34:06,792:INFO:127.0.0.1 - - [21/Apr/2023 19:34:06] "[36mGET /static/bootstrap/css/bootstrap.min.css HTTP/1.1[0m" 304 -
2023-04-21 19:34:06,794:INFO:127.0.0.1 - - [21/Apr/2023 19:34:06] "[36mGET /static/bootstrap/css/styles.css HTTP/1.1[0m" 304 -
2023-04-21 19:34:06,799:INFO:127.0.0.1 - - [21/Apr/2023 19:34:06] "[36mGET /static/css/nav.css HTTP/1.1[0m" 304 -
2023-04-21 19:34:06,805:INFO:127.0.0.1 - - [21/Apr/2023 19:34:06] "[36mGET /static/css/carrusel.css HTTP/1.1[0m" 304 -
2023-04-21 19:34:06,806:INFO:127.0.0.1 - - [21/Apr/2023 19:34:06] "[36mGET /static/js/carrusel.js HTTP/1.1[0m" 304 -
2023-04-21 19:34:06,886:INFO:127.0.0.1 - - [21/Apr/2023 19:34:06] "[36mGET /static/img/ej4.png HTTP/1.1[0m" 304 -
2023-04-21 19:34:06,895:INFO:127.0.0.1 - - [21/Apr/2023 19:34:06] "[36mGET /static/img/mision2.jpg HTTP/1.1[0m" 304 -
2023-04-21 19:34:06,907:INFO:127.0.0.1 - - [21/Apr/2023 19:34:06] "[36mGET /static/img/vision.png HTTP/1.1[0m" 304 -
2023-04-21 19:34:06,920:INFO:127.0.0.1 - - [21/Apr/2023 19:34:06] "[36mGET /static/img/fondo5.jpg HTTP/1.1[0m" 304 -
2023-04-21 19:34:45,765:INFO:127.0.0.1 - - [21/Apr/2023 19:34:45] "[32mGET /security/logout HTTP/1.1[0m" 302 -
2023-04-21 19:34:45,787:INFO:127.0.0.1 - - [21/Apr/2023 19:34:45] "GET / HTTP/1.1" 200 -
2023-04-21 19:34:45,909:INFO:127.0.0.1 - - [21/Apr/2023 19:34:45] "[36mGET /static/bootstrap/css/bootstrap.min.css HTTP/1.1[0m" 304 -
2023-04-21 19:34:45,918:INFO:127.0.0.1 - - [21/Apr/2023 19:34:45] "[36mGET /static/bootstrap/css/bootstrap-responsive.min.css HTTP/1.1[0m" 304 -
2023-04-21 19:34:45,933:INFO:127.0.0.1 - - [21/Apr/2023 19:34:45] "[36mGET /static/bootstrap/css/styles.css HTTP/1.1[0m" 304 -
2023-04-21 19:34:45,942:INFO:127.0.0.1 - - [21/Apr/2023 19:34:45] "[36mGET /static/css/carrusel.css HTTP/1.1[0m" 304 -
2023-04-21 19:34:45,946:INFO:127.0.0.1 - - [21/Apr/2023 19:34:45] "[36mGET /static/css/nav.css HTTP/1.1[0m" 304 -
2023-04-21 19:34:45,950:INFO:127.0.0.1 - - [21/Apr/2023 19:34:45] "[36mGET /static/js/carrusel.js HTTP/1.1[0m" 304 -
2023-04-21 19:34:46,015:INFO:127.0.0.1 - - [21/Apr/2023 19:34:46] "[36mGET /static/img/mision2.jpg HTTP/1.1[0m" 304 -
2023-04-21 19:34:46,018:INFO:127.0.0.1 - - [21/Apr/2023 19:34:46] "[36mGET /static/img/ej4.png HTTP/1.1[0m" 304 -
2023-04-21 19:34:46,034:INFO:127.0.0.1 - - [21/Apr/2023 19:34:46] "[36mGET /static/img/vision.png HTTP/1.1[0m" 304 -
2023-04-21 19:34:46,035:INFO:127.0.0.1 - - [21/Apr/2023 19:34:46] "[36mGET /static/img/fondo5.jpg HTTP/1.1[0m" 304 -
2023-04-21 19:34:48,442:INFO:127.0.0.1 - - [21/Apr/2023 19:34:48] "GET / HTTP/1.1" 200 -
2023-04-21 19:34:48,520:INFO:127.0.0.1 - - [21/Apr/2023 19:34:48] "[36mGET /static/bootstrap/css/bootstrap.min.css HTTP/1.1[0m" 304 -
2023-04-21 19:34:48,531:INFO:127.0.0.1 - - [21/Apr/2023 19:34:48] "[36mGET /static/bootstrap/css/bootstrap-responsive.min.css HTTP/1.1[0m" 304 -
2023-04-21 19:34:48,560:INFO:127.0.0.1 - - [21/Apr/2023 19:34:48] "[36mGET /static/css/nav.css HTTP/1.1[0m" 304 -
2023-04-21 19:34:48,563:INFO:127.0.0.1 - - [21/Apr/2023 19:34:48] "[36mGET /static/bootstrap/css/styles.css HTTP/1.1[0m" 304 -
2023-04-21 19:34:48,578:INFO:127.0.0.1 - - [21/Apr/2023 19:34:48] "[36mGET /static/js/carrusel.js HTTP/1.1[0m" 304 -
2023-04-21 19:34:48,582:INFO:127.0.0.1 - - [21/Apr/2023 19:34:48] "[36mGET /static/css/carrusel.css HTTP/1.1[0m" 304 -
2023-04-21 19:34:48,665:INFO:127.0.0.1 - - [21/Apr/2023 19:34:48] "[36mGET /static/img/ej4.png HTTP/1.1[0m" 304 -
2023-04-21 19:34:48,675:INFO:127.0.0.1 - - [21/Apr/2023 19:34:48] "[36mGET /static/img/mision2.jpg HTTP/1.1[0m" 304 -
2023-04-21 19:34:48,680:INFO:127.0.0.1 - - [21/Apr/2023 19:34:48] "[36mGET /static/img/vision.png HTTP/1.1[0m" 304 -
2023-04-21 19:34:48,686:INFO:127.0.0.1 - - [21/Apr/2023 19:34:48] "[36mGET /static/img/fondo5.jpg HTTP/1.1[0m" 304 -
2023-04-21 19:35:11,866:INFO:127.0.0.1 - - [21/Apr/2023 19:35:11] "GET /security/login HTTP/1.1" 200 -
2023-04-21 19:35:12,044:INFO:127.0.0.1 - - [21/Apr/2023 19:35:12] "[36mGET /static/bootstrap/css/bootstrap.min.css HTTP/1.1[0m" 304 -
2023-04-21 19:35:12,051:INFO:127.0.0.1 - - [21/Apr/2023 19:35:12] "[36mGET /static/bootstrap/css/bootstrap-responsive.min.css HTTP/1.1[0m" 304 -
2023-04-21 19:35:12,058:INFO:127.0.0.1 - - [21/Apr/2023 19:35:12] "[36mGET /static/bootstrap/css/styles.css HTTP/1.1[0m" 304 -
2023-04-21 19:35:12,070:INFO:127.0.0.1 - - [21/Apr/2023 19:35:12] "[36mGET /static/css/nav.css HTTP/1.1[0m" 304 -
2023-04-21 19:35:12,073:INFO:127.0.0.1 - - [21/Apr/2023 19:35:12] "[36mGET /static/css/carrusel.css HTTP/1.1[0m" 304 -
2023-04-21 19:35:12,082:INFO:127.0.0.1 - - [21/Apr/2023 19:35:12] "[36mGET /static/js/carrusel.js HTTP/1.1[0m" 304 -
2023-04-21 19:35:12,087:INFO:127.0.0.1 - - [21/Apr/2023 19:35:12] "[33mGET /security/static/estilos.css HTTP/1.1[0m" 404 -
2023-04-21 19:35:12,577:INFO:127.0.0.1 - - [21/Apr/2023 19:35:12] "[33mGET /security/static/estilos.css HTTP/1.1[0m" 404 -
2023-04-21 19:35:12,597:INFO:127.0.0.1 - - [21/Apr/2023 19:35:12] "[36mGET /static/img/ej4.png HTTP/1.1[0m" 304 -
2023-04-21 19:35:12,652:INFO:127.0.0.1 - - [21/Apr/2023 19:35:12] "[36mGET /static/img/fondo5.jpg HTTP/1.1[0m" 304 -
2023-04-21 19:35:23,542:DEBUG:El usuario FernandoLP.mx@outlook.com ingreso al sistema
2023-04-21 19:35:23,549:INFO:127.0.0.1 - - [21/Apr/2023 19:35:23] "[32mPOST /security/login HTTP/1.1[0m" 302 -
2023-04-21 19:35:23,593:INFO:127.0.0.1 - - [21/Apr/2023 19:35:23] "GET / HTTP/1.1" 200 -
2023-04-21 19:35:23,708:INFO:127.0.0.1 - - [21/Apr/2023 19:35:23] "[36mGET /static/bootstrap/css/bootstrap.min.css HTTP/1.1[0m" 304 -
2023-04-21 19:35:23,731:INFO:127.0.0.1 - - [21/Apr/2023 19:35:23] "[36mGET /static/bootstrap/css/bootstrap-responsive.min.css HTTP/1.1[0m" 304 -
2023-04-21 19:35:23,738:INFO:127.0.0.1 - - [21/Apr/2023 19:35:23] "[36mGET /static/bootstrap/css/styles.css HTTP/1.1[0m" 304 -
2023-04-21 19:35:23,757:INFO:127.0.0.1 - - [21/Apr/2023 19:35:23] "[36mGET /static/css/nav.css HTTP/1.1[0m" 304 -
2023-04-21 19:35:23,773:INFO:127.0.0.1 - - [21/Apr/2023 19:35:23] "[36mGET /static/css/carrusel.css HTTP/1.1[0m" 304 -
2023-04-21 19:35:23,776:INFO:127.0.0.1 - - [21/Apr/2023 19:35:23] "[36mGET /static/js/carrusel.js HTTP/1.1[0m" 304 -
2023-04-21 19:35:23,832:INFO:127.0.0.1 - - [21/Apr/2023 19:35:23] "[36mGET /static/img/ej4.png HTTP/1.1[0m" 304 -
2023-04-21 19:35:23,833:INFO:127.0.0.1 - - [21/Apr/2023 19:35:23] "[36mGET /static/img/mision2.jpg HTTP/1.1[0m" 304 -
2023-04-21 19:35:23,855:INFO:127.0.0.1 - - [21/Apr/2023 19:35:23] "[36mGET /static/img/vision.png HTTP/1.1[0m" 304 -
2023-04-21 19:35:23,859:INFO:127.0.0.1 - - [21/Apr/2023 19:35:23] "[36mGET /static/img/fondo5.jpg HTTP/1.1[0m" 304 -
2023-04-21 19:35:29,305:INFO:127.0.0.1 - - [21/Apr/2023 19:35:29] "GET /security/administracion_admin HTTP/1.1" 200 -
2023-04-21 19:35:29,500:INFO:127.0.0.1 - - [21/Apr/2023 19:35:29] "[36mGET /static/bootstrap/css/bootstrap.min.css HTTP/1.1[0m" 304 -
2023-04-21 19:35:29,553:INFO:127.0.0.1 - - [21/Apr/2023 19:35:29] "[36mGET /static/bootstrap/css/bootstrap-responsive.min.css HTTP/1.1[0m" 304 -
2023-04-21 19:35:29,562:INFO:127.0.0.1 - - [21/Apr/2023 19:35:29] "[36mGET /static/bootstrap/css/styles.css HTTP/1.1[0m" 304 -
2023-04-21 19:35:29,566:INFO:127.0.0.1 - - [21/Apr/2023 19:35:29] "[36mGET /static/css/nav.css HTTP/1.1[0m" 304 -
2023-04-21 19:35:29,579:INFO:127.0.0.1 - - [21/Apr/2023 19:35:29] "[36mGET /static/css/carrusel.css HTTP/1.1[0m" 304 -
2023-04-21 19:35:29,594:INFO:127.0.0.1 - - [21/Apr/2023 19:35:29] "[36mGET /static/js/carrusel.js HTTP/1.1[0m" 304 -
2023-04-21 19:35:29,617:INFO:127.0.0.1 - - [21/Apr/2023 19:35:29] "[33mGET /security/static/sweetalert2/sweetalert2.min.js HTTP/1.1[0m" 404 -
2023-04-21 19:35:29,620:INFO:127.0.0.1 - - [21/Apr/2023 19:35:29] "[33mGET /security/static/estilos.css HTTP/1.1[0m" 404 -
2023-04-21 19:35:29,650:INFO:127.0.0.1 - - [21/Apr/2023 19:35:29] "[33mGET /security/static/sweetalert2/sweetalert2.min.css HTTP/1.1[0m" 404 -
2023-04-21 19:35:29,699:INFO:127.0.0.1 - - [21/Apr/2023 19:35:29] "[36mGET /static/img/ej4.png HTTP/1.1[0m" 304 -
2023-04-21 19:35:29,726:INFO:127.0.0.1 - - [21/Apr/2023 19:35:29] "[36mGET /static/img/fondo5.jpg HTTP/1.1[0m" 304 -
2023-04-21 19:35:29,782:INFO:127.0.0.1 - - [21/Apr/2023 19:35:29] "[33mGET /security/static/estilos.css HTTP/1.1[0m" 404 -
2023-04-21 19:35:29,829:INFO:127.0.0.1 - - [21/Apr/2023 19:35:29] "GET /static/bootstrap/img/glyphicons-halflings-white.png HTTP/1.1" 200 -
2023-04-21 19:35:33,597:INFO:127.0.0.1 - - [21/Apr/2023 19:35:33] "[32mGET /security/logout HTTP/1.1[0m" 302 -
2023-04-21 19:35:33,636:INFO:127.0.0.1 - - [21/Apr/2023 19:35:33] "GET / HTTP/1.1" 200 -
2023-04-21 19:35:33,769:INFO:127.0.0.1 - - [21/Apr/2023 19:35:33] "[36mGET /static/bootstrap/css/bootstrap.min.css HTTP/1.1[0m" 304 -
2023-04-21 19:35:33,789:INFO:127.0.0.1 - - [21/Apr/2023 19:35:33] "[36mGET /static/bootstrap/css/bootstrap-responsive.min.css HTTP/1.1[0m" 304 -
2023-04-21 19:35:33,797:INFO:127.0.0.1 - - [21/Apr/2023 19:35:33] "[36mGET /static/bootstrap/css/styles.css HTTP/1.1[0m" 304 -
2023-04-21 19:35:33,802:INFO:127.0.0.1 - - [21/Apr/2023 19:35:33] "[36mGET /static/css/nav.css HTTP/1.1[0m" 304 -
2023-04-21 19:35:33,807:INFO:127.0.0.1 - - [21/Apr/2023 19:35:33] "[36mGET /static/css/carrusel.css HTTP/1.1[0m" 304 -
2023-04-21 19:35:33,811:INFO:127.0.0.1 - - [21/Apr/2023 19:35:33] "[36mGET /static/js/carrusel.js HTTP/1.1[0m" 304 -
2023-04-21 19:35:33,870:INFO:127.0.0.1 - - [21/Apr/2023 19:35:33] "[36mGET /static/img/ej4.png HTTP/1.1[0m" 304 -
2023-04-21 19:35:33,876:INFO:127.0.0.1 - - [21/Apr/2023 19:35:33] "[36mGET /static/img/mision2.jpg HTTP/1.1[0m" 304 -
2023-04-21 19:35:33,883:INFO:127.0.0.1 - - [21/Apr/2023 19:35:33] "[36mGET /static/img/vision.png HTTP/1.1[0m" 304 -
2023-04-21 19:35:33,891:INFO:127.0.0.1 - - [21/Apr/2023 19:35:33] "[36mGET /static/img/fondo5.jpg HTTP/1.1[0m" 304 -
2023-04-21 19:35:36,046:INFO:127.0.0.1 - - [21/Apr/2023 19:35:36] "[32mGET /security/administracion_admin HTTP/1.1[0m" 302 -
2023-04-21 19:35:36,068:INFO:127.0.0.1 - - [21/Apr/2023 19:35:36] "GET /login?next=%2Fsecurity%2Fadministracion_admin HTTP/1.1" 200 -
2023-04-21 19:35:49,389:INFO:127.0.0.1 - - [21/Apr/2023 19:35:49] "[32mGET /security/administracion_admin HTTP/1.1[0m" 302 -
2023-04-21 19:35:49,409:INFO:127.0.0.1 - - [21/Apr/2023 19:35:49] "GET /login?next=%2Fsecurity%2Fadministracion_admin HTTP/1.1" 200 -
2023-04-21 19:36:22,121:INFO:127.0.0.1 - - [21/Apr/2023 19:36:22] "GET /security/login HTTP/1.1" 200 -
2023-04-21 19:36:22,299:INFO:127.0.0.1 - - [21/Apr/2023 19:36:22] "[36mGET /static/bootstrap/css/styles.css HTTP/1.1[0m" 304 -
2023-04-21 19:36:22,299:INFO:127.0.0.1 - - [21/Apr/2023 19:36:22] "[36mGET /static/bootstrap/css/bootstrap-responsive.min.css HTTP/1.1[0m" 304 -
2023-04-21 19:36:22,299:INFO:127.0.0.1 - - [21/Apr/2023 19:36:22] "[36mGET /static/bootstrap/css/bootstrap.min.css HTTP/1.1[0m" 304 -
2023-04-21 19:36:22,309:INFO:127.0.0.1 - - [21/Apr/2023 19:36:22] "[36mGET /static/css/nav.css HTTP/1.1[0m" 304 -
2023-04-21 19:36:22,316:INFO:127.0.0.1 - - [21/Apr/2023 19:36:22] "[36mGET /static/css/carrusel.css HTTP/1.1[0m" 304 -
2023-04-21 19:36:22,326:INFO:127.0.0.1 - - [21/Apr/2023 19:36:22] "[36mGET /static/js/carrusel.js HTTP/1.1[0m" 304 -
2023-04-21 19:36:22,334:INFO:127.0.0.1 - - [21/Apr/2023 19:36:22] "[33mGET /security/static/estilos.css HTTP/1.1[0m" 404 -
2023-04-21 19:36:22,381:INFO:127.0.0.1 - - [21/Apr/2023 19:36:22] "[36mGET /static/img/ej4.png HTTP/1.1[0m" 304 -
2023-04-21 19:36:22,389:INFO:127.0.0.1 - - [21/Apr/2023 19:36:22] "[33mGET /security/static/estilos.css HTTP/1.1[0m" 404 -
2023-04-21 19:36:22,396:INFO:127.0.0.1 - - [21/Apr/2023 19:36:22] "[36mGET /static/img/fondo5.jpg HTTP/1.1[0m" 304 -
2023-04-21 19:36:23,106:WARNING:Acceso fallido
2023-04-21 19:36:23,109:INFO:127.0.0.1 - - [21/Apr/2023 19:36:23] "[32mPOST /security/login HTTP/1.1[0m" 302 -
2023-04-21 19:36:23,118:INFO:127.0.0.1 - - [21/Apr/2023 19:36:23] "GET /security/login HTTP/1.1" 200 -
2023-04-21 19:36:23,182:INFO:127.0.0.1 - - [21/Apr/2023 19:36:23] "[36mGET /static/bootstrap/css/bootstrap.min.css HTTP/1.1[0m" 304 -
2023-04-21 19:36:23,184:INFO:127.0.0.1 - - [21/Apr/2023 19:36:23] "[36mGET /static/bootstrap/css/bootstrap-responsive.min.css HTTP/1.1[0m" 304 -
2023-04-21 19:36:23,193:INFO:127.0.0.1 - - [21/Apr/2023 19:36:23] "[36mGET /static/bootstrap/css/styles.css HTTP/1.1[0m" 304 -
2023-04-21 19:36:23,208:INFO:127.0.0.1 - - [21/Apr/2023 19:36:23] "[36mGET /static/css/nav.css HTTP/1.1[0m" 304 -
2023-04-21 19:36:23,211:INFO:127.0.0.1 - - [21/Apr/2023 19:36:23] "[36mGET /static/css/carrusel.css HTTP/1.1[0m" 304 -
2023-04-21 19:36:23,215:INFO:127.0.0.1 - - [21/Apr/2023 19:36:23] "[36mGET /static/js/carrusel.js HTTP/1.1[0m" 304 -
2023-04-21 19:36:23,218:INFO:127.0.0.1 - - [21/Apr/2023 19:36:23] "[33mGET /security/static/estilos.css HTTP/1.1[0m" 404 -
2023-04-21 19:36:23,269:INFO:127.0.0.1 - - [21/Apr/2023 19:36:23] "[36mGET /static/img/ej4.png HTTP/1.1[0m" 304 -
2023-04-21 19:36:23,274:INFO:127.0.0.1 - - [21/Apr/2023 19:36:23] "[33mGET /security/static/estilos.css HTTP/1.1[0m" 404 -
2023-04-21 19:36:23,293:INFO:127.0.0.1 - - [21/Apr/2023 19:36:23] "[36mGET /static/img/fondo5.jpg HTTP/1.1[0m" 304 -
2023-04-21 19:36:24,169:WARNING:Acceso fallido
2023-04-21 19:36:24,169:INFO:127.0.0.1 - - [21/Apr/2023 19:36:24] "[32mPOST /security/login HTTP/1.1[0m" 302 -
2023-04-21 19:36:24,182:INFO:127.0.0.1 - - [21/Apr/2023 19:36:24] "GET /security/login HTTP/1.1" 200 -
2023-04-21 19:36:24,232:INFO:127.0.0.1 - - [21/Apr/2023 19:36:24] "[36mGET /static/bootstrap/css/bootstrap.min.css HTTP/1.1[0m" 304 -
2023-04-21 19:36:24,238:INFO:127.0.0.1 - - [21/Apr/2023 19:36:24] "[36mGET /static/bootstrap/css/bootstrap-responsive.min.css HTTP/1.1[0m" 304 -
2023-04-21 19:36:24,251:INFO:127.0.0.1 - - [21/Apr/2023 19:36:24] "[36mGET /static/bootstrap/css/styles.css HTTP/1.1[0m" 304 -
2023-04-21 19:36:24,258:INFO:127.0.0.1 - - [21/Apr/2023 19:36:24] "[36mGET /static/css/nav.css HTTP/1.1[0m" 304 -
2023-04-21 19:36:24,261:INFO:127.0.0.1 - - [21/Apr/2023 19:36:24] "[36mGET /static/css/carrusel.css HTTP/1.1[0m" 304 -
2023-04-21 19:36:24,263:INFO:127.0.0.1 - - [21/Apr/2023 19:36:24] "[36mGET /static/js/carrusel.js HTTP/1.1[0m" 304 -
2023-04-21 19:36:24,269:INFO:127.0.0.1 - - [21/Apr/2023 19:36:24] "[33mGET /security/static/estilos.css HTTP/1.1[0m" 404 -
2023-04-21 19:36:24,327:INFO:127.0.0.1 - - [21/Apr/2023 19:36:24] "[33mGET /security/static/estilos.css HTTP/1.1[0m" 404 -
2023-04-21 19:36:24,332:INFO:127.0.0.1 - - [21/Apr/2023 19:36:24] "[36mGET /static/img/ej4.png HTTP/1.1[0m" 304 -
2023-04-21 19:36:24,348:INFO:127.0.0.1 - - [21/Apr/2023 19:36:24] "[36mGET /static/img/fondo5.jpg HTTP/1.1[0m" 304 -
2023-04-21 19:36:26,076:INFO:127.0.0.1 - - [21/Apr/2023 19:36:26] "GET /security/register HTTP/1.1" 200 -
2023-04-21 19:36:26,194:INFO:127.0.0.1 - - [21/Apr/2023 19:36:26] "[36mGET /static/bootstrap/css/bootstrap.min.css HTTP/1.1[0m" 304 -
2023-04-21 19:36:26,209:INFO:127.0.0.1 - - [21/Apr/2023 19:36:26] "[36mGET /static/bootstrap/css/bootstrap-responsive.min.css HTTP/1.1[0m" 304 -
2023-04-21 19:36:26,212:INFO:127.0.0.1 - - [21/Apr/2023 19:36:26] "[36mGET /static/bootstrap/css/styles.css HTTP/1.1[0m" 304 -
2023-04-21 19:36:26,245:INFO:127.0.0.1 - - [21/Apr/2023 19:36:26] "[36mGET /static/css/nav.css HTTP/1.1[0m" 304 -
2023-04-21 19:36:26,251:INFO:127.0.0.1 - - [21/Apr/2023 19:36:26] "[36mGET /static/css/carrusel.css HTTP/1.1[0m" 304 -
2023-04-21 19:36:26,259:INFO:127.0.0.1 - - [21/Apr/2023 19:36:26] "[36mGET /static/js/carrusel.js HTTP/1.1[0m" 304 -
2023-04-21 19:36:26,328:INFO:127.0.0.1 - - [21/Apr/2023 19:36:26] "[36mGET /static/img/ej4.png HTTP/1.1[0m" 304 -
2023-04-21 19:36:26,338:INFO:127.0.0.1 - - [21/Apr/2023 19:36:26] "[36mGET /static/img/fondo5.jpg HTTP/1.1[0m" 304 -
2023-04-21 19:36:27,566:INFO:127.0.0.1 - - [21/Apr/2023 19:36:27] "[35m[1mPOST /security/register HTTP/1.1[0m" 500 -
2023-04-21 19:36:27,628:INFO:127.0.0.1 - - [21/Apr/2023 19:36:27] "[36mGET /security/register?__debugger__=yes&cmd=resource&f=style.css HTTP/1.1[0m" 304 -
2023-04-21 19:36:27,635:INFO:127.0.0.1 - - [21/Apr/2023 19:36:27] "[36mGET /security/register?__debugger__=yes&cmd=resource&f=debugger.js HTTP/1.1[0m" 304 -
2023-04-21 19:36:27,737:INFO:127.0.0.1 - - [21/Apr/2023 19:36:27] "[36mGET /security/register?__debugger__=yes&cmd=resource&f=console.png HTTP/1.1[0m" 304 -
2023-04-21 19:36:30,172:INFO:127.0.0.1 - - [21/Apr/2023 19:36:30] "GET /security/register HTTP/1.1" 200 -
2023-04-21 19:48:34,312:INFO:127.0.0.1 - - [21/Apr/2023 19:48:34] "GET /security/productos HTTP/1.1" 200 -
2023-04-21 19:48:34,446:INFO:127.0.0.1 - - [21/Apr/2023 19:48:34] "[36mGET /static/bootstrap/css/bootstrap.min.css HTTP/1.1[0m" 304 -
2023-04-21 19:48:34,454:INFO:127.0.0.1 - - [21/Apr/2023 19:48:34] "[36mGET /static/bootstrap/css/bootstrap-responsive.min.css HTTP/1.1[0m" 304 -
2023-04-21 19:48:34,471:INFO:127.0.0.1 - - [21/Apr/2023 19:48:34] "[36mGET /static/bootstrap/css/styles.css HTTP/1.1[0m" 304 -
2023-04-21 19:48:34,473:INFO:127.0.0.1 - - [21/Apr/2023 19:48:34] "[36mGET /static/css/nav.css HTTP/1.1[0m" 304 -
2023-04-21 19:48:34,487:INFO:127.0.0.1 - - [21/Apr/2023 19:48:34] "[36mGET /static/css/carrusel.css HTTP/1.1[0m" 304 -
2023-04-21 19:48:34,516:INFO:127.0.0.1 - - [21/Apr/2023 19:48:34] "[36mGET /static/js/carrusel.js HTTP/1.1[0m" 304 -
2023-04-21 19:48:35,131:INFO:127.0.0.1 - - [21/Apr/2023 19:48:35] "[36mGET /static/img/ej4.png HTTP/1.1[0m" 304 -
2023-04-21 19:48:35,153:INFO:127.0.0.1 - - [21/Apr/2023 19:48:35] "[36mGET /static/img/fondo5.jpg HTTP/1.1[0m" 304 -
2023-04-21 19:48:36,091:INFO:127.0.0.1 - - [21/Apr/2023 19:48:36] "GET /security/login HTTP/1.1" 200 -
2023-04-21 19:48:36,219:INFO:127.0.0.1 - - [21/Apr/2023 19:48:36] "[36mGET /static/bootstrap/css/bootstrap.min.css HTTP/1.1[0m" 304 -
2023-04-21 19:48:36,228:INFO:127.0.0.1 - - [21/Apr/2023 19:48:36] "[36mGET /static/bootstrap/css/bootstrap-responsive.min.css HTTP/1.1[0m" 304 -
2023-04-21 19:48:36,238:INFO:127.0.0.1 - - [21/Apr/2023 19:48:36] "[36mGET /static/bootstrap/css/styles.css HTTP/1.1[0m" 304 -
2023-04-21 19:48:36,256:INFO:127.0.0.1 - - [21/Apr/2023 19:48:36] "[36mGET /static/css/nav.css HTTP/1.1[0m" 304 -
2023-04-21 19:48:36,264:INFO:127.0.0.1 - - [21/Apr/2023 19:48:36] "[36mGET /static/css/carrusel.css HTTP/1.1[0m" 304 -
2023-04-21 19:48:36,274:INFO:127.0.0.1 - - [21/Apr/2023 19:48:36] "[36mGET /static/js/carrusel.js HTTP/1.1[0m" 304 -
2023-04-21 19:48:36,277:INFO:127.0.0.1 - - [21/Apr/2023 19:48:36] "[33mGET /security/static/estilos.css HTTP/1.1[0m" 404 -
2023-04-21 19:48:36,416:INFO:127.0.0.1 - - [21/Apr/2023 19:48:36] "[36mGET /static/img/ej4.png HTTP/1.1[0m" 304 -
2023-04-21 19:48:36,419:INFO:127.0.0.1 - - [21/Apr/2023 19:48:36] "[33mGET /security/static/estilos.css HTTP/1.1[0m" 404 -
2023-04-21 19:48:36,433:INFO:127.0.0.1 - - [21/Apr/2023 19:48:36] "[36mGET /static/img/fondo5.jpg HTTP/1.1[0m" 304 -
2023-04-21 19:48:41,636:DEBUG:El usuario FernandoLP.mx@outlook.com ingreso al sistema
2023-04-21 19:48:41,638:INFO:127.0.0.1 - - [21/Apr/2023 19:48:41] "[32mPOST /security/login HTTP/1.1[0m" 302 -
2023-04-21 19:48:41,651:INFO:127.0.0.1 - - [21/Apr/2023 19:48:41] "GET / HTTP/1.1" 200 -
2023-04-21 19:48:41,766:INFO:127.0.0.1 - - [21/Apr/2023 19:48:41] "[36mGET /static/bootstrap/css/bootstrap.min.css HTTP/1.1[0m" 304 -
2023-04-21 19:48:41,777:INFO:127.0.0.1 - - [21/Apr/2023 19:48:41] "[36mGET /static/bootstrap/css/styles.css HTTP/1.1[0m" 304 -
2023-04-21 19:48:41,778:INFO:127.0.0.1 - - [21/Apr/2023 19:48:41] "[36mGET /static/css/nav.css HTTP/1.1[0m" 304 -
2023-04-21 19:48:41,787:INFO:127.0.0.1 - - [21/Apr/2023 19:48:41] "[36mGET /static/bootstrap/css/bootstrap-responsive.min.css HTTP/1.1[0m" 304 -
2023-04-21 19:48:41,789:INFO:127.0.0.1 - - [21/Apr/2023 19:48:41] "[36mGET /static/js/carrusel.js HTTP/1.1[0m" 304 -
2023-04-21 19:48:41,789:INFO:127.0.0.1 - - [21/Apr/2023 19:48:41] "[36mGET /static/css/carrusel.css HTTP/1.1[0m" 304 -
2023-04-21 19:48:41,866:INFO:127.0.0.1 - - [21/Apr/2023 19:48:41] "[36mGET /static/img/ej4.png HTTP/1.1[0m" 304 -
2023-04-21 19:48:41,890:INFO:127.0.0.1 - - [21/Apr/2023 19:48:41] "[36mGET /static/img/fondo5.jpg HTTP/1.1[0m" 304 -
2023-04-21 19:48:41,913:INFO:127.0.0.1 - - [21/Apr/2023 19:48:41] "[36mGET /static/img/mision2.jpg HTTP/1.1[0m" 304 -
2023-04-21 19:48:41,923:INFO:127.0.0.1 - - [21/Apr/2023 19:48:41] "[36mGET /static/img/vision.png HTTP/1.1[0m" 304 -
2023-04-21 19:48:44,019:INFO:127.0.0.1 - - [21/Apr/2023 19:48:44] "GET /security/administracion_admin HTTP/1.1" 200 -
2023-04-21 19:48:44,207:INFO:127.0.0.1 - - [21/Apr/2023 19:48:44] "[36mGET /static/bootstrap/css/bootstrap.min.css HTTP/1.1[0m" 304 -
2023-04-21 19:48:44,216:INFO:127.0.0.1 - - [21/Apr/2023 19:48:44] "[36mGET /static/bootstrap/css/bootstrap-responsive.min.css HTTP/1.1[0m" 304 -
2023-04-21 19:48:44,220:INFO:127.0.0.1 - - [21/Apr/2023 19:48:44] "[36mGET /static/bootstrap/css/styles.css HTTP/1.1[0m" 304 -
2023-04-21 19:48:44,224:INFO:127.0.0.1 - - [21/Apr/2023 19:48:44] "[36mGET /static/css/nav.css HTTP/1.1[0m" 304 -
2023-04-21 19:48:44,236:INFO:127.0.0.1 - - [21/Apr/2023 19:48:44] "[36mGET /static/css/carrusel.css HTTP/1.1[0m" 304 -
2023-04-21 19:48:44,260:INFO:127.0.0.1 - - [21/Apr/2023 19:48:44] "[33mGET /security/static/estilos.css HTTP/1.1[0m" 404 -
2023-04-21 19:48:44,265:INFO:127.0.0.1 - - [21/Apr/2023 19:48:44] "[36mGET /static/js/carrusel.js HTTP/1.1[0m" 304 -
2023-04-21 19:48:44,266:INFO:127.0.0.1 - - [21/Apr/2023 19:48:44] "[33mGET /security/static/sweetalert2/sweetalert2.min.css HTTP/1.1[0m" 404 -
2023-04-21 19:48:44,284:INFO:127.0.0.1 - - [21/Apr/2023 19:48:44] "[33mGET /security/static/sweetalert2/sweetalert2.min.js HTTP/1.1[0m" 404 -
2023-04-21 19:48:44,329:INFO:127.0.0.1 - - [21/Apr/2023 19:48:44] "[36mGET /static/img/ej4.png HTTP/1.1[0m" 304 -
2023-04-21 19:48:44,340:INFO:127.0.0.1 - - [21/Apr/2023 19:48:44] "[33mGET /security/static/sweetalert2/sweetalert2.min.css HTTP/1.1[0m" 404 -
2023-04-21 19:48:44,356:INFO:127.0.0.1 - - [21/Apr/2023 19:48:44] "[33mGET /security/static/sweetalert2/sweetalert2.min.js HTTP/1.1[0m" 404 -
2023-04-21 19:48:44,372:INFO:127.0.0.1 - - [21/Apr/2023 19:48:44] "[36mGET /static/img/fondo5.jpg HTTP/1.1[0m" 304 -
2023-04-21 19:48:44,391:INFO:127.0.0.1 - - [21/Apr/2023 19:48:44] "[33mGET /security/static/estilos.css HTTP/1.1[0m" 404 -
2023-04-21 19:48:44,423:INFO:127.0.0.1 - - [21/Apr/2023 19:48:44] "GET /static/bootstrap/img/glyphicons-halflings-white.png HTTP/1.1" 200 -
2023-04-21 19:50:24,105:INFO:127.0.0.1 - - [21/Apr/2023 19:50:24] "[32mPOST /security/administracion_admin HTTP/1.1[0m" 302 -
2023-04-21 19:50:24,148:INFO:127.0.0.1 - - [21/Apr/2023 19:50:24] "GET /security/administracion_admin HTTP/1.1" 200 -
2023-04-21 19:50:24,295:INFO:127.0.0.1 - - [21/Apr/2023 19:50:24] "[36mGET /static/bootstrap/css/bootstrap.min.css HTTP/1.1[0m" 304 -
2023-04-21 19:50:24,304:INFO:127.0.0.1 - - [21/Apr/2023 19:50:24] "[36mGET /static/bootstrap/css/bootstrap-responsive.min.css HTTP/1.1[0m" 304 -
2023-04-21 19:50:24,315:INFO:127.0.0.1 - - [21/Apr/2023 19:50:24] "[36mGET /static/bootstrap/css/styles.css HTTP/1.1[0m" 304 -
2023-04-21 19:50:24,323:INFO:127.0.0.1 - - [21/Apr/2023 19:50:24] "[36mGET /static/css/nav.css HTTP/1.1[0m" 304 -
2023-04-21 19:50:24,333:INFO:127.0.0.1 - - [21/Apr/2023 19:50:24] "[36mGET /static/css/carrusel.css HTTP/1.1[0m" 304 -
2023-04-21 19:50:24,347:INFO:127.0.0.1 - - [21/Apr/2023 19:50:24] "[36mGET /static/js/carrusel.js HTTP/1.1[0m" 304 -
2023-04-21 19:50:24,366:INFO:127.0.0.1 - - [21/Apr/2023 19:50:24] "[33mGET /security/static/sweetalert2/sweetalert2.min.js HTTP/1.1[0m" 404 -
2023-04-21 19:50:24,373:INFO:127.0.0.1 - - [21/Apr/2023 19:50:24] "[33mGET /security/static/sweetalert2/sweetalert2.min.css HTTP/1.1[0m" 404 -
2023-04-21 19:50:24,377:INFO:127.0.0.1 - - [21/Apr/2023 19:50:24] "[33mGET /security/static/estilos.css HTTP/1.1[0m" 404 -
2023-04-21 19:50:24,418:INFO:127.0.0.1 - - [21/Apr/2023 19:50:24] "[33mGET /security/static/sweetalert2/sweetalert2.min.css HTTP/1.1[0m" 404 -
2023-04-21 19:50:24,428:INFO:127.0.0.1 - - [21/Apr/2023 19:50:24] "[33mGET /security/static/sweetalert2/sweetalert2.min.js HTTP/1.1[0m" 404 -
2023-04-21 19:50:24,442:INFO:127.0.0.1 - - [21/Apr/2023 19:50:24] "[36mGET /static/img/ej4.png HTTP/1.1[0m" 304 -
2023-04-21 19:50:24,468:INFO:127.0.0.1 - - [21/Apr/2023 19:50:24] "[36mGET /static/img/fondo5.jpg HTTP/1.1[0m" 304 -
2023-04-21 19:50:24,489:INFO:127.0.0.1 - - [21/Apr/2023 19:50:24] "[33mGET /security/static/estilos.css HTTP/1.1[0m" 404 -
2023-04-21 19:50:24,508:INFO:127.0.0.1 - - [21/Apr/2023 19:50:24] "GET /static/bootstrap/img/glyphicons-halflings-white.png HTTP/1.1" 200 -
2023-04-21 19:51:27,808:INFO:127.0.0.1 - - [21/Apr/2023 19:51:27] "[32mPOST /security/administracion_admin HTTP/1.1[0m" 302 -
2023-04-21 19:51:27,832:INFO:127.0.0.1 - - [21/Apr/2023 19:51:27] "GET /security/administracion_admin HTTP/1.1" 200 -
2023-04-21 19:51:27,917:INFO:127.0.0.1 - - [21/Apr/2023 19:51:27] "[36mGET /static/bootstrap/css/bootstrap.min.css HTTP/1.1[0m" 304 -
2023-04-21 19:51:27,919:INFO:127.0.0.1 - - [21/Apr/2023 19:51:27] "[36mGET /static/bootstrap/css/bootstrap-responsive.min.css HTTP/1.1[0m" 304 -
2023-04-21 19:51:27,934:INFO:127.0.0.1 - - [21/Apr/2023 19:51:27] "[36mGET /static/bootstrap/css/styles.css HTTP/1.1[0m" 304 -
2023-04-21 19:51:27,935:INFO:127.0.0.1 - - [21/Apr/2023 19:51:27] "[36mGET /static/css/nav.css HTTP/1.1[0m" 304 -
2023-04-21 19:51:27,950:INFO:127.0.0.1 - - [21/Apr/2023 19:51:27] "[36mGET /static/css/carrusel.css HTTP/1.1[0m" 304 -
2023-04-21 19:51:27,971:INFO:127.0.0.1 - - [21/Apr/2023 19:51:27] "[36mGET /static/js/carrusel.js HTTP/1.1[0m" 304 -
2023-04-21 19:51:27,972:INFO:127.0.0.1 - - [21/Apr/2023 19:51:27] "[33mGET /security/static/sweetalert2/sweetalert2.min.css HTTP/1.1[0m" 404 -
2023-04-21 19:51:27,989:INFO:127.0.0.1 - - [21/Apr/2023 19:51:27] "[33mGET /security/static/sweetalert2/sweetalert2.min.js HTTP/1.1[0m" 404 -
2023-04-21 19:51:28,009:INFO:127.0.0.1 - - [21/Apr/2023 19:51:28] "[33mGET /security/static/estilos.css HTTP/1.1[0m" 404 -
2023-04-21 19:51:28,070:INFO:127.0.0.1 - - [21/Apr/2023 19:51:28] "[33mGET /security/static/sweetalert2/sweetalert2.min.css HTTP/1.1[0m" 404 -
2023-04-21 19:51:28,070:INFO:127.0.0.1 - - [21/Apr/2023 19:51:28] "[33mGET /security/static/sweetalert2/sweetalert2.min.js HTTP/1.1[0m" 404 -
2023-04-21 19:51:28,071:INFO:127.0.0.1 - - [21/Apr/2023 19:51:28] "[36mGET /static/img/ej4.png HTTP/1.1[0m" 304 -
2023-04-21 19:51:28,087:INFO:127.0.0.1 - - [21/Apr/2023 19:51:28] "[36mGET /static/img/fondo5.jpg HTTP/1.1[0m" 304 -
2023-04-21 19:51:28,109:INFO:127.0.0.1 - - [21/Apr/2023 19:51:28] "[33mGET /security/static/estilos.css HTTP/1.1[0m" 404 -
2023-04-21 19:51:28,129:INFO:127.0.0.1 - - [21/Apr/2023 19:51:28] "[36mGET /static/bootstrap/img/glyphicons-halflings-white.png HTTP/1.1[0m" 304 -
2023-04-21 19:51:34,435:INFO:127.0.0.1 - - [21/Apr/2023 19:51:34] "GET /security/productos HTTP/1.1" 200 -
2023-04-21 19:51:34,665:INFO:127.0.0.1 - - [21/Apr/2023 19:51:34] "[36mGET /static/bootstrap/css/bootstrap.min.css HTTP/1.1[0m" 304 -
2023-04-21 19:51:34,671:INFO:127.0.0.1 - - [21/Apr/2023 19:51:34] "[36mGET /static/bootstrap/css/bootstrap-responsive.min.css HTTP/1.1[0m" 304 -
2023-04-21 19:51:34,672:INFO:127.0.0.1 - - [21/Apr/2023 19:51:34] "[36mGET /static/bootstrap/css/styles.css HTTP/1.1[0m" 304 -
2023-04-21 19:51:34,703:INFO:127.0.0.1 - - [21/Apr/2023 19:51:34] "[36mGET /static/css/carrusel.css HTTP/1.1[0m" 304 -
2023-04-21 19:51:34,710:INFO:127.0.0.1 - - [21/Apr/2023 19:51:34] "[36mGET /static/css/nav.css HTTP/1.1[0m" 304 -
2023-04-21 19:51:34,725:INFO:127.0.0.1 - - [21/Apr/2023 19:51:34] "[36mGET /static/js/carrusel.js HTTP/1.1[0m" 304 -
2023-04-21 19:51:34,800:INFO:127.0.0.1 - - [21/Apr/2023 19:51:34] "[36mGET /static/img/ej4.png HTTP/1.1[0m" 304 -
2023-04-21 19:51:34,835:INFO:127.0.0.1 - - [21/Apr/2023 19:51:34] "[36mGET /static/img/fondo5.jpg HTTP/1.1[0m" 304 -
2023-04-21 19:51:47,976:INFO:127.0.0.1 - - [21/Apr/2023 19:51:47] "GET /security/administracion_admin HTTP/1.1" 200 -
2023-04-21 19:51:48,089:INFO:127.0.0.1 - - [21/Apr/2023 19:51:48] "[36mGET /static/bootstrap/css/bootstrap.min.css HTTP/1.1[0m" 304 -
2023-04-21 19:51:48,115:INFO:127.0.0.1 - - [21/Apr/2023 19:51:48] "[36mGET /static/bootstrap/css/bootstrap-responsive.min.css HTTP/1.1[0m" 304 -
2023-04-21 19:51:48,130:INFO:127.0.0.1 - - [21/Apr/2023 19:51:48] "[36mGET /static/bootstrap/css/styles.css HTTP/1.1[0m" 304 -
2023-04-21 19:51:48,139:INFO:127.0.0.1 - - [21/Apr/2023 19:51:48] "[36mGET /static/css/nav.css HTTP/1.1[0m" 304 -
2023-04-21 19:51:48,172:INFO:127.0.0.1 - - [21/Apr/2023 19:51:48] "[36mGET /static/css/carrusel.css HTTP/1.1[0m" 304 -
2023-04-21 19:51:48,180:INFO:127.0.0.1 - - [21/Apr/2023 19:51:48] "[36mGET /static/js/carrusel.js HTTP/1.1[0m" 304 -
2023-04-21 19:51:48,200:INFO:127.0.0.1 - - [21/Apr/2023 19:51:48] "[33mGET /security/static/sweetalert2/sweetalert2.min.js HTTP/1.1[0m" 404 -
2023-04-21 19:51:48,201:INFO:127.0.0.1 - - [21/Apr/2023 19:51:48] "[33mGET /security/static/sweetalert2/sweetalert2.min.css HTTP/1.1[0m" 404 -
2023-04-21 19:51:48,220:INFO:127.0.0.1 - - [21/Apr/2023 19:51:48] "[33mGET /security/static/estilos.css HTTP/1.1[0m" 404 -
2023-04-21 19:51:48,308:INFO:127.0.0.1 - - [21/Apr/2023 19:51:48] "[36mGET /static/img/ej4.png HTTP/1.1[0m" 304 -
2023-04-21 19:51:48,317:INFO:127.0.0.1 - - [21/Apr/2023 19:51:48] "[33mGET /security/static/sweetalert2/sweetalert2.min.css HTTP/1.1[0m" 404 -
2023-04-21 19:51:48,319:INFO:127.0.0.1 - - [21/Apr/2023 19:51:48] "[33mGET /security/static/sweetalert2/sweetalert2.min.js HTTP/1.1[0m" 404 -
2023-04-21 19:51:48,330:INFO:127.0.0.1 - - [21/Apr/2023 19:51:48] "[36mGET /static/img/fondo5.jpg HTTP/1.1[0m" 304 -
2023-04-21 19:51:48,375:INFO:127.0.0.1 - - [21/Apr/2023 19:51:48] "[33mGET /security/static/estilos.css HTTP/1.1[0m" 404 -
2023-04-21 19:51:48,393:INFO:127.0.0.1 - - [21/Apr/2023 19:51:48] "[36mGET /static/bootstrap/img/glyphicons-halflings-white.png HTTP/1.1[0m" 304 -
2023-04-21 19:53:21,987:INFO:127.0.0.1 - - [21/Apr/2023 19:53:21] "[32mPOST /security/administracion_admin HTTP/1.1[0m" 302 -
2023-04-21 19:53:22,013:INFO:127.0.0.1 - - [21/Apr/2023 19:53:22] "GET /security/administracion_admin HTTP/1.1" 200 -
2023-04-21 19:53:22,112:INFO:127.0.0.1 - - [21/Apr/2023 19:53:22] "[36mGET /static/bootstrap/css/bootstrap.min.css HTTP/1.1[0m" 304 -
2023-04-21 19:53:22,113:INFO:127.0.0.1 - - [21/Apr/2023 19:53:22] "[36mGET /static/bootstrap/css/bootstrap-responsive.min.css HTTP/1.1[0m" 304 -
2023-04-21 19:53:22,130:INFO:127.0.0.1 - - [21/Apr/2023 19:53:22] "[36mGET /static/bootstrap/css/styles.css HTTP/1.1[0m" 304 -
2023-04-21 19:53:22,131:INFO:127.0.0.1 - - [21/Apr/2023 19:53:22] "[36mGET /static/css/nav.css HTTP/1.1[0m" 304 -
2023-04-21 19:53:22,136:INFO:127.0.0.1 - - [21/Apr/2023 19:53:22] "[36mGET /static/css/carrusel.css HTTP/1.1[0m" 304 -
2023-04-21 19:53:22,145:INFO:127.0.0.1 - - [21/Apr/2023 19:53:22] "[36mGET /static/js/carrusel.js HTTP/1.1[0m" 304 -
2023-04-21 19:53:22,161:INFO:127.0.0.1 - - [21/Apr/2023 19:53:22] "[33mGET /security/static/sweetalert2/sweetalert2.min.js HTTP/1.1[0m" 404 -
2023-04-21 19:53:22,173:INFO:127.0.0.1 - - [21/Apr/2023 19:53:22] "[33mGET /security/static/sweetalert2/sweetalert2.min.css HTTP/1.1[0m" 404 -
2023-04-21 19:53:22,196:INFO:127.0.0.1 - - [21/Apr/2023 19:53:22] "[33mGET /security/static/estilos.css HTTP/1.1[0m" 404 -
2023-04-21 19:53:22,254:INFO:127.0.0.1 - - [21/Apr/2023 19:53:22] "[36mGET /static/img/ej4.png HTTP/1.1[0m" 304 -
2023-04-21 19:53:22,280:INFO:127.0.0.1 - - [21/Apr/2023 19:53:22] "[33mGET /security/static/sweetalert2/sweetalert2.min.css HTTP/1.1[0m" 404 -
2023-04-21 19:53:22,285:INFO:127.0.0.1 - - [21/Apr/2023 19:53:22] "[33mGET /security/static/sweetalert2/sweetalert2.min.js HTTP/1.1[0m" 404 -
2023-04-21 19:53:22,298:INFO:127.0.0.1 - - [21/Apr/2023 19:53:22] "[36mGET /static/img/fondo5.jpg HTTP/1.1[0m" 304 -
2023-04-21 19:53:22,326:INFO:127.0.0.1 - - [21/Apr/2023 19:53:22] "[33mGET /security/static/estilos.css HTTP/1.1[0m" 404 -
2023-04-21 19:53:22,338:INFO:127.0.0.1 - - [21/Apr/2023 19:53:22] "[36mGET /static/bootstrap/img/glyphicons-halflings-white.png HTTP/1.1[0m" 304 -
2023-04-21 19:53:24,609:INFO:127.0.0.1 - - [21/Apr/2023 19:53:24] "GET /security/productos HTTP/1.1" 200 -
2023-04-21 19:53:24,761:INFO:127.0.0.1 - - [21/Apr/2023 19:53:24] "[36mGET /static/bootstrap/css/bootstrap.min.css HTTP/1.1[0m" 304 -
2023-04-21 19:53:24,763:INFO:127.0.0.1 - - [21/Apr/2023 19:53:24] "[36mGET /static/bootstrap/css/bootstrap-responsive.min.css HTTP/1.1[0m" 304 -
2023-04-21 19:53:24,785:INFO:127.0.0.1 - - [21/Apr/2023 19:53:24] "[36mGET /static/bootstrap/css/styles.css HTTP/1.1[0m" 304 -
2023-04-21 19:53:24,785:INFO:127.0.0.1 - - [21/Apr/2023 19:53:24] "[36mGET /static/css/nav.css HTTP/1.1[0m" 304 -
2023-04-21 19:53:24,798:INFO:127.0.0.1 - - [21/Apr/2023 19:53:24] "[36mGET /static/css/carrusel.css HTTP/1.1[0m" 304 -
2023-04-21 19:53:24,808:INFO:127.0.0.1 - - [21/Apr/2023 19:53:24] "[36mGET /static/js/carrusel.js HTTP/1.1[0m" 304 -
2023-04-21 19:53:24,865:INFO:127.0.0.1 - - [21/Apr/2023 19:53:24] "[36mGET /static/img/ej4.png HTTP/1.1[0m" 304 -
2023-04-21 19:53:24,873:INFO:127.0.0.1 - - [21/Apr/2023 19:53:24] "[36mGET /static/img/fondo5.jpg HTTP/1.1[0m" 304 -
2023-04-21 19:53:48,327:INFO:127.0.0.1 - - [21/Apr/2023 19:53:48] "GET /security/administracion_admin HTTP/1.1" 200 -
2023-04-21 19:53:48,434:INFO:127.0.0.1 - - [21/Apr/2023 19:53:48] "[36mGET /static/bootstrap/css/bootstrap.min.css HTTP/1.1[0m" 304 -
2023-04-21 19:53:48,452:INFO:127.0.0.1 - - [21/Apr/2023 19:53:48] "[36mGET /static/bootstrap/css/bootstrap-responsive.min.css HTTP/1.1[0m" 304 -
2023-04-21 19:53:48,455:INFO:127.0.0.1 - - [21/Apr/2023 19:53:48] "[36mGET /static/bootstrap/css/styles.css HTTP/1.1[0m" 304 -
2023-04-21 19:53:48,481:INFO:127.0.0.1 - - [21/Apr/2023 19:53:48] "[36mGET /static/css/nav.css HTTP/1.1[0m" 304 -
2023-04-21 19:53:48,484:INFO:127.0.0.1 - - [21/Apr/2023 19:53:48] "[36mGET /static/css/carrusel.css HTTP/1.1[0m" 304 -
2023-04-21 19:53:48,500:INFO:127.0.0.1 - - [21/Apr/2023 19:53:48] "[36mGET /static/js/carrusel.js HTTP/1.1[0m" 304 -
2023-04-21 19:53:48,515:INFO:127.0.0.1 - - [21/Apr/2023 19:53:48] "[33mGET /security/static/sweetalert2/sweetalert2.min.css HTTP/1.1[0m" 404 -
2023-04-21 19:53:48,532:INFO:127.0.0.1 - - [21/Apr/2023 19:53:48] "[33mGET /security/static/sweetalert2/sweetalert2.min.js HTTP/1.1[0m" 404 -
2023-04-21 19:53:48,555:INFO:127.0.0.1 - - [21/Apr/2023 19:53:48] "[33mGET /security/static/estilos.css HTTP/1.1[0m" 404 -
2023-04-21 19:53:48,584:INFO:127.0.0.1 - - [21/Apr/2023 19:53:48] "[33mGET /security/static/sweetalert2/sweetalert2.min.css HTTP/1.1[0m" 404 -
2023-04-21 19:53:48,588:INFO:127.0.0.1 - - [21/Apr/2023 19:53:48] "[33mGET /security/static/sweetalert2/sweetalert2.min.js HTTP/1.1[0m" 404 -
2023-04-21 19:53:48,601:INFO:127.0.0.1 - - [21/Apr/2023 19:53:48] "[36mGET /static/img/ej4.png HTTP/1.1[0m" 304 -
2023-04-21 19:53:48,620:INFO:127.0.0.1 - - [21/Apr/2023 19:53:48] "[36mGET /static/img/fondo5.jpg HTTP/1.1[0m" 304 -
2023-04-21 19:53:48,646:INFO:127.0.0.1 - - [21/Apr/2023 19:53:48] "[33mGET /security/static/estilos.css HTTP/1.1[0m" 404 -
2023-04-21 19:53:48,669:INFO:127.0.0.1 - - [21/Apr/2023 19:53:48] "[36mGET /static/bootstrap/img/glyphicons-halflings-white.png HTTP/1.1[0m" 304 -
2023-04-21 19:54:30,660:INFO:127.0.0.1 - - [21/Apr/2023 19:54:30] "[35m[1mGET /security/modificar?id= HTTP/1.1[0m" 500 -
2023-04-21 19:54:30,845:INFO:127.0.0.1 - - [21/Apr/2023 19:54:30] "GET /security/modificar?__debugger__=yes&cmd=resource&f=style.css HTTP/1.1" 200 -
2023-04-21 19:54:30,894:INFO:127.0.0.1 - - [21/Apr/2023 19:54:30] "GET /security/modificar?__debugger__=yes&cmd=resource&f=debugger.js HTTP/1.1" 200 -
2023-04-21 19:54:30,914:INFO:127.0.0.1 - - [21/Apr/2023 19:54:30] "GET /security/modificar?__debugger__=yes&cmd=resource&f=console.png HTTP/1.1" 200 -
2023-04-21 19:54:30,919:INFO:127.0.0.1 - - [21/Apr/2023 19:54:30] "[36mGET /security/modificar?__debugger__=yes&cmd=resource&f=console.png HTTP/1.1[0m" 304 -
2023-04-21 19:55:22,768:INFO:127.0.0.1 - - [21/Apr/2023 19:55:22] "[35m[1mGET /security/modificar?id= HTTP/1.1[0m" 500 -
2023-04-21 19:55:22,910:INFO:127.0.0.1 - - [21/Apr/2023 19:55:22] "GET /security/modificar?__debugger__=yes&cmd=resource&f=style.css HTTP/1.1" 200 -
2023-04-21 19:55:22,913:INFO:127.0.0.1 - - [21/Apr/2023 19:55:22] "[36mGET /security/modificar?__debugger__=yes&cmd=resource&f=debugger.js HTTP/1.1[0m" 304 -
2023-04-21 19:55:22,955:INFO:127.0.0.1 - - [21/Apr/2023 19:55:22] "[36mGET /security/modificar?__debugger__=yes&cmd=resource&f=console.png HTTP/1.1[0m" 304 -
2023-04-21 19:55:56,151:INFO: * Detected change in 'C:\\curso_python\\Proyecto Final\\The_World_of_cakes\\project\\auth.py', reloading
2023-04-21 19:55:56,763:INFO: * Restarting with stat
2023-04-21 19:56:06,748:INFO:Se inicio la aplicacion
2023-04-21 19:56:06,776:WARNING: * Debugger is active!
2023-04-21 19:56:06,791:INFO: * Debugger PIN: 341-549-671
2023-04-21 20:02:22,507:INFO: * Detected change in 'C:\\curso_python\\Proyecto Final\\The_World_of_cakes\\project\\auth.py', reloading
2023-04-21 20:02:22,741:INFO: * Restarting with stat
2023-04-21 20:02:25,376:INFO:Se inicio la aplicacion
2023-04-21 20:02:25,393:WARNING: * Debugger is active!
2023-04-21 20:02:25,400:INFO: * Debugger PIN: 341-549-671
2023-04-21 20:02:31,121:INFO: * Detected change in 'C:\\curso_python\\Proyecto Final\\The_World_of_cakes\\project\\auth.py', reloading
2023-04-21 20:02:31,449:INFO: * Restarting with stat
2023-04-21 20:02:33,755:INFO:Se inicio la aplicacion
2023-04-21 20:02:33,772:WARNING: * Debugger is active!
2023-04-21 20:02:33,778:INFO: * Debugger PIN: 341-549-671
2023-04-21 20:03:14,869:INFO:127.0.0.1 - - [21/Apr/2023 20:03:14] "[32mGET /security/modificar?id= HTTP/1.1[0m" 302 -
2023-04-21 20:03:14,993:INFO:127.0.0.1 - - [21/Apr/2023 20:03:14] "GET /login?next=%2Fsecurity%2Fmodificar%3Fid%3D HTTP/1.1" 200 -
2023-04-21 20:03:22,141:INFO:127.0.0.1 - - [21/Apr/2023 20:03:22] "GET / HTTP/1.1" 200 -
2023-04-21 20:03:22,250:INFO:127.0.0.1 - - [21/Apr/2023 20:03:22] "[36mGET /static/bootstrap/css/bootstrap.min.css HTTP/1.1[0m" 304 -
2023-04-21 20:03:22,255:INFO:127.0.0.1 - - [21/Apr/2023 20:03:22] "[36mGET /static/bootstrap/css/bootstrap-responsive.min.css HTTP/1.1[0m" 304 -
2023-04-21 20:03:22,262:INFO:127.0.0.1 - - [21/Apr/2023 20:03:22] "[36mGET /static/bootstrap/css/styles.css HTTP/1.1[0m" 304 -
2023-04-21 20:03:22,269:INFO:127.0.0.1 - - [21/Apr/2023 20:03:22] "[36mGET /static/css/nav.css HTTP/1.1[0m" 304 -
2023-04-21 20:03:22,275:INFO:127.0.0.1 - - [21/Apr/2023 20:03:22] "[36mGET /static/css/carrusel.css HTTP/1.1[0m" 304 -
2023-04-21 20:03:22,276:INFO:127.0.0.1 - - [21/Apr/2023 20:03:22] "[36mGET /static/js/carrusel.js HTTP/1.1[0m" 304 -
2023-04-21 20:03:22,716:INFO:127.0.0.1 - - [21/Apr/2023 20:03:22] "[36mGET /static/img/ej4.png HTTP/1.1[0m" 304 -
2023-04-21 20:03:22,731:INFO:127.0.0.1 - - [21/Apr/2023 20:03:22] "[36mGET /static/img/mision2.jpg HTTP/1.1[0m" 304 -
2023-04-21 20:03:22,733:INFO:127.0.0.1 - - [21/Apr/2023 20:03:22] "[36mGET /static/img/vision.png HTTP/1.1[0m" 304 -
2023-04-21 20:03:22,738:INFO:127.0.0.1 - - [21/Apr/2023 20:03:22] "[36mGET /static/img/fondo5.jpg HTTP/1.1[0m" 304 -
2023-04-21 20:03:24,610:INFO:127.0.0.1 - - [21/Apr/2023 20:03:24] "GET /security/login HTTP/1.1" 200 -
2023-04-21 20:03:24,796:INFO:127.0.0.1 - - [21/Apr/2023 20:03:24] "[36mGET /static/bootstrap/css/bootstrap.min.css HTTP/1.1[0m" 304 -
2023-04-21 20:03:24,802:INFO:127.0.0.1 - - [21/Apr/2023 20:03:24] "[36mGET /static/bootstrap/css/bootstrap-responsive.min.css HTTP/1.1[0m" 304 -
2023-04-21 20:03:24,808:INFO:127.0.0.1 - - [21/Apr/2023 20:03:24] "[36mGET /static/bootstrap/css/styles.css HTTP/1.1[0m" 304 -
2023-04-21 20:03:24,815:INFO:127.0.0.1 - - [21/Apr/2023 20:03:24] "[36mGET /static/css/nav.css HTTP/1.1[0m" 304 -
2023-04-21 20:03:24,820:INFO:127.0.0.1 - - [21/Apr/2023 20:03:24] "[36mGET /static/css/carrusel.css HTTP/1.1[0m" 304 -
2023-04-21 20:03:24,828:INFO:127.0.0.1 - - [21/Apr/2023 20:03:24] "[33mGET /security/static/estilos.css HTTP/1.1[0m" 404 -
2023-04-21 20:03:24,830:INFO:127.0.0.1 - - [21/Apr/2023 20:03:24] "[36mGET /static/js/carrusel.js HTTP/1.1[0m" 304 -
2023-04-21 20:03:24,888:INFO:127.0.0.1 - - [21/Apr/2023 20:03:24] "[36mGET /static/img/ej4.png HTTP/1.1[0m" 304 -
2023-04-21 20:03:24,904:INFO:127.0.0.1 - - [21/Apr/2023 20:03:24] "[33mGET /security/static/estilos.css HTTP/1.1[0m" 404 -
2023-04-21 20:03:24,910:INFO:127.0.0.1 - - [21/Apr/2023 20:03:24] "[36mGET /static/img/fondo5.jpg HTTP/1.1[0m" 304 -
2023-04-21 20:03:30,225:DEBUG:El usuario FernandoLP.mx@outlook.com ingreso al sistema
2023-04-21 20:03:30,229:INFO:127.0.0.1 - - [21/Apr/2023 20:03:30] "[32mPOST /security/login HTTP/1.1[0m" 302 -
2023-04-21 20:03:30,255:INFO:127.0.0.1 - - [21/Apr/2023 20:03:30] "GET / HTTP/1.1" 200 -
2023-04-21 20:03:30,357:INFO:127.0.0.1 - - [21/Apr/2023 20:03:30] "[36mGET /static/bootstrap/css/bootstrap.min.css HTTP/1.1[0m" 304 -
2023-04-21 20:03:30,372:INFO:127.0.0.1 - - [21/Apr/2023 20:03:30] "[36mGET /static/bootstrap/css/bootstrap-responsive.min.css HTTP/1.1[0m" 304 -
2023-04-21 20:03:30,386:INFO:127.0.0.1 - - [21/Apr/2023 20:03:30] "[36mGET /static/bootstrap/css/styles.css HTTP/1.1[0m" 304 -
2023-04-21 20:03:30,404:INFO:127.0.0.1 - - [21/Apr/2023 20:03:30] "[36mGET /static/css/nav.css HTTP/1.1[0m" 304 -
2023-04-21 20:03:30,421:INFO:127.0.0.1 - - [21/Apr/2023 20:03:30] "[36mGET /static/css/carrusel.css HTTP/1.1[0m" 304 -
2023-04-21 20:03:30,432:INFO:127.0.0.1 - - [21/Apr/2023 20:03:30] "[36mGET /static/js/carrusel.js HTTP/1.1[0m" 304 -
2023-04-21 20:03:30,483:INFO:127.0.0.1 - - [21/Apr/2023 20:03:30] "[36mGET /static/img/ej4.png HTTP/1.1[0m" 304 -
2023-04-21 20:03:30,492:INFO:127.0.0.1 - - [21/Apr/2023 20:03:30] "[36mGET /static/img/mision2.jpg HTTP/1.1[0m" 304 -
2023-04-21 20:03:30,502:INFO:127.0.0.1 - - [21/Apr/2023 20:03:30] "[36mGET /static/img/vision.png HTTP/1.1[0m" 304 -
2023-04-21 20:03:30,506:INFO:127.0.0.1 - - [21/Apr/2023 20:03:30] "[36mGET /static/img/fondo5.jpg HTTP/1.1[0m" 304 -
2023-04-21 20:03:34,957:INFO:127.0.0.1 - - [21/Apr/2023 20:03:34] "[35m[1mGET /security/administracion_admin HTTP/1.1[0m" 500 -
2023-04-21 20:03:35,107:INFO:127.0.0.1 - - [21/Apr/2023 20:03:35] "GET /security/administracion_admin?__debugger__=yes&cmd=resource&f=style.css HTTP/1.1" 200 -
2023-04-21 20:03:35,128:INFO:127.0.0.1 - - [21/Apr/2023 20:03:35] "[36mGET /security/administracion_admin?__debugger__=yes&cmd=resource&f=debugger.js HTTP/1.1[0m" 304 -
2023-04-21 20:03:35,174:INFO:127.0.0.1 - - [21/Apr/2023 20:03:35] "[36mGET /security/administracion_admin?__debugger__=yes&cmd=resource&f=console.png HTTP/1.1[0m" 304 -
2023-04-21 20:04:21,387:INFO:127.0.0.1 - - [21/Apr/2023 20:04:21] "GET /security/administracion_admin HTTP/1.1" 200 -
2023-04-21 20:04:21,601:INFO:127.0.0.1 - - [21/Apr/2023 20:04:21] "[36mGET /static/bootstrap/css/bootstrap.min.css HTTP/1.1[0m" 304 -
2023-04-21 20:04:21,605:INFO:127.0.0.1 - - [21/Apr/2023 20:04:21] "[36mGET /static/bootstrap/css/bootstrap-responsive.min.css HTTP/1.1[0m" 304 -
2023-04-21 20:04:21,626:INFO:127.0.0.1 - - [21/Apr/2023 20:04:21] "[36mGET /static/css/carrusel.css HTTP/1.1[0m" 304 -
2023-04-21 20:04:21,635:INFO:127.0.0.1 - - [21/Apr/2023 20:04:21] "[36mGET /static/css/nav.css HTTP/1.1[0m" 304 -
2023-04-21 20:04:21,636:INFO:127.0.0.1 - - [21/Apr/2023 20:04:21] "[36mGET /static/bootstrap/css/styles.css HTTP/1.1[0m" 304 -
2023-04-21 20:04:21,644:INFO:127.0.0.1 - - [21/Apr/2023 20:04:21] "[36mGET /static/js/carrusel.js HTTP/1.1[0m" 304 -
2023-04-21 20:04:21,644:INFO:127.0.0.1 - - [21/Apr/2023 20:04:21] "[33mGET /security/static/estilos.css HTTP/1.1[0m" 404 -
2023-04-21 20:04:21,660:INFO:127.0.0.1 - - [21/Apr/2023 20:04:21] "[33mGET /security/static/sweetalert2/sweetalert2.min.css HTTP/1.1[0m" 404 -
2023-04-21 20:04:21,663:INFO:127.0.0.1 - - [21/Apr/2023 20:04:21] "[33mGET /security/static/sweetalert2/sweetalert2.min.js HTTP/1.1[0m" 404 -
2023-04-21 20:04:21,740:INFO:127.0.0.1 - - [21/Apr/2023 20:04:21] "[33mGET /security/static/sweetalert2/sweetalert2.min.css HTTP/1.1[0m" 404 -
2023-04-21 20:04:21,751:INFO:127.0.0.1 - - [21/Apr/2023 20:04:21] "[36mGET /static/img/ej4.png HTTP/1.1[0m" 304 -
2023-04-21 20:04:21,757:INFO:127.0.0.1 - - [21/Apr/2023 20:04:21] "[33mGET /security/static/sweetalert2/sweetalert2.min.js HTTP/1.1[0m" 404 -
2023-04-21 20:04:21,762:INFO:127.0.0.1 - - [21/Apr/2023 20:04:21] "[36mGET /static/img/fondo5.jpg HTTP/1.1[0m" 304 -
2023-04-21 20:04:21,787:INFO:127.0.0.1 - - [21/Apr/2023 20:04:21] "[33mGET /security/static/estilos.css HTTP/1.1[0m" 404 -
2023-04-21 20:04:21,798:INFO:127.0.0.1 - - [21/Apr/2023 20:04:21] "[36mGET /static/bootstrap/img/glyphicons-halflings-white.png HTTP/1.1[0m" 304 -
2023-04-21 20:04:23,703:INFO:127.0.0.1 - - [21/Apr/2023 20:04:23] "[35m[1mGET /security/modificar?id= HTTP/1.1[0m" 500 -
2023-04-21 20:04:23,791:INFO:127.0.0.1 - - [21/Apr/2023 20:04:23] "[36mGET /security/modificar?__debugger__=yes&cmd=resource&f=debugger.js HTTP/1.1[0m" 304 -
2023-04-21 20:04:23,796:INFO:127.0.0.1 - - [21/Apr/2023 20:04:23] "GET /security/modificar?__debugger__=yes&cmd=resource&f=style.css HTTP/1.1" 200 -
2023-04-21 20:04:23,819:INFO:127.0.0.1 - - [21/Apr/2023 20:04:23] "[36mGET /security/modificar?__debugger__=yes&cmd=resource&f=console.png HTTP/1.1[0m" 304 -
2023-04-21 20:04:57,495:INFO: * Detected change in 'C:\\curso_python\\Proyecto Final\\The_World_of_cakes\\project\\auth.py', reloading
2023-04-21 20:04:57,724:INFO: * Restarting with stat
2023-04-21 20:05:00,848:INFO:Se inicio la aplicacion
2023-04-21 20:05:00,864:WARNING: * Debugger is active!
2023-04-21 20:05:00,874:INFO: * Debugger PIN: 341-549-671
2023-04-21 20:05:04,926:INFO:127.0.0.1 - - [21/Apr/2023 20:05:04] "[32mGET /security/modificar?id= HTTP/1.1[0m" 302 -
2023-04-21 20:05:05,079:INFO:127.0.0.1 - - [21/Apr/2023 20:05:05] "GET /login?next=%2Fsecurity%2Fmodificar%3Fid%3D HTTP/1.1" 200 -
2023-04-21 20:05:10,363:INFO:127.0.0.1 - - [21/Apr/2023 20:05:10] "GET / HTTP/1.1" 200 -
2023-04-21 20:05:10,456:INFO:127.0.0.1 - - [21/Apr/2023 20:05:10] "[36mGET /static/bootstrap/css/bootstrap.min.css HTTP/1.1[0m" 304 -
2023-04-21 20:05:10,478:INFO:127.0.0.1 - - [21/Apr/2023 20:05:10] "[36mGET /static/bootstrap/css/bootstrap-responsive.min.css HTTP/1.1[0m" 304 -
2023-04-21 20:05:10,481:INFO:127.0.0.1 - - [21/Apr/2023 20:05:10] "[36mGET /static/bootstrap/css/styles.css HTTP/1.1[0m" 304 -
2023-04-21 20:05:10,494:INFO:127.0.0.1 - - [21/Apr/2023 20:05:10] "[36mGET /static/css/nav.css HTTP/1.1[0m" 304 -
2023-04-21 20:05:10,507:INFO:127.0.0.1 - - [21/Apr/2023 20:05:10] "[36mGET /static/css/carrusel.css HTTP/1.1[0m" 304 -
2023-04-21 20:05:10,515:INFO:127.0.0.1 - - [21/Apr/2023 20:05:10] "[36mGET /static/js/carrusel.js HTTP/1.1[0m" 304 -
2023-04-21 20:05:10,855:INFO:127.0.0.1 - - [21/Apr/2023 20:05:10] "[36mGET /static/img/ej4.png HTTP/1.1[0m" 304 -
2023-04-21 20:05:10,868:INFO:127.0.0.1 - - [21/Apr/2023 20:05:10] "[36mGET /static/img/mision2.jpg HTTP/1.1[0m" 304 -
2023-04-21 20:05:10,872:INFO:127.0.0.1 - - [21/Apr/2023 20:05:10] "[36mGET /static/img/vision.png HTTP/1.1[0m" 304 -
2023-04-21 20:05:10,880:INFO:127.0.0.1 - - [21/Apr/2023 20:05:10] "[36mGET /static/img/fondo5.jpg HTTP/1.1[0m" 304 -
2023-04-21 20:05:13,752:INFO:127.0.0.1 - - [21/Apr/2023 20:05:13] "GET /security/login HTTP/1.1" 200 -
2023-04-21 20:05:13,938:INFO:127.0.0.1 - - [21/Apr/2023 20:05:13] "[36mGET /static/bootstrap/css/bootstrap.min.css HTTP/1.1[0m" 304 -
2023-04-21 20:05:13,948:INFO:127.0.0.1 - - [21/Apr/2023 20:05:13] "[36mGET /static/bootstrap/css/bootstrap-responsive.min.css HTTP/1.1[0m" 304 -
2023-04-21 20:05:13,955:INFO:127.0.0.1 - - [21/Apr/2023 20:05:13] "[36mGET /static/bootstrap/css/styles.css HTTP/1.1[0m" 304 -
2023-04-21 20:05:13,965:INFO:127.0.0.1 - - [21/Apr/2023 20:05:13] "[36mGET /static/css/nav.css HTTP/1.1[0m" 304 -
2023-04-21 20:05:13,971:INFO:127.0.0.1 - - [21/Apr/2023 20:05:13] "[36mGET /static/css/carrusel.css HTTP/1.1[0m" 304 -
2023-04-21 20:05:13,971:INFO:127.0.0.1 - - [21/Apr/2023 20:05:13] "[36mGET /static/js/carrusel.js HTTP/1.1[0m" 304 -
2023-04-21 20:05:13,980:INFO:127.0.0.1 - - [21/Apr/2023 20:05:13] "[33mGET /security/static/estilos.css HTTP/1.1[0m" 404 -
2023-04-21 20:05:14,089:INFO:127.0.0.1 - - [21/Apr/2023 20:05:14] "[36mGET /static/img/ej4.png HTTP/1.1[0m" 304 -
2023-04-21 20:05:14,096:INFO:127.0.0.1 - - [21/Apr/2023 20:05:14] "[33mGET /security/static/estilos.css HTTP/1.1[0m" 404 -
2023-04-21 20:05:14,103:INFO:127.0.0.1 - - [21/Apr/2023 20:05:14] "[36mGET /static/img/fondo5.jpg HTTP/1.1[0m" 304 -
2023-04-21 20:05:17,863:DEBUG:El usuario FernandoLP.mx@outlook.com ingreso al sistema
2023-04-21 20:05:17,866:INFO:127.0.0.1 - - [21/Apr/2023 20:05:17] "[32mPOST /security/login HTTP/1.1[0m" 302 -
2023-04-21 20:05:17,883:INFO:127.0.0.1 - - [21/Apr/2023 20:05:17] "GET / HTTP/1.1" 200 -
2023-04-21 20:05:18,001:INFO:127.0.0.1 - - [21/Apr/2023 20:05:18] "[36mGET /static/bootstrap/css/bootstrap.min.css HTTP/1.1[0m" 304 -
2023-04-21 20:05:18,025:INFO:127.0.0.1 - - [21/Apr/2023 20:05:18] "[36mGET /static/bootstrap/css/bootstrap-responsive.min.css HTTP/1.1[0m" 304 -
2023-04-21 20:05:18,032:INFO:127.0.0.1 - - [21/Apr/2023 20:05:18] "[36mGET /static/bootstrap/css/styles.css HTTP/1.1[0m" 304 -
2023-04-21 20:05:18,033:INFO:127.0.0.1 - - [21/Apr/2023 20:05:18] "[36mGET /static/css/nav.css HTTP/1.1[0m" 304 -
2023-04-21 20:05:18,043:INFO:127.0.0.1 - - [21/Apr/2023 20:05:18] "[36mGET /static/css/carrusel.css HTTP/1.1[0m" 304 -
2023-04-21 20:05:18,056:INFO:127.0.0.1 - - [21/Apr/2023 20:05:18] "[36mGET /static/js/carrusel.js HTTP/1.1[0m" 304 -
2023-04-21 20:05:18,145:INFO:127.0.0.1 - - [21/Apr/2023 20:05:18] "[36mGET /static/img/ej4.png HTTP/1.1[0m" 304 -
2023-04-21 20:05:18,155:INFO:127.0.0.1 - - [21/Apr/2023 20:05:18] "[36mGET /static/img/mision2.jpg HTTP/1.1[0m" 304 -
2023-04-21 20:05:18,159:INFO:127.0.0.1 - - [21/Apr/2023 20:05:18] "[36mGET /static/img/fondo5.jpg HTTP/1.1[0m" 304 -
2023-04-21 20:05:18,160:INFO:127.0.0.1 - - [21/Apr/2023 20:05:18] "[36mGET /static/img/vision.png HTTP/1.1[0m" 304 -
2023-04-21 20:05:20,461:INFO:127.0.0.1 - - [21/Apr/2023 20:05:20] "GET /security/administracion_admin HTTP/1.1" 200 -
2023-04-21 20:05:20,569:INFO:127.0.0.1 - - [21/Apr/2023 20:05:20] "[36mGET /static/bootstrap/css/bootstrap.min.css HTTP/1.1[0m" 304 -
2023-04-21 20:05:20,570:INFO:127.0.0.1 - - [21/Apr/2023 20:05:20] "[36mGET /static/bootstrap/css/bootstrap-responsive.min.css HTTP/1.1[0m" 304 -
2023-04-21 20:05:20,585:INFO:127.0.0.1 - - [21/Apr/2023 20:05:20] "[36mGET /static/bootstrap/css/styles.css HTTP/1.1[0m" 304 -
2023-04-21 20:05:20,598:INFO:127.0.0.1 - - [21/Apr/2023 20:05:20] "[36mGET /static/css/nav.css HTTP/1.1[0m" 304 -
2023-04-21 20:05:20,612:INFO:127.0.0.1 - - [21/Apr/2023 20:05:20] "[36mGET /static/css/carrusel.css HTTP/1.1[0m" 304 -
2023-04-21 20:05:20,638:INFO:127.0.0.1 - - [21/Apr/2023 20:05:20] "[36mGET /static/js/carrusel.js HTTP/1.1[0m" 304 -
2023-04-21 20:05:20,655:INFO:127.0.0.1 - - [21/Apr/2023 20:05:20] "[33mGET /security/static/sweetalert2/sweetalert2.min.css HTTP/1.1[0m" 404 -
2023-04-21 20:05:20,660:INFO:127.0.0.1 - - [21/Apr/2023 20:05:20] "[33mGET /security/static/sweetalert2/sweetalert2.min.js HTTP/1.1[0m" 404 -
2023-04-21 20:05:20,690:INFO:127.0.0.1 - - [21/Apr/2023 20:05:20] "[33mGET /security/static/estilos.css HTTP/1.1[0m" 404 -
2023-04-21 20:05:20,730:INFO:127.0.0.1 - - [21/Apr/2023 20:05:20] "[36mGET /static/img/ej4.png HTTP/1.1[0m" 304 -
2023-04-21 20:05:20,735:INFO:127.0.0.1 - - [21/Apr/2023 20:05:20] "[36mGET /static/img/fondo5.jpg HTTP/1.1[0m" 304 -
2023-04-21 20:05:20,755:INFO:127.0.0.1 - - [21/Apr/2023 20:05:20] "[36mGET /static/bootstrap/img/glyphicons-halflings-white.png HTTP/1.1[0m" 304 -
2023-04-21 20:05:22,777:INFO:127.0.0.1 - - [21/Apr/2023 20:05:22] "[35m[1mGET /security/modificar?id= HTTP/1.1[0m" 500 -
2023-04-21 20:05:22,931:INFO:127.0.0.1 - - [21/Apr/2023 20:05:22] "[36mGET /security/modificar?__debugger__=yes&cmd=resource&f=debugger.js HTTP/1.1[0m" 304 -
2023-04-21 20:05:22,933:INFO:127.0.0.1 - - [21/Apr/2023 20:05:22] "GET /security/modificar?__debugger__=yes&cmd=resource&f=style.css HTTP/1.1" 200 -
2023-04-21 20:05:22,979:INFO:127.0.0.1 - - [21/Apr/2023 20:05:22] "[36mGET /security/modificar?__debugger__=yes&cmd=resource&f=console.png HTTP/1.1[0m" 304 -
2023-04-21 20:06:17,045:INFO: * Detected change in 'C:\\curso_python\\Proyecto Final\\The_World_of_cakes\\project\\forms.py', reloading
2023-04-21 20:06:17,257:INFO: * Restarting with stat
2023-04-21 20:06:19,991:INFO:Se inicio la aplicacion
2023-04-21 20:06:20,020:WARNING: * Debugger is active!
2023-04-21 20:06:20,034:INFO: * Debugger PIN: 341-549-671
2023-04-21 20:06:23,317:INFO:127.0.0.1 - - [21/Apr/2023 20:06:23] "[32mGET /security/modificar?id= HTTP/1.1[0m" 302 -
2023-04-21 20:06:23,464:INFO:127.0.0.1 - - [21/Apr/2023 20:06:23] "GET /login?next=%2Fsecurity%2Fmodificar%3Fid%3D HTTP/1.1" 200 -
2023-04-21 20:06:29,326:INFO:127.0.0.1 - - [21/Apr/2023 20:06:29] "GET / HTTP/1.1" 200 -
2023-04-21 20:06:29,419:INFO:127.0.0.1 - - [21/Apr/2023 20:06:29] "[36mGET /static/bootstrap/css/bootstrap.min.css HTTP/1.1[0m" 304 -
2023-04-21 20:06:29,428:INFO:127.0.0.1 - - [21/Apr/2023 20:06:29] "[36mGET /static/bootstrap/css/bootstrap-responsive.min.css HTTP/1.1[0m" 304 -
2023-04-21 20:06:29,435:INFO:127.0.0.1 - - [21/Apr/2023 20:06:29] "[36mGET /static/bootstrap/css/styles.css HTTP/1.1[0m" 304 -
2023-04-21 20:06:29,438:INFO:127.0.0.1 - - [21/Apr/2023 20:06:29] "[36mGET /static/css/nav.css HTTP/1.1[0m" 304 -
2023-04-21 20:06:29,449:INFO:127.0.0.1 - - [21/Apr/2023 20:06:29] "[36mGET /static/css/carrusel.css HTTP/1.1[0m" 304 -
2023-04-21 20:06:29,451:INFO:127.0.0.1 - - [21/Apr/2023 20:06:29] "[36mGET /static/js/carrusel.js HTTP/1.1[0m" 304 -
2023-04-21 20:06:29,536:INFO:127.0.0.1 - - [21/Apr/2023 20:06:29] "[36mGET /static/img/ej4.png HTTP/1.1[0m" 304 -
2023-04-21 20:06:29,544:INFO:127.0.0.1 - - [21/Apr/2023 20:06:29] "[36mGET /static/img/mision2.jpg HTTP/1.1[0m" 304 -
2023-04-21 20:06:29,548:INFO:127.0.0.1 - - [21/Apr/2023 20:06:29] "[36mGET /static/img/fondo5.jpg HTTP/1.1[0m" 304 -
2023-04-21 20:06:29,548:INFO:127.0.0.1 - - [21/Apr/2023 20:06:29] "[36mGET /static/img/vision.png HTTP/1.1[0m" 304 -
2023-04-21 20:06:32,003:INFO:127.0.0.1 - - [21/Apr/2023 20:06:32] "GET /security/login HTTP/1.1" 200 -
2023-04-21 20:06:32,148:INFO:127.0.0.1 - - [21/Apr/2023 20:06:32] "[36mGET /static/bootstrap/css/bootstrap.min.css HTTP/1.1[0m" 304 -
2023-04-21 20:06:32,170:INFO:127.0.0.1 - - [21/Apr/2023 20:06:32] "[36mGET /static/bootstrap/css/styles.css HTTP/1.1[0m" 304 -
2023-04-21 20:06:32,174:INFO:127.0.0.1 - - [21/Apr/2023 20:06:32] "[36mGET /static/bootstrap/css/bootstrap-responsive.min.css HTTP/1.1[0m" 304 -
2023-04-21 20:06:32,190:INFO:127.0.0.1 - - [21/Apr/2023 20:06:32] "[36mGET /static/css/nav.css HTTP/1.1[0m" 304 -
2023-04-21 20:06:32,195:INFO:127.0.0.1 - - [21/Apr/2023 20:06:32] "[36mGET /static/css/carrusel.css HTTP/1.1[0m" 304 -
2023-04-21 20:06:32,203:INFO:127.0.0.1 - - [21/Apr/2023 20:06:32] "[36mGET /static/js/carrusel.js HTTP/1.1[0m" 304 -
2023-04-21 20:06:32,216:INFO:127.0.0.1 - - [21/Apr/2023 20:06:32] "[33mGET /security/static/estilos.css HTTP/1.1[0m" 404 -
2023-04-21 20:06:32,256:INFO:127.0.0.1 - - [21/Apr/2023 20:06:32] "[36mGET /static/img/ej4.png HTTP/1.1[0m" 304 -
2023-04-21 20:06:32,264:INFO:127.0.0.1 - - [21/Apr/2023 20:06:32] "[33mGET /security/static/estilos.css HTTP/1.1[0m" 404 -
2023-04-21 20:06:32,280:INFO:127.0.0.1 - - [21/Apr/2023 20:06:32] "[36mGET /static/img/fondo5.jpg HTTP/1.1[0m" 304 -
2023-04-21 20:06:37,741:DEBUG:El usuario FernandoLP.mx@outlook.com ingreso al sistema
2023-04-21 20:06:37,743:INFO:127.0.0.1 - - [21/Apr/2023 20:06:37] "[32mPOST /security/login HTTP/1.1[0m" 302 -
2023-04-21 20:06:37,762:INFO:127.0.0.1 - - [21/Apr/2023 20:06:37] "GET / HTTP/1.1" 200 -
2023-04-21 20:06:37,860:INFO:127.0.0.1 - - [21/Apr/2023 20:06:37] "[36mGET /static/bootstrap/css/bootstrap.min.css HTTP/1.1[0m" 304 -
2023-04-21 20:06:37,873:INFO:127.0.0.1 - - [21/Apr/2023 20:06:37] "[36mGET /static/bootstrap/css/bootstrap-responsive.min.css HTTP/1.1[0m" 304 -
2023-04-21 20:06:37,896:INFO:127.0.0.1 - - [21/Apr/2023 20:06:37] "[36mGET /static/bootstrap/css/styles.css HTTP/1.1[0m" 304 -
2023-04-21 20:06:37,909:INFO:127.0.0.1 - - [21/Apr/2023 20:06:37] "[36mGET /static/css/nav.css HTTP/1.1[0m" 304 -
2023-04-21 20:06:37,927:INFO:127.0.0.1 - - [21/Apr/2023 20:06:37] "[36mGET /static/css/carrusel.css HTTP/1.1[0m" 304 -
2023-04-21 20:06:37,930:INFO:127.0.0.1 - - [21/Apr/2023 20:06:37] "[36mGET /static/js/carrusel.js HTTP/1.1[0m" 304 -
2023-04-21 20:06:37,988:INFO:127.0.0.1 - - [21/Apr/2023 20:06:37] "[36mGET /static/img/ej4.png HTTP/1.1[0m" 304 -
2023-04-21 20:06:38,021:INFO:127.0.0.1 - - [21/Apr/2023 20:06:38] "[36mGET /static/img/mision2.jpg HTTP/1.1[0m" 304 -
2023-04-21 20:06:38,025:INFO:127.0.0.1 - - [21/Apr/2023 20:06:38] "[36mGET /static/img/vision.png HTTP/1.1[0m" 304 -
2023-04-21 20:06:38,031:INFO:127.0.0.1 - - [21/Apr/2023 20:06:38] "[36mGET /static/img/fondo5.jpg HTTP/1.1[0m" 304 -
2023-04-21 20:06:40,212:INFO:127.0.0.1 - - [21/Apr/2023 20:06:40] "GET /security/administracion_admin HTTP/1.1" 200 -
2023-04-21 20:06:40,338:INFO:127.0.0.1 - - [21/Apr/2023 20:06:40] "[36mGET /static/bootstrap/css/bootstrap.min.css HTTP/1.1[0m" 304 -
2023-04-21 20:06:40,360:INFO:127.0.0.1 - - [21/Apr/2023 20:06:40] "[36mGET /static/bootstrap/css/bootstrap-responsive.min.css HTTP/1.1[0m" 304 -
2023-04-21 20:06:40,384:INFO:127.0.0.1 - - [21/Apr/2023 20:06:40] "[36mGET /static/bootstrap/css/styles.css HTTP/1.1[0m" 304 -
2023-04-21 20:06:40,425:INFO:127.0.0.1 - - [21/Apr/2023 20:06:40] "[36mGET /static/css/nav.css HTTP/1.1[0m" 304 -
2023-04-21 20:06:40,446:INFO:127.0.0.1 - - [21/Apr/2023 20:06:40] "[36mGET /static/css/carrusel.css HTTP/1.1[0m" 304 -
2023-04-21 20:06:40,474:INFO:127.0.0.1 - - [21/Apr/2023 20:06:40] "[33mGET /security/static/sweetalert2/sweetalert2.min.css HTTP/1.1[0m" 404 -
2023-04-21 20:06:40,474:INFO:127.0.0.1 - - [21/Apr/2023 20:06:40] "[33mGET /security/static/sweetalert2/sweetalert2.min.js HTTP/1.1[0m" 404 -
2023-04-21 20:06:40,475:INFO:127.0.0.1 - - [21/Apr/2023 20:06:40] "[36mGET /static/js/carrusel.js HTTP/1.1[0m" 304 -
2023-04-21 20:06:40,498:INFO:127.0.0.1 - - [21/Apr/2023 20:06:40] "[33mGET /security/static/estilos.css HTTP/1.1[0m" 404 -
2023-04-21 20:06:40,540:INFO:127.0.0.1 - - [21/Apr/2023 20:06:40] "[36mGET /static/img/ej4.png HTTP/1.1[0m" 304 -
2023-04-21 20:06:40,558:INFO:127.0.0.1 - - [21/Apr/2023 20:06:40] "[33mGET /security/static/sweetalert2/sweetalert2.min.css HTTP/1.1[0m" 404 -
2023-04-21 20:06:40,568:INFO:127.0.0.1 - - [21/Apr/2023 20:06:40] "[33mGET /security/static/sweetalert2/sweetalert2.min.js HTTP/1.1[0m" 404 -
2023-04-21 20:06:40,576:INFO:127.0.0.1 - - [21/Apr/2023 20:06:40] "[36mGET /static/img/fondo5.jpg HTTP/1.1[0m" 304 -
2023-04-21 20:06:40,597:INFO:127.0.0.1 - - [21/Apr/2023 20:06:40] "[33mGET /security/static/estilos.css HTTP/1.1[0m" 404 -
2023-04-21 20:06:40,609:INFO:127.0.0.1 - - [21/Apr/2023 20:06:40] "[36mGET /static/bootstrap/img/glyphicons-halflings-white.png HTTP/1.1[0m" 304 -
2023-04-21 20:06:42,063:INFO:127.0.0.1 - - [21/Apr/2023 20:06:42] "[35m[1mGET /security/modificar?id= HTTP/1.1[0m" 500 -
2023-04-21 20:06:42,177:INFO:127.0.0.1 - - [21/Apr/2023 20:06:42] "[36mGET /security/modificar?__debugger__=yes&cmd=resource&f=style.css HTTP/1.1[0m" 304 -
2023-04-21 20:06:42,179:INFO:127.0.0.1 - - [21/Apr/2023 20:06:42] "[36mGET /security/modificar?__debugger__=yes&cmd=resource&f=debugger.js HTTP/1.1[0m" 304 -
2023-04-21 20:06:42,211:INFO:127.0.0.1 - - [21/Apr/2023 20:06:42] "[36mGET /security/modificar?__debugger__=yes&cmd=resource&f=console.png HTTP/1.1[0m" 304 -
2023-04-21 20:07:04,116:INFO: * Detected change in 'C:\\curso_python\\Proyecto Final\\The_World_of_cakes\\project\\auth.py', reloading
2023-04-21 20:07:04,429:INFO: * Restarting with stat
2023-04-21 20:07:07,590:INFO:Se inicio la aplicacion
2023-04-21 20:07:07,609:WARNING: * Debugger is active!
2023-04-21 20:07:07,620:INFO: * Debugger PIN: 341-549-671
2023-04-21 20:07:33,777:INFO: * Detected change in 'C:\\curso_python\\Proyecto Final\\The_World_of_cakes\\project\\auth.py', reloading
2023-04-21 20:07:34,172:INFO: * Restarting with stat
2023-04-21 20:07:37,000:INFO:Se inicio la aplicacion
2023-04-21 20:07:37,027:WARNING: * Debugger is active!
2023-04-21 20:07:37,044:INFO: * Debugger PIN: 341-549-671
2023-04-21 20:07:46,391:INFO: * Detected change in 'C:\\curso_python\\Proyecto Final\\The_World_of_cakes\\project\\auth.py', reloading
2023-04-21 20:07:46,780:INFO: * Restarting with stat
2023-04-21 20:07:49,037:INFO:Se inicio la aplicacion
2023-04-21 20:07:49,061:WARNING: * Debugger is active!
2023-04-21 20:07:49,073:INFO: * Debugger PIN: 341-549-671
2023-04-21 20:08:38,892:INFO: * Detected change in 'C:\\curso_python\\Proyecto Final\\The_World_of_cakes\\project\\auth.py', reloading
2023-04-21 20:08:39,187:INFO: * Restarting with stat
2023-04-21 20:08:41,797:INFO:Se inicio la aplicacion
2023-04-21 20:08:41,820:WARNING: * Debugger is active!
2023-04-21 20:08:41,830:INFO: * Debugger PIN: 341-549-671
2023-04-21 20:08:43,717:INFO:127.0.0.1 - - [21/Apr/2023 20:08:43] "[32mGET /security/modificar?id= HTTP/1.1[0m" 302 -
2023-04-21 20:08:43,858:INFO:127.0.0.1 - - [21/Apr/2023 20:08:43] "GET /login?next=%2Fsecurity%2Fmodificar%3Fid%3D HTTP/1.1" 200 -
2023-04-21 20:08:49,499:INFO:127.0.0.1 - - [21/Apr/2023 20:08:49] "GET / HTTP/1.1" 200 -
2023-04-21 20:08:49,599:INFO:127.0.0.1 - - [21/Apr/2023 20:08:49] "[36mGET /static/bootstrap/css/bootstrap.min.css HTTP/1.1[0m" 304 -
2023-04-21 20:08:49,601:INFO:127.0.0.1 - - [21/Apr/2023 20:08:49] "[36mGET /static/bootstrap/css/bootstrap-responsive.min.css HTTP/1.1[0m" 304 -
2023-04-21 20:08:49,617:INFO:127.0.0.1 - - [21/Apr/2023 20:08:49] "[36mGET /static/bootstrap/css/styles.css HTTP/1.1[0m" 304 -
2023-04-21 20:08:49,629:INFO:127.0.0.1 - - [21/Apr/2023 20:08:49] "[36mGET /static/css/nav.css HTTP/1.1[0m" 304 -
2023-04-21 20:08:49,650:INFO:127.0.0.1 - - [21/Apr/2023 20:08:49] "[36mGET /static/css/carrusel.css HTTP/1.1[0m" 304 -
2023-04-21 20:08:49,666:INFO:127.0.0.1 - - [21/Apr/2023 20:08:49] "[36mGET /static/js/carrusel.js HTTP/1.1[0m" 304 -
2023-04-21 20:08:49,735:INFO:127.0.0.1 - - [21/Apr/2023 20:08:49] "[36mGET /static/img/ej4.png HTTP/1.1[0m" 304 -
2023-04-21 20:08:49,738:INFO:127.0.0.1 - - [21/Apr/2023 20:08:49] "[36mGET /static/img/mision2.jpg HTTP/1.1[0m" 304 -
2023-04-21 20:08:49,745:INFO:127.0.0.1 - - [21/Apr/2023 20:08:49] "[36mGET /static/img/vision.png HTTP/1.1[0m" 304 -
2023-04-21 20:08:49,749:INFO:127.0.0.1 - - [21/Apr/2023 20:08:49] "[36mGET /static/img/fondo5.jpg HTTP/1.1[0m" 304 -
2023-04-21 20:08:52,695:INFO:127.0.0.1 - - [21/Apr/2023 20:08:52] "GET /security/login HTTP/1.1" 200 -
2023-04-21 20:08:52,851:INFO:127.0.0.1 - - [21/Apr/2023 20:08:52] "[36mGET /static/bootstrap/css/bootstrap-responsive.min.css HTTP/1.1[0m" 304 -
2023-04-21 20:08:52,852:INFO:127.0.0.1 - - [21/Apr/2023 20:08:52] "[36mGET /static/bootstrap/css/bootstrap.min.css HTTP/1.1[0m" 304 -
2023-04-21 20:08:52,852:INFO:127.0.0.1 - - [21/Apr/2023 20:08:52] "[36mGET /static/bootstrap/css/styles.css HTTP/1.1[0m" 304 -
2023-04-21 20:08:52,860:INFO:127.0.0.1 - - [21/Apr/2023 20:08:52] "[36mGET /static/css/nav.css HTTP/1.1[0m" 304 -
2023-04-21 20:08:52,871:INFO:127.0.0.1 - - [21/Apr/2023 20:08:52] "[36mGET /static/css/carrusel.css HTTP/1.1[0m" 304 -
2023-04-21 20:08:52,874:INFO:127.0.0.1 - - [21/Apr/2023 20:08:52] "[36mGET /static/js/carrusel.js HTTP/1.1[0m" 304 -
2023-04-21 20:08:52,882:INFO:127.0.0.1 - - [21/Apr/2023 20:08:52] "[33mGET /security/static/estilos.css HTTP/1.1[0m" 404 -
2023-04-21 20:08:52,947:INFO:127.0.0.1 - - [21/Apr/2023 20:08:52] "[33mGET /security/static/estilos.css HTTP/1.1[0m" 404 -
2023-04-21 20:08:52,949:INFO:127.0.0.1 - - [21/Apr/2023 20:08:52] "[36mGET /static/img/ej4.png HTTP/1.1[0m" 304 -
2023-04-21 20:08:52,962:INFO:127.0.0.1 - - [21/Apr/2023 20:08:52] "[36mGET /static/img/fondo5.jpg HTTP/1.1[0m" 304 -
2023-04-21 20:08:58,522:DEBUG:El usuario FernandoLP.mx@outlook.com ingreso al sistema
2023-04-21 20:08:58,524:INFO:127.0.0.1 - - [21/Apr/2023 20:08:58] "[32mPOST /security/login HTTP/1.1[0m" 302 -
2023-04-21 20:08:58,541:INFO:127.0.0.1 - - [21/Apr/2023 20:08:58] "GET / HTTP/1.1" 200 -
2023-04-21 20:08:58,641:INFO:127.0.0.1 - - [21/Apr/2023 20:08:58] "[36mGET /static/bootstrap/css/bootstrap.min.css HTTP/1.1[0m" 304 -
2023-04-21 20:08:58,651:INFO:127.0.0.1 - - [21/Apr/2023 20:08:58] "[36mGET /static/bootstrap/css/bootstrap-responsive.min.css HTTP/1.1[0m" 304 -
2023-04-21 20:08:58,686:INFO:127.0.0.1 - - [21/Apr/2023 20:08:58] "[36mGET /static/bootstrap/css/styles.css HTTP/1.1[0m" 304 -
2023-04-21 20:08:58,688:INFO:127.0.0.1 - - [21/Apr/2023 20:08:58] "[36mGET /static/css/nav.css HTTP/1.1[0m" 304 -
2023-04-21 20:08:58,698:INFO:127.0.0.1 - - [21/Apr/2023 20:08:58] "[36mGET /static/css/carrusel.css HTTP/1.1[0m" 304 -
2023-04-21 20:08:58,716:INFO:127.0.0.1 - - [21/Apr/2023 20:08:58] "[36mGET /static/js/carrusel.js HTTP/1.1[0m" 304 -
2023-04-21 20:08:58,762:INFO:127.0.0.1 - - [21/Apr/2023 20:08:58] "[36mGET /static/img/ej4.png HTTP/1.1[0m" 304 -
2023-04-21 20:08:58,783:INFO:127.0.0.1 - - [21/Apr/2023 20:08:58] "[36mGET /static/img/mision2.jpg HTTP/1.1[0m" 304 -
2023-04-21 20:08:58,787:INFO:127.0.0.1 - - [21/Apr/2023 20:08:58] "[36mGET /static/img/vision.png HTTP/1.1[0m" 304 -
2023-04-21 20:08:58,798:INFO:127.0.0.1 - - [21/Apr/2023 20:08:58] "[36mGET /static/img/fondo5.jpg HTTP/1.1[0m" 304 -
2023-04-21 20:09:00,859:INFO:127.0.0.1 - - [21/Apr/2023 20:09:00] "GET /security/administracion_admin HTTP/1.1" 200 -
2023-04-21 20:09:00,956:INFO:127.0.0.1 - - [21/Apr/2023 20:09:00] "[36mGET /static/bootstrap/css/bootstrap.min.css HTTP/1.1[0m" 304 -
2023-04-21 20:09:00,985:INFO:127.0.0.1 - - [21/Apr/2023 20:09:00] "[36mGET /static/bootstrap/css/bootstrap-responsive.min.css HTTP/1.1[0m" 304 -
2023-04-21 20:09:00,985:INFO:127.0.0.1 - - [21/Apr/2023 20:09:00] "[36mGET /static/bootstrap/css/styles.css HTTP/1.1[0m" 304 -
2023-04-21 20:09:01,007:INFO:127.0.0.1 - - [21/Apr/2023 20:09:01] "[36mGET /static/css/nav.css HTTP/1.1[0m" 304 -
2023-04-21 20:09:01,008:INFO:127.0.0.1 - - [21/Apr/2023 20:09:01] "[36mGET /static/css/carrusel.css HTTP/1.1[0m" 304 -
2023-04-21 20:09:01,010:INFO:127.0.0.1 - - [21/Apr/2023 20:09:01] "[36mGET /static/js/carrusel.js HTTP/1.1[0m" 304 -
2023-04-21 20:09:01,034:INFO:127.0.0.1 - - [21/Apr/2023 20:09:01] "[33mGET /security/static/sweetalert2/sweetalert2.min.js HTTP/1.1[0m" 404 -
2023-04-21 20:09:01,064:INFO:127.0.0.1 - - [21/Apr/2023 20:09:01] "[33mGET /security/static/estilos.css HTTP/1.1[0m" 404 -
2023-04-21 20:09:01,065:INFO:127.0.0.1 - - [21/Apr/2023 20:09:01] "[33mGET /security/static/sweetalert2/sweetalert2.min.css HTTP/1.1[0m" 404 -
2023-04-21 20:09:01,110:INFO:127.0.0.1 - - [21/Apr/2023 20:09:01] "[33mGET /security/static/sweetalert2/sweetalert2.min.js HTTP/1.1[0m" 404 -
2023-04-21 20:09:01,114:INFO:127.0.0.1 - - [21/Apr/2023 20:09:01] "[36mGET /static/img/ej4.png HTTP/1.1[0m" 304 -
2023-04-21 20:09:01,120:INFO:127.0.0.1 - - [21/Apr/2023 20:09:01] "[36mGET /static/img/fondo5.jpg HTTP/1.1[0m" 304 -
2023-04-21 20:09:01,145:INFO:127.0.0.1 - - [21/Apr/2023 20:09:01] "[33mGET /security/static/estilos.css HTTP/1.1[0m" 404 -
2023-04-21 20:09:01,157:INFO:127.0.0.1 - - [21/Apr/2023 20:09:01] "[36mGET /static/bootstrap/img/glyphicons-halflings-white.png HTTP/1.1[0m" 304 -
2023-04-21 20:09:02,942:INFO:127.0.0.1 - - [21/Apr/2023 20:09:02] "[35m[1mGET /security/modificar?id= HTTP/1.1[0m" 500 -
2023-04-21 20:09:03,085:INFO:127.0.0.1 - - [21/Apr/2023 20:09:03] "[36mGET /security/modificar?__debugger__=yes&cmd=resource&f=style.css HTTP/1.1[0m" 304 -
2023-04-21 20:09:03,086:INFO:127.0.0.1 - - [21/Apr/2023 20:09:03] "[36mGET /security/modificar?__debugger__=yes&cmd=resource&f=debugger.js HTTP/1.1[0m" 304 -
2023-04-21 20:09:03,124:INFO:127.0.0.1 - - [21/Apr/2023 20:09:03] "[36mGET /security/modificar?__debugger__=yes&cmd=resource&f=console.png HTTP/1.1[0m" 304 -
2023-04-21 20:09:26,764:INFO: * Detected change in 'C:\\curso_python\\Proyecto Final\\The_World_of_cakes\\project\\auth.py', reloading
2023-04-21 20:09:27,194:INFO: * Restarting with stat
2023-04-21 20:09:29,902:INFO:Se inicio la aplicacion
2023-04-21 20:09:29,922:WARNING: * Debugger is active!
2023-04-21 20:09:29,931:INFO: * Debugger PIN: 341-549-671
2023-04-21 20:09:35,743:INFO:127.0.0.1 - - [21/Apr/2023 20:09:35] "GET /security/merma_admin HTTP/1.1" 200 -
2023-04-21 20:09:35,852:INFO:127.0.0.1 - - [21/Apr/2023 20:09:35] "[36mGET /static/bootstrap/css/bootstrap.min.css HTTP/1.1[0m" 304 -
2023-04-21 20:09:35,854:INFO:127.0.0.1 - - [21/Apr/2023 20:09:35] "[36mGET /static/bootstrap/css/bootstrap-responsive.min.css HTTP/1.1[0m" 304 -
2023-04-21 20:09:35,860:INFO:127.0.0.1 - - [21/Apr/2023 20:09:35] "[36mGET /static/bootstrap/css/styles.css HTTP/1.1[0m" 304 -
2023-04-21 20:09:35,872:INFO:127.0.0.1 - - [21/Apr/2023 20:09:35] "[36mGET /static/css/nav.css HTTP/1.1[0m" 304 -
2023-04-21 20:09:35,884:INFO:127.0.0.1 - - [21/Apr/2023 20:09:35] "[36mGET /static/css/carrusel.css HTTP/1.1[0m" 304 -
2023-04-21 20:09:35,884:INFO:127.0.0.1 - - [21/Apr/2023 20:09:35] "[36mGET /static/js/carrusel.js HTTP/1.1[0m" 304 -
2023-04-21 20:09:35,888:INFO:127.0.0.1 - - [21/Apr/2023 20:09:35] "[33mGET /security/static/sweetalert2/sweetalert2.min.css HTTP/1.1[0m" 404 -
2023-04-21 20:09:35,899:INFO:127.0.0.1 - - [21/Apr/2023 20:09:35] "[33mGET /security/static/sweetalert2/sweetalert2.min.js HTTP/1.1[0m" 404 -
2023-04-21 20:09:35,908:INFO:127.0.0.1 - - [21/Apr/2023 20:09:35] "[33mGET /security/static/estilos.css HTTP/1.1[0m" 404 -
2023-04-21 20:09:35,954:INFO:127.0.0.1 - - [21/Apr/2023 20:09:35] "[36mGET /static/img/ej4.png HTTP/1.1[0m" 304 -
2023-04-21 20:09:35,961:INFO:127.0.0.1 - - [21/Apr/2023 20:09:35] "[33mGET /security/static/sweetalert2/sweetalert2.min.css HTTP/1.1[0m" 404 -
2023-04-21 20:09:35,973:INFO:127.0.0.1 - - [21/Apr/2023 20:09:35] "[33mGET /security/static/sweetalert2/sweetalert2.min.js HTTP/1.1[0m" 404 -
2023-04-21 20:09:36,010:INFO:127.0.0.1 - - [21/Apr/2023 20:09:36] "[36mGET /static/img/fondo5.jpg HTTP/1.1[0m" 304 -
2023-04-21 20:09:36,017:INFO:127.0.0.1 - - [21/Apr/2023 20:09:36] "[33mGET /security/static/estilos.css HTTP/1.1[0m" 404 -
2023-04-21 20:09:55,407:INFO:127.0.0.1 - - [21/Apr/2023 20:09:55] "[35m[1mPOST /security/merma_admin HTTP/1.1[0m" 500 -
2023-04-21 20:09:55,467:INFO:127.0.0.1 - - [21/Apr/2023 20:09:55] "GET /security/merma_admin?__debugger__=yes&cmd=resource&f=style.css HTTP/1.1" 200 -
2023-04-21 20:09:55,477:INFO:127.0.0.1 - - [21/Apr/2023 20:09:55] "GET /security/merma_admin?__debugger__=yes&cmd=resource&f=debugger.js HTTP/1.1" 200 -
2023-04-21 20:09:55,586:INFO:127.0.0.1 - - [21/Apr/2023 20:09:55] "GET /security/merma_admin?__debugger__=yes&cmd=resource&f=console.png HTTP/1.1" 200 -
2023-04-21 20:09:55,592:INFO:127.0.0.1 - - [21/Apr/2023 20:09:55] "[36mGET /security/merma_admin?__debugger__=yes&cmd=resource&f=console.png HTTP/1.1[0m" 304 -
2023-04-21 20:10:39,913:INFO: * Detected change in 'C:\\curso_python\\Proyecto Final\\The_World_of_cakes\\project\\auth.py', reloading
2023-04-21 20:10:40,114:INFO: * Restarting with stat
2023-04-21 20:10:42,492:INFO:Se inicio la aplicacion
2023-04-21 20:10:42,517:WARNING: * Debugger is active!
2023-04-21 20:10:42,527:INFO: * Debugger PIN: 341-549-671
2023-04-21 20:10:59,924:INFO: * Detected change in 'C:\\curso_python\\Proyecto Final\\The_World_of_cakes\\project\\auth.py', reloading
2023-04-21 20:11:00,160:INFO: * Restarting with stat
2023-04-21 20:11:03,605:INFO:Se inicio la aplicacion
2023-04-21 20:11:03,628:WARNING: * Debugger is active!
2023-04-21 20:11:03,641:INFO: * Debugger PIN: 341-549-671
2023-04-21 20:11:06,187:INFO:127.0.0.1 - - [21/Apr/2023 20:11:06] "GET /security/merma_admin HTTP/1.1" 200 -
2023-04-21 20:11:08,669:INFO:127.0.0.1 - - [21/Apr/2023 20:11:08] "[35m[1mPOST /security/merma_admin HTTP/1.1[0m" 500 -
2023-04-21 20:11:08,730:INFO:127.0.0.1 - - [21/Apr/2023 20:11:08] "[36mGET /security/merma_admin?__debugger__=yes&cmd=resource&f=debugger.js HTTP/1.1[0m" 304 -
2023-04-21 20:11:08,741:INFO:127.0.0.1 - - [21/Apr/2023 20:11:08] "[36mGET /security/merma_admin?__debugger__=yes&cmd=resource&f=style.css HTTP/1.1[0m" 304 -
2023-04-21 20:11:08,839:INFO:127.0.0.1 - - [21/Apr/2023 20:11:08] "[36mGET /security/merma_admin?__debugger__=yes&cmd=resource&f=console.png HTTP/1.1[0m" 304 -
2023-04-21 20:11:32,242:INFO:127.0.0.1 - - [21/Apr/2023 20:11:32] "GET /security/merma_admin HTTP/1.1" 200 -
2023-04-21 20:11:37,055:INFO:127.0.0.1 - - [21/Apr/2023 20:11:37] "[35m[1mPOST /security/merma_admin HTTP/1.1[0m" 500 -
2023-04-21 20:11:37,126:INFO:127.0.0.1 - - [21/Apr/2023 20:11:37] "[36mGET /security/merma_admin?__debugger__=yes&cmd=resource&f=style.css HTTP/1.1[0m" 304 -
2023-04-21 20:11:37,135:INFO:127.0.0.1 - - [21/Apr/2023 20:11:37] "[36mGET /security/merma_admin?__debugger__=yes&cmd=resource&f=debugger.js HTTP/1.1[0m" 304 -
2023-04-21 20:11:37,257:INFO:127.0.0.1 - - [21/Apr/2023 20:11:37] "[36mGET /security/merma_admin?__debugger__=yes&cmd=resource&f=console.png HTTP/1.1[0m" 304 -
2023-04-21 20:11:40,226:INFO:127.0.0.1 - - [21/Apr/2023 20:11:40] "GET /security/merma_admin HTTP/1.1" 200 -
2023-04-21 20:11:43,304:INFO:127.0.0.1 - - [21/Apr/2023 20:11:43] "GET /security/login HTTP/1.1" 200 -
2023-04-21 20:11:43,466:INFO:127.0.0.1 - - [21/Apr/2023 20:11:43] "[36mGET /static/bootstrap/css/bootstrap.min.css HTTP/1.1[0m" 304 -
2023-04-21 20:11:43,468:INFO:127.0.0.1 - - [21/Apr/2023 20:11:43] "[36mGET /static/bootstrap/css/bootstrap-responsive.min.css HTTP/1.1[0m" 304 -
2023-04-21 20:11:43,483:INFO:127.0.0.1 - - [21/Apr/2023 20:11:43] "[36mGET /static/css/nav.css HTTP/1.1[0m" 304 -
2023-04-21 20:11:43,485:INFO:127.0.0.1 - - [21/Apr/2023 20:11:43] "[36mGET /static/bootstrap/css/styles.css HTTP/1.1[0m" 304 -
2023-04-21 20:11:43,492:INFO:127.0.0.1 - - [21/Apr/2023 20:11:43] "[36mGET /static/css/carrusel.css HTTP/1.1[0m" 304 -
2023-04-21 20:11:43,508:INFO:127.0.0.1 - - [21/Apr/2023 20:11:43] "[33mGET /security/static/estilos.css HTTP/1.1[0m" 404 -
2023-04-21 20:11:43,510:INFO:127.0.0.1 - - [21/Apr/2023 20:11:43] "[36mGET /static/js/carrusel.js HTTP/1.1[0m" 304 -
2023-04-21 20:11:43,573:INFO:127.0.0.1 - - [21/Apr/2023 20:11:43] "[33mGET /security/static/estilos.css HTTP/1.1[0m" 404 -
2023-04-21 20:11:43,581:INFO:127.0.0.1 - - [21/Apr/2023 20:11:43] "[36mGET /static/img/ej4.png HTTP/1.1[0m" 304 -
2023-04-21 20:11:43,590:INFO:127.0.0.1 - - [21/Apr/2023 20:11:43] "[36mGET /static/img/fondo5.jpg HTTP/1.1[0m" 304 -
2023-04-21 20:11:51,193:DEBUG:El usuario FernandoLP.mx@outlook.com ingreso al sistema
2023-04-21 20:11:51,197:INFO:127.0.0.1 - - [21/Apr/2023 20:11:51] "[32mPOST /security/login HTTP/1.1[0m" 302 -
2023-04-21 20:11:51,212:INFO:127.0.0.1 - - [21/Apr/2023 20:11:51] "GET / HTTP/1.1" 200 -
2023-04-21 20:11:51,301:INFO:127.0.0.1 - - [21/Apr/2023 20:11:51] "[36mGET /static/bootstrap/css/bootstrap.min.css HTTP/1.1[0m" 304 -
2023-04-21 20:11:51,331:INFO:127.0.0.1 - - [21/Apr/2023 20:11:51] "[36mGET /static/bootstrap/css/bootstrap-responsive.min.css HTTP/1.1[0m" 304 -
2023-04-21 20:11:51,339:INFO:127.0.0.1 - - [21/Apr/2023 20:11:51] "[36mGET /static/bootstrap/css/styles.css HTTP/1.1[0m" 304 -
2023-04-21 20:11:51,358:INFO:127.0.0.1 - - [21/Apr/2023 20:11:51] "[36mGET /static/css/nav.css HTTP/1.1[0m" 304 -
2023-04-21 20:11:51,371:INFO:127.0.0.1 - - [21/Apr/2023 20:11:51] "[36mGET /static/css/carrusel.css HTTP/1.1[0m" 304 -
2023-04-21 20:11:51,376:INFO:127.0.0.1 - - [21/Apr/2023 20:11:51] "[36mGET /static/js/carrusel.js HTTP/1.1[0m" 304 -
2023-04-21 20:11:51,524:INFO:127.0.0.1 - - [21/Apr/2023 20:11:51] "[36mGET /static/img/ej4.png HTTP/1.1[0m" 304 -
2023-04-21 20:11:51,525:INFO:127.0.0.1 - - [21/Apr/2023 20:11:51] "[36mGET /static/img/mision2.jpg HTTP/1.1[0m" 304 -
2023-04-21 20:11:51,548:INFO:127.0.0.1 - - [21/Apr/2023 20:11:51] "[36mGET /static/img/vision.png HTTP/1.1[0m" 304 -
2023-04-21 20:11:51,549:INFO:127.0.0.1 - - [21/Apr/2023 20:11:51] "[36mGET /static/img/fondo5.jpg HTTP/1.1[0m" 304 -
2023-04-21 20:11:57,706:INFO:127.0.0.1 - - [21/Apr/2023 20:11:57] "GET /security/merma_admin HTTP/1.1" 200 -
2023-04-21 20:11:57,853:INFO:127.0.0.1 - - [21/Apr/2023 20:11:57] "[36mGET /static/bootstrap/css/bootstrap.min.css HTTP/1.1[0m" 304 -
2023-04-21 20:11:57,883:INFO:127.0.0.1 - - [21/Apr/2023 20:11:57] "[36mGET /static/bootstrap/css/bootstrap-responsive.min.css HTTP/1.1[0m" 304 -
2023-04-21 20:11:57,912:INFO:127.0.0.1 - - [21/Apr/2023 20:11:57] "[36mGET /static/bootstrap/css/styles.css HTTP/1.1[0m" 304 -
2023-04-21 20:11:57,913:INFO:127.0.0.1 - - [21/Apr/2023 20:11:57] "[36mGET /static/css/nav.css HTTP/1.1[0m" 304 -
2023-04-21 20:11:57,924:INFO:127.0.0.1 - - [21/Apr/2023 20:11:57] "[36mGET /static/css/carrusel.css HTTP/1.1[0m" 304 -
2023-04-21 20:11:57,933:INFO:127.0.0.1 - - [21/Apr/2023 20:11:57] "[36mGET /static/js/carrusel.js HTTP/1.1[0m" 304 -
2023-04-21 20:11:57,962:INFO:127.0.0.1 - - [21/Apr/2023 20:11:57] "[33mGET /security/static/sweetalert2/sweetalert2.min.css HTTP/1.1[0m" 404 -
2023-04-21 20:11:57,970:INFO:127.0.0.1 - - [21/Apr/2023 20:11:57] "[33mGET /security/static/sweetalert2/sweetalert2.min.js HTTP/1.1[0m" 404 -
2023-04-21 20:11:57,990:INFO:127.0.0.1 - - [21/Apr/2023 20:11:57] "[33mGET /security/static/estilos.css HTTP/1.1[0m" 404 -
2023-04-21 20:11:58,018:INFO:127.0.0.1 - - [21/Apr/2023 20:11:58] "[33mGET /security/static/sweetalert2/sweetalert2.min.css HTTP/1.1[0m" 404 -
2023-04-21 20:11:58,018:INFO:127.0.0.1 - - [21/Apr/2023 20:11:58] "[33mGET /security/static/sweetalert2/sweetalert2.min.js HTTP/1.1[0m" 404 -
2023-04-21 20:11:58,035:INFO:127.0.0.1 - - [21/Apr/2023 20:11:58] "[36mGET /static/img/ej4.png HTTP/1.1[0m" 304 -
2023-04-21 20:11:58,057:INFO:127.0.0.1 - - [21/Apr/2023 20:11:58] "[36mGET /static/img/fondo5.jpg HTTP/1.1[0m" 304 -
2023-04-21 20:11:58,057:INFO:127.0.0.1 - - [21/Apr/2023 20:11:58] "[33mGET /security/static/estilos.css HTTP/1.1[0m" 404 -
2023-04-21 20:12:14,682:INFO:127.0.0.1 - - [21/Apr/2023 20:12:14] "[35m[1mPOST /security/merma_admin HTTP/1.1[0m" 500 -
2023-04-21 20:12:14,742:INFO:127.0.0.1 - - [21/Apr/2023 20:12:14] "[36mGET /security/merma_admin?__debugger__=yes&cmd=resource&f=style.css HTTP/1.1[0m" 304 -
2023-04-21 20:12:14,745:INFO:127.0.0.1 - - [21/Apr/2023 20:12:14] "[36mGET /security/merma_admin?__debugger__=yes&cmd=resource&f=debugger.js HTTP/1.1[0m" 304 -
2023-04-21 20:12:14,772:INFO:127.0.0.1 - - [21/Apr/2023 20:12:14] "[36mGET /security/merma_admin?__debugger__=yes&cmd=resource&f=console.png HTTP/1.1[0m" 304 -
2023-04-21 20:12:42,344:INFO:127.0.0.1 - - [21/Apr/2023 20:12:42] "GET /security/merma_admin HTTP/1.1" 200 -
2023-04-21 20:12:42,512:INFO:127.0.0.1 - - [21/Apr/2023 20:12:42] "[36mGET /static/bootstrap/img/glyphicons-halflings-white.png HTTP/1.1[0m" 304 -
2023-04-21 20:13:03,715:INFO:127.0.0.1 - - [21/Apr/2023 20:13:03] "GET /security/merma_admin HTTP/1.1" 200 -
2023-04-21 20:13:03,787:INFO:127.0.0.1 - - [21/Apr/2023 20:13:03] "[36mGET /static/bootstrap/css/bootstrap-responsive.min.css HTTP/1.1[0m" 304 -
2023-04-21 20:13:03,807:INFO:127.0.0.1 - - [21/Apr/2023 20:13:03] "[36mGET /static/bootstrap/css/bootstrap.min.css HTTP/1.1[0m" 304 -
2023-04-21 20:13:03,823:INFO:127.0.0.1 - - [21/Apr/2023 20:13:03] "[36mGET /static/bootstrap/css/styles.css HTTP/1.1[0m" 304 -
2023-04-21 20:13:03,829:INFO:127.0.0.1 - - [21/Apr/2023 20:13:03] "[36mGET /static/css/carrusel.css HTTP/1.1[0m" 304 -
2023-04-21 20:13:03,831:INFO:127.0.0.1 - - [21/Apr/2023 20:13:03] "[36mGET /static/css/nav.css HTTP/1.1[0m" 304 -
2023-04-21 20:13:03,834:INFO:127.0.0.1 - - [21/Apr/2023 20:13:03] "[36mGET /static/js/carrusel.js HTTP/1.1[0m" 304 -
2023-04-21 20:13:03,849:INFO:127.0.0.1 - - [21/Apr/2023 20:13:03] "[33mGET /security/static/sweetalert2/sweetalert2.min.css HTTP/1.1[0m" 404 -
2023-04-21 20:13:03,857:INFO:127.0.0.1 - - [21/Apr/2023 20:13:03] "[33mGET /security/static/sweetalert2/sweetalert2.min.js HTTP/1.1[0m" 404 -
2023-04-21 20:13:03,872:INFO:127.0.0.1 - - [21/Apr/2023 20:13:03] "[33mGET /security/static/estilos.css HTTP/1.1[0m" 404 -
2023-04-21 20:13:03,950:INFO:127.0.0.1 - - [21/Apr/2023 20:13:03] "[36mGET /static/img/ej4.png HTTP/1.1[0m" 304 -
2023-04-21 20:13:03,973:INFO:127.0.0.1 - - [21/Apr/2023 20:13:03] "[33mGET /security/static/sweetalert2/sweetalert2.min.css HTTP/1.1[0m" 404 -
2023-04-21 20:13:03,973:INFO:127.0.0.1 - - [21/Apr/2023 20:13:03] "[33mGET /security/static/sweetalert2/sweetalert2.min.js HTTP/1.1[0m" 404 -
2023-04-21 20:13:03,987:INFO:127.0.0.1 - - [21/Apr/2023 20:13:03] "[36mGET /static/img/fondo5.jpg HTTP/1.1[0m" 304 -
2023-04-21 20:13:04,015:INFO:127.0.0.1 - - [21/Apr/2023 20:13:04] "[33mGET /security/static/estilos.css HTTP/1.1[0m" 404 -
2023-04-21 20:13:04,027:INFO:127.0.0.1 - - [21/Apr/2023 20:13:04] "[36mGET /static/bootstrap/img/glyphicons-halflings-white.png HTTP/1.1[0m" 304 -
2023-04-21 20:13:29,353:INFO:127.0.0.1 - - [21/Apr/2023 20:13:29] "GET /security/merma_admin HTTP/1.1" 200 -
2023-04-21 20:13:29,428:INFO:127.0.0.1 - - [21/Apr/2023 20:13:29] "[36mGET /static/bootstrap/css/bootstrap.min.css HTTP/1.1[0m" 304 -
2023-04-21 20:13:29,442:INFO:127.0.0.1 - - [21/Apr/2023 20:13:29] "[36mGET /static/bootstrap/css/bootstrap-responsive.min.css HTTP/1.1[0m" 304 -
2023-04-21 20:13:29,471:INFO:127.0.0.1 - - [21/Apr/2023 20:13:29] "[36mGET /static/bootstrap/css/styles.css HTTP/1.1[0m" 304 -
2023-04-21 20:13:29,476:INFO:127.0.0.1 - - [21/Apr/2023 20:13:29] "[36mGET /static/css/carrusel.css HTTP/1.1[0m" 304 -
2023-04-21 20:13:29,478:INFO:127.0.0.1 - - [21/Apr/2023 20:13:29] "[36mGET /static/css/nav.css HTTP/1.1[0m" 304 -
2023-04-21 20:13:29,483:INFO:127.0.0.1 - - [21/Apr/2023 20:13:29] "[36mGET /static/js/carrusel.js HTTP/1.1[0m" 304 -
2023-04-21 20:13:29,495:INFO:127.0.0.1 - - [21/Apr/2023 20:13:29] "[33mGET /security/static/sweetalert2/sweetalert2.min.css HTTP/1.1[0m" 404 -
2023-04-21 20:13:29,511:INFO:127.0.0.1 - - [21/Apr/2023 20:13:29] "[33mGET /security/static/sweetalert2/sweetalert2.min.js HTTP/1.1[0m" 404 -
2023-04-21 20:13:29,515:INFO:127.0.0.1 - - [21/Apr/2023 20:13:29] "[33mGET /security/static/estilos.css HTTP/1.1[0m" 404 -
2023-04-21 20:13:29,601:INFO:127.0.0.1 - - [21/Apr/2023 20:13:29] "[36mGET /static/img/ej4.png HTTP/1.1[0m" 304 -
2023-04-21 20:13:29,609:INFO:127.0.0.1 - - [21/Apr/2023 20:13:29] "[33mGET /security/static/sweetalert2/sweetalert2.min.css HTTP/1.1[0m" 404 -
2023-04-21 20:13:29,619:INFO:127.0.0.1 - - [21/Apr/2023 20:13:29] "[33mGET /security/static/sweetalert2/sweetalert2.min.js HTTP/1.1[0m" 404 -
2023-04-21 20:13:29,624:INFO:127.0.0.1 - - [21/Apr/2023 20:13:29] "[36mGET /static/img/fondo5.jpg HTTP/1.1[0m" 304 -
2023-04-21 20:13:29,649:INFO:127.0.0.1 - - [21/Apr/2023 20:13:29] "[33mGET /security/static/estilos.css HTTP/1.1[0m" 404 -
2023-04-21 20:13:29,662:INFO:127.0.0.1 - - [21/Apr/2023 20:13:29] "[36mGET /static/bootstrap/img/glyphicons-halflings-white.png HTTP/1.1[0m" 304 -
2023-04-21 20:13:52,536:INFO:127.0.0.1 - - [21/Apr/2023 20:13:52] "GET /security/proveedor_admin HTTP/1.1" 200 -
2023-04-21 20:13:52,668:INFO:127.0.0.1 - - [21/Apr/2023 20:13:52] "[36mGET /static/bootstrap/css/bootstrap-responsive.min.css HTTP/1.1[0m" 304 -
2023-04-21 20:13:52,680:INFO:127.0.0.1 - - [21/Apr/2023 20:13:52] "[36mGET /static/bootstrap/css/bootstrap.min.css HTTP/1.1[0m" 304 -
2023-04-21 20:13:52,682:INFO:127.0.0.1 - - [21/Apr/2023 20:13:52] "[36mGET /static/bootstrap/css/styles.css HTTP/1.1[0m" 304 -
2023-04-21 20:13:52,686:INFO:127.0.0.1 - - [21/Apr/2023 20:13:52] "[36mGET /static/css/nav.css HTTP/1.1[0m" 304 -
2023-04-21 20:13:52,713:INFO:127.0.0.1 - - [21/Apr/2023 20:13:52] "[36mGET /static/css/carrusel.css HTTP/1.1[0m" 304 -
2023-04-21 20:13:52,747:INFO:127.0.0.1 - - [21/Apr/2023 20:13:52] "[33mGET /security/static/sweetalert2/sweetalert2.min.js HTTP/1.1[0m" 404 -
2023-04-21 20:13:52,750:INFO:127.0.0.1 - - [21/Apr/2023 20:13:52] "[36mGET /static/js/carrusel.js HTTP/1.1[0m" 304 -
2023-04-21 20:13:52,756:INFO:127.0.0.1 - - [21/Apr/2023 20:13:52] "[33mGET /security/static/sweetalert2/sweetalert2.min.css HTTP/1.1[0m" 404 -
2023-04-21 20:13:52,757:INFO:127.0.0.1 - - [21/Apr/2023 20:13:52] "[33mGET /security/static/estilos.css HTTP/1.1[0m" 404 -
2023-04-21 20:13:52,802:INFO:127.0.0.1 - - [21/Apr/2023 20:13:52] "[33mGET /security/static/sweetalert2/sweetalert2.min.js HTTP/1.1[0m" 404 -
2023-04-21 20:13:52,831:INFO:127.0.0.1 - - [21/Apr/2023 20:13:52] "[36mGET /static/img/ej4.png HTTP/1.1[0m" 304 -
2023-04-21 20:13:52,868:INFO:127.0.0.1 - - [21/Apr/2023 20:13:52] "[36mGET /static/img/fondo5.jpg HTTP/1.1[0m" 304 -
2023-04-21 20:13:52,880:INFO:127.0.0.1 - - [21/Apr/2023 20:13:52] "[33mGET /security/static/estilos.css HTTP/1.1[0m" 404 -
2023-04-21 20:38:02,663:INFO:127.0.0.1 - - [21/Apr/2023 20:38:02] "[32mGET /security/logout HTTP/1.1[0m" 302 -
2023-04-21 20:38:02,671:INFO:127.0.0.1 - - [21/Apr/2023 20:38:02] "GET / HTTP/1.1" 200 -
2023-04-21 20:38:02,726:INFO:127.0.0.1 - - [21/Apr/2023 20:38:02] "[36mGET /static/bootstrap/css/bootstrap.min.css HTTP/1.1[0m" 304 -
2023-04-21 20:38:02,731:INFO:127.0.0.1 - - [21/Apr/2023 20:38:02] "[36mGET /static/bootstrap/css/bootstrap-responsive.min.css HTTP/1.1[0m" 304 -
2023-04-21 20:38:02,735:INFO:127.0.0.1 - - [21/Apr/2023 20:38:02] "[36mGET /static/css/nav.css HTTP/1.1[0m" 304 -
2023-04-21 20:38:02,738:INFO:127.0.0.1 - - [21/Apr/2023 20:38:02] "[36mGET /static/css/carrusel.css HTTP/1.1[0m" 304 -
2023-04-21 20:38:02,738:INFO:127.0.0.1 - - [21/Apr/2023 20:38:02] "[36mGET /static/bootstrap/css/styles.css HTTP/1.1[0m" 304 -
2023-04-21 20:38:02,744:INFO:127.0.0.1 - - [21/Apr/2023 20:38:02] "[36mGET /static/js/carrusel.js HTTP/1.1[0m" 304 -
2023-04-21 20:38:03,134:INFO:127.0.0.1 - - [21/Apr/2023 20:38:03] "[36mGET /static/img/mision2.jpg HTTP/1.1[0m" 304 -
2023-04-21 20:38:03,135:INFO:127.0.0.1 - - [21/Apr/2023 20:38:03] "[36mGET /static/img/ej4.png HTTP/1.1[0m" 304 -
2023-04-21 20:38:03,137:INFO:127.0.0.1 - - [21/Apr/2023 20:38:03] "[36mGET /static/img/vision.png HTTP/1.1[0m" 304 -
2023-04-21 20:38:03,139:INFO:127.0.0.1 - - [21/Apr/2023 20:38:03] "[36mGET /static/img/fondo5.jpg HTTP/1.1[0m" 304 -
2023-04-22 03:25:36,945:INFO: * Detected change in 'C:\\curso_python\\Proyecto Final\\The_World_of_cakes\\project\\auth.py', reloading
2023-04-22 03:31:48,321:INFO:Se inicio la aplicacion
2023-04-22 03:31:48,361:INFO:[31m[1mWARNING: This is a development server. Do not use it in a production deployment. Use a production WSGI server instead.[0m
 * Running on http://127.0.0.1:5000
2023-04-22 03:31:48,361:INFO:[33mPress CTRL+C to quit[0m
2023-04-22 03:31:48,365:INFO: * Restarting with stat
2023-04-22 03:31:50,969:INFO:Se inicio la aplicacion
2023-04-22 03:31:50,988:WARNING: * Debugger is active!
2023-04-22 03:31:50,998:INFO: * Debugger PIN: 341-549-671
2023-04-22 03:31:56,508:INFO:127.0.0.1 - - [22/Apr/2023 03:31:56] "[35m[1mGET / HTTP/1.1[0m" 500 -
2023-04-22 03:31:56,603:INFO:127.0.0.1 - - [22/Apr/2023 03:31:56] "GET /?__debugger__=yes&cmd=resource&f=style.css HTTP/1.1" 200 -
2023-04-22 03:31:56,615:INFO:127.0.0.1 - - [22/Apr/2023 03:31:56] "[36mGET /?__debugger__=yes&cmd=resource&f=debugger.js HTTP/1.1[0m" 304 -
2023-04-22 03:31:56,679:INFO:127.0.0.1 - - [22/Apr/2023 03:31:56] "[36mGET /?__debugger__=yes&cmd=resource&f=console.png HTTP/1.1[0m" 304 -
2023-04-22 03:32:24,841:INFO:127.0.0.1 - - [22/Apr/2023 03:32:24] "[35m[1mGET / HTTP/1.1[0m" 500 -
2023-04-22 03:32:24,954:INFO:127.0.0.1 - - [22/Apr/2023 03:32:24] "GET /?__debugger__=yes&cmd=resource&f=style.css HTTP/1.1" 200 -
2023-04-22 03:32:24,975:INFO:127.0.0.1 - - [22/Apr/2023 03:32:24] "GET /?__debugger__=yes&cmd=resource&f=debugger.js HTTP/1.1" 200 -
2023-04-22 03:32:25,141:INFO:127.0.0.1 - - [22/Apr/2023 03:32:25] "GET /?__debugger__=yes&cmd=resource&f=console.png HTTP/1.1" 200 -
2023-04-22 03:32:25,267:INFO:127.0.0.1 - - [22/Apr/2023 03:32:25] "[36mGET /?__debugger__=yes&cmd=resource&f=console.png HTTP/1.1[0m" 304 -
2023-04-22 03:33:16,988:INFO: * Detected change in 'C:\\curso_python\\Proyecto Final\\The_World_of_cakes\\project\\models.py', reloading
2023-04-22 03:33:17,225:INFO: * Restarting with stat
2023-04-22 03:33:19,677:INFO:Se inicio la aplicacion
2023-04-22 03:33:19,702:WARNING: * Debugger is active!
2023-04-22 03:33:19,711:INFO: * Debugger PIN: 341-549-671
2023-04-22 03:33:41,720:INFO: * Detected change in 'C:\\curso_python\\Proyecto Final\\The_World_of_cakes\\project\\models.py', reloading
2023-04-22 03:33:42,016:INFO: * Restarting with stat
2023-04-22 03:33:44,679:INFO:Se inicio la aplicacion
2023-04-22 03:33:44,695:WARNING: * Debugger is active!
2023-04-22 03:33:44,703:INFO: * Debugger PIN: 341-549-671
2023-04-22 03:34:16,628:INFO:127.0.0.1 - - [22/Apr/2023 03:34:16] "[35m[1mGET /security/proveedor_admin HTTP/1.1[0m" 500 -
2023-04-22 03:34:16,749:INFO:127.0.0.1 - - [22/Apr/2023 03:34:16] "GET /security/proveedor_admin?__debugger__=yes&cmd=resource&f=style.css HTTP/1.1" 200 -
2023-04-22 03:34:19,916:INFO:127.0.0.1 - - [22/Apr/2023 03:34:19] "[35m[1mGET /security/proveedor_admin HTTP/1.1[0m" 500 -
2023-04-22 03:34:19,988:INFO:127.0.0.1 - - [22/Apr/2023 03:34:19] "[36mGET /security/proveedor_admin?__debugger__=yes&cmd=resource&f=style.css HTTP/1.1[0m" 304 -
2023-04-22 03:34:19,992:INFO:127.0.0.1 - - [22/Apr/2023 03:34:19] "[36mGET /security/proveedor_admin?__debugger__=yes&cmd=resource&f=debugger.js HTTP/1.1[0m" 304 -
2023-04-22 03:34:20,034:INFO:127.0.0.1 - - [22/Apr/2023 03:34:20] "[36mGET /security/proveedor_admin?__debugger__=yes&cmd=resource&f=console.png HTTP/1.1[0m" 304 -
2023-04-22 03:34:27,727:INFO:Se inicio la aplicacion
2023-04-22 03:34:27,748:INFO:[31m[1mWARNING: This is a development server. Do not use it in a production deployment. Use a production WSGI server instead.[0m
 * Running on http://127.0.0.1:5000
2023-04-22 03:34:27,749:INFO:[33mPress CTRL+C to quit[0m
2023-04-22 03:34:27,752:INFO: * Restarting with stat
2023-04-22 03:34:30,107:INFO:Se inicio la aplicacion
2023-04-22 03:34:30,128:WARNING: * Debugger is active!
2023-04-22 03:34:30,139:INFO: * Debugger PIN: 341-549-671
2023-04-22 03:34:31,458:INFO:127.0.0.1 - - [22/Apr/2023 03:34:31] "[35m[1mGET /security/merma_admin HTTP/1.1[0m" 500 -
2023-04-22 03:34:31,558:INFO:127.0.0.1 - - [22/Apr/2023 03:34:31] "GET /security/merma_admin?__debugger__=yes&cmd=resource&f=style.css HTTP/1.1" 200 -
2023-04-22 03:34:31,563:INFO:127.0.0.1 - - [22/Apr/2023 03:34:31] "GET /security/merma_admin?__debugger__=yes&cmd=resource&f=debugger.js HTTP/1.1" 200 -
2023-04-22 03:34:34,871:INFO:127.0.0.1 - - [22/Apr/2023 03:34:34] "[35m[1mGET / HTTP/1.1[0m" 500 -
2023-04-22 03:34:34,924:INFO:127.0.0.1 - - [22/Apr/2023 03:34:34] "[36mGET /?__debugger__=yes&cmd=resource&f=style.css HTTP/1.1[0m" 304 -
2023-04-22 03:34:34,946:INFO:127.0.0.1 - - [22/Apr/2023 03:34:34] "[36mGET /?__debugger__=yes&cmd=resource&f=debugger.js HTTP/1.1[0m" 304 -
2023-04-22 03:34:34,973:INFO:127.0.0.1 - - [22/Apr/2023 03:34:34] "[36mGET /?__debugger__=yes&cmd=resource&f=console.png HTTP/1.1[0m" 304 -
2023-04-22 03:39:10,605:INFO:Se inicio la aplicacion
2023-04-22 03:39:10,625:INFO:[31m[1mWARNING: This is a development server. Do not use it in a production deployment. Use a production WSGI server instead.[0m
 * Running on http://127.0.0.1:5000
2023-04-22 03:39:10,625:INFO:[33mPress CTRL+C to quit[0m
2023-04-22 03:39:10,630:INFO: * Restarting with stat
2023-04-22 03:39:12,687:INFO:Se inicio la aplicacion
2023-04-22 03:39:12,706:WARNING: * Debugger is active!
2023-04-22 03:39:12,713:INFO: * Debugger PIN: 341-549-671
2023-04-22 03:39:21,801:INFO:127.0.0.1 - - [22/Apr/2023 03:39:21] "[35m[1mGET / HTTP/1.1[0m" 500 -
2023-04-22 03:39:21,866:INFO:127.0.0.1 - - [22/Apr/2023 03:39:21] "[36mGET /?__debugger__=yes&cmd=resource&f=style.css HTTP/1.1[0m" 304 -
2023-04-22 03:39:21,873:INFO:127.0.0.1 - - [22/Apr/2023 03:39:21] "[36mGET /?__debugger__=yes&cmd=resource&f=debugger.js HTTP/1.1[0m" 304 -
2023-04-22 03:39:21,936:INFO:127.0.0.1 - - [22/Apr/2023 03:39:21] "[36mGET /?__debugger__=yes&cmd=resource&f=console.png HTTP/1.1[0m" 304 -
2023-04-22 03:40:53,581:INFO: * Detected change in 'C:\\curso_python\\Proyecto Final\\The_World_of_cakes\\project\\models.py', reloading
2023-04-22 03:40:53,772:INFO: * Restarting with stat
2023-04-22 03:40:56,432:INFO:Se inicio la aplicacion
2023-04-22 03:40:56,450:WARNING: * Debugger is active!
2023-04-22 03:40:56,459:INFO: * Debugger PIN: 341-549-671
2023-04-22 03:41:02,034:INFO:127.0.0.1 - - [22/Apr/2023 03:41:02] "[35m[1mGET / HTTP/1.1[0m" 500 -
2023-04-22 03:41:02,076:INFO:127.0.0.1 - - [22/Apr/2023 03:41:02] "[36mGET /?__debugger__=yes&cmd=resource&f=style.css HTTP/1.1[0m" 304 -
2023-04-22 03:41:02,080:INFO:127.0.0.1 - - [22/Apr/2023 03:41:02] "[36mGET /?__debugger__=yes&cmd=resource&f=debugger.js HTTP/1.1[0m" 304 -
2023-04-22 03:41:02,119:INFO:127.0.0.1 - - [22/Apr/2023 03:41:02] "[36mGET /?__debugger__=yes&cmd=resource&f=console.png HTTP/1.1[0m" 304 -
2023-04-22 03:41:13,936:INFO:Se inicio la aplicacion
2023-04-22 03:41:13,972:INFO:[31m[1mWARNING: This is a development server. Do not use it in a production deployment. Use a production WSGI server instead.[0m
 * Running on http://127.0.0.1:5000
2023-04-22 03:41:13,973:INFO:[33mPress CTRL+C to quit[0m
2023-04-22 03:41:13,979:INFO: * Restarting with stat
2023-04-22 03:41:16,487:INFO:Se inicio la aplicacion
2023-04-22 03:41:16,504:WARNING: * Debugger is active!
2023-04-22 03:41:16,510:INFO: * Debugger PIN: 341-549-671
2023-04-22 03:41:19,017:INFO:127.0.0.1 - - [22/Apr/2023 03:41:19] "[35m[1mGET / HTTP/1.1[0m" 500 -
2023-04-22 03:41:19,074:INFO:127.0.0.1 - - [22/Apr/2023 03:41:19] "[36mGET /?__debugger__=yes&cmd=resource&f=style.css HTTP/1.1[0m" 304 -
2023-04-22 03:41:19,081:INFO:127.0.0.1 - - [22/Apr/2023 03:41:19] "[36mGET /?__debugger__=yes&cmd=resource&f=debugger.js HTTP/1.1[0m" 304 -
2023-04-22 03:41:19,156:INFO:127.0.0.1 - - [22/Apr/2023 03:41:19] "[36mGET /?__debugger__=yes&cmd=resource&f=console.png HTTP/1.1[0m" 304 -
2023-04-22 03:41:46,613:INFO: * Detected change in 'C:\\curso_python\\Proyecto Final\\The_World_of_cakes\\project\\models.py', reloading
2023-04-22 03:41:46,800:INFO: * Restarting with stat
2023-04-22 03:41:48,995:INFO:Se inicio la aplicacion
2023-04-22 03:41:49,017:WARNING: * Debugger is active!
2023-04-22 03:41:49,027:INFO: * Debugger PIN: 341-549-671
2023-04-22 03:42:10,223:INFO:127.0.0.1 - - [22/Apr/2023 03:42:10] "[35m[1mGET /security/empleados HTTP/1.1[0m" 500 -
2023-04-22 03:42:10,266:INFO:127.0.0.1 - - [22/Apr/2023 03:42:10] "GET /security/empleados?__debugger__=yes&cmd=resource&f=style.css HTTP/1.1" 200 -
2023-04-22 03:42:10,270:INFO:127.0.0.1 - - [22/Apr/2023 03:42:10] "GET /security/empleados?__debugger__=yes&cmd=resource&f=debugger.js HTTP/1.1" 200 -
2023-04-22 03:42:10,288:INFO:127.0.0.1 - - [22/Apr/2023 03:42:10] "GET /security/empleados?__debugger__=yes&cmd=resource&f=console.png HTTP/1.1" 200 -
2023-04-22 03:44:26,104:INFO:127.0.0.1 - - [22/Apr/2023 03:44:26] "[35m[1mGET / HTTP/1.1[0m" 500 -
2023-04-22 03:44:26,229:INFO:127.0.0.1 - - [22/Apr/2023 03:44:26] "[36mGET /?__debugger__=yes&cmd=resource&f=style.css HTTP/1.1[0m" 304 -
2023-04-22 03:44:26,234:INFO:127.0.0.1 - - [22/Apr/2023 03:44:26] "[36mGET /?__debugger__=yes&cmd=resource&f=debugger.js HTTP/1.1[0m" 304 -
2023-04-22 03:44:26,260:INFO:127.0.0.1 - - [22/Apr/2023 03:44:26] "[36mGET /?__debugger__=yes&cmd=resource&f=console.png HTTP/1.1[0m" 304 -
2023-04-22 03:45:32,414:INFO: * Detected change in 'C:\\curso_python\\Proyecto Final\\The_World_of_cakes\\project\\models.py', reloading
2023-04-22 03:45:32,656:INFO: * Restarting with stat
2023-04-22 03:45:35,827:INFO:Se inicio la aplicacion
2023-04-22 03:45:35,848:WARNING: * Debugger is active!
2023-04-22 03:45:35,857:INFO: * Debugger PIN: 341-549-671
2023-04-22 03:45:40,438:INFO: * Detected change in 'C:\\curso_python\\Proyecto Final\\The_World_of_cakes\\project\\forms.py', reloading
2023-04-22 03:45:40,667:INFO: * Restarting with stat
2023-04-22 03:45:43,004:INFO:Se inicio la aplicacion
2023-04-22 03:45:43,022:WARNING: * Debugger is active!
2023-04-22 03:45:43,032:INFO: * Debugger PIN: 341-549-671
2023-04-22 03:45:54,836:INFO: * Detected change in 'C:\\curso_python\\Proyecto Final\\The_World_of_cakes\\project\\auth.py', reloading
2023-04-22 03:45:55,095:INFO: * Restarting with stat
2023-04-22 03:45:57,280:INFO:Se inicio la aplicacion
2023-04-22 03:45:57,300:WARNING: * Debugger is active!
2023-04-22 03:45:57,309:INFO: * Debugger PIN: 341-549-671
2023-04-22 03:46:24,988:INFO: * Detected change in 'C:\\curso_python\\Proyecto Final\\The_World_of_cakes\\project\\models.py', reloading
2023-04-22 03:46:25,323:INFO: * Restarting with stat
2023-04-22 03:46:27,840:INFO:Se inicio la aplicacion
2023-04-22 03:46:27,855:WARNING: * Debugger is active!
2023-04-22 03:46:27,861:INFO: * Debugger PIN: 341-549-671
2023-04-22 03:46:41,710:INFO: * Detected change in 'C:\\curso_python\\Proyecto Final\\The_World_of_cakes\\project\\models.py', reloading
2023-04-22 03:46:42,017:INFO: * Restarting with stat
2023-04-22 03:46:49,224:INFO:Se inicio la aplicacion
2023-04-22 03:46:49,262:INFO:[31m[1mWARNING: This is a development server. Do not use it in a production deployment. Use a production WSGI server instead.[0m
 * Running on http://127.0.0.1:5000
2023-04-22 03:46:49,263:INFO:[33mPress CTRL+C to quit[0m
2023-04-22 03:46:49,267:INFO: * Restarting with stat
2023-04-22 03:46:51,370:INFO:Se inicio la aplicacion
2023-04-22 03:46:51,387:WARNING: * Debugger is active!
2023-04-22 03:46:51,395:INFO: * Debugger PIN: 341-549-671
2023-04-22 03:46:54,102:INFO:127.0.0.1 - - [22/Apr/2023 03:46:54] "[35m[1mGET / HTTP/1.1[0m" 500 -
2023-04-22 03:46:54,150:INFO:127.0.0.1 - - [22/Apr/2023 03:46:54] "[36mGET /?__debugger__=yes&cmd=resource&f=style.css HTTP/1.1[0m" 304 -
2023-04-22 03:46:54,154:INFO:127.0.0.1 - - [22/Apr/2023 03:46:54] "[36mGET /?__debugger__=yes&cmd=resource&f=debugger.js HTTP/1.1[0m" 304 -
2023-04-22 03:46:54,212:INFO:127.0.0.1 - - [22/Apr/2023 03:46:54] "[36mGET /?__debugger__=yes&cmd=resource&f=console.png HTTP/1.1[0m" 304 -
2023-04-22 03:46:58,553:INFO:127.0.0.1 - - [22/Apr/2023 03:46:58] "[35m[1mGET /security/login HTTP/1.1[0m" 500 -
2023-04-22 03:46:59,062:INFO:127.0.0.1 - - [22/Apr/2023 03:46:59] "[35m[1mGET /login?next=%2Fsecurity%2Fmodificar%3Fid%3D HTTP/1.1[0m" 500 -
2023-04-22 03:46:59,327:INFO:127.0.0.1 - - [22/Apr/2023 03:46:59] "[35m[1mGET /security/administracion_admin HTTP/1.1[0m" 500 -
2023-04-22 03:46:59,379:INFO:127.0.0.1 - - [22/Apr/2023 03:46:59] "GET /login?__debugger__=yes&cmd=resource&f=console.png HTTP/1.1" 200 -
2023-04-22 03:47:01,250:INFO:127.0.0.1 - - [22/Apr/2023 03:47:01] "GET /login?__debugger__=yes&cmd=resource&f=style.css HTTP/1.1" 200 -
2023-04-22 03:47:01,259:INFO:127.0.0.1 - - [22/Apr/2023 03:47:01] "GET /login?__debugger__=yes&cmd=resource&f=debugger.js HTTP/1.1" 200 -
2023-04-22 03:47:01,279:INFO:127.0.0.1 - - [22/Apr/2023 03:47:01] "GET /login?__debugger__=yes&cmd=resource&f=console.png HTTP/1.1" 200 -
2023-04-22 03:47:01,283:INFO:127.0.0.1 - - [22/Apr/2023 03:47:01] "GET /login?__debugger__=yes&cmd=resource&f=console.png HTTP/1.1" 200 -
2023-04-22 03:47:01,712:INFO:127.0.0.1 - - [22/Apr/2023 03:47:01] "[35m[1mGET /security/administracion_admin HTTP/1.1[0m" 500 -
2023-04-22 03:47:01,857:INFO:127.0.0.1 - - [22/Apr/2023 03:47:01] "GET /security/administracion_admin?__debugger__=yes&cmd=resource&f=style.css HTTP/1.1" 200 -
2023-04-22 03:47:07,599:INFO:127.0.0.1 - - [22/Apr/2023 03:47:07] "[35m[1mGET /security/productos HTTP/1.1[0m" 500 -
2023-04-22 03:47:07,658:INFO:127.0.0.1 - - [22/Apr/2023 03:47:07] "GET /security/productos?__debugger__=yes&cmd=resource&f=style.css HTTP/1.1" 200 -
2023-04-22 03:47:07,666:INFO:127.0.0.1 - - [22/Apr/2023 03:47:07] "GET /security/productos?__debugger__=yes&cmd=resource&f=debugger.js HTTP/1.1" 200 -
2023-04-22 03:47:07,704:INFO:127.0.0.1 - - [22/Apr/2023 03:47:07] "GET /security/productos?__debugger__=yes&cmd=resource&f=console.png HTTP/1.1" 200 -
2023-04-22 03:47:07,713:INFO:127.0.0.1 - - [22/Apr/2023 03:47:07] "GET /security/productos?__debugger__=yes&cmd=resource&f=console.png HTTP/1.1" 200 -
2023-04-22 03:47:09,110:INFO:127.0.0.1 - - [22/Apr/2023 03:47:09] "[35m[1mGET /security/register HTTP/1.1[0m" 500 -
2023-04-22 03:47:10,410:INFO:127.0.0.1 - - [22/Apr/2023 03:47:10] "[35m[1mGET /contacto HTTP/1.1[0m" 500 -
2023-04-22 03:47:10,463:INFO:127.0.0.1 - - [22/Apr/2023 03:47:10] "GET /contacto?__debugger__=yes&cmd=resource&f=style.css HTTP/1.1" 200 -
2023-04-22 03:47:10,467:INFO:127.0.0.1 - - [22/Apr/2023 03:47:10] "GET /contacto?__debugger__=yes&cmd=resource&f=debugger.js HTTP/1.1" 200 -
2023-04-22 03:47:10,515:INFO:127.0.0.1 - - [22/Apr/2023 03:47:10] "GET /contacto?__debugger__=yes&cmd=resource&f=console.png HTTP/1.1" 200 -
2023-04-22 03:47:10,517:INFO:127.0.0.1 - - [22/Apr/2023 03:47:10] "GET /contacto?__debugger__=yes&cmd=resource&f=console.png HTTP/1.1" 200 -
2023-04-22 03:47:11,046:INFO:127.0.0.1 - - [22/Apr/2023 03:47:11] "[35m[1mGET /security/empleados HTTP/1.1[0m" 500 -
2023-04-22 03:47:11,109:INFO:127.0.0.1 - - [22/Apr/2023 03:47:11] "GET /security/empleados?__debugger__=yes&cmd=resource&f=style.css HTTP/1.1" 200 -
2023-04-22 03:47:11,125:INFO:127.0.0.1 - - [22/Apr/2023 03:47:11] "GET /security/empleados?__debugger__=yes&cmd=resource&f=debugger.js HTTP/1.1" 200 -
2023-04-22 03:47:11,132:INFO:127.0.0.1 - - [22/Apr/2023 03:47:11] "GET /security/empleados?__debugger__=yes&cmd=resource&f=console.png HTTP/1.1" 200 -
2023-04-22 03:47:57,901:INFO: * Detected change in 'C:\\curso_python\\Proyecto Final\\The_World_of_cakes\\project\\models.py', reloading
2023-04-22 03:47:58,102:INFO: * Restarting with stat
2023-04-22 03:48:00,660:INFO:Se inicio la aplicacion
2023-04-22 03:48:00,676:WARNING: * Debugger is active!
2023-04-22 03:48:00,681:INFO: * Debugger PIN: 341-549-671
2023-04-22 03:48:08,869:INFO: * Detected change in 'C:\\curso_python\\Proyecto Final\\The_World_of_cakes\\project\\models.py', reloading
2023-04-22 03:48:09,276:INFO: * Restarting with stat
2023-04-22 03:48:11,837:INFO:Se inicio la aplicacion
2023-04-22 03:48:11,855:WARNING: * Debugger is active!
2023-04-22 03:48:11,863:INFO: * Debugger PIN: 341-549-671
2023-04-22 03:48:55,354:INFO: * Detected change in 'C:\\curso_python\\Proyecto Final\\The_World_of_cakes\\project\\auth.py', reloading
2023-04-22 03:48:55,541:INFO: * Restarting with stat
2023-04-22 03:48:58,107:INFO:Se inicio la aplicacion
2023-04-22 03:48:58,122:WARNING: * Debugger is active!
2023-04-22 03:48:58,128:INFO: * Debugger PIN: 341-549-671
2023-04-22 03:49:14,043:INFO:Se inicio la aplicacion
2023-04-22 03:49:14,065:INFO:[31m[1mWARNING: This is a development server. Do not use it in a production deployment. Use a production WSGI server instead.[0m
 * Running on http://127.0.0.1:5000
2023-04-22 03:49:14,065:INFO:[33mPress CTRL+C to quit[0m
2023-04-22 03:49:14,069:INFO: * Restarting with stat
2023-04-22 03:49:16,408:INFO:Se inicio la aplicacion
2023-04-22 03:49:16,428:WARNING: * Debugger is active!
2023-04-22 03:49:16,438:INFO: * Debugger PIN: 341-549-671
2023-04-22 03:49:26,301:INFO:127.0.0.1 - - [22/Apr/2023 03:49:26] "[35m[1mGET / HTTP/1.1[0m" 500 -
2023-04-22 03:49:26,366:INFO:127.0.0.1 - - [22/Apr/2023 03:49:26] "[36mGET /?__debugger__=yes&cmd=resource&f=style.css HTTP/1.1[0m" 304 -
2023-04-22 03:49:26,375:INFO:127.0.0.1 - - [22/Apr/2023 03:49:26] "[36mGET /?__debugger__=yes&cmd=resource&f=debugger.js HTTP/1.1[0m" 304 -
2023-04-22 03:49:26,426:INFO:127.0.0.1 - - [22/Apr/2023 03:49:26] "[36mGET /?__debugger__=yes&cmd=resource&f=console.png HTTP/1.1[0m" 304 -
2023-04-22 03:50:00,691:INFO: * Detected change in 'C:\\curso_python\\Proyecto Final\\The_World_of_cakes\\project\\models.py', reloading
2023-04-22 03:50:00,896:INFO: * Restarting with stat
2023-04-22 03:50:41,411:INFO:Se inicio la aplicacion
2023-04-22 03:50:41,446:INFO:[31m[1mWARNING: This is a development server. Do not use it in a production deployment. Use a production WSGI server instead.[0m
 * Running on http://127.0.0.1:5000
2023-04-22 03:50:41,447:INFO:[33mPress CTRL+C to quit[0m
2023-04-22 03:50:41,450:INFO: * Restarting with stat
2023-04-22 03:50:43,793:INFO:Se inicio la aplicacion
2023-04-22 03:50:43,814:WARNING: * Debugger is active!
2023-04-22 03:50:43,824:INFO: * Debugger PIN: 341-549-671
2023-04-22 03:50:50,066:INFO:127.0.0.1 - - [22/Apr/2023 03:50:50] "GET / HTTP/1.1" 200 -
2023-04-22 03:50:50,143:INFO:127.0.0.1 - - [22/Apr/2023 03:50:50] "[36mGET /static/bootstrap/css/bootstrap.min.css HTTP/1.1[0m" 304 -
2023-04-22 03:50:50,166:INFO:127.0.0.1 - - [22/Apr/2023 03:50:50] "[36mGET /static/bootstrap/css/bootstrap-responsive.min.css HTTP/1.1[0m" 304 -
2023-04-22 03:50:50,175:INFO:127.0.0.1 - - [22/Apr/2023 03:50:50] "[36mGET /static/bootstrap/css/styles.css HTTP/1.1[0m" 304 -
2023-04-22 03:50:50,180:INFO:127.0.0.1 - - [22/Apr/2023 03:50:50] "[36mGET /static/css/nav.css HTTP/1.1[0m" 304 -
2023-04-22 03:50:50,196:INFO:127.0.0.1 - - [22/Apr/2023 03:50:50] "[36mGET /static/css/carrusel.css HTTP/1.1[0m" 304 -
2023-04-22 03:50:50,201:INFO:127.0.0.1 - - [22/Apr/2023 03:50:50] "[36mGET /static/js/carrusel.js HTTP/1.1[0m" 304 -
2023-04-22 03:50:50,287:INFO:127.0.0.1 - - [22/Apr/2023 03:50:50] "[36mGET /static/img/ej4.png HTTP/1.1[0m" 304 -
2023-04-22 03:50:50,316:INFO:127.0.0.1 - - [22/Apr/2023 03:50:50] "[36mGET /static/img/mision2.jpg HTTP/1.1[0m" 304 -
2023-04-22 03:50:50,321:INFO:127.0.0.1 - - [22/Apr/2023 03:50:50] "[36mGET /static/img/vision.png HTTP/1.1[0m" 304 -
2023-04-22 03:50:50,330:INFO:127.0.0.1 - - [22/Apr/2023 03:50:50] "[36mGET /static/img/fondo5.jpg HTTP/1.1[0m" 304 -
2023-04-22 03:51:21,297:INFO: * Detected change in 'C:\\curso_python\\Proyecto Final\\The_World_of_cakes\\project\\auth.py', reloading
2023-04-22 03:51:21,560:INFO: * Restarting with stat
2023-04-22 03:51:26,417:INFO: * Restarting with stat
2023-04-22 03:51:28,811:INFO:Se inicio la aplicacion
2023-04-22 03:51:28,827:WARNING: * Debugger is active!
2023-04-22 03:51:28,833:INFO: * Debugger PIN: 341-549-671
2023-04-22 03:51:33,414:INFO:127.0.0.1 - - [22/Apr/2023 03:51:33] "[35m[1mGET / HTTP/1.1[0m" 500 -
2023-04-22 03:51:33,457:INFO:127.0.0.1 - - [22/Apr/2023 03:51:33] "[36mGET /?__debugger__=yes&cmd=resource&f=style.css HTTP/1.1[0m" 304 -
2023-04-22 03:51:33,460:INFO:127.0.0.1 - - [22/Apr/2023 03:51:33] "[36mGET /?__debugger__=yes&cmd=resource&f=debugger.js HTTP/1.1[0m" 304 -
2023-04-22 03:51:33,511:INFO:127.0.0.1 - - [22/Apr/2023 03:51:33] "[36mGET /?__debugger__=yes&cmd=resource&f=console.png HTTP/1.1[0m" 304 -
2023-04-22 03:51:51,983:INFO: * Detected change in 'C:\\curso_python\\Proyecto Final\\The_World_of_cakes\\project\\models.py', reloading
2023-04-22 03:51:52,187:INFO: * Restarting with stat
2023-04-22 03:51:54,792:INFO:Se inicio la aplicacion
2023-04-22 03:51:54,809:WARNING: * Debugger is active!
2023-04-22 03:51:54,818:INFO: * Debugger PIN: 341-549-671
2023-04-22 03:51:59,472:INFO: * Detected change in 'C:\\curso_python\\Proyecto Final\\The_World_of_cakes\\project\\models.py', reloading
2023-04-22 03:51:59,657:INFO: * Restarting with stat
2023-04-22 03:52:02,068:INFO:Se inicio la aplicacion
2023-04-22 03:52:02,089:WARNING: * Debugger is active!
2023-04-22 03:52:02,097:INFO: * Debugger PIN: 341-549-671
2023-04-22 03:52:43,117:INFO: * Detected change in 'C:\\curso_python\\Proyecto Final\\The_World_of_cakes\\project\\models.py', reloading
2023-04-22 03:52:43,364:INFO: * Restarting with stat
2023-04-22 03:52:46,275:INFO:Se inicio la aplicacion
2023-04-22 03:52:46,302:WARNING: * Debugger is active!
2023-04-22 03:52:46,313:INFO: * Debugger PIN: 341-549-671
2023-04-22 03:53:23,993:INFO: * Detected change in 'C:\\curso_python\\Proyecto Final\\The_World_of_cakes\\project\\auth.py', reloading
2023-04-22 03:53:24,282:INFO: * Restarting with stat
2023-04-22 03:53:26,934:INFO:Se inicio la aplicacion
2023-04-22 03:53:26,973:WARNING: * Debugger is active!
2023-04-22 03:53:26,986:INFO: * Debugger PIN: 341-549-671
2023-04-22 03:54:21,019:INFO: * Detected change in 'C:\\curso_python\\Proyecto Final\\The_World_of_cakes\\project\\models.py', reloading
2023-04-22 03:54:21,271:INFO: * Restarting with stat
2023-04-22 03:54:23,838:INFO:Se inicio la aplicacion
2023-04-22 03:54:23,857:WARNING: * Debugger is active!
2023-04-22 03:54:23,867:INFO: * Debugger PIN: 341-549-671
2023-04-22 03:54:36,458:INFO: * Detected change in 'C:\\curso_python\\Proyecto Final\\The_World_of_cakes\\project\\models.py', reloading
2023-04-22 03:54:36,653:INFO: * Restarting with stat
2023-04-22 03:54:39,321:INFO:Se inicio la aplicacion
2023-04-22 03:54:39,335:WARNING: * Debugger is active!
2023-04-22 03:54:39,341:INFO: * Debugger PIN: 341-549-671
2023-04-22 03:55:30,462:INFO:127.0.0.1 - - [22/Apr/2023 03:55:30] "GET / HTTP/1.1" 200 -
2023-04-22 03:55:30,580:INFO:127.0.0.1 - - [22/Apr/2023 03:55:30] "[36mGET /static/css/nav.css HTTP/1.1[0m" 304 -
2023-04-22 03:55:30,586:INFO:127.0.0.1 - - [22/Apr/2023 03:55:30] "[36mGET /static/bootstrap/css/bootstrap.min.css HTTP/1.1[0m" 304 -
2023-04-22 03:55:30,588:INFO:127.0.0.1 - - [22/Apr/2023 03:55:30] "[36mGET /static/bootstrap/css/bootstrap-responsive.min.css HTTP/1.1[0m" 304 -
2023-04-22 03:55:30,603:INFO:127.0.0.1 - - [22/Apr/2023 03:55:30] "[36mGET /static/bootstrap/css/styles.css HTTP/1.1[0m" 304 -
2023-04-22 03:55:30,639:INFO:127.0.0.1 - - [22/Apr/2023 03:55:30] "[36mGET /static/css/carrusel.css HTTP/1.1[0m" 304 -
2023-04-22 03:55:30,645:INFO:127.0.0.1 - - [22/Apr/2023 03:55:30] "[36mGET /static/js/carrusel.js HTTP/1.1[0m" 304 -
2023-04-22 03:55:30,685:INFO:127.0.0.1 - - [22/Apr/2023 03:55:30] "[36mGET /static/img/ej4.png HTTP/1.1[0m" 304 -
2023-04-22 03:55:30,740:INFO:127.0.0.1 - - [22/Apr/2023 03:55:30] "[36mGET /static/img/mision2.jpg HTTP/1.1[0m" 304 -
2023-04-22 03:55:30,761:INFO:127.0.0.1 - - [22/Apr/2023 03:55:30] "[36mGET /static/img/vision.png HTTP/1.1[0m" 304 -
2023-04-22 03:55:30,779:INFO:127.0.0.1 - - [22/Apr/2023 03:55:30] "[36mGET /static/img/fondo5.jpg HTTP/1.1[0m" 304 -
2023-04-22 03:56:07,793:INFO:127.0.0.1 - - [22/Apr/2023 03:56:07] "GET / HTTP/1.1" 200 -
2023-04-22 03:56:07,853:INFO:127.0.0.1 - - [22/Apr/2023 03:56:07] "[36mGET /static/bootstrap/css/bootstrap.min.css HTTP/1.1[0m" 304 -
2023-04-22 03:56:07,858:INFO:127.0.0.1 - - [22/Apr/2023 03:56:07] "[36mGET /static/bootstrap/css/bootstrap-responsive.min.css HTTP/1.1[0m" 304 -
2023-04-22 03:56:07,868:INFO:127.0.0.1 - - [22/Apr/2023 03:56:07] "[36mGET /static/bootstrap/css/styles.css HTTP/1.1[0m" 304 -
2023-04-22 03:56:07,879:INFO:127.0.0.1 - - [22/Apr/2023 03:56:07] "[36mGET /static/css/nav.css HTTP/1.1[0m" 304 -
2023-04-22 03:56:07,888:INFO:127.0.0.1 - - [22/Apr/2023 03:56:07] "[36mGET /static/css/carrusel.css HTTP/1.1[0m" 304 -
2023-04-22 03:56:07,906:INFO:127.0.0.1 - - [22/Apr/2023 03:56:07] "[36mGET /static/js/carrusel.js HTTP/1.1[0m" 304 -
2023-04-22 03:56:07,949:INFO:127.0.0.1 - - [22/Apr/2023 03:56:07] "[36mGET /static/img/ej4.png HTTP/1.1[0m" 304 -
2023-04-22 03:56:07,960:INFO:127.0.0.1 - - [22/Apr/2023 03:56:07] "[36mGET /static/img/mision2.jpg HTTP/1.1[0m" 304 -
2023-04-22 03:56:07,968:INFO:127.0.0.1 - - [22/Apr/2023 03:56:07] "[36mGET /static/img/vision.png HTTP/1.1[0m" 304 -
2023-04-22 03:56:07,977:INFO:127.0.0.1 - - [22/Apr/2023 03:56:07] "[36mGET /static/img/fondo5.jpg HTTP/1.1[0m" 304 -
2023-04-22 03:56:09,688:INFO:127.0.0.1 - - [22/Apr/2023 03:56:09] "GET /security/register HTTP/1.1" 200 -
2023-04-22 03:56:09,762:INFO:127.0.0.1 - - [22/Apr/2023 03:56:09] "[36mGET /static/bootstrap/css/bootstrap.min.css HTTP/1.1[0m" 304 -
2023-04-22 03:56:09,768:INFO:127.0.0.1 - - [22/Apr/2023 03:56:09] "[36mGET /static/bootstrap/css/bootstrap-responsive.min.css HTTP/1.1[0m" 304 -
2023-04-22 03:56:09,774:INFO:127.0.0.1 - - [22/Apr/2023 03:56:09] "[36mGET /static/bootstrap/css/styles.css HTTP/1.1[0m" 304 -
2023-04-22 03:56:09,779:INFO:127.0.0.1 - - [22/Apr/2023 03:56:09] "[36mGET /static/css/nav.css HTTP/1.1[0m" 304 -
2023-04-22 03:56:09,784:INFO:127.0.0.1 - - [22/Apr/2023 03:56:09] "[36mGET /static/css/carrusel.css HTTP/1.1[0m" 304 -
2023-04-22 03:56:09,796:INFO:127.0.0.1 - - [22/Apr/2023 03:56:09] "[36mGET /static/js/carrusel.js HTTP/1.1[0m" 304 -
2023-04-22 03:56:09,874:INFO:127.0.0.1 - - [22/Apr/2023 03:56:09] "[36mGET /static/img/ej4.png HTTP/1.1[0m" 304 -
2023-04-22 03:56:09,897:INFO:127.0.0.1 - - [22/Apr/2023 03:56:09] "[36mGET /static/img/fondo5.jpg HTTP/1.1[0m" 304 -
2023-04-22 03:57:05,988:DEBUG:Se registro un usuario con el correo: ('FernandoLP.mx@outlook.com',)
2023-04-22 03:57:05,989:INFO:127.0.0.1 - - [22/Apr/2023 03:57:05] "[32mPOST /security/register HTTP/1.1[0m" 302 -
2023-04-22 03:57:06,007:INFO:127.0.0.1 - - [22/Apr/2023 03:57:06] "GET /security/login HTTP/1.1" 200 -
2023-04-22 03:57:06,093:INFO:127.0.0.1 - - [22/Apr/2023 03:57:06] "[36mGET /static/bootstrap/css/bootstrap.min.css HTTP/1.1[0m" 304 -
2023-04-22 03:57:06,112:INFO:127.0.0.1 - - [22/Apr/2023 03:57:06] "[36mGET /static/bootstrap/css/bootstrap-responsive.min.css HTTP/1.1[0m" 304 -
2023-04-22 03:57:06,124:INFO:127.0.0.1 - - [22/Apr/2023 03:57:06] "[36mGET /static/bootstrap/css/styles.css HTTP/1.1[0m" 304 -
2023-04-22 03:57:06,134:INFO:127.0.0.1 - - [22/Apr/2023 03:57:06] "[36mGET /static/css/nav.css HTTP/1.1[0m" 304 -
2023-04-22 03:57:06,142:INFO:127.0.0.1 - - [22/Apr/2023 03:57:06] "[36mGET /static/css/carrusel.css HTTP/1.1[0m" 304 -
2023-04-22 03:57:06,148:INFO:127.0.0.1 - - [22/Apr/2023 03:57:06] "[36mGET /static/js/carrusel.js HTTP/1.1[0m" 304 -
2023-04-22 03:57:06,156:INFO:127.0.0.1 - - [22/Apr/2023 03:57:06] "[33mGET /security/static/estilos.css HTTP/1.1[0m" 404 -
2023-04-22 03:57:06,197:INFO:127.0.0.1 - - [22/Apr/2023 03:57:06] "[33mGET /security/static/estilos.css HTTP/1.1[0m" 404 -
2023-04-22 03:57:06,207:INFO:127.0.0.1 - - [22/Apr/2023 03:57:06] "[36mGET /static/img/ej4.png HTTP/1.1[0m" 304 -
2023-04-22 03:57:06,218:INFO:127.0.0.1 - - [22/Apr/2023 03:57:06] "[36mGET /static/img/fondo5.jpg HTTP/1.1[0m" 304 -
2023-04-22 03:57:46,338:DEBUG:El usuario FernandoLP.mx@outlook.com ingreso al sistema
2023-04-22 03:57:46,341:INFO:127.0.0.1 - - [22/Apr/2023 03:57:46] "[32mPOST /security/login HTTP/1.1[0m" 302 -
2023-04-22 03:57:46,502:INFO:127.0.0.1 - - [22/Apr/2023 03:57:46] "[35m[1mGET / HTTP/1.1[0m" 500 -
2023-04-22 03:57:46,588:INFO:127.0.0.1 - - [22/Apr/2023 03:57:46] "[36mGET /?__debugger__=yes&cmd=resource&f=style.css HTTP/1.1[0m" 304 -
2023-04-22 03:57:46,641:INFO:127.0.0.1 - - [22/Apr/2023 03:57:46] "[36mGET /?__debugger__=yes&cmd=resource&f=debugger.js HTTP/1.1[0m" 304 -
2023-04-22 03:57:46,692:INFO:127.0.0.1 - - [22/Apr/2023 03:57:46] "[36mGET /?__debugger__=yes&cmd=resource&f=console.png HTTP/1.1[0m" 304 -
2023-04-22 03:58:10,483:DEBUG:El usuario FernandoLP.mx@outlook.com ingreso al sistema
2023-04-22 03:58:10,487:INFO:127.0.0.1 - - [22/Apr/2023 03:58:10] "[32mPOST /security/login HTTP/1.1[0m" 302 -
2023-04-22 03:58:10,564:INFO:127.0.0.1 - - [22/Apr/2023 03:58:10] "GET / HTTP/1.1" 200 -
2023-04-22 03:58:10,659:INFO:127.0.0.1 - - [22/Apr/2023 03:58:10] "[36mGET /static/bootstrap/css/bootstrap.min.css HTTP/1.1[0m" 304 -
2023-04-22 03:58:10,667:INFO:127.0.0.1 - - [22/Apr/2023 03:58:10] "[36mGET /static/bootstrap/css/bootstrap-responsive.min.css HTTP/1.1[0m" 304 -
2023-04-22 03:58:10,702:INFO:127.0.0.1 - - [22/Apr/2023 03:58:10] "[36mGET /static/bootstrap/css/styles.css HTTP/1.1[0m" 304 -
2023-04-22 03:58:10,712:INFO:127.0.0.1 - - [22/Apr/2023 03:58:10] "[36mGET /static/css/nav.css HTTP/1.1[0m" 304 -
2023-04-22 03:58:10,716:INFO:127.0.0.1 - - [22/Apr/2023 03:58:10] "[36mGET /static/css/carrusel.css HTTP/1.1[0m" 304 -
2023-04-22 03:58:10,731:INFO:127.0.0.1 - - [22/Apr/2023 03:58:10] "[36mGET /static/js/carrusel.js HTTP/1.1[0m" 304 -
2023-04-22 03:58:10,796:INFO:127.0.0.1 - - [22/Apr/2023 03:58:10] "[36mGET /static/img/ej4.png HTTP/1.1[0m" 304 -
2023-04-22 03:58:10,805:INFO:127.0.0.1 - - [22/Apr/2023 03:58:10] "[36mGET /static/img/mision2.jpg HTTP/1.1[0m" 304 -
2023-04-22 03:58:10,809:INFO:127.0.0.1 - - [22/Apr/2023 03:58:10] "[36mGET /static/img/vision.png HTTP/1.1[0m" 304 -
2023-04-22 03:58:10,814:INFO:127.0.0.1 - - [22/Apr/2023 03:58:10] "[36mGET /static/img/fondo5.jpg HTTP/1.1[0m" 304 -
2023-04-22 03:58:17,596:INFO:127.0.0.1 - - [22/Apr/2023 03:58:17] "GET /security/compraMateria HTTP/1.1" 200 -
2023-04-22 03:58:17,717:INFO:127.0.0.1 - - [22/Apr/2023 03:58:17] "[36mGET /static/bootstrap/css/bootstrap.min.css HTTP/1.1[0m" 304 -
2023-04-22 03:58:17,751:INFO:127.0.0.1 - - [22/Apr/2023 03:58:17] "[36mGET /static/bootstrap/css/bootstrap-responsive.min.css HTTP/1.1[0m" 304 -
2023-04-22 03:58:17,787:INFO:127.0.0.1 - - [22/Apr/2023 03:58:17] "[36mGET /static/css/nav.css HTTP/1.1[0m" 304 -
2023-04-22 03:58:17,788:INFO:127.0.0.1 - - [22/Apr/2023 03:58:17] "[36mGET /static/bootstrap/css/styles.css HTTP/1.1[0m" 304 -
2023-04-22 03:58:17,814:INFO:127.0.0.1 - - [22/Apr/2023 03:58:17] "[33mGET /security/static/estilos.css HTTP/1.1[0m" 404 -
2023-04-22 03:58:17,816:INFO:127.0.0.1 - - [22/Apr/2023 03:58:17] "[36mGET /static/css/carrusel.css HTTP/1.1[0m" 304 -
2023-04-22 03:58:17,824:INFO:127.0.0.1 - - [22/Apr/2023 03:58:17] "[33mGET /security/static/sweetalert2/sweetalert2.min.css HTTP/1.1[0m" 404 -
2023-04-22 03:58:17,825:INFO:127.0.0.1 - - [22/Apr/2023 03:58:17] "[36mGET /static/js/carrusel.js HTTP/1.1[0m" 304 -
2023-04-22 03:58:17,836:INFO:127.0.0.1 - - [22/Apr/2023 03:58:17] "[33mGET /security/static/sweetalert2/sweetalert2.min.js HTTP/1.1[0m" 404 -
2023-04-22 03:58:17,901:INFO:127.0.0.1 - - [22/Apr/2023 03:58:17] "[33mGET /security/static/sweetalert2/sweetalert2.min.css HTTP/1.1[0m" 404 -
2023-04-22 03:58:17,904:INFO:127.0.0.1 - - [22/Apr/2023 03:58:17] "[36mGET /static/img/ej4.png HTTP/1.1[0m" 304 -
2023-04-22 03:58:17,907:INFO:127.0.0.1 - - [22/Apr/2023 03:58:17] "[33mGET /security/static/sweetalert2/sweetalert2.min.js HTTP/1.1[0m" 404 -
2023-04-22 03:58:17,921:INFO:127.0.0.1 - - [22/Apr/2023 03:58:17] "[36mGET /static/img/fondo5.jpg HTTP/1.1[0m" 304 -
2023-04-22 03:58:17,949:INFO:127.0.0.1 - - [22/Apr/2023 03:58:17] "[33mGET /security/static/estilos.css HTTP/1.1[0m" 404 -
2023-04-22 03:58:44,673:INFO:127.0.0.1 - - [22/Apr/2023 03:58:44] "GET /security/proveedor_admin HTTP/1.1" 200 -
2023-04-22 03:58:44,787:INFO:127.0.0.1 - - [22/Apr/2023 03:58:44] "[36mGET /static/bootstrap/css/bootstrap.min.css HTTP/1.1[0m" 304 -
2023-04-22 03:58:44,811:INFO:127.0.0.1 - - [22/Apr/2023 03:58:44] "[36mGET /static/bootstrap/css/styles.css HTTP/1.1[0m" 304 -
2023-04-22 03:58:44,814:INFO:127.0.0.1 - - [22/Apr/2023 03:58:44] "[36mGET /static/bootstrap/css/bootstrap-responsive.min.css HTTP/1.1[0m" 304 -
2023-04-22 03:58:44,818:INFO:127.0.0.1 - - [22/Apr/2023 03:58:44] "[36mGET /static/css/nav.css HTTP/1.1[0m" 304 -
2023-04-22 03:58:44,865:INFO:127.0.0.1 - - [22/Apr/2023 03:58:44] "[36mGET /static/css/carrusel.css HTTP/1.1[0m" 304 -
2023-04-22 03:58:44,869:INFO:127.0.0.1 - - [22/Apr/2023 03:58:44] "[36mGET /static/js/carrusel.js HTTP/1.1[0m" 304 -
2023-04-22 03:58:44,870:INFO:127.0.0.1 - - [22/Apr/2023 03:58:44] "[33mGET /security/static/sweetalert2/sweetalert2.min.css HTTP/1.1[0m" 404 -
2023-04-22 03:58:44,883:INFO:127.0.0.1 - - [22/Apr/2023 03:58:44] "[33mGET /security/static/sweetalert2/sweetalert2.min.js HTTP/1.1[0m" 404 -
2023-04-22 03:58:44,887:INFO:127.0.0.1 - - [22/Apr/2023 03:58:44] "[33mGET /security/static/estilos.css HTTP/1.1[0m" 404 -
2023-04-22 03:58:44,945:INFO:127.0.0.1 - - [22/Apr/2023 03:58:44] "[33mGET /security/static/sweetalert2/sweetalert2.min.css HTTP/1.1[0m" 404 -
2023-04-22 03:58:44,948:INFO:127.0.0.1 - - [22/Apr/2023 03:58:44] "[36mGET /static/img/ej4.png HTTP/1.1[0m" 304 -
2023-04-22 03:58:44,952:INFO:127.0.0.1 - - [22/Apr/2023 03:58:44] "[33mGET /security/static/estilos.css HTTP/1.1[0m" 404 -
2023-04-22 03:58:44,976:INFO:127.0.0.1 - - [22/Apr/2023 03:58:44] "[36mGET /static/img/fondo5.jpg HTTP/1.1[0m" 304 -
2023-04-22 04:00:20,196:INFO:127.0.0.1 - - [22/Apr/2023 04:00:20] "[32mPOST /security/proveedor_admin HTTP/1.1[0m" 302 -
2023-04-22 04:00:20,219:INFO:127.0.0.1 - - [22/Apr/2023 04:00:20] "GET /security/proveedor_admin HTTP/1.1" 200 -
2023-04-22 04:00:20,307:INFO:127.0.0.1 - - [22/Apr/2023 04:00:20] "[36mGET /static/bootstrap/css/bootstrap.min.css HTTP/1.1[0m" 304 -
2023-04-22 04:00:20,327:INFO:127.0.0.1 - - [22/Apr/2023 04:00:20] "[36mGET /static/bootstrap/css/bootstrap-responsive.min.css HTTP/1.1[0m" 304 -
2023-04-22 04:00:20,363:INFO:127.0.0.1 - - [22/Apr/2023 04:00:20] "[36mGET /static/bootstrap/css/styles.css HTTP/1.1[0m" 304 -
2023-04-22 04:00:20,367:INFO:127.0.0.1 - - [22/Apr/2023 04:00:20] "[36mGET /static/css/nav.css HTTP/1.1[0m" 304 -
2023-04-22 04:00:20,386:INFO:127.0.0.1 - - [22/Apr/2023 04:00:20] "[36mGET /static/css/carrusel.css HTTP/1.1[0m" 304 -
2023-04-22 04:00:20,403:INFO:127.0.0.1 - - [22/Apr/2023 04:00:20] "[36mGET /static/js/carrusel.js HTTP/1.1[0m" 304 -
2023-04-22 04:00:20,415:INFO:127.0.0.1 - - [22/Apr/2023 04:00:20] "[33mGET /security/static/sweetalert2/sweetalert2.min.css HTTP/1.1[0m" 404 -
2023-04-22 04:00:20,429:INFO:127.0.0.1 - - [22/Apr/2023 04:00:20] "[33mGET /security/static/sweetalert2/sweetalert2.min.js HTTP/1.1[0m" 404 -
2023-04-22 04:00:20,445:INFO:127.0.0.1 - - [22/Apr/2023 04:00:20] "[33mGET /security/static/estilos.css HTTP/1.1[0m" 404 -
2023-04-22 04:00:20,494:INFO:127.0.0.1 - - [22/Apr/2023 04:00:20] "GET /static/img/ej4.png HTTP/1.1" 200 -
2023-04-22 04:00:20,498:INFO:127.0.0.1 - - [22/Apr/2023 04:00:20] "[36mGET /static/img/fondo5.jpg HTTP/1.1[0m" 304 -
2023-04-22 04:00:20,508:INFO:127.0.0.1 - - [22/Apr/2023 04:00:20] "GET /static/bootstrap/img/glyphicons-halflings-white.png HTTP/1.1" 200 -
2023-04-22 04:00:27,107:INFO:127.0.0.1 - - [22/Apr/2023 04:00:27] "GET /security/compraMateria HTTP/1.1" 200 -
2023-04-22 04:00:27,215:INFO:127.0.0.1 - - [22/Apr/2023 04:00:27] "[33mGET /security/static/sweetalert2/sweetalert2.min.js HTTP/1.1[0m" 404 -
2023-04-22 04:00:27,226:INFO:127.0.0.1 - - [22/Apr/2023 04:00:27] "GET /static/bootstrap/css/bootstrap.min.css HTTP/1.1" 200 -
2023-04-22 04:00:27,227:INFO:127.0.0.1 - - [22/Apr/2023 04:00:27] "[36mGET /static/bootstrap/css/bootstrap-responsive.min.css HTTP/1.1[0m" 304 -
2023-04-22 04:00:27,259:INFO:127.0.0.1 - - [22/Apr/2023 04:00:27] "[36mGET /static/bootstrap/css/styles.css HTTP/1.1[0m" 304 -
2023-04-22 04:00:27,266:INFO:127.0.0.1 - - [22/Apr/2023 04:00:27] "[36mGET /static/css/nav.css HTTP/1.1[0m" 304 -
2023-04-22 04:00:27,297:INFO:127.0.0.1 - - [22/Apr/2023 04:00:27] "[36mGET /static/css/carrusel.css HTTP/1.1[0m" 304 -
2023-04-22 04:00:27,300:INFO:127.0.0.1 - - [22/Apr/2023 04:00:27] "[36mGET /static/js/carrusel.js HTTP/1.1[0m" 304 -
2023-04-22 04:00:27,318:INFO:127.0.0.1 - - [22/Apr/2023 04:00:27] "[33mGET /security/static/sweetalert2/sweetalert2.min.css HTTP/1.1[0m" 404 -
2023-04-22 04:00:27,320:INFO:127.0.0.1 - - [22/Apr/2023 04:00:27] "[33mGET /security/static/estilos.css HTTP/1.1[0m" 404 -
2023-04-22 04:00:27,405:INFO:127.0.0.1 - - [22/Apr/2023 04:00:27] "[33mGET /security/static/sweetalert2/sweetalert2.min.css HTTP/1.1[0m" 404 -
2023-04-22 04:00:27,439:INFO:127.0.0.1 - - [22/Apr/2023 04:00:27] "[33mGET /security/static/sweetalert2/sweetalert2.min.js HTTP/1.1[0m" 404 -
2023-04-22 04:00:27,454:INFO:127.0.0.1 - - [22/Apr/2023 04:00:27] "[36mGET /static/img/fondo5.jpg HTTP/1.1[0m" 304 -
2023-04-22 04:00:27,455:INFO:127.0.0.1 - - [22/Apr/2023 04:00:27] "GET /static/img/ej4.png HTTP/1.1" 200 -
2023-04-22 04:00:27,476:INFO:127.0.0.1 - - [22/Apr/2023 04:00:27] "[33mGET /security/static/estilos.css HTTP/1.1[0m" 404 -
2023-04-22 04:00:27,549:INFO:127.0.0.1 - - [22/Apr/2023 04:00:27] "[33mGET /favicon.ico HTTP/1.1[0m" 404 -
2023-04-22 04:01:51,593:INFO:127.0.0.1 - - [22/Apr/2023 04:01:51] "[35m[1mPOST /security/compraMateria HTTP/1.1[0m" 500 -
2023-04-22 04:01:51,655:INFO:127.0.0.1 - - [22/Apr/2023 04:01:51] "GET /security/compraMateria?__debugger__=yes&cmd=resource&f=style.css HTTP/1.1" 200 -
2023-04-22 04:01:51,659:INFO:127.0.0.1 - - [22/Apr/2023 04:01:51] "GET /security/compraMateria?__debugger__=yes&cmd=resource&f=debugger.js HTTP/1.1" 200 -
2023-04-22 04:01:51,686:INFO:127.0.0.1 - - [22/Apr/2023 04:01:51] "GET /security/compraMateria?__debugger__=yes&cmd=resource&f=console.png HTTP/1.1" 200 -
2023-04-22 04:01:51,692:INFO:127.0.0.1 - - [22/Apr/2023 04:01:51] "[36mGET /security/compraMateria?__debugger__=yes&cmd=resource&f=console.png HTTP/1.1[0m" 304 -
2023-04-22 04:02:11,620:INFO:127.0.0.1 - - [22/Apr/2023 04:02:11] "GET /security/compraMateria HTTP/1.1" 200 -
2023-04-22 04:02:11,819:INFO:127.0.0.1 - - [22/Apr/2023 04:02:11] "[33mGET /favicon.ico HTTP/1.1[0m" 404 -
2023-04-22 04:02:21,568:INFO:127.0.0.1 - - [22/Apr/2023 04:02:21] "GET /security/registroRecetario_admin HTTP/1.1" 200 -
2023-04-22 04:02:21,784:INFO:127.0.0.1 - - [22/Apr/2023 04:02:21] "[36mGET /static/bootstrap/css/bootstrap.min.css HTTP/1.1[0m" 304 -
2023-04-22 04:02:21,802:INFO:127.0.0.1 - - [22/Apr/2023 04:02:21] "[36mGET /static/bootstrap/css/bootstrap-responsive.min.css HTTP/1.1[0m" 304 -
2023-04-22 04:02:21,812:INFO:127.0.0.1 - - [22/Apr/2023 04:02:21] "[36mGET /static/bootstrap/css/styles.css HTTP/1.1[0m" 304 -
2023-04-22 04:02:21,867:INFO:127.0.0.1 - - [22/Apr/2023 04:02:21] "[36mGET /static/css/nav.css HTTP/1.1[0m" 304 -
2023-04-22 04:02:21,872:INFO:127.0.0.1 - - [22/Apr/2023 04:02:21] "[36mGET /static/css/carrusel.css HTTP/1.1[0m" 304 -
2023-04-22 04:02:21,874:INFO:127.0.0.1 - - [22/Apr/2023 04:02:21] "[36mGET /static/js/carrusel.js HTTP/1.1[0m" 304 -
2023-04-22 04:02:21,880:INFO:127.0.0.1 - - [22/Apr/2023 04:02:21] "[33mGET /security/static/sweetalert2/sweetalert2.min.css HTTP/1.1[0m" 404 -
2023-04-22 04:02:21,901:INFO:127.0.0.1 - - [22/Apr/2023 04:02:21] "[33mGET /security/static/sweetalert2/sweetalert2.min.js HTTP/1.1[0m" 404 -
2023-04-22 04:02:21,947:INFO:127.0.0.1 - - [22/Apr/2023 04:02:21] "[33mGET /security/static/estilos.css HTTP/1.1[0m" 404 -
2023-04-22 04:02:21,981:INFO:127.0.0.1 - - [22/Apr/2023 04:02:21] "[33mGET /security/static/sweetalert2/sweetalert2.min.css HTTP/1.1[0m" 404 -
2023-04-22 04:02:21,999:INFO:127.0.0.1 - - [22/Apr/2023 04:02:21] "[36mGET /static/img/ej4.png HTTP/1.1[0m" 304 -
2023-04-22 04:02:22,023:INFO:127.0.0.1 - - [22/Apr/2023 04:02:22] "[36mGET /static/img/fondo5.jpg HTTP/1.1[0m" 304 -
2023-04-22 04:02:48,788:INFO:127.0.0.1 - - [22/Apr/2023 04:02:48] "[33mPOST /security/registroRecetario HTTP/1.1[0m" 404 -
2023-04-22 04:02:54,263:INFO:127.0.0.1 - - [22/Apr/2023 04:02:54] "GET /security/registroRecetario_admin HTTP/1.1" 200 -
2023-04-22 04:02:54,370:INFO:127.0.0.1 - - [22/Apr/2023 04:02:54] "[36mGET /static/bootstrap/css/bootstrap.min.css HTTP/1.1[0m" 304 -
2023-04-22 04:02:54,377:INFO:127.0.0.1 - - [22/Apr/2023 04:02:54] "[36mGET /static/bootstrap/css/bootstrap-responsive.min.css HTTP/1.1[0m" 304 -
2023-04-22 04:02:54,383:INFO:127.0.0.1 - - [22/Apr/2023 04:02:54] "[36mGET /static/bootstrap/css/styles.css HTTP/1.1[0m" 304 -
2023-04-22 04:02:54,398:INFO:127.0.0.1 - - [22/Apr/2023 04:02:54] "[36mGET /static/css/nav.css HTTP/1.1[0m" 304 -
2023-04-22 04:02:54,433:INFO:127.0.0.1 - - [22/Apr/2023 04:02:54] "[36mGET /static/js/carrusel.js HTTP/1.1[0m" 304 -
2023-04-22 04:02:54,433:INFO:127.0.0.1 - - [22/Apr/2023 04:02:54] "[36mGET /static/css/carrusel.css HTTP/1.1[0m" 304 -
2023-04-22 04:02:54,450:INFO:127.0.0.1 - - [22/Apr/2023 04:02:54] "[33mGET /security/static/sweetalert2/sweetalert2.min.js HTTP/1.1[0m" 404 -
2023-04-22 04:02:54,457:INFO:127.0.0.1 - - [22/Apr/2023 04:02:54] "[33mGET /security/static/sweetalert2/sweetalert2.min.css HTTP/1.1[0m" 404 -
2023-04-22 04:02:54,486:INFO:127.0.0.1 - - [22/Apr/2023 04:02:54] "[33mGET /security/static/estilos.css HTTP/1.1[0m" 404 -
2023-04-22 04:02:54,504:INFO:127.0.0.1 - - [22/Apr/2023 04:02:54] "[36mGET /static/img/ej4.png HTTP/1.1[0m" 304 -
2023-04-22 04:02:54,507:INFO:127.0.0.1 - - [22/Apr/2023 04:02:54] "[36mGET /static/img/fondo5.jpg HTTP/1.1[0m" 304 -
2023-04-22 04:05:22,639:INFO:127.0.0.1 - - [22/Apr/2023 04:05:22] "GET /security/empleados HTTP/1.1" 200 -
2023-04-22 04:05:22,859:INFO:127.0.0.1 - - [22/Apr/2023 04:05:22] "[36mGET /static/bootstrap/css/bootstrap.min.css HTTP/1.1[0m" 304 -
2023-04-22 04:05:22,862:INFO:127.0.0.1 - - [22/Apr/2023 04:05:22] "[36mGET /static/bootstrap/css/bootstrap-responsive.min.css HTTP/1.1[0m" 304 -
2023-04-22 04:05:22,862:INFO:127.0.0.1 - - [22/Apr/2023 04:05:22] "[36mGET /static/bootstrap/css/styles.css HTTP/1.1[0m" 304 -
2023-04-22 04:05:22,878:INFO:127.0.0.1 - - [22/Apr/2023 04:05:22] "[36mGET /static/css/nav.css HTTP/1.1[0m" 304 -
2023-04-22 04:05:22,914:INFO:127.0.0.1 - - [22/Apr/2023 04:05:22] "[36mGET /static/css/carrusel.css HTTP/1.1[0m" 304 -
2023-04-22 04:05:22,923:INFO:127.0.0.1 - - [22/Apr/2023 04:05:22] "[36mGET /static/js/carrusel.js HTTP/1.1[0m" 304 -
2023-04-22 04:05:22,934:INFO:127.0.0.1 - - [22/Apr/2023 04:05:22] "[33mGET /security/static/sweetalert2/sweetalert2.min.js HTTP/1.1[0m" 404 -
2023-04-22 04:05:22,935:INFO:127.0.0.1 - - [22/Apr/2023 04:05:22] "[33mGET /security/static/sweetalert2/sweetalert2.min.css HTTP/1.1[0m" 404 -
2023-04-22 04:05:22,946:INFO:127.0.0.1 - - [22/Apr/2023 04:05:22] "[33mGET /security/static/estilos.css HTTP/1.1[0m" 404 -
2023-04-22 04:05:22,981:INFO:127.0.0.1 - - [22/Apr/2023 04:05:22] "[36mGET /static/img/ej4.png HTTP/1.1[0m" 304 -
2023-04-22 04:05:23,003:INFO:127.0.0.1 - - [22/Apr/2023 04:05:23] "[36mGET /static/img/fondo5.jpg HTTP/1.1[0m" 304 -
2023-04-22 04:05:23,005:INFO:127.0.0.1 - - [22/Apr/2023 04:05:23] "[33mGET /security/static/estilos.css HTTP/1.1[0m" 404 -
2023-04-22 04:07:41,576:INFO:127.0.0.1 - - [22/Apr/2023 04:07:41] "[32mPOST /security/empleados HTTP/1.1[0m" 302 -
2023-04-22 04:07:41,600:INFO:127.0.0.1 - - [22/Apr/2023 04:07:41] "GET /security/empleados HTTP/1.1" 200 -
2023-04-22 04:07:41,702:INFO:127.0.0.1 - - [22/Apr/2023 04:07:41] "[36mGET /static/bootstrap/css/bootstrap.min.css HTTP/1.1[0m" 304 -
2023-04-22 04:07:41,704:INFO:127.0.0.1 - - [22/Apr/2023 04:07:41] "[36mGET /static/bootstrap/css/bootstrap-responsive.min.css HTTP/1.1[0m" 304 -
2023-04-22 04:07:41,748:INFO:127.0.0.1 - - [22/Apr/2023 04:07:41] "[36mGET /static/bootstrap/css/styles.css HTTP/1.1[0m" 304 -
2023-04-22 04:07:41,749:INFO:127.0.0.1 - - [22/Apr/2023 04:07:41] "[36mGET /static/css/nav.css HTTP/1.1[0m" 304 -
2023-04-22 04:07:41,765:INFO:127.0.0.1 - - [22/Apr/2023 04:07:41] "[36mGET /static/css/carrusel.css HTTP/1.1[0m" 304 -
2023-04-22 04:07:41,797:INFO:127.0.0.1 - - [22/Apr/2023 04:07:41] "[36mGET /static/js/carrusel.js HTTP/1.1[0m" 304 -
2023-04-22 04:07:41,798:INFO:127.0.0.1 - - [22/Apr/2023 04:07:41] "[33mGET /security/static/sweetalert2/sweetalert2.min.js HTTP/1.1[0m" 404 -
2023-04-22 04:07:41,846:INFO:127.0.0.1 - - [22/Apr/2023 04:07:41] "[33mGET /security/static/sweetalert2/sweetalert2.min.css HTTP/1.1[0m" 404 -
2023-04-22 04:07:41,870:INFO:127.0.0.1 - - [22/Apr/2023 04:07:41] "[33mGET /security/static/estilos.css HTTP/1.1[0m" 404 -
2023-04-22 04:07:41,894:INFO:127.0.0.1 - - [22/Apr/2023 04:07:41] "[33mGET /security/static/sweetalert2/sweetalert2.min.js HTTP/1.1[0m" 404 -
2023-04-22 04:07:41,917:INFO:127.0.0.1 - - [22/Apr/2023 04:07:41] "[36mGET /static/img/ej4.png HTTP/1.1[0m" 304 -
2023-04-22 04:07:41,936:INFO:127.0.0.1 - - [22/Apr/2023 04:07:41] "[36mGET /static/img/fondo5.jpg HTTP/1.1[0m" 304 -
2023-04-22 04:07:41,958:INFO:127.0.0.1 - - [22/Apr/2023 04:07:41] "[33mGET /security/static/estilos.css HTTP/1.1[0m" 404 -
2023-04-22 04:07:42,004:INFO:127.0.0.1 - - [22/Apr/2023 04:07:42] "GET /static/bootstrap/img/glyphicons-halflings-white.png HTTP/1.1" 200 -
2023-04-22 04:07:42,043:INFO:127.0.0.1 - - [22/Apr/2023 04:07:42] "[33mGET /favicon.ico HTTP/1.1[0m" 404 -
2023-04-22 04:09:02,173:INFO:127.0.0.1 - - [22/Apr/2023 04:09:02] "GET /security/clientes_admin HTTP/1.1" 200 -
2023-04-22 04:09:02,347:INFO:127.0.0.1 - - [22/Apr/2023 04:09:02] "[36mGET /static/bootstrap/css/bootstrap.min.css HTTP/1.1[0m" 304 -
2023-04-22 04:09:02,400:INFO:127.0.0.1 - - [22/Apr/2023 04:09:02] "[36mGET /static/bootstrap/css/bootstrap-responsive.min.css HTTP/1.1[0m" 304 -
2023-04-22 04:09:02,403:INFO:127.0.0.1 - - [22/Apr/2023 04:09:02] "[36mGET /static/bootstrap/css/styles.css HTTP/1.1[0m" 304 -
2023-04-22 04:09:02,413:INFO:127.0.0.1 - - [22/Apr/2023 04:09:02] "[36mGET /static/css/nav.css HTTP/1.1[0m" 304 -
2023-04-22 04:09:02,451:INFO:127.0.0.1 - - [22/Apr/2023 04:09:02] "[36mGET /static/js/carrusel.js HTTP/1.1[0m" 304 -
2023-04-22 04:09:02,451:INFO:127.0.0.1 - - [22/Apr/2023 04:09:02] "[36mGET /static/css/carrusel.css HTTP/1.1[0m" 304 -
2023-04-22 04:09:02,511:INFO:127.0.0.1 - - [22/Apr/2023 04:09:02] "[36mGET /static/img/ej4.png HTTP/1.1[0m" 304 -
2023-04-22 04:09:02,526:INFO:127.0.0.1 - - [22/Apr/2023 04:09:02] "[36mGET /static/img/fondo5.jpg HTTP/1.1[0m" 304 -
2023-04-22 04:09:02,551:INFO:127.0.0.1 - - [22/Apr/2023 04:09:02] "[36mGET /static/bootstrap/img/glyphicons-halflings-white.png HTTP/1.1[0m" 304 -
2023-04-22 04:09:14,797:INFO:127.0.0.1 - - [22/Apr/2023 04:09:14] "GET /security/administracion_admin HTTP/1.1" 200 -
2023-04-22 04:09:14,961:INFO:127.0.0.1 - - [22/Apr/2023 04:09:14] "[36mGET /static/bootstrap/css/bootstrap.min.css HTTP/1.1[0m" 304 -
2023-04-22 04:09:14,998:INFO:127.0.0.1 - - [22/Apr/2023 04:09:14] "[36mGET /static/bootstrap/css/bootstrap-responsive.min.css HTTP/1.1[0m" 304 -
2023-04-22 04:09:15,000:INFO:127.0.0.1 - - [22/Apr/2023 04:09:15] "[36mGET /static/bootstrap/css/styles.css HTTP/1.1[0m" 304 -
2023-04-22 04:09:15,009:INFO:127.0.0.1 - - [22/Apr/2023 04:09:15] "[36mGET /static/css/nav.css HTTP/1.1[0m" 304 -
2023-04-22 04:09:15,018:INFO:127.0.0.1 - - [22/Apr/2023 04:09:15] "[36mGET /static/css/carrusel.css HTTP/1.1[0m" 304 -
2023-04-22 04:09:15,036:INFO:127.0.0.1 - - [22/Apr/2023 04:09:15] "[36mGET /static/js/carrusel.js HTTP/1.1[0m" 304 -
2023-04-22 04:09:15,049:INFO:127.0.0.1 - - [22/Apr/2023 04:09:15] "[33mGET /security/static/sweetalert2/sweetalert2.min.css HTTP/1.1[0m" 404 -
2023-04-22 04:09:15,067:INFO:127.0.0.1 - - [22/Apr/2023 04:09:15] "[33mGET /security/static/sweetalert2/sweetalert2.min.js HTTP/1.1[0m" 404 -
2023-04-22 04:09:15,089:INFO:127.0.0.1 - - [22/Apr/2023 04:09:15] "[33mGET /security/static/estilos.css HTTP/1.1[0m" 404 -
2023-04-22 04:09:15,129:INFO:127.0.0.1 - - [22/Apr/2023 04:09:15] "[36mGET /static/img/ej4.png HTTP/1.1[0m" 304 -
2023-04-22 04:09:15,148:INFO:127.0.0.1 - - [22/Apr/2023 04:09:15] "[36mGET /static/img/fondo5.jpg HTTP/1.1[0m" 304 -
2023-04-22 04:09:17,586:INFO:127.0.0.1 - - [22/Apr/2023 04:09:17] "GET /security/productos HTTP/1.1" 200 -
2023-04-22 04:09:17,716:INFO:127.0.0.1 - - [22/Apr/2023 04:09:17] "[36mGET /static/bootstrap/css/bootstrap-responsive.min.css HTTP/1.1[0m" 304 -
2023-04-22 04:09:17,724:INFO:127.0.0.1 - - [22/Apr/2023 04:09:17] "[36mGET /static/bootstrap/css/bootstrap.min.css HTTP/1.1[0m" 304 -
2023-04-22 04:09:17,735:INFO:127.0.0.1 - - [22/Apr/2023 04:09:17] "[36mGET /static/bootstrap/css/styles.css HTTP/1.1[0m" 304 -
2023-04-22 04:09:17,749:INFO:127.0.0.1 - - [22/Apr/2023 04:09:17] "[36mGET /static/css/nav.css HTTP/1.1[0m" 304 -
2023-04-22 04:09:17,752:INFO:127.0.0.1 - - [22/Apr/2023 04:09:17] "[36mGET /static/css/carrusel.css HTTP/1.1[0m" 304 -
2023-04-22 04:09:17,774:INFO:127.0.0.1 - - [22/Apr/2023 04:09:17] "[36mGET /static/js/carrusel.js HTTP/1.1[0m" 304 -
2023-04-22 04:09:17,826:INFO:127.0.0.1 - - [22/Apr/2023 04:09:17] "[36mGET /static/img/ej4.png HTTP/1.1[0m" 304 -
2023-04-22 04:09:17,852:INFO:127.0.0.1 - - [22/Apr/2023 04:09:17] "[36mGET /static/img/fondo5.jpg HTTP/1.1[0m" 304 -
2023-04-22 04:09:19,644:INFO:127.0.0.1 - - [22/Apr/2023 04:09:19] "GET /security/merma_admin HTTP/1.1" 200 -
2023-04-22 04:09:19,818:INFO:127.0.0.1 - - [22/Apr/2023 04:09:19] "[36mGET /static/bootstrap/css/bootstrap.min.css HTTP/1.1[0m" 304 -
2023-04-22 04:09:19,826:INFO:127.0.0.1 - - [22/Apr/2023 04:09:19] "[36mGET /static/bootstrap/css/bootstrap-responsive.min.css HTTP/1.1[0m" 304 -
2023-04-22 04:09:19,840:INFO:127.0.0.1 - - [22/Apr/2023 04:09:19] "[36mGET /static/bootstrap/css/styles.css HTTP/1.1[0m" 304 -
2023-04-22 04:09:19,865:INFO:127.0.0.1 - - [22/Apr/2023 04:09:19] "[36mGET /static/css/nav.css HTTP/1.1[0m" 304 -
2023-04-22 04:09:19,869:INFO:127.0.0.1 - - [22/Apr/2023 04:09:19] "[36mGET /static/css/carrusel.css HTTP/1.1[0m" 304 -
2023-04-22 04:09:19,892:INFO:127.0.0.1 - - [22/Apr/2023 04:09:19] "[36mGET /static/js/carrusel.js HTTP/1.1[0m" 304 -
2023-04-22 04:09:19,893:INFO:127.0.0.1 - - [22/Apr/2023 04:09:19] "[33mGET /security/static/sweetalert2/sweetalert2.min.js HTTP/1.1[0m" 404 -
2023-04-22 04:09:19,933:INFO:127.0.0.1 - - [22/Apr/2023 04:09:19] "[33mGET /security/static/sweetalert2/sweetalert2.min.css HTTP/1.1[0m" 404 -
2023-04-22 04:09:19,934:INFO:127.0.0.1 - - [22/Apr/2023 04:09:19] "[33mGET /security/static/estilos.css HTTP/1.1[0m" 404 -
2023-04-22 04:09:19,966:INFO:127.0.0.1 - - [22/Apr/2023 04:09:19] "[33mGET /security/static/sweetalert2/sweetalert2.min.js HTTP/1.1[0m" 404 -
2023-04-22 04:09:19,978:INFO:127.0.0.1 - - [22/Apr/2023 04:09:19] "[36mGET /static/img/ej4.png HTTP/1.1[0m" 304 -
2023-04-22 04:09:20,002:INFO:127.0.0.1 - - [22/Apr/2023 04:09:20] "[33mGET /security/static/estilos.css HTTP/1.1[0m" 404 -
2023-04-22 04:09:20,006:INFO:127.0.0.1 - - [22/Apr/2023 04:09:20] "[36mGET /static/img/fondo5.jpg HTTP/1.1[0m" 304 -
2023-04-22 04:09:53,915:INFO: * Detected change in 'C:\\curso_python\\Proyecto Final\\The_World_of_cakes\\project\\models.py', reloading
2023-04-22 04:09:54,389:INFO: * Restarting with stat
2023-04-22 04:10:02,269:INFO:Se inicio la aplicacion
2023-04-22 04:10:02,289:WARNING: * Debugger is active!
2023-04-22 04:10:02,299:INFO: * Debugger PIN: 341-549-671
2023-04-22 04:10:33,815:INFO:127.0.0.1 - - [22/Apr/2023 04:10:33] "[35m[1mPOST /security/merma_admin HTTP/1.1[0m" 500 -
2023-04-22 04:10:33,871:INFO:127.0.0.1 - - [22/Apr/2023 04:10:33] "GET /security/merma_admin?__debugger__=yes&cmd=resource&f=style.css HTTP/1.1" 200 -
2023-04-22 04:10:33,877:INFO:127.0.0.1 - - [22/Apr/2023 04:10:33] "[36mGET /security/merma_admin?__debugger__=yes&cmd=resource&f=debugger.js HTTP/1.1[0m" 304 -
2023-04-22 04:10:33,938:INFO:127.0.0.1 - - [22/Apr/2023 04:10:33] "[36mGET /security/merma_admin?__debugger__=yes&cmd=resource&f=console.png HTTP/1.1[0m" 304 -
2023-04-22 04:14:53,563:INFO: * Detected change in 'C:\\curso_python\\Proyecto Final\\The_World_of_cakes\\project\\auth.py', reloading
2023-04-22 04:14:53,837:INFO: * Restarting with stat
2023-04-22 04:14:56,405:INFO:Se inicio la aplicacion
2023-04-22 04:14:56,422:WARNING: * Debugger is active!
2023-04-22 04:14:56,428:INFO: * Debugger PIN: 341-549-671
2023-04-22 04:14:59,506:INFO:127.0.0.1 - - [22/Apr/2023 04:14:59] "GET /security/merma_admin HTTP/1.1" 200 -
2023-04-22 04:15:55,011:INFO:127.0.0.1 - - [22/Apr/2023 04:15:55] "[35m[1mPOST /security/merma_admin HTTP/1.1[0m" 500 -
2023-04-22 04:15:55,136:INFO:127.0.0.1 - - [22/Apr/2023 04:15:55] "[36mGET /security/merma_admin?__debugger__=yes&cmd=resource&f=debugger.js HTTP/1.1[0m" 304 -
2023-04-22 04:15:55,144:INFO:127.0.0.1 - - [22/Apr/2023 04:15:55] "[36mGET /security/merma_admin?__debugger__=yes&cmd=resource&f=style.css HTTP/1.1[0m" 304 -
2023-04-22 04:15:55,214:INFO:127.0.0.1 - - [22/Apr/2023 04:15:55] "[36mGET /security/merma_admin?__debugger__=yes&cmd=resource&f=console.png HTTP/1.1[0m" 304 -
2023-04-22 04:16:01,200:INFO:127.0.0.1 - - [22/Apr/2023 04:16:01] "GET /security/merma_admin HTTP/1.1" 200 -
2023-04-22 04:16:27,077:INFO: * Detected change in 'C:\\curso_python\\Proyecto Final\\The_World_of_cakes\\project\\forms.py', reloading
2023-04-22 04:16:27,284:INFO: * Restarting with stat
2023-04-22 04:16:30,154:INFO:Se inicio la aplicacion
2023-04-22 04:16:30,174:WARNING: * Debugger is active!
2023-04-22 04:16:30,183:INFO: * Debugger PIN: 341-549-671
2023-04-22 04:16:44,957:INFO: * Detected change in 'C:\\curso_python\\Proyecto Final\\The_World_of_cakes\\project\\forms.py', reloading
2023-04-22 04:16:45,212:INFO: * Restarting with stat
2023-04-22 04:16:48,423:INFO:Se inicio la aplicacion
2023-04-22 04:16:48,439:WARNING: * Debugger is active!
2023-04-22 04:16:48,447:INFO: * Debugger PIN: 341-549-671
2023-04-22 04:16:56,356:INFO: * Detected change in 'C:\\curso_python\\Proyecto Final\\The_World_of_cakes\\project\\auth.py', reloading
2023-04-22 04:16:56,566:INFO: * Restarting with stat
2023-04-22 04:16:59,332:INFO:Se inicio la aplicacion
2023-04-22 04:16:59,356:WARNING: * Debugger is active!
2023-04-22 04:16:59,366:INFO: * Debugger PIN: 341-549-671
2023-04-22 04:17:01,134:INFO:127.0.0.1 - - [22/Apr/2023 04:17:01] "[35m[1mPOST /security/merma_admin HTTP/1.1[0m" 500 -
2023-04-22 04:17:01,236:INFO:127.0.0.1 - - [22/Apr/2023 04:17:01] "[36mGET /security/merma_admin?__debugger__=yes&cmd=resource&f=debugger.js HTTP/1.1[0m" 304 -
2023-04-22 04:17:01,238:INFO:127.0.0.1 - - [22/Apr/2023 04:17:01] "[36mGET /security/merma_admin?__debugger__=yes&cmd=resource&f=style.css HTTP/1.1[0m" 304 -
2023-04-22 04:17:01,341:INFO:127.0.0.1 - - [22/Apr/2023 04:17:01] "[36mGET /security/merma_admin?__debugger__=yes&cmd=resource&f=console.png HTTP/1.1[0m" 304 -
2023-04-22 04:17:07,194:INFO:127.0.0.1 - - [22/Apr/2023 04:17:07] "GET /security/merma_admin HTTP/1.1" 200 -
2023-04-22 04:17:15,276:INFO:127.0.0.1 - - [22/Apr/2023 04:17:15] "[35m[1mPOST /security/merma_admin HTTP/1.1[0m" 500 -
2023-04-22 04:17:15,347:INFO:127.0.0.1 - - [22/Apr/2023 04:17:15] "[36mGET /security/merma_admin?__debugger__=yes&cmd=resource&f=style.css HTTP/1.1[0m" 304 -
2023-04-22 04:17:15,353:INFO:127.0.0.1 - - [22/Apr/2023 04:17:15] "[36mGET /security/merma_admin?__debugger__=yes&cmd=resource&f=debugger.js HTTP/1.1[0m" 304 -
2023-04-22 04:17:15,373:INFO:127.0.0.1 - - [22/Apr/2023 04:17:15] "[36mGET /security/merma_admin?__debugger__=yes&cmd=resource&f=console.png HTTP/1.1[0m" 304 -
2023-04-22 04:18:58,610:INFO: * Detected change in 'C:\\curso_python\\Proyecto Final\\The_World_of_cakes\\project\\models.py', reloading
2023-04-22 04:18:58,851:INFO: * Restarting with stat
2023-04-22 04:19:01,409:INFO:Se inicio la aplicacion
2023-04-22 04:19:01,425:WARNING: * Debugger is active!
2023-04-22 04:19:01,432:INFO: * Debugger PIN: 341-549-671
2023-04-22 04:19:20,243:INFO:Se inicio la aplicacion
2023-04-22 04:19:20,264:INFO:[31m[1mWARNING: This is a development server. Do not use it in a production deployment. Use a production WSGI server instead.[0m
 * Running on http://127.0.0.1:5000
2023-04-22 04:19:20,265:INFO:[33mPress CTRL+C to quit[0m
2023-04-22 04:19:20,268:INFO: * Restarting with stat
2023-04-22 04:19:22,446:INFO:Se inicio la aplicacion
2023-04-22 04:19:22,462:WARNING: * Debugger is active!
2023-04-22 04:19:22,468:INFO: * Debugger PIN: 341-549-671
2023-04-22 04:19:43,162:INFO:127.0.0.1 - - [22/Apr/2023 04:19:43] "[35m[1mGET / HTTP/1.1[0m" 500 -
2023-04-22 04:19:43,284:INFO:127.0.0.1 - - [22/Apr/2023 04:19:43] "[36mGET /?__debugger__=yes&cmd=resource&f=style.css HTTP/1.1[0m" 304 -
2023-04-22 04:19:43,286:INFO:127.0.0.1 - - [22/Apr/2023 04:19:43] "[36mGET /?__debugger__=yes&cmd=resource&f=debugger.js HTTP/1.1[0m" 304 -
2023-04-22 04:19:43,359:INFO:127.0.0.1 - - [22/Apr/2023 04:19:43] "[36mGET /?__debugger__=yes&cmd=resource&f=console.png HTTP/1.1[0m" 304 -
2023-04-22 04:20:09,341:INFO: * Detected change in 'C:\\curso_python\\Proyecto Final\\The_World_of_cakes\\project\\models.py', reloading
2023-04-22 04:20:09,574:INFO: * Restarting with stat
2023-04-22 04:20:12,241:INFO:Se inicio la aplicacion
2023-04-22 04:20:12,258:WARNING: * Debugger is active!
2023-04-22 04:20:12,267:INFO: * Debugger PIN: 341-549-671
2023-04-22 04:20:36,806:INFO:Se inicio la aplicacion
2023-04-22 04:20:36,827:INFO:[31m[1mWARNING: This is a development server. Do not use it in a production deployment. Use a production WSGI server instead.[0m
 * Running on http://127.0.0.1:5000
2023-04-22 04:20:36,827:INFO:[33mPress CTRL+C to quit[0m
2023-04-22 04:20:36,830:INFO: * Restarting with stat
2023-04-22 04:20:39,111:INFO:Se inicio la aplicacion
2023-04-22 04:20:39,133:WARNING: * Debugger is active!
2023-04-22 04:20:39,141:INFO: * Debugger PIN: 341-549-671
2023-04-22 04:20:40,749:INFO:127.0.0.1 - - [22/Apr/2023 04:20:40] "GET / HTTP/1.1" 200 -
2023-04-22 04:20:40,878:INFO:127.0.0.1 - - [22/Apr/2023 04:20:40] "[36mGET /static/bootstrap/css/bootstrap.min.css HTTP/1.1[0m" 304 -
2023-04-22 04:20:40,882:INFO:127.0.0.1 - - [22/Apr/2023 04:20:40] "[36mGET /static/bootstrap/css/bootstrap-responsive.min.css HTTP/1.1[0m" 304 -
2023-04-22 04:20:40,890:INFO:127.0.0.1 - - [22/Apr/2023 04:20:40] "[36mGET /static/bootstrap/css/styles.css HTTP/1.1[0m" 304 -
2023-04-22 04:20:40,905:INFO:127.0.0.1 - - [22/Apr/2023 04:20:40] "[36mGET /static/css/nav.css HTTP/1.1[0m" 304 -
2023-04-22 04:20:40,908:INFO:127.0.0.1 - - [22/Apr/2023 04:20:40] "[36mGET /static/css/carrusel.css HTTP/1.1[0m" 304 -
2023-04-22 04:20:40,911:INFO:127.0.0.1 - - [22/Apr/2023 04:20:40] "[36mGET /static/js/carrusel.js HTTP/1.1[0m" 304 -
2023-04-22 04:20:40,980:INFO:127.0.0.1 - - [22/Apr/2023 04:20:40] "[36mGET /static/img/ej4.png HTTP/1.1[0m" 304 -
2023-04-22 04:20:40,986:INFO:127.0.0.1 - - [22/Apr/2023 04:20:40] "GET /static/img/mision2.jpg HTTP/1.1" 200 -
2023-04-22 04:20:41,000:INFO:127.0.0.1 - - [22/Apr/2023 04:20:41] "[36mGET /static/img/fondo5.jpg HTTP/1.1[0m" 304 -
2023-04-22 04:20:41,015:INFO:127.0.0.1 - - [22/Apr/2023 04:20:41] "[36mGET /static/img/vision.png HTTP/1.1[0m" 304 -
2023-04-22 04:21:11,057:INFO:127.0.0.1 - - [22/Apr/2023 04:21:11] "GET / HTTP/1.1" 200 -
2023-04-22 04:21:11,111:INFO:127.0.0.1 - - [22/Apr/2023 04:21:11] "[36mGET /static/bootstrap/css/bootstrap.min.css HTTP/1.1[0m" 304 -
2023-04-22 04:21:11,127:INFO:127.0.0.1 - - [22/Apr/2023 04:21:11] "[36mGET /static/bootstrap/css/bootstrap-responsive.min.css HTTP/1.1[0m" 304 -
2023-04-22 04:21:11,144:INFO:127.0.0.1 - - [22/Apr/2023 04:21:11] "[36mGET /static/bootstrap/css/styles.css HTTP/1.1[0m" 304 -
2023-04-22 04:21:11,150:INFO:127.0.0.1 - - [22/Apr/2023 04:21:11] "[36mGET /static/css/nav.css HTTP/1.1[0m" 304 -
2023-04-22 04:21:11,153:INFO:127.0.0.1 - - [22/Apr/2023 04:21:11] "[36mGET /static/css/carrusel.css HTTP/1.1[0m" 304 -
2023-04-22 04:21:11,160:INFO:127.0.0.1 - - [22/Apr/2023 04:21:11] "[36mGET /static/js/carrusel.js HTTP/1.1[0m" 304 -
2023-04-22 04:21:11,227:INFO:127.0.0.1 - - [22/Apr/2023 04:21:11] "[36mGET /static/img/ej4.png HTTP/1.1[0m" 304 -
2023-04-22 04:21:11,232:INFO:127.0.0.1 - - [22/Apr/2023 04:21:11] "[36mGET /static/img/mision2.jpg HTTP/1.1[0m" 304 -
2023-04-22 04:21:11,241:INFO:127.0.0.1 - - [22/Apr/2023 04:21:11] "[36mGET /static/img/vision.png HTTP/1.1[0m" 304 -
2023-04-22 04:21:11,253:INFO:127.0.0.1 - - [22/Apr/2023 04:21:11] "[36mGET /static/img/fondo5.jpg HTTP/1.1[0m" 304 -
2023-04-22 04:22:35,599:INFO:Se inicio la aplicacion
2023-04-22 04:22:35,622:INFO:[31m[1mWARNING: This is a development server. Do not use it in a production deployment. Use a production WSGI server instead.[0m
 * Running on http://127.0.0.1:5000
2023-04-22 04:22:35,622:INFO:[33mPress CTRL+C to quit[0m
2023-04-22 04:22:35,624:INFO: * Restarting with stat
2023-04-22 04:22:41,098:INFO:Se inicio la aplicacion
2023-04-22 04:22:41,120:WARNING: * Debugger is active!
2023-04-22 04:22:41,130:INFO: * Debugger PIN: 341-549-671
2023-04-22 04:22:42,080:INFO:127.0.0.1 - - [22/Apr/2023 04:22:42] "GET / HTTP/1.1" 200 -
2023-04-22 04:22:42,249:INFO:127.0.0.1 - - [22/Apr/2023 04:22:42] "[36mGET /static/bootstrap/css/bootstrap.min.css HTTP/1.1[0m" 304 -
2023-04-22 04:22:42,319:INFO:127.0.0.1 - - [22/Apr/2023 04:22:42] "[36mGET /static/bootstrap/css/bootstrap-responsive.min.css HTTP/1.1[0m" 304 -
2023-04-22 04:22:42,367:INFO:127.0.0.1 - - [22/Apr/2023 04:22:42] "[36mGET /static/bootstrap/css/styles.css HTTP/1.1[0m" 304 -
2023-04-22 04:22:42,413:INFO:127.0.0.1 - - [22/Apr/2023 04:22:42] "[36mGET /static/css/nav.css HTTP/1.1[0m" 304 -
2023-04-22 04:22:42,452:INFO:127.0.0.1 - - [22/Apr/2023 04:22:42] "[36mGET /static/css/carrusel.css HTTP/1.1[0m" 304 -
2023-04-22 04:22:42,470:INFO:127.0.0.1 - - [22/Apr/2023 04:22:42] "[36mGET /static/js/carrusel.js HTTP/1.1[0m" 304 -
2023-04-22 04:22:42,681:INFO:127.0.0.1 - - [22/Apr/2023 04:22:42] "[36mGET /static/img/ej4.png HTTP/1.1[0m" 304 -
2023-04-22 04:22:42,851:INFO:127.0.0.1 - - [22/Apr/2023 04:22:42] "[36mGET /static/img/mision2.jpg HTTP/1.1[0m" 304 -
2023-04-22 04:22:43,089:INFO:127.0.0.1 - - [22/Apr/2023 04:22:43] "[36mGET /static/img/vision.png HTTP/1.1[0m" 304 -
2023-04-22 04:22:43,241:INFO:127.0.0.1 - - [22/Apr/2023 04:22:43] "[36mGET /static/img/fondo5.jpg HTTP/1.1[0m" 304 -
2023-04-22 04:23:04,903:INFO:127.0.0.1 - - [22/Apr/2023 04:23:04] "GET /security/register HTTP/1.1" 200 -
2023-04-22 04:23:04,992:INFO:127.0.0.1 - - [22/Apr/2023 04:23:04] "[36mGET /static/bootstrap/css/bootstrap.min.css HTTP/1.1[0m" 304 -
2023-04-22 04:23:05,019:INFO:127.0.0.1 - - [22/Apr/2023 04:23:05] "[36mGET /static/bootstrap/css/bootstrap-responsive.min.css HTTP/1.1[0m" 304 -
2023-04-22 04:23:05,024:INFO:127.0.0.1 - - [22/Apr/2023 04:23:05] "[36mGET /static/bootstrap/css/styles.css HTTP/1.1[0m" 304 -
2023-04-22 04:23:05,030:INFO:127.0.0.1 - - [22/Apr/2023 04:23:05] "[36mGET /static/css/nav.css HTTP/1.1[0m" 304 -
2023-04-22 04:23:05,036:INFO:127.0.0.1 - - [22/Apr/2023 04:23:05] "[36mGET /static/css/carrusel.css HTTP/1.1[0m" 304 -
2023-04-22 04:23:05,043:INFO:127.0.0.1 - - [22/Apr/2023 04:23:05] "[36mGET /static/js/carrusel.js HTTP/1.1[0m" 304 -
2023-04-22 04:23:05,101:INFO:127.0.0.1 - - [22/Apr/2023 04:23:05] "[36mGET /static/img/ej4.png HTTP/1.1[0m" 304 -
2023-04-22 04:23:05,119:INFO:127.0.0.1 - - [22/Apr/2023 04:23:05] "[36mGET /static/img/fondo5.jpg HTTP/1.1[0m" 304 -
2023-04-22 04:23:36,888:DEBUG:Se registro un usuario con el correo: ('FernandoLP.mx@outlook.com',)
2023-04-22 04:23:36,889:INFO:127.0.0.1 - - [22/Apr/2023 04:23:36] "[32mPOST /security/register HTTP/1.1[0m" 302 -
2023-04-22 04:23:36,903:INFO:127.0.0.1 - - [22/Apr/2023 04:23:36] "GET /security/login HTTP/1.1" 200 -
2023-04-22 04:23:37,067:INFO:127.0.0.1 - - [22/Apr/2023 04:23:37] "[36mGET /static/bootstrap/css/bootstrap.min.css HTTP/1.1[0m" 304 -
2023-04-22 04:23:37,089:INFO:127.0.0.1 - - [22/Apr/2023 04:23:37] "[36mGET /static/bootstrap/css/bootstrap-responsive.min.css HTTP/1.1[0m" 304 -
2023-04-22 04:23:37,091:INFO:127.0.0.1 - - [22/Apr/2023 04:23:37] "[36mGET /static/bootstrap/css/styles.css HTTP/1.1[0m" 304 -
2023-04-22 04:23:37,108:INFO:127.0.0.1 - - [22/Apr/2023 04:23:37] "[36mGET /static/css/nav.css HTTP/1.1[0m" 304 -
2023-04-22 04:23:37,120:INFO:127.0.0.1 - - [22/Apr/2023 04:23:37] "[36mGET /static/css/carrusel.css HTTP/1.1[0m" 304 -
2023-04-22 04:23:37,132:INFO:127.0.0.1 - - [22/Apr/2023 04:23:37] "[36mGET /static/js/carrusel.js HTTP/1.1[0m" 304 -
2023-04-22 04:23:37,136:INFO:127.0.0.1 - - [22/Apr/2023 04:23:37] "[33mGET /security/static/estilos.css HTTP/1.1[0m" 404 -
2023-04-22 04:23:37,185:INFO:127.0.0.1 - - [22/Apr/2023 04:23:37] "[36mGET /static/img/ej4.png HTTP/1.1[0m" 304 -
2023-04-22 04:23:37,219:INFO:127.0.0.1 - - [22/Apr/2023 04:23:37] "[36mGET /static/img/fondo5.jpg HTTP/1.1[0m" 304 -
2023-04-22 04:24:53,326:INFO:Se inicio la aplicacion
2023-04-22 04:24:53,346:INFO:[31m[1mWARNING: This is a development server. Do not use it in a production deployment. Use a production WSGI server instead.[0m
 * Running on http://127.0.0.1:5000
2023-04-22 04:24:53,346:INFO:[33mPress CTRL+C to quit[0m
2023-04-22 04:24:53,349:INFO: * Restarting with stat
2023-04-22 04:24:55,551:INFO:Se inicio la aplicacion
2023-04-22 04:24:55,571:WARNING: * Debugger is active!
2023-04-22 04:24:55,579:INFO: * Debugger PIN: 341-549-671
2023-04-22 04:25:06,013:INFO:127.0.0.1 - - [22/Apr/2023 04:25:06] "GET /security/login HTTP/1.1" 200 -
2023-04-22 04:25:06,092:INFO:127.0.0.1 - - [22/Apr/2023 04:25:06] "[36mGET /static/bootstrap/css/bootstrap-responsive.min.css HTTP/1.1[0m" 304 -
2023-04-22 04:25:06,096:INFO:127.0.0.1 - - [22/Apr/2023 04:25:06] "[36mGET /static/bootstrap/css/bootstrap.min.css HTTP/1.1[0m" 304 -
2023-04-22 04:25:06,100:INFO:127.0.0.1 - - [22/Apr/2023 04:25:06] "[36mGET /static/bootstrap/css/styles.css HTTP/1.1[0m" 304 -
2023-04-22 04:25:06,106:INFO:127.0.0.1 - - [22/Apr/2023 04:25:06] "[36mGET /static/css/nav.css HTTP/1.1[0m" 304 -
2023-04-22 04:25:06,118:INFO:127.0.0.1 - - [22/Apr/2023 04:25:06] "[36mGET /static/css/carrusel.css HTTP/1.1[0m" 304 -
2023-04-22 04:25:06,131:INFO:127.0.0.1 - - [22/Apr/2023 04:25:06] "[36mGET /static/js/carrusel.js HTTP/1.1[0m" 304 -
2023-04-22 04:25:06,136:INFO:127.0.0.1 - - [22/Apr/2023 04:25:06] "[33mGET /security/static/estilos.css HTTP/1.1[0m" 404 -
2023-04-22 04:25:06,184:INFO:127.0.0.1 - - [22/Apr/2023 04:25:06] "[33mGET /security/static/estilos.css HTTP/1.1[0m" 404 -
2023-04-22 04:25:06,187:INFO:127.0.0.1 - - [22/Apr/2023 04:25:06] "[36mGET /static/img/ej4.png HTTP/1.1[0m" 304 -
2023-04-22 04:25:06,195:INFO:127.0.0.1 - - [22/Apr/2023 04:25:06] "[36mGET /static/img/fondo5.jpg HTTP/1.1[0m" 304 -
2023-04-22 04:25:08,304:INFO:127.0.0.1 - - [22/Apr/2023 04:25:08] "GET /security/register HTTP/1.1" 200 -
2023-04-22 04:25:08,395:INFO:127.0.0.1 - - [22/Apr/2023 04:25:08] "[36mGET /static/bootstrap/css/bootstrap.min.css HTTP/1.1[0m" 304 -
2023-04-22 04:25:08,399:INFO:127.0.0.1 - - [22/Apr/2023 04:25:08] "[36mGET /static/bootstrap/css/bootstrap-responsive.min.css HTTP/1.1[0m" 304 -
2023-04-22 04:25:08,403:INFO:127.0.0.1 - - [22/Apr/2023 04:25:08] "[36mGET /static/bootstrap/css/styles.css HTTP/1.1[0m" 304 -
2023-04-22 04:25:08,414:INFO:127.0.0.1 - - [22/Apr/2023 04:25:08] "[36mGET /static/css/nav.css HTTP/1.1[0m" 304 -
2023-04-22 04:25:08,420:INFO:127.0.0.1 - - [22/Apr/2023 04:25:08] "[36mGET /static/css/carrusel.css HTTP/1.1[0m" 304 -
2023-04-22 04:25:08,426:INFO:127.0.0.1 - - [22/Apr/2023 04:25:08] "[36mGET /static/js/carrusel.js HTTP/1.1[0m" 304 -
2023-04-22 04:25:08,477:INFO:127.0.0.1 - - [22/Apr/2023 04:25:08] "[36mGET /static/img/ej4.png HTTP/1.1[0m" 304 -
2023-04-22 04:25:08,500:INFO:127.0.0.1 - - [22/Apr/2023 04:25:08] "[36mGET /static/img/fondo5.jpg HTTP/1.1[0m" 304 -
2023-04-22 04:25:55,071:DEBUG:Se registro un usuario con el correo: ('FernandoLP.mx@outlook.com',)
2023-04-22 04:25:55,072:INFO:127.0.0.1 - - [22/Apr/2023 04:25:55] "[32mPOST /security/register HTTP/1.1[0m" 302 -
2023-04-22 04:25:55,082:INFO:127.0.0.1 - - [22/Apr/2023 04:25:55] "GET /security/login HTTP/1.1" 200 -
2023-04-22 04:25:55,158:INFO:127.0.0.1 - - [22/Apr/2023 04:25:55] "[36mGET /static/bootstrap/css/bootstrap.min.css HTTP/1.1[0m" 304 -
2023-04-22 04:25:55,197:INFO:127.0.0.1 - - [22/Apr/2023 04:25:55] "[36mGET /static/bootstrap/css/styles.css HTTP/1.1[0m" 304 -
2023-04-22 04:25:55,201:INFO:127.0.0.1 - - [22/Apr/2023 04:25:55] "[36mGET /static/bootstrap/css/bootstrap-responsive.min.css HTTP/1.1[0m" 304 -
2023-04-22 04:25:55,214:INFO:127.0.0.1 - - [22/Apr/2023 04:25:55] "[36mGET /static/css/nav.css HTTP/1.1[0m" 304 -
2023-04-22 04:25:55,219:INFO:127.0.0.1 - - [22/Apr/2023 04:25:55] "[36mGET /static/css/carrusel.css HTTP/1.1[0m" 304 -
2023-04-22 04:25:55,226:INFO:127.0.0.1 - - [22/Apr/2023 04:25:55] "[36mGET /static/js/carrusel.js HTTP/1.1[0m" 304 -
2023-04-22 04:25:55,230:INFO:127.0.0.1 - - [22/Apr/2023 04:25:55] "[33mGET /security/static/estilos.css HTTP/1.1[0m" 404 -
2023-04-22 04:25:55,269:INFO:127.0.0.1 - - [22/Apr/2023 04:25:55] "[36mGET /static/img/ej4.png HTTP/1.1[0m" 304 -
2023-04-22 04:25:55,273:INFO:127.0.0.1 - - [22/Apr/2023 04:25:55] "[33mGET /security/static/estilos.css HTTP/1.1[0m" 404 -
2023-04-22 04:25:55,284:INFO:127.0.0.1 - - [22/Apr/2023 04:25:55] "[36mGET /static/img/fondo5.jpg HTTP/1.1[0m" 304 -
2023-04-22 04:26:23,322:DEBUG:El usuario FernandoLP.mx@outlook.com ingreso al sistema
2023-04-22 04:26:23,327:INFO:127.0.0.1 - - [22/Apr/2023 04:26:23] "[32mPOST /security/login HTTP/1.1[0m" 302 -
2023-04-22 04:26:23,342:INFO:127.0.0.1 - - [22/Apr/2023 04:26:23] "GET / HTTP/1.1" 200 -
2023-04-22 04:26:23,438:INFO:127.0.0.1 - - [22/Apr/2023 04:26:23] "[36mGET /static/bootstrap/css/bootstrap.min.css HTTP/1.1[0m" 304 -
2023-04-22 04:26:23,457:INFO:127.0.0.1 - - [22/Apr/2023 04:26:23] "[36mGET /static/bootstrap/css/bootstrap-responsive.min.css HTTP/1.1[0m" 304 -
2023-04-22 04:26:23,458:INFO:127.0.0.1 - - [22/Apr/2023 04:26:23] "[36mGET /static/css/nav.css HTTP/1.1[0m" 304 -
2023-04-22 04:26:23,470:INFO:127.0.0.1 - - [22/Apr/2023 04:26:23] "[36mGET /static/bootstrap/css/styles.css HTTP/1.1[0m" 304 -
2023-04-22 04:26:23,473:INFO:127.0.0.1 - - [22/Apr/2023 04:26:23] "[36mGET /static/js/carrusel.js HTTP/1.1[0m" 304 -
2023-04-22 04:26:23,478:INFO:127.0.0.1 - - [22/Apr/2023 04:26:23] "[36mGET /static/css/carrusel.css HTTP/1.1[0m" 304 -
2023-04-22 04:26:23,551:INFO:127.0.0.1 - - [22/Apr/2023 04:26:23] "[36mGET /static/img/ej4.png HTTP/1.1[0m" 304 -
2023-04-22 04:26:23,580:INFO:127.0.0.1 - - [22/Apr/2023 04:26:23] "[36mGET /static/img/mision2.jpg HTTP/1.1[0m" 304 -
2023-04-22 04:26:23,583:INFO:127.0.0.1 - - [22/Apr/2023 04:26:23] "[36mGET /static/img/vision.png HTTP/1.1[0m" 304 -
2023-04-22 04:26:23,585:INFO:127.0.0.1 - - [22/Apr/2023 04:26:23] "[36mGET /static/img/fondo5.jpg HTTP/1.1[0m" 304 -
2023-04-22 04:26:23,645:INFO:127.0.0.1 - - [22/Apr/2023 04:26:23] "[33mGET /favicon.ico HTTP/1.1[0m" 404 -
2023-04-22 04:26:43,084:INFO:127.0.0.1 - - [22/Apr/2023 04:26:43] "GET /security/merma_admin HTTP/1.1" 200 -
2023-04-22 04:26:43,234:INFO:127.0.0.1 - - [22/Apr/2023 04:26:43] "[36mGET /static/bootstrap/css/bootstrap.min.css HTTP/1.1[0m" 304 -
2023-04-22 04:26:43,238:INFO:127.0.0.1 - - [22/Apr/2023 04:26:43] "[36mGET /static/bootstrap/css/bootstrap-responsive.min.css HTTP/1.1[0m" 304 -
2023-04-22 04:26:43,251:INFO:127.0.0.1 - - [22/Apr/2023 04:26:43] "[36mGET /static/bootstrap/css/styles.css HTTP/1.1[0m" 304 -
2023-04-22 04:26:43,264:INFO:127.0.0.1 - - [22/Apr/2023 04:26:43] "[36mGET /static/css/nav.css HTTP/1.1[0m" 304 -
2023-04-22 04:26:43,286:INFO:127.0.0.1 - - [22/Apr/2023 04:26:43] "[36mGET /static/css/carrusel.css HTTP/1.1[0m" 304 -
2023-04-22 04:26:43,298:INFO:127.0.0.1 - - [22/Apr/2023 04:26:43] "[36mGET /static/js/carrusel.js HTTP/1.1[0m" 304 -
2023-04-22 04:26:43,300:INFO:127.0.0.1 - - [22/Apr/2023 04:26:43] "[33mGET /security/static/sweetalert2/sweetalert2.min.css HTTP/1.1[0m" 404 -
2023-04-22 04:26:43,329:INFO:127.0.0.1 - - [22/Apr/2023 04:26:43] "[33mGET /security/static/sweetalert2/sweetalert2.min.js HTTP/1.1[0m" 404 -
2023-04-22 04:26:43,331:INFO:127.0.0.1 - - [22/Apr/2023 04:26:43] "[33mGET /security/static/estilos.css HTTP/1.1[0m" 404 -
2023-04-22 04:26:43,371:INFO:127.0.0.1 - - [22/Apr/2023 04:26:43] "[36mGET /static/img/ej4.png HTTP/1.1[0m" 304 -
2023-04-22 04:26:43,382:INFO:127.0.0.1 - - [22/Apr/2023 04:26:43] "[33mGET /security/static/sweetalert2/sweetalert2.min.css HTTP/1.1[0m" 404 -
2023-04-22 04:26:43,395:INFO:127.0.0.1 - - [22/Apr/2023 04:26:43] "[33mGET /security/static/estilos.css HTTP/1.1[0m" 404 -
2023-04-22 04:26:43,427:INFO:127.0.0.1 - - [22/Apr/2023 04:26:43] "[36mGET /static/img/fondo5.jpg HTTP/1.1[0m" 304 -
2023-04-22 04:26:51,939:INFO:127.0.0.1 - - [22/Apr/2023 04:26:51] "GET /security/empleados HTTP/1.1" 200 -
2023-04-22 04:26:52,042:INFO:127.0.0.1 - - [22/Apr/2023 04:26:52] "[36mGET /static/bootstrap/css/bootstrap.min.css HTTP/1.1[0m" 304 -
2023-04-22 04:26:52,064:INFO:127.0.0.1 - - [22/Apr/2023 04:26:52] "[36mGET /static/bootstrap/css/bootstrap-responsive.min.css HTTP/1.1[0m" 304 -
2023-04-22 04:26:52,066:INFO:127.0.0.1 - - [22/Apr/2023 04:26:52] "[36mGET /static/bootstrap/css/styles.css HTTP/1.1[0m" 304 -
2023-04-22 04:26:52,093:INFO:127.0.0.1 - - [22/Apr/2023 04:26:52] "[36mGET /static/css/nav.css HTTP/1.1[0m" 304 -
2023-04-22 04:26:52,108:INFO:127.0.0.1 - - [22/Apr/2023 04:26:52] "[33mGET /security/static/sweetalert2/sweetalert2.min.js HTTP/1.1[0m" 404 -
2023-04-22 04:26:52,112:INFO:127.0.0.1 - - [22/Apr/2023 04:26:52] "[36mGET /static/css/carrusel.css HTTP/1.1[0m" 304 -
2023-04-22 04:26:52,112:INFO:127.0.0.1 - - [22/Apr/2023 04:26:52] "[36mGET /static/js/carrusel.js HTTP/1.1[0m" 304 -
2023-04-22 04:26:52,131:INFO:127.0.0.1 - - [22/Apr/2023 04:26:52] "[33mGET /security/static/sweetalert2/sweetalert2.min.css HTTP/1.1[0m" 404 -
2023-04-22 04:26:52,132:INFO:127.0.0.1 - - [22/Apr/2023 04:26:52] "[33mGET /security/static/estilos.css HTTP/1.1[0m" 404 -
2023-04-22 04:26:52,167:INFO:127.0.0.1 - - [22/Apr/2023 04:26:52] "[36mGET /static/img/ej4.png HTTP/1.1[0m" 304 -
2023-04-22 04:26:52,179:INFO:127.0.0.1 - - [22/Apr/2023 04:26:52] "[33mGET /security/static/sweetalert2/sweetalert2.min.js HTTP/1.1[0m" 404 -
2023-04-22 04:26:52,220:INFO:127.0.0.1 - - [22/Apr/2023 04:26:52] "[36mGET /static/img/fondo5.jpg HTTP/1.1[0m" 304 -
2023-04-22 04:26:52,232:INFO:127.0.0.1 - - [22/Apr/2023 04:26:52] "[33mGET /security/static/estilos.css HTTP/1.1[0m" 404 -
2023-04-22 04:27:45,951:INFO:127.0.0.1 - - [22/Apr/2023 04:27:45] "[32mPOST /security/empleados HTTP/1.1[0m" 302 -
2023-04-22 04:27:45,972:INFO:127.0.0.1 - - [22/Apr/2023 04:27:45] "GET /security/empleados HTTP/1.1" 200 -
2023-04-22 04:27:46,065:INFO:127.0.0.1 - - [22/Apr/2023 04:27:46] "[36mGET /static/bootstrap/css/bootstrap-responsive.min.css HTTP/1.1[0m" 304 -
2023-04-22 04:27:46,065:INFO:127.0.0.1 - - [22/Apr/2023 04:27:46] "[36mGET /static/bootstrap/css/bootstrap.min.css HTTP/1.1[0m" 304 -
2023-04-22 04:27:46,076:INFO:127.0.0.1 - - [22/Apr/2023 04:27:46] "[36mGET /static/bootstrap/css/styles.css HTTP/1.1[0m" 304 -
2023-04-22 04:27:46,090:INFO:127.0.0.1 - - [22/Apr/2023 04:27:46] "[36mGET /static/css/nav.css HTTP/1.1[0m" 304 -
2023-04-22 04:27:46,105:INFO:127.0.0.1 - - [22/Apr/2023 04:27:46] "[36mGET /static/css/carrusel.css HTTP/1.1[0m" 304 -
2023-04-22 04:27:46,127:INFO:127.0.0.1 - - [22/Apr/2023 04:27:46] "[33mGET /security/static/sweetalert2/sweetalert2.min.css HTTP/1.1[0m" 404 -
2023-04-22 04:27:46,127:INFO:127.0.0.1 - - [22/Apr/2023 04:27:46] "[36mGET /static/js/carrusel.js HTTP/1.1[0m" 304 -
2023-04-22 04:27:46,131:INFO:127.0.0.1 - - [22/Apr/2023 04:27:46] "[33mGET /security/static/sweetalert2/sweetalert2.min.js HTTP/1.1[0m" 404 -
2023-04-22 04:27:46,151:INFO:127.0.0.1 - - [22/Apr/2023 04:27:46] "[33mGET /security/static/estilos.css HTTP/1.1[0m" 404 -
2023-04-22 04:27:46,195:INFO:127.0.0.1 - - [22/Apr/2023 04:27:46] "[36mGET /static/img/ej4.png HTTP/1.1[0m" 304 -
2023-04-22 04:27:46,198:INFO:127.0.0.1 - - [22/Apr/2023 04:27:46] "[33mGET /security/static/sweetalert2/sweetalert2.min.css HTTP/1.1[0m" 404 -
2023-04-22 04:27:46,217:INFO:127.0.0.1 - - [22/Apr/2023 04:27:46] "[33mGET /security/static/sweetalert2/sweetalert2.min.js HTTP/1.1[0m" 404 -
2023-04-22 04:27:46,220:INFO:127.0.0.1 - - [22/Apr/2023 04:27:46] "[36mGET /static/img/fondo5.jpg HTTP/1.1[0m" 304 -
2023-04-22 04:27:46,246:INFO:127.0.0.1 - - [22/Apr/2023 04:27:46] "[33mGET /security/static/estilos.css HTTP/1.1[0m" 404 -
2023-04-22 04:27:46,258:INFO:127.0.0.1 - - [22/Apr/2023 04:27:46] "GET /static/bootstrap/img/glyphicons-halflings-white.png HTTP/1.1" 200 -
2023-04-22 04:27:46,308:INFO:127.0.0.1 - - [22/Apr/2023 04:27:46] "[33mGET /favicon.ico HTTP/1.1[0m" 404 -
2023-04-22 04:27:52,836:INFO:127.0.0.1 - - [22/Apr/2023 04:27:52] "GET /security/merma_admin HTTP/1.1" 200 -
2023-04-22 04:27:53,031:INFO:127.0.0.1 - - [22/Apr/2023 04:27:53] "[36mGET /static/bootstrap/css/bootstrap.min.css HTTP/1.1[0m" 304 -
2023-04-22 04:27:53,071:INFO:127.0.0.1 - - [22/Apr/2023 04:27:53] "[36mGET /static/bootstrap/css/bootstrap-responsive.min.css HTTP/1.1[0m" 304 -
2023-04-22 04:27:53,079:INFO:127.0.0.1 - - [22/Apr/2023 04:27:53] "[36mGET /static/bootstrap/css/styles.css HTTP/1.1[0m" 304 -
2023-04-22 04:27:53,106:INFO:127.0.0.1 - - [22/Apr/2023 04:27:53] "[36mGET /static/css/nav.css HTTP/1.1[0m" 304 -
2023-04-22 04:27:53,108:INFO:127.0.0.1 - - [22/Apr/2023 04:27:53] "[36mGET /static/css/carrusel.css HTTP/1.1[0m" 304 -
2023-04-22 04:27:53,112:INFO:127.0.0.1 - - [22/Apr/2023 04:27:53] "[36mGET /static/js/carrusel.js HTTP/1.1[0m" 304 -
2023-04-22 04:27:53,135:INFO:127.0.0.1 - - [22/Apr/2023 04:27:53] "[33mGET /security/static/sweetalert2/sweetalert2.min.css HTTP/1.1[0m" 404 -
2023-04-22 04:27:53,137:INFO:127.0.0.1 - - [22/Apr/2023 04:27:53] "[33mGET /security/static/sweetalert2/sweetalert2.min.js HTTP/1.1[0m" 404 -
2023-04-22 04:27:53,141:INFO:127.0.0.1 - - [22/Apr/2023 04:27:53] "[33mGET /security/static/estilos.css HTTP/1.1[0m" 404 -
2023-04-22 04:27:53,170:INFO:127.0.0.1 - - [22/Apr/2023 04:27:53] "[36mGET /static/img/ej4.png HTTP/1.1[0m" 304 -
2023-04-22 04:27:53,199:INFO:127.0.0.1 - - [22/Apr/2023 04:27:53] "[36mGET /static/img/fondo5.jpg HTTP/1.1[0m" 304 -
2023-04-22 04:27:53,204:INFO:127.0.0.1 - - [22/Apr/2023 04:27:53] "[33mGET /security/static/estilos.css HTTP/1.1[0m" 404 -
2023-04-22 04:28:16,386:INFO:127.0.0.1 - - [22/Apr/2023 04:28:16] "[35m[1mPOST /security/merma_admin HTTP/1.1[0m" 500 -
2023-04-22 04:28:16,484:INFO:127.0.0.1 - - [22/Apr/2023 04:28:16] "[36mGET /security/merma_admin?__debugger__=yes&cmd=resource&f=style.css HTTP/1.1[0m" 304 -
2023-04-22 04:28:16,487:INFO:127.0.0.1 - - [22/Apr/2023 04:28:16] "[36mGET /security/merma_admin?__debugger__=yes&cmd=resource&f=debugger.js HTTP/1.1[0m" 304 -
2023-04-22 04:28:16,529:INFO:127.0.0.1 - - [22/Apr/2023 04:28:16] "[36mGET /security/merma_admin?__debugger__=yes&cmd=resource&f=console.png HTTP/1.1[0m" 304 -
2023-04-22 04:28:38,716:INFO: * Detected change in 'C:\\curso_python\\Proyecto Final\\The_World_of_cakes\\project\\forms.py', reloading
2023-04-22 04:28:39,051:INFO: * Restarting with stat
2023-04-22 04:28:42,026:INFO:Se inicio la aplicacion
2023-04-22 04:28:42,052:WARNING: * Debugger is active!
2023-04-22 04:28:42,063:INFO: * Debugger PIN: 341-549-671
2023-04-22 04:28:42,552:INFO:127.0.0.1 - - [22/Apr/2023 04:28:42] "[35m[1mGET /security/merma_admin HTTP/1.1[0m" 500 -
2023-04-22 04:30:11,238:INFO: * Detected change in 'C:\\curso_python\\Proyecto Final\\The_World_of_cakes\\project\\auth.py', reloading
2023-04-22 04:30:11,531:INFO: * Restarting with stat
2023-04-22 04:30:14,529:INFO:Se inicio la aplicacion
2023-04-22 04:30:14,544:WARNING: * Debugger is active!
2023-04-22 04:30:14,549:INFO: * Debugger PIN: 341-549-671
2023-04-22 04:30:20,442:INFO:127.0.0.1 - - [22/Apr/2023 04:30:20] "[35m[1mGET /security/merma_admin HTTP/1.1[0m" 500 -
2023-04-22 04:30:20,541:INFO:127.0.0.1 - - [22/Apr/2023 04:30:20] "[36mGET /security/merma_admin?__debugger__=yes&cmd=resource&f=style.css HTTP/1.1[0m" 304 -
2023-04-22 04:30:20,546:INFO:127.0.0.1 - - [22/Apr/2023 04:30:20] "[36mGET /security/merma_admin?__debugger__=yes&cmd=resource&f=debugger.js HTTP/1.1[0m" 304 -
2023-04-22 04:30:20,594:INFO:127.0.0.1 - - [22/Apr/2023 04:30:20] "[36mGET /security/merma_admin?__debugger__=yes&cmd=resource&f=console.png HTTP/1.1[0m" 304 -
2023-04-22 04:31:57,937:INFO: * Detected change in 'C:\\curso_python\\Proyecto Final\\The_World_of_cakes\\project\\auth.py', reloading
2023-04-22 04:31:58,180:INFO: * Restarting with stat
2023-04-22 04:32:01,173:INFO:Se inicio la aplicacion
2023-04-22 04:32:01,188:WARNING: * Debugger is active!
2023-04-22 04:32:01,196:INFO: * Debugger PIN: 341-549-671
2023-04-22 04:32:54,004:INFO:127.0.0.1 - - [22/Apr/2023 04:32:54] "[35m[1mGET /security/merma_admin HTTP/1.1[0m" 500 -
2023-04-22 04:32:54,070:INFO:127.0.0.1 - - [22/Apr/2023 04:32:54] "[36mGET /security/merma_admin?__debugger__=yes&cmd=resource&f=style.css HTTP/1.1[0m" 304 -
2023-04-22 04:32:54,073:INFO:127.0.0.1 - - [22/Apr/2023 04:32:54] "[36mGET /security/merma_admin?__debugger__=yes&cmd=resource&f=debugger.js HTTP/1.1[0m" 304 -
2023-04-22 04:32:54,092:INFO:127.0.0.1 - - [22/Apr/2023 04:32:54] "[36mGET /security/merma_admin?__debugger__=yes&cmd=resource&f=console.png HTTP/1.1[0m" 304 -
2023-04-22 04:33:11,231:INFO: * Detected change in 'C:\\curso_python\\Proyecto Final\\The_World_of_cakes\\project\\forms.py', reloading
2023-04-22 04:33:11,606:INFO: * Restarting with stat
2023-04-22 04:33:14,767:INFO:Se inicio la aplicacion
2023-04-22 04:33:14,786:WARNING: * Debugger is active!
2023-04-22 04:33:14,793:INFO: * Debugger PIN: 341-549-671
2023-04-22 04:33:34,142:INFO:127.0.0.1 - - [22/Apr/2023 04:33:34] "GET /security/merma_admin HTTP/1.1" 200 -
2023-04-22 04:33:34,352:INFO:127.0.0.1 - - [22/Apr/2023 04:33:34] "[36mGET /static/bootstrap/css/bootstrap.min.css HTTP/1.1[0m" 304 -
2023-04-22 04:33:34,366:INFO:127.0.0.1 - - [22/Apr/2023 04:33:34] "[36mGET /static/bootstrap/css/bootstrap-responsive.min.css HTTP/1.1[0m" 304 -
2023-04-22 04:33:34,367:INFO:127.0.0.1 - - [22/Apr/2023 04:33:34] "[36mGET /static/bootstrap/css/styles.css HTTP/1.1[0m" 304 -
2023-04-22 04:33:34,383:INFO:127.0.0.1 - - [22/Apr/2023 04:33:34] "[36mGET /static/css/nav.css HTTP/1.1[0m" 304 -
2023-04-22 04:33:34,391:INFO:127.0.0.1 - - [22/Apr/2023 04:33:34] "[36mGET /static/css/carrusel.css HTTP/1.1[0m" 304 -
2023-04-22 04:33:34,393:INFO:127.0.0.1 - - [22/Apr/2023 04:33:34] "[36mGET /static/js/carrusel.js HTTP/1.1[0m" 304 -
2023-04-22 04:33:34,417:INFO:127.0.0.1 - - [22/Apr/2023 04:33:34] "[33mGET /security/static/sweetalert2/sweetalert2.min.css HTTP/1.1[0m" 404 -
2023-04-22 04:33:34,454:INFO:127.0.0.1 - - [22/Apr/2023 04:33:34] "[33mGET /security/static/sweetalert2/sweetalert2.min.js HTTP/1.1[0m" 404 -
2023-04-22 04:33:34,465:INFO:127.0.0.1 - - [22/Apr/2023 04:33:34] "[33mGET /security/static/estilos.css HTTP/1.1[0m" 404 -
2023-04-22 04:33:34,521:INFO:127.0.0.1 - - [22/Apr/2023 04:33:34] "[33mGET /security/static/sweetalert2/sweetalert2.min.css HTTP/1.1[0m" 404 -
2023-04-22 04:33:34,528:INFO:127.0.0.1 - - [22/Apr/2023 04:33:34] "[33mGET /security/static/sweetalert2/sweetalert2.min.js HTTP/1.1[0m" 404 -
2023-04-22 04:33:34,528:INFO:127.0.0.1 - - [22/Apr/2023 04:33:34] "[36mGET /static/img/ej4.png HTTP/1.1[0m" 304 -
2023-04-22 04:33:34,547:INFO:127.0.0.1 - - [22/Apr/2023 04:33:34] "[36mGET /static/img/fondo5.jpg HTTP/1.1[0m" 304 -
2023-04-22 04:33:34,565:INFO:127.0.0.1 - - [22/Apr/2023 04:33:34] "[33mGET /security/static/estilos.css HTTP/1.1[0m" 404 -
2023-04-22 04:33:34,575:INFO:127.0.0.1 - - [22/Apr/2023 04:33:34] "GET /static/bootstrap/img/glyphicons-halflings-white.png HTTP/1.1" 200 -
2023-04-22 04:33:42,968:INFO:127.0.0.1 - - [22/Apr/2023 04:33:42] "GET /security/login HTTP/1.1" 200 -
2023-04-22 04:33:43,081:INFO:127.0.0.1 - - [22/Apr/2023 04:33:43] "[36mGET /static/bootstrap/css/bootstrap.min.css HTTP/1.1[0m" 304 -
2023-04-22 04:33:43,097:INFO:127.0.0.1 - - [22/Apr/2023 04:33:43] "[36mGET /static/bootstrap/css/bootstrap-responsive.min.css HTTP/1.1[0m" 304 -
2023-04-22 04:33:43,102:INFO:127.0.0.1 - - [22/Apr/2023 04:33:43] "[36mGET /static/bootstrap/css/styles.css HTTP/1.1[0m" 304 -
2023-04-22 04:33:43,108:INFO:127.0.0.1 - - [22/Apr/2023 04:33:43] "[36mGET /static/css/nav.css HTTP/1.1[0m" 304 -
2023-04-22 04:33:43,113:INFO:127.0.0.1 - - [22/Apr/2023 04:33:43] "[36mGET /static/css/carrusel.css HTTP/1.1[0m" 304 -
2023-04-22 04:33:43,122:INFO:127.0.0.1 - - [22/Apr/2023 04:33:43] "[36mGET /static/js/carrusel.js HTTP/1.1[0m" 304 -
2023-04-22 04:33:43,131:INFO:127.0.0.1 - - [22/Apr/2023 04:33:43] "[33mGET /security/static/estilos.css HTTP/1.1[0m" 404 -
2023-04-22 04:33:43,164:INFO:127.0.0.1 - - [22/Apr/2023 04:33:43] "[36mGET /static/img/ej4.png HTTP/1.1[0m" 304 -
2023-04-22 04:33:43,182:INFO:127.0.0.1 - - [22/Apr/2023 04:33:43] "[36mGET /static/img/fondo5.jpg HTTP/1.1[0m" 304 -
2023-04-22 04:33:47,932:DEBUG:El usuario FernandoLP.mx@outlook.com ingreso al sistema
2023-04-22 04:33:47,933:INFO:127.0.0.1 - - [22/Apr/2023 04:33:47] "[32mPOST /security/login HTTP/1.1[0m" 302 -
2023-04-22 04:33:47,950:INFO:127.0.0.1 - - [22/Apr/2023 04:33:47] "GET / HTTP/1.1" 200 -
2023-04-22 04:33:48,045:INFO:127.0.0.1 - - [22/Apr/2023 04:33:48] "[36mGET /static/bootstrap/css/bootstrap.min.css HTTP/1.1[0m" 304 -
2023-04-22 04:33:48,072:INFO:127.0.0.1 - - [22/Apr/2023 04:33:48] "[36mGET /static/bootstrap/css/bootstrap-responsive.min.css HTTP/1.1[0m" 304 -
2023-04-22 04:33:48,076:INFO:127.0.0.1 - - [22/Apr/2023 04:33:48] "[36mGET /static/bootstrap/css/styles.css HTTP/1.1[0m" 304 -
2023-04-22 04:33:48,088:INFO:127.0.0.1 - - [22/Apr/2023 04:33:48] "[36mGET /static/css/nav.css HTTP/1.1[0m" 304 -
2023-04-22 04:33:48,089:INFO:127.0.0.1 - - [22/Apr/2023 04:33:48] "[36mGET /static/css/carrusel.css HTTP/1.1[0m" 304 -
2023-04-22 04:33:48,093:INFO:127.0.0.1 - - [22/Apr/2023 04:33:48] "[36mGET /static/js/carrusel.js HTTP/1.1[0m" 304 -
2023-04-22 04:33:48,156:INFO:127.0.0.1 - - [22/Apr/2023 04:33:48] "[36mGET /static/img/ej4.png HTTP/1.1[0m" 304 -
2023-04-22 04:33:48,175:INFO:127.0.0.1 - - [22/Apr/2023 04:33:48] "[36mGET /static/img/mision2.jpg HTTP/1.1[0m" 304 -
2023-04-22 04:33:48,179:INFO:127.0.0.1 - - [22/Apr/2023 04:33:48] "[36mGET /static/img/vision.png HTTP/1.1[0m" 304 -
2023-04-22 04:33:48,180:INFO:127.0.0.1 - - [22/Apr/2023 04:33:48] "[36mGET /static/img/fondo5.jpg HTTP/1.1[0m" 304 -
2023-04-22 04:33:48,242:INFO:127.0.0.1 - - [22/Apr/2023 04:33:48] "[33mGET /favicon.ico HTTP/1.1[0m" 404 -
2023-04-22 04:33:50,255:INFO:127.0.0.1 - - [22/Apr/2023 04:33:50] "GET /security/merma_admin HTTP/1.1" 200 -
2023-04-22 04:33:50,410:INFO:127.0.0.1 - - [22/Apr/2023 04:33:50] "[36mGET /static/bootstrap/css/bootstrap.min.css HTTP/1.1[0m" 304 -
2023-04-22 04:33:50,434:INFO:127.0.0.1 - - [22/Apr/2023 04:33:50] "[36mGET /static/bootstrap/css/bootstrap-responsive.min.css HTTP/1.1[0m" 304 -
2023-04-22 04:33:50,440:INFO:127.0.0.1 - - [22/Apr/2023 04:33:50] "[36mGET /static/bootstrap/css/styles.css HTTP/1.1[0m" 304 -
2023-04-22 04:33:50,471:INFO:127.0.0.1 - - [22/Apr/2023 04:33:50] "[36mGET /static/css/nav.css HTTP/1.1[0m" 304 -
2023-04-22 04:33:50,476:INFO:127.0.0.1 - - [22/Apr/2023 04:33:50] "[36mGET /static/js/carrusel.js HTTP/1.1[0m" 304 -
2023-04-22 04:33:50,477:INFO:127.0.0.1 - - [22/Apr/2023 04:33:50] "[36mGET /static/css/carrusel.css HTTP/1.1[0m" 304 -
2023-04-22 04:33:50,487:INFO:127.0.0.1 - - [22/Apr/2023 04:33:50] "[33mGET /security/static/sweetalert2/sweetalert2.min.css HTTP/1.1[0m" 404 -
2023-04-22 04:33:50,502:INFO:127.0.0.1 - - [22/Apr/2023 04:33:50] "[33mGET /security/static/sweetalert2/sweetalert2.min.js HTTP/1.1[0m" 404 -
2023-04-22 04:33:50,510:INFO:127.0.0.1 - - [22/Apr/2023 04:33:50] "[33mGET /security/static/estilos.css HTTP/1.1[0m" 404 -
2023-04-22 04:33:50,549:INFO:127.0.0.1 - - [22/Apr/2023 04:33:50] "[33mGET /security/static/estilos.css HTTP/1.1[0m" 404 -
2023-04-22 04:33:50,551:INFO:127.0.0.1 - - [22/Apr/2023 04:33:50] "[36mGET /static/img/ej4.png HTTP/1.1[0m" 304 -
2023-04-22 04:33:50,573:INFO:127.0.0.1 - - [22/Apr/2023 04:33:50] "[36mGET /static/bootstrap/img/glyphicons-halflings-white.png HTTP/1.1[0m" 304 -
2023-04-22 04:33:50,579:INFO:127.0.0.1 - - [22/Apr/2023 04:33:50] "[36mGET /static/img/fondo5.jpg HTTP/1.1[0m" 304 -
2023-04-22 04:34:04,447:INFO:127.0.0.1 - - [22/Apr/2023 04:34:04] "[35m[1mPOST /security/merma_admin HTTP/1.1[0m" 500 -
2023-04-22 04:34:04,498:INFO:127.0.0.1 - - [22/Apr/2023 04:34:04] "[36mGET /security/merma_admin?__debugger__=yes&cmd=resource&f=style.css HTTP/1.1[0m" 304 -
2023-04-22 04:34:04,509:INFO:127.0.0.1 - - [22/Apr/2023 04:34:04] "[36mGET /security/merma_admin?__debugger__=yes&cmd=resource&f=debugger.js HTTP/1.1[0m" 304 -
2023-04-22 04:34:04,542:INFO:127.0.0.1 - - [22/Apr/2023 04:34:04] "[36mGET /security/merma_admin?__debugger__=yes&cmd=resource&f=console.png HTTP/1.1[0m" 304 -
2023-04-22 04:34:47,127:INFO: * Detected change in 'C:\\curso_python\\Proyecto Final\\The_World_of_cakes\\project\\auth.py', reloading
2023-04-22 04:34:47,350:INFO: * Restarting with stat
2023-04-22 04:34:50,055:INFO:Se inicio la aplicacion
2023-04-22 04:34:50,074:WARNING: * Debugger is active!
2023-04-22 04:34:50,081:INFO: * Debugger PIN: 341-549-671
2023-04-22 04:34:50,265:INFO:127.0.0.1 - - [22/Apr/2023 04:34:50] "GET /security/merma_admin HTTP/1.1" 200 -
2023-04-22 04:34:54,841:INFO:127.0.0.1 - - [22/Apr/2023 04:34:54] "POST /security/merma_admin HTTP/1.1" 200 -
2023-04-22 04:34:54,978:INFO:127.0.0.1 - - [22/Apr/2023 04:34:54] "[36mGET /static/bootstrap/css/bootstrap.min.css HTTP/1.1[0m" 304 -
2023-04-22 04:34:55,024:INFO:127.0.0.1 - - [22/Apr/2023 04:34:55] "[36mGET /static/bootstrap/css/bootstrap-responsive.min.css HTTP/1.1[0m" 304 -
2023-04-22 04:34:55,037:INFO:127.0.0.1 - - [22/Apr/2023 04:34:55] "[36mGET /static/bootstrap/css/styles.css HTTP/1.1[0m" 304 -
2023-04-22 04:34:55,041:INFO:127.0.0.1 - - [22/Apr/2023 04:34:55] "[36mGET /static/css/nav.css HTTP/1.1[0m" 304 -
2023-04-22 04:34:55,054:INFO:127.0.0.1 - - [22/Apr/2023 04:34:55] "[36mGET /static/js/carrusel.js HTTP/1.1[0m" 304 -
2023-04-22 04:34:55,054:INFO:127.0.0.1 - - [22/Apr/2023 04:34:55] "[36mGET /static/css/carrusel.css HTTP/1.1[0m" 304 -
2023-04-22 04:34:55,065:INFO:127.0.0.1 - - [22/Apr/2023 04:34:55] "[33mGET /security/static/sweetalert2/sweetalert2.min.css HTTP/1.1[0m" 404 -
2023-04-22 04:34:55,076:INFO:127.0.0.1 - - [22/Apr/2023 04:34:55] "[33mGET /security/static/sweetalert2/sweetalert2.min.js HTTP/1.1[0m" 404 -
2023-04-22 04:34:55,087:INFO:127.0.0.1 - - [22/Apr/2023 04:34:55] "[33mGET /security/static/estilos.css HTTP/1.1[0m" 404 -
2023-04-22 04:34:55,119:INFO:127.0.0.1 - - [22/Apr/2023 04:34:55] "[36mGET /static/img/ej4.png HTTP/1.1[0m" 304 -
2023-04-22 04:34:55,120:INFO:127.0.0.1 - - [22/Apr/2023 04:34:55] "[36mGET /static/img/fondo5.jpg HTTP/1.1[0m" 304 -
2023-04-22 04:34:55,151:INFO:127.0.0.1 - - [22/Apr/2023 04:34:55] "[36mGET /static/bootstrap/img/glyphicons-halflings-white.png HTTP/1.1[0m" 304 -
2023-04-22 04:34:55,190:INFO:127.0.0.1 - - [22/Apr/2023 04:34:55] "[33mGET /favicon.ico HTTP/1.1[0m" 404 -
2023-04-22 04:35:00,876:INFO:127.0.0.1 - - [22/Apr/2023 04:35:00] "GET /security/login HTTP/1.1" 200 -
2023-04-22 04:35:01,075:INFO:127.0.0.1 - - [22/Apr/2023 04:35:01] "[36mGET /static/bootstrap/css/bootstrap.min.css HTTP/1.1[0m" 304 -
2023-04-22 04:35:01,094:INFO:127.0.0.1 - - [22/Apr/2023 04:35:01] "[36mGET /static/bootstrap/css/bootstrap-responsive.min.css HTTP/1.1[0m" 304 -
2023-04-22 04:35:01,098:INFO:127.0.0.1 - - [22/Apr/2023 04:35:01] "[36mGET /static/bootstrap/css/styles.css HTTP/1.1[0m" 304 -
2023-04-22 04:35:01,106:INFO:127.0.0.1 - - [22/Apr/2023 04:35:01] "[36mGET /static/css/nav.css HTTP/1.1[0m" 304 -
2023-04-22 04:35:01,122:INFO:127.0.0.1 - - [22/Apr/2023 04:35:01] "[36mGET /static/js/carrusel.js HTTP/1.1[0m" 304 -
2023-04-22 04:35:01,123:INFO:127.0.0.1 - - [22/Apr/2023 04:35:01] "[36mGET /static/css/carrusel.css HTTP/1.1[0m" 304 -
2023-04-22 04:35:01,127:INFO:127.0.0.1 - - [22/Apr/2023 04:35:01] "[33mGET /security/static/estilos.css HTTP/1.1[0m" 404 -
2023-04-22 04:35:01,175:INFO:127.0.0.1 - - [22/Apr/2023 04:35:01] "[36mGET /static/img/ej4.png HTTP/1.1[0m" 304 -
2023-04-22 04:35:01,180:INFO:127.0.0.1 - - [22/Apr/2023 04:35:01] "[33mGET /security/static/estilos.css HTTP/1.1[0m" 404 -
2023-04-22 04:35:01,193:INFO:127.0.0.1 - - [22/Apr/2023 04:35:01] "[36mGET /static/img/fondo5.jpg HTTP/1.1[0m" 304 -
2023-04-22 04:35:08,183:DEBUG:El usuario FernandoLP.mx@outlook.com ingreso al sistema
2023-04-22 04:35:08,186:INFO:127.0.0.1 - - [22/Apr/2023 04:35:08] "[32mPOST /security/login HTTP/1.1[0m" 302 -
2023-04-22 04:35:08,200:INFO:127.0.0.1 - - [22/Apr/2023 04:35:08] "GET / HTTP/1.1" 200 -
2023-04-22 04:35:08,326:INFO:127.0.0.1 - - [22/Apr/2023 04:35:08] "[36mGET /static/bootstrap/css/bootstrap.min.css HTTP/1.1[0m" 304 -
2023-04-22 04:35:08,341:INFO:127.0.0.1 - - [22/Apr/2023 04:35:08] "[36mGET /static/bootstrap/css/bootstrap-responsive.min.css HTTP/1.1[0m" 304 -
2023-04-22 04:35:08,358:INFO:127.0.0.1 - - [22/Apr/2023 04:35:08] "[36mGET /static/bootstrap/css/styles.css HTTP/1.1[0m" 304 -
2023-04-22 04:35:08,373:INFO:127.0.0.1 - - [22/Apr/2023 04:35:08] "[36mGET /static/css/nav.css HTTP/1.1[0m" 304 -
2023-04-22 04:35:08,379:INFO:127.0.0.1 - - [22/Apr/2023 04:35:08] "[36mGET /static/css/carrusel.css HTTP/1.1[0m" 304 -
2023-04-22 04:35:08,382:INFO:127.0.0.1 - - [22/Apr/2023 04:35:08] "[36mGET /static/js/carrusel.js HTTP/1.1[0m" 304 -
2023-04-22 04:35:08,441:INFO:127.0.0.1 - - [22/Apr/2023 04:35:08] "[36mGET /static/img/ej4.png HTTP/1.1[0m" 304 -
2023-04-22 04:35:08,457:INFO:127.0.0.1 - - [22/Apr/2023 04:35:08] "[36mGET /static/img/mision2.jpg HTTP/1.1[0m" 304 -
2023-04-22 04:35:08,463:INFO:127.0.0.1 - - [22/Apr/2023 04:35:08] "[36mGET /static/img/vision.png HTTP/1.1[0m" 304 -
2023-04-22 04:35:08,467:INFO:127.0.0.1 - - [22/Apr/2023 04:35:08] "[36mGET /static/img/fondo5.jpg HTTP/1.1[0m" 304 -
2023-04-22 04:35:08,542:INFO:127.0.0.1 - - [22/Apr/2023 04:35:08] "[33mGET /favicon.ico HTTP/1.1[0m" 404 -
2023-04-22 04:35:12,330:INFO:127.0.0.1 - - [22/Apr/2023 04:35:12] "GET /security/compraMateria HTTP/1.1" 200 -
2023-04-22 04:35:12,494:INFO:127.0.0.1 - - [22/Apr/2023 04:35:12] "[36mGET /static/bootstrap/css/bootstrap.min.css HTTP/1.1[0m" 304 -
2023-04-22 04:35:12,506:INFO:127.0.0.1 - - [22/Apr/2023 04:35:12] "[36mGET /static/bootstrap/css/bootstrap-responsive.min.css HTTP/1.1[0m" 304 -
2023-04-22 04:35:12,514:INFO:127.0.0.1 - - [22/Apr/2023 04:35:12] "[36mGET /static/bootstrap/css/styles.css HTTP/1.1[0m" 304 -
2023-04-22 04:35:12,524:INFO:127.0.0.1 - - [22/Apr/2023 04:35:12] "[36mGET /static/css/nav.css HTTP/1.1[0m" 304 -
2023-04-22 04:35:12,531:INFO:127.0.0.1 - - [22/Apr/2023 04:35:12] "[36mGET /static/css/carrusel.css HTTP/1.1[0m" 304 -
2023-04-22 04:35:12,553:INFO:127.0.0.1 - - [22/Apr/2023 04:35:12] "[33mGET /security/static/sweetalert2/sweetalert2.min.css HTTP/1.1[0m" 404 -
2023-04-22 04:35:12,553:INFO:127.0.0.1 - - [22/Apr/2023 04:35:12] "[36mGET /static/js/carrusel.js HTTP/1.1[0m" 304 -
2023-04-22 04:35:12,567:INFO:127.0.0.1 - - [22/Apr/2023 04:35:12] "[33mGET /security/static/sweetalert2/sweetalert2.min.js HTTP/1.1[0m" 404 -
2023-04-22 04:35:12,573:INFO:127.0.0.1 - - [22/Apr/2023 04:35:12] "[33mGET /security/static/estilos.css HTTP/1.1[0m" 404 -
2023-04-22 04:35:12,633:INFO:127.0.0.1 - - [22/Apr/2023 04:35:12] "[33mGET /security/static/sweetalert2/sweetalert2.min.css HTTP/1.1[0m" 404 -
2023-04-22 04:35:12,639:INFO:127.0.0.1 - - [22/Apr/2023 04:35:12] "[33mGET /security/static/estilos.css HTTP/1.1[0m" 404 -
2023-04-22 04:35:12,639:INFO:127.0.0.1 - - [22/Apr/2023 04:35:12] "[36mGET /static/img/ej4.png HTTP/1.1[0m" 304 -
2023-04-22 04:35:12,664:INFO:127.0.0.1 - - [22/Apr/2023 04:35:12] "[36mGET /static/img/fondo5.jpg HTTP/1.1[0m" 304 -
2023-04-22 04:35:20,114:INFO:127.0.0.1 - - [22/Apr/2023 04:35:20] "GET /security/registroRecetario_admin HTTP/1.1" 200 -
2023-04-22 04:35:20,278:INFO:127.0.0.1 - - [22/Apr/2023 04:35:20] "[36mGET /static/bootstrap/css/bootstrap.min.css HTTP/1.1[0m" 304 -
2023-04-22 04:35:20,303:INFO:127.0.0.1 - - [22/Apr/2023 04:35:20] "[36mGET /static/bootstrap/css/bootstrap-responsive.min.css HTTP/1.1[0m" 304 -
2023-04-22 04:35:20,307:INFO:127.0.0.1 - - [22/Apr/2023 04:35:20] "[36mGET /static/bootstrap/css/styles.css HTTP/1.1[0m" 304 -
2023-04-22 04:35:20,324:INFO:127.0.0.1 - - [22/Apr/2023 04:35:20] "[36mGET /static/css/nav.css HTTP/1.1[0m" 304 -
2023-04-22 04:35:20,340:INFO:127.0.0.1 - - [22/Apr/2023 04:35:20] "[36mGET /static/css/carrusel.css HTTP/1.1[0m" 304 -
2023-04-22 04:35:20,343:INFO:127.0.0.1 - - [22/Apr/2023 04:35:20] "[36mGET /static/js/carrusel.js HTTP/1.1[0m" 304 -
2023-04-22 04:35:20,356:INFO:127.0.0.1 - - [22/Apr/2023 04:35:20] "[33mGET /security/static/sweetalert2/sweetalert2.min.css HTTP/1.1[0m" 404 -
2023-04-22 04:35:20,365:INFO:127.0.0.1 - - [22/Apr/2023 04:35:20] "[33mGET /security/static/sweetalert2/sweetalert2.min.js HTTP/1.1[0m" 404 -
2023-04-22 04:35:20,369:INFO:127.0.0.1 - - [22/Apr/2023 04:35:20] "[33mGET /security/static/estilos.css HTTP/1.1[0m" 404 -
2023-04-22 04:35:20,406:INFO:127.0.0.1 - - [22/Apr/2023 04:35:20] "[36mGET /static/img/ej4.png HTTP/1.1[0m" 304 -
2023-04-22 04:35:20,406:INFO:127.0.0.1 - - [22/Apr/2023 04:35:20] "[33mGET /security/static/estilos.css HTTP/1.1[0m" 404 -
2023-04-22 04:35:20,420:INFO:127.0.0.1 - - [22/Apr/2023 04:35:20] "[36mGET /static/img/fondo5.jpg HTTP/1.1[0m" 304 -
2023-04-22 04:35:39,953:INFO:127.0.0.1 - - [22/Apr/2023 04:35:39] "[33mPOST /security/registroRecetario HTTP/1.1[0m" 404 -
2023-04-22 04:35:55,948:INFO: * Detected change in 'C:\\curso_python\\Proyecto Final\\The_World_of_cakes\\project\\auth.py', reloading
2023-04-22 04:35:56,287:INFO: * Restarting with stat
2023-04-22 04:35:58,637:INFO:Se inicio la aplicacion
2023-04-22 04:35:58,651:WARNING: * Debugger is active!
2023-04-22 04:35:58,657:INFO: * Debugger PIN: 341-549-671
2023-04-22 04:36:00,916:INFO: * Detected change in 'C:\\curso_python\\Proyecto Final\\The_World_of_cakes\\project\\auth.py', reloading
2023-04-22 04:36:01,165:INFO: * Restarting with stat
2023-04-22 04:36:03,945:INFO:Se inicio la aplicacion
2023-04-22 04:36:03,968:WARNING: * Debugger is active!
2023-04-22 04:36:03,977:INFO: * Debugger PIN: 341-549-671
2023-04-22 04:36:05,452:INFO:127.0.0.1 - - [22/Apr/2023 04:36:05] "[33mPOST /security/registroRecetario HTTP/1.1[0m" 404 -
2023-04-22 04:36:45,113:INFO:127.0.0.1 - - [22/Apr/2023 04:36:45] "[33mPOST /security/registroRecetario HTTP/1.1[0m" 404 -
2023-04-22 04:37:04,526:INFO: * Detected change in 'C:\\curso_python\\Proyecto Final\\The_World_of_cakes\\project\\auth.py', reloading
2023-04-22 04:37:04,811:INFO: * Restarting with stat
2023-04-22 04:37:07,284:INFO:Se inicio la aplicacion
2023-04-22 04:37:07,302:WARNING: * Debugger is active!
2023-04-22 04:37:07,310:INFO: * Debugger PIN: 341-549-671
2023-04-22 04:37:15,814:INFO:127.0.0.1 - - [22/Apr/2023 04:37:15] "[33mPOST /security/registroRecetario HTTP/1.1[0m" 404 -
2023-04-22 04:37:44,924:INFO:127.0.0.1 - - [22/Apr/2023 04:37:44] "[32mGET /security/proveedor_admin HTTP/1.1[0m" 302 -
2023-04-22 04:37:45,145:INFO:127.0.0.1 - - [22/Apr/2023 04:37:45] "GET /login?next=%2Fsecurity%2Fproveedor_admin HTTP/1.1" 200 -
2023-04-22 04:37:45,288:INFO:127.0.0.1 - - [22/Apr/2023 04:37:45] "[33mGET /favicon.ico HTTP/1.1[0m" 404 -
2023-04-22 04:37:51,241:INFO:127.0.0.1 - - [22/Apr/2023 04:37:51] "GET / HTTP/1.1" 200 -
2023-04-22 04:37:51,395:INFO:127.0.0.1 - - [22/Apr/2023 04:37:51] "[36mGET /static/bootstrap/css/bootstrap-responsive.min.css HTTP/1.1[0m" 304 -
2023-04-22 04:37:51,397:INFO:127.0.0.1 - - [22/Apr/2023 04:37:51] "[36mGET /static/bootstrap/css/bootstrap.min.css HTTP/1.1[0m" 304 -
2023-04-22 04:37:51,401:INFO:127.0.0.1 - - [22/Apr/2023 04:37:51] "[36mGET /static/bootstrap/css/styles.css HTTP/1.1[0m" 304 -
2023-04-22 04:37:51,408:INFO:127.0.0.1 - - [22/Apr/2023 04:37:51] "[36mGET /static/css/nav.css HTTP/1.1[0m" 304 -
2023-04-22 04:37:51,430:INFO:127.0.0.1 - - [22/Apr/2023 04:37:51] "[36mGET /static/css/carrusel.css HTTP/1.1[0m" 304 -
2023-04-22 04:37:51,430:INFO:127.0.0.1 - - [22/Apr/2023 04:37:51] "[36mGET /static/js/carrusel.js HTTP/1.1[0m" 304 -
2023-04-22 04:37:51,476:INFO:127.0.0.1 - - [22/Apr/2023 04:37:51] "[36mGET /static/img/ej4.png HTTP/1.1[0m" 304 -
2023-04-22 04:37:51,486:INFO:127.0.0.1 - - [22/Apr/2023 04:37:51] "[36mGET /static/img/mision2.jpg HTTP/1.1[0m" 304 -
2023-04-22 04:37:51,489:INFO:127.0.0.1 - - [22/Apr/2023 04:37:51] "[36mGET /static/img/vision.png HTTP/1.1[0m" 304 -
2023-04-22 04:37:51,496:INFO:127.0.0.1 - - [22/Apr/2023 04:37:51] "[36mGET /static/img/fondo5.jpg HTTP/1.1[0m" 304 -
2023-04-22 04:37:53,919:INFO:127.0.0.1 - - [22/Apr/2023 04:37:53] "GET /security/login HTTP/1.1" 200 -
2023-04-22 04:37:54,117:INFO:127.0.0.1 - - [22/Apr/2023 04:37:54] "[36mGET /static/bootstrap/css/bootstrap.min.css HTTP/1.1[0m" 304 -
2023-04-22 04:37:54,127:INFO:127.0.0.1 - - [22/Apr/2023 04:37:54] "[36mGET /static/bootstrap/css/bootstrap-responsive.min.css HTTP/1.1[0m" 304 -
2023-04-22 04:37:54,149:INFO:127.0.0.1 - - [22/Apr/2023 04:37:54] "[36mGET /static/bootstrap/css/styles.css HTTP/1.1[0m" 304 -
2023-04-22 04:37:54,157:INFO:127.0.0.1 - - [22/Apr/2023 04:37:54] "[36mGET /static/css/carrusel.css HTTP/1.1[0m" 304 -
2023-04-22 04:37:54,160:INFO:127.0.0.1 - - [22/Apr/2023 04:37:54] "[36mGET /static/css/nav.css HTTP/1.1[0m" 304 -
2023-04-22 04:37:54,164:INFO:127.0.0.1 - - [22/Apr/2023 04:37:54] "[36mGET /static/js/carrusel.js HTTP/1.1[0m" 304 -
2023-04-22 04:37:54,173:INFO:127.0.0.1 - - [22/Apr/2023 04:37:54] "[33mGET /security/static/estilos.css HTTP/1.1[0m" 404 -
2023-04-22 04:37:54,217:INFO:127.0.0.1 - - [22/Apr/2023 04:37:54] "[36mGET /static/img/ej4.png HTTP/1.1[0m" 304 -
2023-04-22 04:37:54,225:INFO:127.0.0.1 - - [22/Apr/2023 04:37:54] "[36mGET /static/img/fondo5.jpg HTTP/1.1[0m" 304 -
2023-04-22 04:37:58,393:DEBUG:El usuario FernandoLP.mx@outlook.com ingreso al sistema
2023-04-22 04:37:58,397:INFO:127.0.0.1 - - [22/Apr/2023 04:37:58] "[32mPOST /security/login HTTP/1.1[0m" 302 -
2023-04-22 04:37:58,421:INFO:127.0.0.1 - - [22/Apr/2023 04:37:58] "GET / HTTP/1.1" 200 -
2023-04-22 04:37:58,552:INFO:127.0.0.1 - - [22/Apr/2023 04:37:58] "[36mGET /static/bootstrap/css/bootstrap.min.css HTTP/1.1[0m" 304 -
2023-04-22 04:37:58,580:INFO:127.0.0.1 - - [22/Apr/2023 04:37:58] "[36mGET /static/bootstrap/css/bootstrap-responsive.min.css HTTP/1.1[0m" 304 -
2023-04-22 04:37:58,592:INFO:127.0.0.1 - - [22/Apr/2023 04:37:58] "[36mGET /static/bootstrap/css/styles.css HTTP/1.1[0m" 304 -
2023-04-22 04:37:58,602:INFO:127.0.0.1 - - [22/Apr/2023 04:37:58] "[36mGET /static/css/nav.css HTTP/1.1[0m" 304 -
2023-04-22 04:37:58,617:INFO:127.0.0.1 - - [22/Apr/2023 04:37:58] "[36mGET /static/css/carrusel.css HTTP/1.1[0m" 304 -
2023-04-22 04:37:58,620:INFO:127.0.0.1 - - [22/Apr/2023 04:37:58] "[36mGET /static/js/carrusel.js HTTP/1.1[0m" 304 -
2023-04-22 04:37:58,683:INFO:127.0.0.1 - - [22/Apr/2023 04:37:58] "[36mGET /static/img/ej4.png HTTP/1.1[0m" 304 -
2023-04-22 04:37:58,696:INFO:127.0.0.1 - - [22/Apr/2023 04:37:58] "[36mGET /static/img/mision2.jpg HTTP/1.1[0m" 304 -
2023-04-22 04:37:58,706:INFO:127.0.0.1 - - [22/Apr/2023 04:37:58] "[36mGET /static/img/vision.png HTTP/1.1[0m" 304 -
2023-04-22 04:37:58,708:INFO:127.0.0.1 - - [22/Apr/2023 04:37:58] "[36mGET /static/img/fondo5.jpg HTTP/1.1[0m" 304 -
2023-04-22 04:37:58,749:INFO:127.0.0.1 - - [22/Apr/2023 04:37:58] "[33mGET /favicon.ico HTTP/1.1[0m" 404 -
2023-04-22 04:38:03,487:INFO:127.0.0.1 - - [22/Apr/2023 04:38:03] "GET /security/registroRecetario_admin HTTP/1.1" 200 -
2023-04-22 04:38:03,637:INFO:127.0.0.1 - - [22/Apr/2023 04:38:03] "[36mGET /static/bootstrap/css/bootstrap.min.css HTTP/1.1[0m" 304 -
2023-04-22 04:38:03,642:INFO:127.0.0.1 - - [22/Apr/2023 04:38:03] "[36mGET /static/bootstrap/css/bootstrap-responsive.min.css HTTP/1.1[0m" 304 -
2023-04-22 04:38:03,644:INFO:127.0.0.1 - - [22/Apr/2023 04:38:03] "[36mGET /static/bootstrap/css/styles.css HTTP/1.1[0m" 304 -
2023-04-22 04:38:03,660:INFO:127.0.0.1 - - [22/Apr/2023 04:38:03] "[36mGET /static/css/nav.css HTTP/1.1[0m" 304 -
2023-04-22 04:38:03,666:INFO:127.0.0.1 - - [22/Apr/2023 04:38:03] "[36mGET /static/css/carrusel.css HTTP/1.1[0m" 304 -
2023-04-22 04:38:03,696:INFO:127.0.0.1 - - [22/Apr/2023 04:38:03] "[36mGET /static/js/carrusel.js HTTP/1.1[0m" 304 -
2023-04-22 04:38:03,700:INFO:127.0.0.1 - - [22/Apr/2023 04:38:03] "[33mGET /security/static/sweetalert2/sweetalert2.min.js HTTP/1.1[0m" 404 -
2023-04-22 04:38:03,708:INFO:127.0.0.1 - - [22/Apr/2023 04:38:03] "[33mGET /security/static/sweetalert2/sweetalert2.min.css HTTP/1.1[0m" 404 -
2023-04-22 04:38:03,713:INFO:127.0.0.1 - - [22/Apr/2023 04:38:03] "[33mGET /security/static/estilos.css HTTP/1.1[0m" 404 -
2023-04-22 04:38:03,762:INFO:127.0.0.1 - - [22/Apr/2023 04:38:03] "[36mGET /static/img/ej4.png HTTP/1.1[0m" 304 -
2023-04-22 04:38:03,769:INFO:127.0.0.1 - - [22/Apr/2023 04:38:03] "[33mGET /security/static/estilos.css HTTP/1.1[0m" 404 -
2023-04-22 04:38:03,789:INFO:127.0.0.1 - - [22/Apr/2023 04:38:03] "[36mGET /static/img/fondo5.jpg HTTP/1.1[0m" 304 -
2023-04-22 04:38:16,920:INFO:127.0.0.1 - - [22/Apr/2023 04:38:16] "[33mPOST /security/registroRecetario HTTP/1.1[0m" 404 -
2023-04-22 04:39:03,777:INFO:127.0.0.1 - - [22/Apr/2023 04:39:03] "GET /security/empleados HTTP/1.1" 200 -
2023-04-22 04:39:03,987:INFO:127.0.0.1 - - [22/Apr/2023 04:39:03] "[36mGET /static/bootstrap/css/bootstrap.min.css HTTP/1.1[0m" 304 -
2023-04-22 04:39:04,001:INFO:127.0.0.1 - - [22/Apr/2023 04:39:04] "[36mGET /static/bootstrap/css/bootstrap-responsive.min.css HTTP/1.1[0m" 304 -
2023-04-22 04:39:04,017:INFO:127.0.0.1 - - [22/Apr/2023 04:39:04] "[36mGET /static/bootstrap/css/styles.css HTTP/1.1[0m" 304 -
2023-04-22 04:39:04,037:INFO:127.0.0.1 - - [22/Apr/2023 04:39:04] "[36mGET /static/css/nav.css HTTP/1.1[0m" 304 -
2023-04-22 04:39:04,070:INFO:127.0.0.1 - - [22/Apr/2023 04:39:04] "[36mGET /static/css/carrusel.css HTTP/1.1[0m" 304 -
2023-04-22 04:39:04,072:INFO:127.0.0.1 - - [22/Apr/2023 04:39:04] "[36mGET /static/js/carrusel.js HTTP/1.1[0m" 304 -
2023-04-22 04:39:04,072:INFO:127.0.0.1 - - [22/Apr/2023 04:39:04] "[33mGET /security/static/sweetalert2/sweetalert2.min.css HTTP/1.1[0m" 404 -
2023-04-22 04:39:04,086:INFO:127.0.0.1 - - [22/Apr/2023 04:39:04] "[33mGET /security/static/sweetalert2/sweetalert2.min.js HTTP/1.1[0m" 404 -
2023-04-22 04:39:04,101:INFO:127.0.0.1 - - [22/Apr/2023 04:39:04] "[33mGET /security/static/estilos.css HTTP/1.1[0m" 404 -
2023-04-22 04:39:04,158:INFO:127.0.0.1 - - [22/Apr/2023 04:39:04] "[33mGET /security/static/sweetalert2/sweetalert2.min.css HTTP/1.1[0m" 404 -
2023-04-22 04:39:04,161:INFO:127.0.0.1 - - [22/Apr/2023 04:39:04] "[36mGET /static/img/ej4.png HTTP/1.1[0m" 304 -
2023-04-22 04:39:04,161:INFO:127.0.0.1 - - [22/Apr/2023 04:39:04] "[33mGET /security/static/estilos.css HTTP/1.1[0m" 404 -
2023-04-22 04:39:04,178:INFO:127.0.0.1 - - [22/Apr/2023 04:39:04] "[36mGET /static/img/fondo5.jpg HTTP/1.1[0m" 304 -
2023-04-22 04:39:04,204:INFO:127.0.0.1 - - [22/Apr/2023 04:39:04] "[36mGET /static/bootstrap/img/glyphicons-halflings-white.png HTTP/1.1[0m" 304 -
2023-04-22 04:39:10,062:INFO:127.0.0.1 - - [22/Apr/2023 04:39:10] "GET /security/registroRecetario_admin HTTP/1.1" 200 -
2023-04-22 04:39:10,195:INFO:127.0.0.1 - - [22/Apr/2023 04:39:10] "[36mGET /static/bootstrap/css/bootstrap.min.css HTTP/1.1[0m" 304 -
2023-04-22 04:39:10,220:INFO:127.0.0.1 - - [22/Apr/2023 04:39:10] "[36mGET /static/bootstrap/css/bootstrap-responsive.min.css HTTP/1.1[0m" 304 -
2023-04-22 04:39:10,237:INFO:127.0.0.1 - - [22/Apr/2023 04:39:10] "[36mGET /static/bootstrap/css/styles.css HTTP/1.1[0m" 304 -
2023-04-22 04:39:10,260:INFO:127.0.0.1 - - [22/Apr/2023 04:39:10] "[36mGET /static/css/nav.css HTTP/1.1[0m" 304 -
2023-04-22 04:39:10,270:INFO:127.0.0.1 - - [22/Apr/2023 04:39:10] "[36mGET /static/css/carrusel.css HTTP/1.1[0m" 304 -
2023-04-22 04:39:10,303:INFO:127.0.0.1 - - [22/Apr/2023 04:39:10] "[33mGET /security/static/sweetalert2/sweetalert2.min.css HTTP/1.1[0m" 404 -
2023-04-22 04:39:10,307:INFO:127.0.0.1 - - [22/Apr/2023 04:39:10] "[33mGET /security/static/sweetalert2/sweetalert2.min.js HTTP/1.1[0m" 404 -
2023-04-22 04:39:10,310:INFO:127.0.0.1 - - [22/Apr/2023 04:39:10] "[36mGET /static/js/carrusel.js HTTP/1.1[0m" 304 -
2023-04-22 04:39:10,319:INFO:127.0.0.1 - - [22/Apr/2023 04:39:10] "[33mGET /security/static/estilos.css HTTP/1.1[0m" 404 -
2023-04-22 04:39:10,376:INFO:127.0.0.1 - - [22/Apr/2023 04:39:10] "[33mGET /security/static/sweetalert2/sweetalert2.min.css HTTP/1.1[0m" 404 -
2023-04-22 04:39:10,379:INFO:127.0.0.1 - - [22/Apr/2023 04:39:10] "[36mGET /static/img/ej4.png HTTP/1.1[0m" 304 -
2023-04-22 04:39:10,388:INFO:127.0.0.1 - - [22/Apr/2023 04:39:10] "[33mGET /security/static/sweetalert2/sweetalert2.min.js HTTP/1.1[0m" 404 -
2023-04-22 04:39:10,395:INFO:127.0.0.1 - - [22/Apr/2023 04:39:10] "[36mGET /static/img/fondo5.jpg HTTP/1.1[0m" 304 -
2023-04-22 04:39:10,453:INFO:127.0.0.1 - - [22/Apr/2023 04:39:10] "[33mGET /security/static/estilos.css HTTP/1.1[0m" 404 -
2023-04-22 04:39:22,859:INFO:127.0.0.1 - - [22/Apr/2023 04:39:22] "[33mPOST /security/registroRecetario HTTP/1.1[0m" 404 -
2023-04-22 04:39:56,229:INFO: * Detected change in 'C:\\curso_python\\Proyecto Final\\The_World_of_cakes\\project\\auth.py', reloading
2023-04-22 04:39:56,691:INFO: * Restarting with stat
2023-04-22 04:39:59,097:INFO:Se inicio la aplicacion
2023-04-22 04:39:59,116:WARNING: * Debugger is active!
2023-04-22 04:39:59,123:INFO: * Debugger PIN: 341-549-671
2023-04-22 04:40:01,779:INFO:127.0.0.1 - - [22/Apr/2023 04:40:01] "[32mGET /security/registroRecetario_admin HTTP/1.1[0m" 302 -
2023-04-22 04:40:01,837:INFO:127.0.0.1 - - [22/Apr/2023 04:40:01] "GET /login?next=%2Fsecurity%2FregistroRecetario_admin HTTP/1.1" 200 -
2023-04-22 04:40:01,900:INFO:127.0.0.1 - - [22/Apr/2023 04:40:01] "[33mGET /favicon.ico HTTP/1.1[0m" 404 -
2023-04-22 04:40:08,758:INFO:127.0.0.1 - - [22/Apr/2023 04:40:08] "GET / HTTP/1.1" 200 -
2023-04-22 04:40:08,852:INFO:127.0.0.1 - - [22/Apr/2023 04:40:08] "[36mGET /static/bootstrap/css/bootstrap.min.css HTTP/1.1[0m" 304 -
2023-04-22 04:40:08,866:INFO:127.0.0.1 - - [22/Apr/2023 04:40:08] "[36mGET /static/bootstrap/css/bootstrap-responsive.min.css HTTP/1.1[0m" 304 -
2023-04-22 04:40:08,871:INFO:127.0.0.1 - - [22/Apr/2023 04:40:08] "[36mGET /static/css/nav.css HTTP/1.1[0m" 304 -
2023-04-22 04:40:08,872:INFO:127.0.0.1 - - [22/Apr/2023 04:40:08] "[36mGET /static/bootstrap/css/styles.css HTTP/1.1[0m" 304 -
2023-04-22 04:40:08,906:INFO:127.0.0.1 - - [22/Apr/2023 04:40:08] "[36mGET /static/css/carrusel.css HTTP/1.1[0m" 304 -
2023-04-22 04:40:08,916:INFO:127.0.0.1 - - [22/Apr/2023 04:40:08] "[36mGET /static/js/carrusel.js HTTP/1.1[0m" 304 -
2023-04-22 04:40:08,968:INFO:127.0.0.1 - - [22/Apr/2023 04:40:08] "[36mGET /static/img/ej4.png HTTP/1.1[0m" 304 -
2023-04-22 04:40:08,974:INFO:127.0.0.1 - - [22/Apr/2023 04:40:08] "[36mGET /static/img/mision2.jpg HTTP/1.1[0m" 304 -
2023-04-22 04:40:08,985:INFO:127.0.0.1 - - [22/Apr/2023 04:40:08] "[36mGET /static/img/vision.png HTTP/1.1[0m" 304 -
2023-04-22 04:40:08,991:INFO:127.0.0.1 - - [22/Apr/2023 04:40:08] "[36mGET /static/img/fondo5.jpg HTTP/1.1[0m" 304 -
2023-04-22 04:40:10,790:INFO:127.0.0.1 - - [22/Apr/2023 04:40:10] "GET /security/login HTTP/1.1" 200 -
2023-04-22 04:40:10,959:INFO:127.0.0.1 - - [22/Apr/2023 04:40:10] "[36mGET /static/bootstrap/css/bootstrap.min.css HTTP/1.1[0m" 304 -
2023-04-22 04:40:10,977:INFO:127.0.0.1 - - [22/Apr/2023 04:40:10] "[36mGET /static/bootstrap/css/bootstrap-responsive.min.css HTTP/1.1[0m" 304 -
2023-04-22 04:40:10,994:INFO:127.0.0.1 - - [22/Apr/2023 04:40:10] "[36mGET /static/bootstrap/css/styles.css HTTP/1.1[0m" 304 -
2023-04-22 04:40:11,001:INFO:127.0.0.1 - - [22/Apr/2023 04:40:11] "[36mGET /static/css/carrusel.css HTTP/1.1[0m" 304 -
2023-04-22 04:40:11,003:INFO:127.0.0.1 - - [22/Apr/2023 04:40:11] "[36mGET /static/css/nav.css HTTP/1.1[0m" 304 -
2023-04-22 04:40:11,008:INFO:127.0.0.1 - - [22/Apr/2023 04:40:11] "[36mGET /static/js/carrusel.js HTTP/1.1[0m" 304 -
2023-04-22 04:40:11,015:INFO:127.0.0.1 - - [22/Apr/2023 04:40:11] "[33mGET /security/static/estilos.css HTTP/1.1[0m" 404 -
2023-04-22 04:40:11,059:INFO:127.0.0.1 - - [22/Apr/2023 04:40:11] "[36mGET /static/img/ej4.png HTTP/1.1[0m" 304 -
2023-04-22 04:40:11,067:INFO:127.0.0.1 - - [22/Apr/2023 04:40:11] "[33mGET /security/static/estilos.css HTTP/1.1[0m" 404 -
2023-04-22 04:40:11,073:INFO:127.0.0.1 - - [22/Apr/2023 04:40:11] "[36mGET /static/img/fondo5.jpg HTTP/1.1[0m" 304 -
2023-04-22 04:40:14,790:DEBUG:El usuario FernandoLP.mx@outlook.com ingreso al sistema
2023-04-22 04:40:14,793:INFO:127.0.0.1 - - [22/Apr/2023 04:40:14] "[32mPOST /security/login HTTP/1.1[0m" 302 -
2023-04-22 04:40:14,818:INFO:127.0.0.1 - - [22/Apr/2023 04:40:14] "GET / HTTP/1.1" 200 -
2023-04-22 04:40:14,913:INFO:127.0.0.1 - - [22/Apr/2023 04:40:14] "[36mGET /static/bootstrap/css/bootstrap.min.css HTTP/1.1[0m" 304 -
2023-04-22 04:40:14,928:INFO:127.0.0.1 - - [22/Apr/2023 04:40:14] "[36mGET /static/bootstrap/css/bootstrap-responsive.min.css HTTP/1.1[0m" 304 -
2023-04-22 04:40:14,934:INFO:127.0.0.1 - - [22/Apr/2023 04:40:14] "[36mGET /static/bootstrap/css/styles.css HTTP/1.1[0m" 304 -
2023-04-22 04:40:14,949:INFO:127.0.0.1 - - [22/Apr/2023 04:40:14] "[36mGET /static/css/nav.css HTTP/1.1[0m" 304 -
2023-04-22 04:40:14,970:INFO:127.0.0.1 - - [22/Apr/2023 04:40:14] "[36mGET /static/css/carrusel.css HTTP/1.1[0m" 304 -
2023-04-22 04:40:14,972:INFO:127.0.0.1 - - [22/Apr/2023 04:40:14] "[36mGET /static/js/carrusel.js HTTP/1.1[0m" 304 -
2023-04-22 04:40:15,033:INFO:127.0.0.1 - - [22/Apr/2023 04:40:15] "[36mGET /static/img/ej4.png HTTP/1.1[0m" 304 -
2023-04-22 04:40:15,037:INFO:127.0.0.1 - - [22/Apr/2023 04:40:15] "[36mGET /static/img/mision2.jpg HTTP/1.1[0m" 304 -
2023-04-22 04:40:15,059:INFO:127.0.0.1 - - [22/Apr/2023 04:40:15] "[36mGET /static/img/vision.png HTTP/1.1[0m" 304 -
2023-04-22 04:40:15,061:INFO:127.0.0.1 - - [22/Apr/2023 04:40:15] "[36mGET /static/img/fondo5.jpg HTTP/1.1[0m" 304 -
2023-04-22 04:40:15,143:INFO:127.0.0.1 - - [22/Apr/2023 04:40:15] "[33mGET /favicon.ico HTTP/1.1[0m" 404 -
2023-04-22 04:40:17,986:INFO:127.0.0.1 - - [22/Apr/2023 04:40:17] "GET /security/registroRecetario_admin HTTP/1.1" 200 -
2023-04-22 04:40:18,106:INFO:127.0.0.1 - - [22/Apr/2023 04:40:18] "[36mGET /static/bootstrap/css/bootstrap.min.css HTTP/1.1[0m" 304 -
2023-04-22 04:40:18,138:INFO:127.0.0.1 - - [22/Apr/2023 04:40:18] "[36mGET /static/bootstrap/css/styles.css HTTP/1.1[0m" 304 -
2023-04-22 04:40:18,139:INFO:127.0.0.1 - - [22/Apr/2023 04:40:18] "[36mGET /static/bootstrap/css/bootstrap-responsive.min.css HTTP/1.1[0m" 304 -
2023-04-22 04:40:18,141:INFO:127.0.0.1 - - [22/Apr/2023 04:40:18] "[36mGET /static/css/nav.css HTTP/1.1[0m" 304 -
2023-04-22 04:40:18,162:INFO:127.0.0.1 - - [22/Apr/2023 04:40:18] "[36mGET /static/css/carrusel.css HTTP/1.1[0m" 304 -
2023-04-22 04:40:18,165:INFO:127.0.0.1 - - [22/Apr/2023 04:40:18] "[36mGET /static/js/carrusel.js HTTP/1.1[0m" 304 -
2023-04-22 04:40:18,191:INFO:127.0.0.1 - - [22/Apr/2023 04:40:18] "[33mGET /security/static/sweetalert2/sweetalert2.min.css HTTP/1.1[0m" 404 -
2023-04-22 04:40:18,193:INFO:127.0.0.1 - - [22/Apr/2023 04:40:18] "[33mGET /security/static/sweetalert2/sweetalert2.min.js HTTP/1.1[0m" 404 -
2023-04-22 04:40:18,195:INFO:127.0.0.1 - - [22/Apr/2023 04:40:18] "[33mGET /security/static/estilos.css HTTP/1.1[0m" 404 -
2023-04-22 04:40:18,236:INFO:127.0.0.1 - - [22/Apr/2023 04:40:18] "[33mGET /security/static/estilos.css HTTP/1.1[0m" 404 -
2023-04-22 04:40:18,236:INFO:127.0.0.1 - - [22/Apr/2023 04:40:18] "[36mGET /static/img/ej4.png HTTP/1.1[0m" 304 -
2023-04-22 04:40:18,248:INFO:127.0.0.1 - - [22/Apr/2023 04:40:18] "[36mGET /static/img/fondo5.jpg HTTP/1.1[0m" 304 -
2023-04-22 04:40:27,389:INFO:127.0.0.1 - - [22/Apr/2023 04:40:27] "[33mPOST /security/registroRecetario HTTP/1.1[0m" 404 -
2023-04-22 04:41:44,873:INFO:127.0.0.1 - - [22/Apr/2023 04:41:44] "GET /security/registroRecetario_admin HTTP/1.1" 200 -
2023-04-22 04:41:44,968:INFO:127.0.0.1 - - [22/Apr/2023 04:41:44] "[36mGET /static/bootstrap/css/bootstrap.min.css HTTP/1.1[0m" 304 -
2023-04-22 04:41:44,975:INFO:127.0.0.1 - - [22/Apr/2023 04:41:44] "[36mGET /static/bootstrap/css/bootstrap-responsive.min.css HTTP/1.1[0m" 304 -
2023-04-22 04:41:44,976:INFO:127.0.0.1 - - [22/Apr/2023 04:41:44] "[36mGET /static/bootstrap/css/styles.css HTTP/1.1[0m" 304 -
2023-04-22 04:41:44,986:INFO:127.0.0.1 - - [22/Apr/2023 04:41:44] "[36mGET /static/css/nav.css HTTP/1.1[0m" 304 -
2023-04-22 04:41:45,002:INFO:127.0.0.1 - - [22/Apr/2023 04:41:45] "[36mGET /static/css/carrusel.css HTTP/1.1[0m" 304 -
2023-04-22 04:41:45,023:INFO:127.0.0.1 - - [22/Apr/2023 04:41:45] "[36mGET /static/js/carrusel.js HTTP/1.1[0m" 304 -
2023-04-22 04:41:45,028:INFO:127.0.0.1 - - [22/Apr/2023 04:41:45] "[33mGET /security/static/sweetalert2/sweetalert2.min.css HTTP/1.1[0m" 404 -
2023-04-22 04:41:45,052:INFO:127.0.0.1 - - [22/Apr/2023 04:41:45] "[33mGET /security/static/sweetalert2/sweetalert2.min.js HTTP/1.1[0m" 404 -
2023-04-22 04:41:45,054:INFO:127.0.0.1 - - [22/Apr/2023 04:41:45] "[33mGET /security/static/estilos.css HTTP/1.1[0m" 404 -
2023-04-22 04:41:45,079:INFO:127.0.0.1 - - [22/Apr/2023 04:41:45] "[36mGET /static/img/ej4.png HTTP/1.1[0m" 304 -
2023-04-22 04:41:45,089:INFO:127.0.0.1 - - [22/Apr/2023 04:41:45] "[36mGET /static/img/fondo5.jpg HTTP/1.1[0m" 304 -
2023-04-22 04:41:45,125:INFO:127.0.0.1 - - [22/Apr/2023 04:41:45] "[33mGET /security/static/estilos.css HTTP/1.1[0m" 404 -
2023-04-22 04:41:58,055:INFO:127.0.0.1 - - [22/Apr/2023 04:41:58] "[33mPOST /security/registroRecetario HTTP/1.1[0m" 404 -
2023-04-22 04:42:29,156:INFO:127.0.0.1 - - [22/Apr/2023 04:42:29] "[33mPOST /security/registroRecetario HTTP/1.1[0m" 404 -
2023-04-22 04:42:36,193:INFO:127.0.0.1 - - [22/Apr/2023 04:42:36] "GET /security/registroRecetario_admin HTTP/1.1" 200 -
2023-04-22 04:42:36,330:INFO:127.0.0.1 - - [22/Apr/2023 04:42:36] "[36mGET /static/bootstrap/css/bootstrap.min.css HTTP/1.1[0m" 304 -
2023-04-22 04:42:36,333:INFO:127.0.0.1 - - [22/Apr/2023 04:42:36] "[36mGET /static/bootstrap/css/bootstrap-responsive.min.css HTTP/1.1[0m" 304 -
2023-04-22 04:42:36,337:INFO:127.0.0.1 - - [22/Apr/2023 04:42:36] "[36mGET /static/bootstrap/css/styles.css HTTP/1.1[0m" 304 -
2023-04-22 04:42:36,364:INFO:127.0.0.1 - - [22/Apr/2023 04:42:36] "[36mGET /static/css/carrusel.css HTTP/1.1[0m" 304 -
2023-04-22 04:42:36,369:INFO:127.0.0.1 - - [22/Apr/2023 04:42:36] "[36mGET /static/css/nav.css HTTP/1.1[0m" 304 -
2023-04-22 04:42:36,381:INFO:127.0.0.1 - - [22/Apr/2023 04:42:36] "[33mGET /security/static/sweetalert2/sweetalert2.min.js HTTP/1.1[0m" 404 -
2023-04-22 04:42:36,381:INFO:127.0.0.1 - - [22/Apr/2023 04:42:36] "[36mGET /static/js/carrusel.js HTTP/1.1[0m" 304 -
2023-04-22 04:42:36,386:INFO:127.0.0.1 - - [22/Apr/2023 04:42:36] "[33mGET /security/static/sweetalert2/sweetalert2.min.css HTTP/1.1[0m" 404 -
2023-04-22 04:42:36,398:INFO:127.0.0.1 - - [22/Apr/2023 04:42:36] "[33mGET /security/static/estilos.css HTTP/1.1[0m" 404 -
2023-04-22 04:42:36,442:INFO:127.0.0.1 - - [22/Apr/2023 04:42:36] "[33mGET /security/static/sweetalert2/sweetalert2.min.js HTTP/1.1[0m" 404 -
2023-04-22 04:42:36,447:INFO:127.0.0.1 - - [22/Apr/2023 04:42:36] "[36mGET /static/img/ej4.png HTTP/1.1[0m" 304 -
2023-04-22 04:42:36,451:INFO:127.0.0.1 - - [22/Apr/2023 04:42:36] "[36mGET /static/img/fondo5.jpg HTTP/1.1[0m" 304 -
2023-04-22 04:42:36,468:INFO:127.0.0.1 - - [22/Apr/2023 04:42:36] "[33mGET /security/static/estilos.css HTTP/1.1[0m" 404 -
2023-04-22 04:42:38,689:INFO:127.0.0.1 - - [22/Apr/2023 04:42:38] "GET /security/registroRecetario_admin HTTP/1.1" 200 -
2023-04-22 04:42:38,753:INFO:127.0.0.1 - - [22/Apr/2023 04:42:38] "[36mGET /static/bootstrap/css/bootstrap.min.css HTTP/1.1[0m" 304 -
2023-04-22 04:42:38,807:INFO:127.0.0.1 - - [22/Apr/2023 04:42:38] "[36mGET /static/bootstrap/css/bootstrap-responsive.min.css HTTP/1.1[0m" 304 -
2023-04-22 04:42:38,816:INFO:127.0.0.1 - - [22/Apr/2023 04:42:38] "[36mGET /static/bootstrap/css/styles.css HTTP/1.1[0m" 304 -
2023-04-22 04:42:38,822:INFO:127.0.0.1 - - [22/Apr/2023 04:42:38] "[36mGET /static/css/nav.css HTTP/1.1[0m" 304 -
2023-04-22 04:42:38,835:INFO:127.0.0.1 - - [22/Apr/2023 04:42:38] "[36mGET /static/js/carrusel.js HTTP/1.1[0m" 304 -
2023-04-22 04:42:38,842:INFO:127.0.0.1 - - [22/Apr/2023 04:42:38] "[33mGET /security/static/sweetalert2/sweetalert2.min.css HTTP/1.1[0m" 404 -
2023-04-22 04:42:38,842:INFO:127.0.0.1 - - [22/Apr/2023 04:42:38] "[36mGET /static/css/carrusel.css HTTP/1.1[0m" 304 -
2023-04-22 04:42:38,856:INFO:127.0.0.1 - - [22/Apr/2023 04:42:38] "[33mGET /security/static/sweetalert2/sweetalert2.min.js HTTP/1.1[0m" 404 -
2023-04-22 04:42:38,863:INFO:127.0.0.1 - - [22/Apr/2023 04:42:38] "[33mGET /security/static/estilos.css HTTP/1.1[0m" 404 -
2023-04-22 04:42:38,915:INFO:127.0.0.1 - - [22/Apr/2023 04:42:38] "[36mGET /static/img/ej4.png HTTP/1.1[0m" 304 -
2023-04-22 04:42:38,916:INFO:127.0.0.1 - - [22/Apr/2023 04:42:38] "[33mGET /security/static/sweetalert2/sweetalert2.min.css HTTP/1.1[0m" 404 -
2023-04-22 04:42:38,933:INFO:127.0.0.1 - - [22/Apr/2023 04:42:38] "[33mGET /security/static/estilos.css HTTP/1.1[0m" 404 -
2023-04-22 04:42:38,944:INFO:127.0.0.1 - - [22/Apr/2023 04:42:38] "[36mGET /static/img/fondo5.jpg HTTP/1.1[0m" 304 -
2023-04-22 04:42:48,716:INFO:127.0.0.1 - - [22/Apr/2023 04:42:48] "[35m[1mPOST /security/registroRecetario_admin HTTP/1.1[0m" 500 -
2023-04-22 04:42:48,765:INFO:127.0.0.1 - - [22/Apr/2023 04:42:48] "GET /security/registroRecetario_admin?__debugger__=yes&cmd=resource&f=style.css HTTP/1.1" 200 -
2023-04-22 04:42:48,772:INFO:127.0.0.1 - - [22/Apr/2023 04:42:48] "GET /security/registroRecetario_admin?__debugger__=yes&cmd=resource&f=debugger.js HTTP/1.1" 200 -
2023-04-22 04:42:48,802:INFO:127.0.0.1 - - [22/Apr/2023 04:42:48] "GET /security/registroRecetario_admin?__debugger__=yes&cmd=resource&f=console.png HTTP/1.1" 200 -
2023-04-22 04:42:48,809:INFO:127.0.0.1 - - [22/Apr/2023 04:42:48] "[36mGET /security/registroRecetario_admin?__debugger__=yes&cmd=resource&f=console.png HTTP/1.1[0m" 304 -
2023-04-22 04:44:53,578:INFO:127.0.0.1 - - [22/Apr/2023 04:44:53] "[35m[1mGET /security/registroRecetario_admin HTTP/1.1[0m" 500 -
2023-04-22 04:45:03,306:INFO:127.0.0.1 - - [22/Apr/2023 04:45:03] "[35m[1mGET /security/registroRecetario_admin HTTP/1.1[0m" 500 -
2023-04-22 04:45:03,498:INFO:127.0.0.1 - - [22/Apr/2023 04:45:03] "[36mGET /security/registroRecetario_admin?__debugger__=yes&cmd=resource&f=style.css HTTP/1.1[0m" 304 -
2023-04-22 04:45:03,504:INFO:127.0.0.1 - - [22/Apr/2023 04:45:03] "[36mGET /security/registroRecetario_admin?__debugger__=yes&cmd=resource&f=debugger.js HTTP/1.1[0m" 304 -
2023-04-22 04:45:03,550:INFO:127.0.0.1 - - [22/Apr/2023 04:45:03] "[36mGET /security/registroRecetario_admin?__debugger__=yes&cmd=resource&f=console.png HTTP/1.1[0m" 304 -
2023-04-22 04:45:09,350:INFO:127.0.0.1 - - [22/Apr/2023 04:45:09] "[35m[1mGET / HTTP/1.1[0m" 500 -
2023-04-22 04:45:09,400:INFO:127.0.0.1 - - [22/Apr/2023 04:45:09] "[36mGET /?__debugger__=yes&cmd=resource&f=style.css HTTP/1.1[0m" 304 -
2023-04-22 04:45:09,409:INFO:127.0.0.1 - - [22/Apr/2023 04:45:09] "[36mGET /?__debugger__=yes&cmd=resource&f=debugger.js HTTP/1.1[0m" 304 -
2023-04-22 04:45:09,489:INFO:127.0.0.1 - - [22/Apr/2023 04:45:09] "[36mGET /?__debugger__=yes&cmd=resource&f=console.png HTTP/1.1[0m" 304 -
2023-04-22 04:45:27,301:INFO:Se inicio la aplicacion
2023-04-22 04:45:27,329:INFO:[31m[1mWARNING: This is a development server. Do not use it in a production deployment. Use a production WSGI server instead.[0m
 * Running on http://127.0.0.1:5000
2023-04-22 04:45:27,330:INFO:[33mPress CTRL+C to quit[0m
2023-04-22 04:45:27,334:INFO: * Restarting with stat
2023-04-22 04:45:29,769:INFO:Se inicio la aplicacion
2023-04-22 04:45:29,785:WARNING: * Debugger is active!
2023-04-22 04:45:29,792:INFO: * Debugger PIN: 341-549-671
2023-04-22 04:45:34,349:INFO:127.0.0.1 - - [22/Apr/2023 04:45:34] "GET /security/login HTTP/1.1" 200 -
2023-04-22 04:45:34,420:INFO:127.0.0.1 - - [22/Apr/2023 04:45:34] "[36mGET /static/bootstrap/css/bootstrap.min.css HTTP/1.1[0m" 304 -
2023-04-22 04:45:34,450:INFO:127.0.0.1 - - [22/Apr/2023 04:45:34] "[36mGET /static/bootstrap/css/bootstrap-responsive.min.css HTTP/1.1[0m" 304 -
2023-04-22 04:45:34,458:INFO:127.0.0.1 - - [22/Apr/2023 04:45:34] "[36mGET /static/bootstrap/css/styles.css HTTP/1.1[0m" 304 -
2023-04-22 04:45:34,469:INFO:127.0.0.1 - - [22/Apr/2023 04:45:34] "[36mGET /static/css/nav.css HTTP/1.1[0m" 304 -
2023-04-22 04:45:34,480:INFO:127.0.0.1 - - [22/Apr/2023 04:45:34] "[36mGET /static/css/carrusel.css HTTP/1.1[0m" 304 -
2023-04-22 04:45:34,521:INFO:127.0.0.1 - - [22/Apr/2023 04:45:34] "[36mGET /static/js/carrusel.js HTTP/1.1[0m" 304 -
2023-04-22 04:45:34,523:INFO:127.0.0.1 - - [22/Apr/2023 04:45:34] "[33mGET /security/static/estilos.css HTTP/1.1[0m" 404 -
2023-04-22 04:45:34,591:INFO:127.0.0.1 - - [22/Apr/2023 04:45:34] "[36mGET /static/img/ej4.png HTTP/1.1[0m" 304 -
2023-04-22 04:45:34,599:INFO:127.0.0.1 - - [22/Apr/2023 04:45:34] "[33mGET /security/static/estilos.css HTTP/1.1[0m" 404 -
2023-04-22 04:45:34,625:INFO:127.0.0.1 - - [22/Apr/2023 04:45:34] "[36mGET /static/img/fondo5.jpg HTTP/1.1[0m" 304 -
2023-04-22 04:45:36,822:INFO:127.0.0.1 - - [22/Apr/2023 04:45:36] "GET /security/register HTTP/1.1" 200 -
2023-04-22 04:45:37,030:INFO:127.0.0.1 - - [22/Apr/2023 04:45:37] "[36mGET /static/bootstrap/css/bootstrap.min.css HTTP/1.1[0m" 304 -
2023-04-22 04:45:37,077:INFO:127.0.0.1 - - [22/Apr/2023 04:45:37] "[36mGET /static/bootstrap/css/styles.css HTTP/1.1[0m" 304 -
2023-04-22 04:45:37,085:INFO:127.0.0.1 - - [22/Apr/2023 04:45:37] "[36mGET /static/bootstrap/css/bootstrap-responsive.min.css HTTP/1.1[0m" 304 -
2023-04-22 04:45:37,091:INFO:127.0.0.1 - - [22/Apr/2023 04:45:37] "[36mGET /static/css/nav.css HTTP/1.1[0m" 304 -
2023-04-22 04:45:37,115:INFO:127.0.0.1 - - [22/Apr/2023 04:45:37] "[36mGET /static/css/carrusel.css HTTP/1.1[0m" 304 -
2023-04-22 04:45:37,120:INFO:127.0.0.1 - - [22/Apr/2023 04:45:37] "[36mGET /static/js/carrusel.js HTTP/1.1[0m" 304 -
2023-04-22 04:45:37,164:INFO:127.0.0.1 - - [22/Apr/2023 04:45:37] "[36mGET /static/img/ej4.png HTTP/1.1[0m" 304 -
2023-04-22 04:45:37,182:INFO:127.0.0.1 - - [22/Apr/2023 04:45:37] "[36mGET /static/img/fondo5.jpg HTTP/1.1[0m" 304 -
2023-04-22 04:46:05,059:DEBUG:Se registro un usuario con el correo: ('FernandoLP.mx@outlook.com',)
2023-04-22 04:46:05,062:INFO:127.0.0.1 - - [22/Apr/2023 04:46:05] "[32mPOST /security/register HTTP/1.1[0m" 302 -
2023-04-22 04:46:05,089:INFO:127.0.0.1 - - [22/Apr/2023 04:46:05] "GET /security/login HTTP/1.1" 200 -
2023-04-22 04:46:05,224:INFO:127.0.0.1 - - [22/Apr/2023 04:46:05] "[36mGET /static/bootstrap/css/bootstrap.min.css HTTP/1.1[0m" 304 -
2023-04-22 04:46:05,239:INFO:127.0.0.1 - - [22/Apr/2023 04:46:05] "[36mGET /static/bootstrap/css/styles.css HTTP/1.1[0m" 304 -
2023-04-22 04:46:05,242:INFO:127.0.0.1 - - [22/Apr/2023 04:46:05] "[36mGET /static/bootstrap/css/bootstrap-responsive.min.css HTTP/1.1[0m" 304 -
2023-04-22 04:46:05,249:INFO:127.0.0.1 - - [22/Apr/2023 04:46:05] "[36mGET /static/css/nav.css HTTP/1.1[0m" 304 -
2023-04-22 04:46:05,266:INFO:127.0.0.1 - - [22/Apr/2023 04:46:05] "[36mGET /static/css/carrusel.css HTTP/1.1[0m" 304 -
2023-04-22 04:46:05,275:INFO:127.0.0.1 - - [22/Apr/2023 04:46:05] "[36mGET /static/js/carrusel.js HTTP/1.1[0m" 304 -
2023-04-22 04:46:05,279:INFO:127.0.0.1 - - [22/Apr/2023 04:46:05] "[33mGET /security/static/estilos.css HTTP/1.1[0m" 404 -
2023-04-22 04:46:05,325:INFO:127.0.0.1 - - [22/Apr/2023 04:46:05] "[36mGET /static/img/ej4.png HTTP/1.1[0m" 304 -
2023-04-22 04:46:05,334:INFO:127.0.0.1 - - [22/Apr/2023 04:46:05] "[33mGET /security/static/estilos.css HTTP/1.1[0m" 404 -
2023-04-22 04:46:05,341:INFO:127.0.0.1 - - [22/Apr/2023 04:46:05] "[36mGET /static/img/fondo5.jpg HTTP/1.1[0m" 304 -
2023-04-22 04:46:30,800:DEBUG:El usuario FernandoLP.mx@outlook.com ingreso al sistema
2023-04-22 04:46:30,802:INFO:127.0.0.1 - - [22/Apr/2023 04:46:30] "[32mPOST /security/login HTTP/1.1[0m" 302 -
2023-04-22 04:46:30,817:INFO:127.0.0.1 - - [22/Apr/2023 04:46:30] "GET / HTTP/1.1" 200 -
2023-04-22 04:46:30,906:INFO:127.0.0.1 - - [22/Apr/2023 04:46:30] "[36mGET /static/bootstrap/css/bootstrap-responsive.min.css HTTP/1.1[0m" 304 -
2023-04-22 04:46:30,924:INFO:127.0.0.1 - - [22/Apr/2023 04:46:30] "[36mGET /static/bootstrap/css/bootstrap.min.css HTTP/1.1[0m" 304 -
2023-04-22 04:46:30,928:INFO:127.0.0.1 - - [22/Apr/2023 04:46:30] "[36mGET /static/bootstrap/css/styles.css HTTP/1.1[0m" 304 -
2023-04-22 04:46:30,935:INFO:127.0.0.1 - - [22/Apr/2023 04:46:30] "[36mGET /static/css/nav.css HTTP/1.1[0m" 304 -
2023-04-22 04:46:30,949:INFO:127.0.0.1 - - [22/Apr/2023 04:46:30] "[36mGET /static/css/carrusel.css HTTP/1.1[0m" 304 -
2023-04-22 04:46:30,976:INFO:127.0.0.1 - - [22/Apr/2023 04:46:30] "[36mGET /static/js/carrusel.js HTTP/1.1[0m" 304 -
2023-04-22 04:46:31,024:INFO:127.0.0.1 - - [22/Apr/2023 04:46:31] "[36mGET /static/img/ej4.png HTTP/1.1[0m" 304 -
2023-04-22 04:46:31,043:INFO:127.0.0.1 - - [22/Apr/2023 04:46:31] "[36mGET /static/img/mision2.jpg HTTP/1.1[0m" 304 -
2023-04-22 04:46:31,068:INFO:127.0.0.1 - - [22/Apr/2023 04:46:31] "[36mGET /static/img/vision.png HTTP/1.1[0m" 304 -
2023-04-22 04:46:31,073:INFO:127.0.0.1 - - [22/Apr/2023 04:46:31] "[36mGET /static/img/fondo5.jpg HTTP/1.1[0m" 304 -
2023-04-22 04:46:31,119:INFO:127.0.0.1 - - [22/Apr/2023 04:46:31] "[33mGET /favicon.ico HTTP/1.1[0m" 404 -
2023-04-22 04:46:34,249:INFO:127.0.0.1 - - [22/Apr/2023 04:46:34] "GET /security/empleados HTTP/1.1" 200 -
2023-04-22 04:46:34,446:INFO:127.0.0.1 - - [22/Apr/2023 04:46:34] "[36mGET /static/bootstrap/css/bootstrap.min.css HTTP/1.1[0m" 304 -
2023-04-22 04:46:34,457:INFO:127.0.0.1 - - [22/Apr/2023 04:46:34] "[36mGET /static/bootstrap/css/bootstrap-responsive.min.css HTTP/1.1[0m" 304 -
2023-04-22 04:46:34,500:INFO:127.0.0.1 - - [22/Apr/2023 04:46:34] "[36mGET /static/bootstrap/css/styles.css HTTP/1.1[0m" 304 -
2023-04-22 04:46:34,506:INFO:127.0.0.1 - - [22/Apr/2023 04:46:34] "[36mGET /static/css/nav.css HTTP/1.1[0m" 304 -
2023-04-22 04:46:34,513:INFO:127.0.0.1 - - [22/Apr/2023 04:46:34] "[36mGET /static/css/carrusel.css HTTP/1.1[0m" 304 -
2023-04-22 04:46:34,513:INFO:127.0.0.1 - - [22/Apr/2023 04:46:34] "[36mGET /static/js/carrusel.js HTTP/1.1[0m" 304 -
2023-04-22 04:46:34,523:INFO:127.0.0.1 - - [22/Apr/2023 04:46:34] "[33mGET /security/static/sweetalert2/sweetalert2.min.js HTTP/1.1[0m" 404 -
2023-04-22 04:46:34,545:INFO:127.0.0.1 - - [22/Apr/2023 04:46:34] "[33mGET /security/static/estilos.css HTTP/1.1[0m" 404 -
2023-04-22 04:46:34,553:INFO:127.0.0.1 - - [22/Apr/2023 04:46:34] "[33mGET /security/static/sweetalert2/sweetalert2.min.css HTTP/1.1[0m" 404 -
2023-04-22 04:46:34,597:INFO:127.0.0.1 - - [22/Apr/2023 04:46:34] "[36mGET /static/img/ej4.png HTTP/1.1[0m" 304 -
2023-04-22 04:46:34,607:INFO:127.0.0.1 - - [22/Apr/2023 04:46:34] "[33mGET /security/static/sweetalert2/sweetalert2.min.js HTTP/1.1[0m" 404 -
2023-04-22 04:46:34,616:INFO:127.0.0.1 - - [22/Apr/2023 04:46:34] "[36mGET /static/img/fondo5.jpg HTTP/1.1[0m" 304 -
2023-04-22 04:46:34,650:INFO:127.0.0.1 - - [22/Apr/2023 04:46:34] "[33mGET /security/static/estilos.css HTTP/1.1[0m" 404 -
2023-04-22 04:48:29,115:INFO:127.0.0.1 - - [22/Apr/2023 04:48:29] "[32mPOST /security/empleados HTTP/1.1[0m" 302 -
2023-04-22 04:48:29,145:INFO:127.0.0.1 - - [22/Apr/2023 04:48:29] "GET /security/empleados HTTP/1.1" 200 -
2023-04-22 04:48:29,249:INFO:127.0.0.1 - - [22/Apr/2023 04:48:29] "[36mGET /static/bootstrap/css/bootstrap.min.css HTTP/1.1[0m" 304 -
2023-04-22 04:48:29,264:INFO:127.0.0.1 - - [22/Apr/2023 04:48:29] "[36mGET /static/bootstrap/css/bootstrap-responsive.min.css HTTP/1.1[0m" 304 -
2023-04-22 04:48:29,305:INFO:127.0.0.1 - - [22/Apr/2023 04:48:29] "[36mGET /static/bootstrap/css/styles.css HTTP/1.1[0m" 304 -
2023-04-22 04:48:29,306:INFO:127.0.0.1 - - [22/Apr/2023 04:48:29] "[36mGET /static/css/nav.css HTTP/1.1[0m" 304 -
2023-04-22 04:48:29,313:INFO:127.0.0.1 - - [22/Apr/2023 04:48:29] "[36mGET /static/css/carrusel.css HTTP/1.1[0m" 304 -
2023-04-22 04:48:29,340:INFO:127.0.0.1 - - [22/Apr/2023 04:48:29] "[36mGET /static/js/carrusel.js HTTP/1.1[0m" 304 -
2023-04-22 04:48:29,353:INFO:127.0.0.1 - - [22/Apr/2023 04:48:29] "[33mGET /security/static/sweetalert2/sweetalert2.min.js HTTP/1.1[0m" 404 -
2023-04-22 04:48:29,353:INFO:127.0.0.1 - - [22/Apr/2023 04:48:29] "[33mGET /security/static/sweetalert2/sweetalert2.min.css HTTP/1.1[0m" 404 -
2023-04-22 04:48:29,366:INFO:127.0.0.1 - - [22/Apr/2023 04:48:29] "[33mGET /security/static/estilos.css HTTP/1.1[0m" 404 -
2023-04-22 04:48:29,415:INFO:127.0.0.1 - - [22/Apr/2023 04:48:29] "[36mGET /static/img/ej4.png HTTP/1.1[0m" 304 -
2023-04-22 04:48:29,416:INFO:127.0.0.1 - - [22/Apr/2023 04:48:29] "[33mGET /security/static/estilos.css HTTP/1.1[0m" 404 -
2023-04-22 04:48:29,430:INFO:127.0.0.1 - - [22/Apr/2023 04:48:29] "[36mGET /static/img/fondo5.jpg HTTP/1.1[0m" 304 -
2023-04-22 04:48:29,461:INFO:127.0.0.1 - - [22/Apr/2023 04:48:29] "[36mGET /static/bootstrap/img/glyphicons-halflings-white.png HTTP/1.1[0m" 304 -
2023-04-22 04:48:29,505:INFO:127.0.0.1 - - [22/Apr/2023 04:48:29] "[33mGET /favicon.ico HTTP/1.1[0m" 404 -
2023-04-22 04:48:34,531:INFO:127.0.0.1 - - [22/Apr/2023 04:48:34] "GET /security/merma_admin HTTP/1.1" 200 -
2023-04-22 04:48:34,667:INFO:127.0.0.1 - - [22/Apr/2023 04:48:34] "[36mGET /static/bootstrap/css/bootstrap.min.css HTTP/1.1[0m" 304 -
2023-04-22 04:48:34,673:INFO:127.0.0.1 - - [22/Apr/2023 04:48:34] "[36mGET /static/bootstrap/css/bootstrap-responsive.min.css HTTP/1.1[0m" 304 -
2023-04-22 04:48:34,697:INFO:127.0.0.1 - - [22/Apr/2023 04:48:34] "[36mGET /static/bootstrap/css/styles.css HTTP/1.1[0m" 304 -
2023-04-22 04:48:34,714:INFO:127.0.0.1 - - [22/Apr/2023 04:48:34] "[36mGET /static/css/nav.css HTTP/1.1[0m" 304 -
2023-04-22 04:48:34,738:INFO:127.0.0.1 - - [22/Apr/2023 04:48:34] "[36mGET /static/css/carrusel.css HTTP/1.1[0m" 304 -
2023-04-22 04:48:34,758:INFO:127.0.0.1 - - [22/Apr/2023 04:48:34] "[33mGET /security/static/sweetalert2/sweetalert2.min.css HTTP/1.1[0m" 404 -
2023-04-22 04:48:34,761:INFO:127.0.0.1 - - [22/Apr/2023 04:48:34] "[36mGET /static/js/carrusel.js HTTP/1.1[0m" 304 -
2023-04-22 04:48:34,765:INFO:127.0.0.1 - - [22/Apr/2023 04:48:34] "[33mGET /security/static/sweetalert2/sweetalert2.min.js HTTP/1.1[0m" 404 -
2023-04-22 04:48:34,777:INFO:127.0.0.1 - - [22/Apr/2023 04:48:34] "[33mGET /security/static/estilos.css HTTP/1.1[0m" 404 -
2023-04-22 04:48:34,821:INFO:127.0.0.1 - - [22/Apr/2023 04:48:34] "[36mGET /static/img/ej4.png HTTP/1.1[0m" 304 -
2023-04-22 04:48:34,834:INFO:127.0.0.1 - - [22/Apr/2023 04:48:34] "[33mGET /security/static/sweetalert2/sweetalert2.min.css HTTP/1.1[0m" 404 -
2023-04-22 04:48:34,855:INFO:127.0.0.1 - - [22/Apr/2023 04:48:34] "[33mGET /security/static/estilos.css HTTP/1.1[0m" 404 -
2023-04-22 04:48:34,881:INFO:127.0.0.1 - - [22/Apr/2023 04:48:34] "[36mGET /static/img/fondo5.jpg HTTP/1.1[0m" 304 -
2023-04-22 04:48:50,587:INFO:127.0.0.1 - - [22/Apr/2023 04:48:50] "POST /security/merma_admin HTTP/1.1" 200 -
2023-04-22 04:48:50,669:INFO:127.0.0.1 - - [22/Apr/2023 04:48:50] "[36mGET /static/bootstrap/css/bootstrap.min.css HTTP/1.1[0m" 304 -
2023-04-22 04:48:50,676:INFO:127.0.0.1 - - [22/Apr/2023 04:48:50] "[36mGET /static/bootstrap/css/bootstrap-responsive.min.css HTTP/1.1[0m" 304 -
2023-04-22 04:48:50,680:INFO:127.0.0.1 - - [22/Apr/2023 04:48:50] "[36mGET /static/bootstrap/css/styles.css HTTP/1.1[0m" 304 -
2023-04-22 04:48:50,681:INFO:127.0.0.1 - - [22/Apr/2023 04:48:50] "[36mGET /static/css/nav.css HTTP/1.1[0m" 304 -
2023-04-22 04:48:50,713:INFO:127.0.0.1 - - [22/Apr/2023 04:48:50] "[36mGET /static/css/carrusel.css HTTP/1.1[0m" 304 -
2023-04-22 04:48:50,737:INFO:127.0.0.1 - - [22/Apr/2023 04:48:50] "[36mGET /static/js/carrusel.js HTTP/1.1[0m" 304 -
2023-04-22 04:48:50,738:INFO:127.0.0.1 - - [22/Apr/2023 04:48:50] "[33mGET /security/static/sweetalert2/sweetalert2.min.css HTTP/1.1[0m" 404 -
2023-04-22 04:48:50,755:INFO:127.0.0.1 - - [22/Apr/2023 04:48:50] "[33mGET /security/static/sweetalert2/sweetalert2.min.js HTTP/1.1[0m" 404 -
2023-04-22 04:48:50,764:INFO:127.0.0.1 - - [22/Apr/2023 04:48:50] "[33mGET /security/static/estilos.css HTTP/1.1[0m" 404 -
2023-04-22 04:48:50,802:INFO:127.0.0.1 - - [22/Apr/2023 04:48:50] "[36mGET /static/img/ej4.png HTTP/1.1[0m" 304 -
2023-04-22 04:48:50,806:INFO:127.0.0.1 - - [22/Apr/2023 04:48:50] "[36mGET /static/img/fondo5.jpg HTTP/1.1[0m" 304 -
2023-04-22 04:48:50,820:INFO:127.0.0.1 - - [22/Apr/2023 04:48:50] "[33mGET /security/static/estilos.css HTTP/1.1[0m" 404 -
2023-04-22 04:48:50,841:INFO:127.0.0.1 - - [22/Apr/2023 04:48:50] "[36mGET /static/bootstrap/img/glyphicons-halflings-white.png HTTP/1.1[0m" 304 -
2023-04-22 04:48:50,873:INFO:127.0.0.1 - - [22/Apr/2023 04:48:50] "[33mGET /favicon.ico HTTP/1.1[0m" 404 -
2023-04-22 04:48:58,614:INFO:127.0.0.1 - - [22/Apr/2023 04:48:58] "[35m[1mGET /security/registroRecetario_admin HTTP/1.1[0m" 500 -
2023-04-22 04:48:58,684:INFO:127.0.0.1 - - [22/Apr/2023 04:48:58] "[36mGET /security/registroRecetario_admin?__debugger__=yes&cmd=resource&f=style.css HTTP/1.1[0m" 304 -
2023-04-22 04:48:58,690:INFO:127.0.0.1 - - [22/Apr/2023 04:48:58] "[36mGET /security/registroRecetario_admin?__debugger__=yes&cmd=resource&f=debugger.js HTTP/1.1[0m" 304 -
2023-04-22 04:48:58,720:INFO:127.0.0.1 - - [22/Apr/2023 04:48:58] "[36mGET /security/registroRecetario_admin?__debugger__=yes&cmd=resource&f=console.png HTTP/1.1[0m" 304 -
2023-04-22 04:49:18,645:INFO: * Detected change in 'C:\\curso_python\\Proyecto Final\\The_World_of_cakes\\project\\auth.py', reloading
2023-04-22 04:49:18,911:INFO: * Restarting with stat
2023-04-22 04:49:21,359:INFO:Se inicio la aplicacion
2023-04-22 04:49:21,391:WARNING: * Debugger is active!
2023-04-22 04:49:21,419:INFO: * Debugger PIN: 341-549-671
2023-04-22 04:49:25,097:INFO:127.0.0.1 - - [22/Apr/2023 04:49:25] "GET /security/merma_admin HTTP/1.1" 200 -
2023-04-22 04:49:25,165:INFO:127.0.0.1 - - [22/Apr/2023 04:49:25] "[36mGET /static/bootstrap/css/bootstrap.min.css HTTP/1.1[0m" 304 -
2023-04-22 04:49:25,178:INFO:127.0.0.1 - - [22/Apr/2023 04:49:25] "[36mGET /static/bootstrap/css/bootstrap-responsive.min.css HTTP/1.1[0m" 304 -
2023-04-22 04:49:25,194:INFO:127.0.0.1 - - [22/Apr/2023 04:49:25] "[36mGET /static/css/nav.css HTTP/1.1[0m" 304 -
2023-04-22 04:49:25,199:INFO:127.0.0.1 - - [22/Apr/2023 04:49:25] "[36mGET /static/bootstrap/css/styles.css HTTP/1.1[0m" 304 -
2023-04-22 04:49:25,207:INFO:127.0.0.1 - - [22/Apr/2023 04:49:25] "[36mGET /static/css/carrusel.css HTTP/1.1[0m" 304 -
2023-04-22 04:49:25,218:INFO:127.0.0.1 - - [22/Apr/2023 04:49:25] "[33mGET /security/static/sweetalert2/sweetalert2.min.css HTTP/1.1[0m" 404 -
2023-04-22 04:49:25,220:INFO:127.0.0.1 - - [22/Apr/2023 04:49:25] "[36mGET /static/js/carrusel.js HTTP/1.1[0m" 304 -
2023-04-22 04:49:25,227:INFO:127.0.0.1 - - [22/Apr/2023 04:49:25] "[33mGET /security/static/sweetalert2/sweetalert2.min.js HTTP/1.1[0m" 404 -
2023-04-22 04:49:25,234:INFO:127.0.0.1 - - [22/Apr/2023 04:49:25] "[33mGET /security/static/estilos.css HTTP/1.1[0m" 404 -
2023-04-22 04:49:25,269:INFO:127.0.0.1 - - [22/Apr/2023 04:49:25] "[36mGET /static/img/ej4.png HTTP/1.1[0m" 304 -
2023-04-22 04:49:25,272:INFO:127.0.0.1 - - [22/Apr/2023 04:49:25] "[33mGET /security/static/sweetalert2/sweetalert2.min.css HTTP/1.1[0m" 404 -
2023-04-22 04:49:25,282:INFO:127.0.0.1 - - [22/Apr/2023 04:49:25] "[33mGET /security/static/sweetalert2/sweetalert2.min.js HTTP/1.1[0m" 404 -
2023-04-22 04:49:25,326:INFO:127.0.0.1 - - [22/Apr/2023 04:49:25] "[36mGET /static/img/fondo5.jpg HTTP/1.1[0m" 304 -
2023-04-22 04:49:25,337:INFO:127.0.0.1 - - [22/Apr/2023 04:49:25] "[33mGET /security/static/estilos.css HTTP/1.1[0m" 404 -
2023-04-22 04:49:25,344:INFO:127.0.0.1 - - [22/Apr/2023 04:49:25] "[36mGET /static/bootstrap/img/glyphicons-halflings-white.png HTTP/1.1[0m" 304 -
2023-04-22 04:49:27,090:INFO:127.0.0.1 - - [22/Apr/2023 04:49:27] "GET /security/login HTTP/1.1" 200 -
2023-04-22 04:49:27,359:INFO:127.0.0.1 - - [22/Apr/2023 04:49:27] "[36mGET /static/bootstrap/css/bootstrap.min.css HTTP/1.1[0m" 304 -
2023-04-22 04:49:27,379:INFO:127.0.0.1 - - [22/Apr/2023 04:49:27] "[36mGET /static/bootstrap/css/bootstrap-responsive.min.css HTTP/1.1[0m" 304 -
2023-04-22 04:49:27,392:INFO:127.0.0.1 - - [22/Apr/2023 04:49:27] "[36mGET /static/bootstrap/css/styles.css HTTP/1.1[0m" 304 -
2023-04-22 04:49:27,402:INFO:127.0.0.1 - - [22/Apr/2023 04:49:27] "[36mGET /static/css/nav.css HTTP/1.1[0m" 304 -
2023-04-22 04:49:27,411:INFO:127.0.0.1 - - [22/Apr/2023 04:49:27] "[36mGET /static/css/carrusel.css HTTP/1.1[0m" 304 -
2023-04-22 04:49:27,415:INFO:127.0.0.1 - - [22/Apr/2023 04:49:27] "[36mGET /static/js/carrusel.js HTTP/1.1[0m" 304 -
2023-04-22 04:49:27,418:INFO:127.0.0.1 - - [22/Apr/2023 04:49:27] "[33mGET /security/static/estilos.css HTTP/1.1[0m" 404 -
2023-04-22 04:49:27,467:INFO:127.0.0.1 - - [22/Apr/2023 04:49:27] "[33mGET /security/static/estilos.css HTTP/1.1[0m" 404 -
2023-04-22 04:49:27,467:INFO:127.0.0.1 - - [22/Apr/2023 04:49:27] "[36mGET /static/img/ej4.png HTTP/1.1[0m" 304 -
2023-04-22 04:49:27,481:INFO:127.0.0.1 - - [22/Apr/2023 04:49:27] "[36mGET /static/img/fondo5.jpg HTTP/1.1[0m" 304 -
2023-04-22 04:49:31,697:DEBUG:El usuario FernandoLP.mx@outlook.com ingreso al sistema
2023-04-22 04:49:31,699:INFO:127.0.0.1 - - [22/Apr/2023 04:49:31] "[32mPOST /security/login HTTP/1.1[0m" 302 -
2023-04-22 04:49:31,713:INFO:127.0.0.1 - - [22/Apr/2023 04:49:31] "GET / HTTP/1.1" 200 -
2023-04-22 04:49:31,779:INFO:127.0.0.1 - - [22/Apr/2023 04:49:31] "[36mGET /static/bootstrap/css/bootstrap.min.css HTTP/1.1[0m" 304 -
2023-04-22 04:49:31,811:INFO:127.0.0.1 - - [22/Apr/2023 04:49:31] "[36mGET /static/bootstrap/css/bootstrap-responsive.min.css HTTP/1.1[0m" 304 -
2023-04-22 04:49:31,826:INFO:127.0.0.1 - - [22/Apr/2023 04:49:31] "[36mGET /static/bootstrap/css/styles.css HTTP/1.1[0m" 304 -
2023-04-22 04:49:31,836:INFO:127.0.0.1 - - [22/Apr/2023 04:49:31] "[36mGET /static/css/nav.css HTTP/1.1[0m" 304 -
2023-04-22 04:49:31,860:INFO:127.0.0.1 - - [22/Apr/2023 04:49:31] "[36mGET /static/css/carrusel.css HTTP/1.1[0m" 304 -
2023-04-22 04:49:31,861:INFO:127.0.0.1 - - [22/Apr/2023 04:49:31] "[36mGET /static/js/carrusel.js HTTP/1.1[0m" 304 -
2023-04-22 04:49:31,929:INFO:127.0.0.1 - - [22/Apr/2023 04:49:31] "[36mGET /static/img/ej4.png HTTP/1.1[0m" 304 -
2023-04-22 04:49:31,944:INFO:127.0.0.1 - - [22/Apr/2023 04:49:31] "[36mGET /static/img/mision2.jpg HTTP/1.1[0m" 304 -
2023-04-22 04:49:31,948:INFO:127.0.0.1 - - [22/Apr/2023 04:49:31] "[36mGET /static/img/vision.png HTTP/1.1[0m" 304 -
2023-04-22 04:49:31,955:INFO:127.0.0.1 - - [22/Apr/2023 04:49:31] "[36mGET /static/img/fondo5.jpg HTTP/1.1[0m" 304 -
2023-04-22 04:49:32,011:INFO:127.0.0.1 - - [22/Apr/2023 04:49:32] "[33mGET /favicon.ico HTTP/1.1[0m" 404 -
2023-04-22 04:49:33,873:INFO:127.0.0.1 - - [22/Apr/2023 04:49:33] "GET /security/registroRecetario_admin HTTP/1.1" 200 -
2023-04-22 04:49:34,038:INFO:127.0.0.1 - - [22/Apr/2023 04:49:34] "[36mGET /static/bootstrap/css/bootstrap.min.css HTTP/1.1[0m" 304 -
2023-04-22 04:49:34,045:INFO:127.0.0.1 - - [22/Apr/2023 04:49:34] "[36mGET /static/bootstrap/css/bootstrap-responsive.min.css HTTP/1.1[0m" 304 -
2023-04-22 04:49:34,067:INFO:127.0.0.1 - - [22/Apr/2023 04:49:34] "[36mGET /static/bootstrap/css/styles.css HTTP/1.1[0m" 304 -
2023-04-22 04:49:34,069:INFO:127.0.0.1 - - [22/Apr/2023 04:49:34] "[36mGET /static/css/nav.css HTTP/1.1[0m" 304 -
2023-04-22 04:49:34,095:INFO:127.0.0.1 - - [22/Apr/2023 04:49:34] "[36mGET /static/css/carrusel.css HTTP/1.1[0m" 304 -
2023-04-22 04:49:34,098:INFO:127.0.0.1 - - [22/Apr/2023 04:49:34] "[33mGET /security/static/sweetalert2/sweetalert2.min.css HTTP/1.1[0m" 404 -
2023-04-22 04:49:34,104:INFO:127.0.0.1 - - [22/Apr/2023 04:49:34] "[36mGET /static/js/carrusel.js HTTP/1.1[0m" 304 -
2023-04-22 04:49:34,117:INFO:127.0.0.1 - - [22/Apr/2023 04:49:34] "[33mGET /security/static/estilos.css HTTP/1.1[0m" 404 -
2023-04-22 04:49:34,117:INFO:127.0.0.1 - - [22/Apr/2023 04:49:34] "[33mGET /security/static/sweetalert2/sweetalert2.min.js HTTP/1.1[0m" 404 -
2023-04-22 04:49:34,158:INFO:127.0.0.1 - - [22/Apr/2023 04:49:34] "[33mGET /security/static/sweetalert2/sweetalert2.min.css HTTP/1.1[0m" 404 -
2023-04-22 04:49:34,172:INFO:127.0.0.1 - - [22/Apr/2023 04:49:34] "[36mGET /static/img/ej4.png HTTP/1.1[0m" 304 -
2023-04-22 04:49:34,202:INFO:127.0.0.1 - - [22/Apr/2023 04:49:34] "[36mGET /static/img/fondo5.jpg HTTP/1.1[0m" 304 -
2023-04-22 04:49:34,205:INFO:127.0.0.1 - - [22/Apr/2023 04:49:34] "[33mGET /security/static/estilos.css HTTP/1.1[0m" 404 -
2023-04-22 04:49:48,089:INFO:127.0.0.1 - - [22/Apr/2023 04:49:48] "[32mPOST /security/registroRecetario_admin HTTP/1.1[0m" 302 -
2023-04-22 04:49:48,117:INFO:127.0.0.1 - - [22/Apr/2023 04:49:48] "GET /security/registroRecetario_admin HTTP/1.1" 200 -
2023-04-22 04:49:48,208:INFO:127.0.0.1 - - [22/Apr/2023 04:49:48] "[36mGET /static/bootstrap/css/bootstrap.min.css HTTP/1.1[0m" 304 -
2023-04-22 04:49:48,216:INFO:127.0.0.1 - - [22/Apr/2023 04:49:48] "[36mGET /static/bootstrap/css/bootstrap-responsive.min.css HTTP/1.1[0m" 304 -
2023-04-22 04:49:48,220:INFO:127.0.0.1 - - [22/Apr/2023 04:49:48] "[36mGET /static/bootstrap/css/styles.css HTTP/1.1[0m" 304 -
2023-04-22 04:49:48,221:INFO:127.0.0.1 - - [22/Apr/2023 04:49:48] "[36mGET /static/css/nav.css HTTP/1.1[0m" 304 -
2023-04-22 04:49:48,249:INFO:127.0.0.1 - - [22/Apr/2023 04:49:48] "[36mGET /static/css/carrusel.css HTTP/1.1[0m" 304 -
2023-04-22 04:49:48,271:INFO:127.0.0.1 - - [22/Apr/2023 04:49:48] "[33mGET /security/static/sweetalert2/sweetalert2.min.css HTTP/1.1[0m" 404 -
2023-04-22 04:49:48,272:INFO:127.0.0.1 - - [22/Apr/2023 04:49:48] "[33mGET /security/static/sweetalert2/sweetalert2.min.js HTTP/1.1[0m" 404 -
2023-04-22 04:49:48,278:INFO:127.0.0.1 - - [22/Apr/2023 04:49:48] "[36mGET /static/js/carrusel.js HTTP/1.1[0m" 304 -
2023-04-22 04:49:48,288:INFO:127.0.0.1 - - [22/Apr/2023 04:49:48] "[33mGET /security/static/estilos.css HTTP/1.1[0m" 404 -
2023-04-22 04:49:48,351:INFO:127.0.0.1 - - [22/Apr/2023 04:49:48] "[36mGET /static/img/ej4.png HTTP/1.1[0m" 304 -
2023-04-22 04:49:48,354:INFO:127.0.0.1 - - [22/Apr/2023 04:49:48] "[33mGET /security/static/sweetalert2/sweetalert2.min.css HTTP/1.1[0m" 404 -
2023-04-22 04:49:48,372:INFO:127.0.0.1 - - [22/Apr/2023 04:49:48] "[33mGET /security/static/sweetalert2/sweetalert2.min.js HTTP/1.1[0m" 404 -
2023-04-22 04:49:48,383:INFO:127.0.0.1 - - [22/Apr/2023 04:49:48] "[36mGET /static/img/fondo5.jpg HTTP/1.1[0m" 304 -
2023-04-22 04:49:48,405:INFO:127.0.0.1 - - [22/Apr/2023 04:49:48] "[33mGET /security/static/estilos.css HTTP/1.1[0m" 404 -
2023-04-22 04:49:48,429:INFO:127.0.0.1 - - [22/Apr/2023 04:49:48] "[36mGET /static/bootstrap/img/glyphicons-halflings-white.png HTTP/1.1[0m" 304 -
2023-04-22 04:49:48,456:INFO:127.0.0.1 - - [22/Apr/2023 04:49:48] "[33mGET /favicon.ico HTTP/1.1[0m" 404 -
2023-04-22 04:49:50,949:INFO:127.0.0.1 - - [22/Apr/2023 04:49:50] "GET /security/compraMateria HTTP/1.1" 200 -
2023-04-22 04:49:51,153:INFO:127.0.0.1 - - [22/Apr/2023 04:49:51] "[36mGET /static/bootstrap/css/bootstrap.min.css HTTP/1.1[0m" 304 -
2023-04-22 04:49:51,165:INFO:127.0.0.1 - - [22/Apr/2023 04:49:51] "[36mGET /static/bootstrap/css/bootstrap-responsive.min.css HTTP/1.1[0m" 304 -
2023-04-22 04:49:51,166:INFO:127.0.0.1 - - [22/Apr/2023 04:49:51] "[36mGET /static/bootstrap/css/styles.css HTTP/1.1[0m" 304 -
2023-04-22 04:49:51,181:INFO:127.0.0.1 - - [22/Apr/2023 04:49:51] "[36mGET /static/css/nav.css HTTP/1.1[0m" 304 -
2023-04-22 04:49:51,204:INFO:127.0.0.1 - - [22/Apr/2023 04:49:51] "[36mGET /static/css/carrusel.css HTTP/1.1[0m" 304 -
2023-04-22 04:49:51,212:INFO:127.0.0.1 - - [22/Apr/2023 04:49:51] "[33mGET /security/static/sweetalert2/sweetalert2.min.css HTTP/1.1[0m" 404 -
2023-04-22 04:49:51,218:INFO:127.0.0.1 - - [22/Apr/2023 04:49:51] "[36mGET /static/js/carrusel.js HTTP/1.1[0m" 304 -
2023-04-22 04:49:51,227:INFO:127.0.0.1 - - [22/Apr/2023 04:49:51] "[33mGET /security/static/sweetalert2/sweetalert2.min.js HTTP/1.1[0m" 404 -
2023-04-22 04:49:51,228:INFO:127.0.0.1 - - [22/Apr/2023 04:49:51] "[33mGET /security/static/estilos.css HTTP/1.1[0m" 404 -
2023-04-22 04:49:51,283:INFO:127.0.0.1 - - [22/Apr/2023 04:49:51] "[36mGET /static/img/ej4.png HTTP/1.1[0m" 304 -
2023-04-22 04:49:51,293:INFO:127.0.0.1 - - [22/Apr/2023 04:49:51] "[33mGET /security/static/sweetalert2/sweetalert2.min.css HTTP/1.1[0m" 404 -
2023-04-22 04:49:51,309:INFO:127.0.0.1 - - [22/Apr/2023 04:49:51] "[33mGET /security/static/sweetalert2/sweetalert2.min.js HTTP/1.1[0m" 404 -
2023-04-22 04:49:51,319:INFO:127.0.0.1 - - [22/Apr/2023 04:49:51] "[36mGET /static/img/fondo5.jpg HTTP/1.1[0m" 304 -
2023-04-22 04:49:51,344:INFO:127.0.0.1 - - [22/Apr/2023 04:49:51] "[33mGET /security/static/estilos.css HTTP/1.1[0m" 404 -
2023-04-22 04:50:14,358:INFO:127.0.0.1 - - [22/Apr/2023 04:50:14] "GET /security/proveedor_admin HTTP/1.1" 200 -
2023-04-22 04:50:14,469:INFO:127.0.0.1 - - [22/Apr/2023 04:50:14] "[36mGET /static/bootstrap/css/bootstrap.min.css HTTP/1.1[0m" 304 -
2023-04-22 04:50:14,498:INFO:127.0.0.1 - - [22/Apr/2023 04:50:14] "[36mGET /static/bootstrap/css/bootstrap-responsive.min.css HTTP/1.1[0m" 304 -
2023-04-22 04:50:14,499:INFO:127.0.0.1 - - [22/Apr/2023 04:50:14] "[36mGET /static/bootstrap/css/styles.css HTTP/1.1[0m" 304 -
2023-04-22 04:50:14,521:INFO:127.0.0.1 - - [22/Apr/2023 04:50:14] "[36mGET /static/css/nav.css HTTP/1.1[0m" 304 -
2023-04-22 04:50:14,525:INFO:127.0.0.1 - - [22/Apr/2023 04:50:14] "[36mGET /static/css/carrusel.css HTTP/1.1[0m" 304 -
2023-04-22 04:50:14,533:INFO:127.0.0.1 - - [22/Apr/2023 04:50:14] "[36mGET /static/js/carrusel.js HTTP/1.1[0m" 304 -
2023-04-22 04:50:14,549:INFO:127.0.0.1 - - [22/Apr/2023 04:50:14] "[33mGET /security/static/sweetalert2/sweetalert2.min.css HTTP/1.1[0m" 404 -
2023-04-22 04:50:14,551:INFO:127.0.0.1 - - [22/Apr/2023 04:50:14] "[33mGET /security/static/sweetalert2/sweetalert2.min.js HTTP/1.1[0m" 404 -
2023-04-22 04:50:14,562:INFO:127.0.0.1 - - [22/Apr/2023 04:50:14] "[33mGET /security/static/estilos.css HTTP/1.1[0m" 404 -
2023-04-22 04:50:14,593:INFO:127.0.0.1 - - [22/Apr/2023 04:50:14] "[36mGET /static/img/ej4.png HTTP/1.1[0m" 304 -
2023-04-22 04:50:14,593:INFO:127.0.0.1 - - [22/Apr/2023 04:50:14] "[33mGET /security/static/estilos.css HTTP/1.1[0m" 404 -
2023-04-22 04:50:14,605:INFO:127.0.0.1 - - [22/Apr/2023 04:50:14] "[36mGET /static/img/fondo5.jpg HTTP/1.1[0m" 304 -
2023-04-22 04:50:42,919:INFO:127.0.0.1 - - [22/Apr/2023 04:50:42] "[32mPOST /security/proveedor_admin HTTP/1.1[0m" 302 -
2023-04-22 04:50:42,967:INFO:127.0.0.1 - - [22/Apr/2023 04:50:42] "GET /security/proveedor_admin HTTP/1.1" 200 -
2023-04-22 04:50:43,098:INFO:127.0.0.1 - - [22/Apr/2023 04:50:43] "[36mGET /static/bootstrap/css/bootstrap.min.css HTTP/1.1[0m" 304 -
2023-04-22 04:50:43,109:INFO:127.0.0.1 - - [22/Apr/2023 04:50:43] "[36mGET /static/bootstrap/css/bootstrap-responsive.min.css HTTP/1.1[0m" 304 -
2023-04-22 04:50:43,110:INFO:127.0.0.1 - - [22/Apr/2023 04:50:43] "[36mGET /static/bootstrap/css/styles.css HTTP/1.1[0m" 304 -
2023-04-22 04:50:43,127:INFO:127.0.0.1 - - [22/Apr/2023 04:50:43] "[36mGET /static/css/nav.css HTTP/1.1[0m" 304 -
2023-04-22 04:50:43,145:INFO:127.0.0.1 - - [22/Apr/2023 04:50:43] "[36mGET /static/css/carrusel.css HTTP/1.1[0m" 304 -
2023-04-22 04:50:43,175:INFO:127.0.0.1 - - [22/Apr/2023 04:50:43] "[33mGET /security/static/sweetalert2/sweetalert2.min.css HTTP/1.1[0m" 404 -
2023-04-22 04:50:43,181:INFO:127.0.0.1 - - [22/Apr/2023 04:50:43] "[33mGET /security/static/sweetalert2/sweetalert2.min.js HTTP/1.1[0m" 404 -
2023-04-22 04:50:43,182:INFO:127.0.0.1 - - [22/Apr/2023 04:50:43] "[36mGET /static/js/carrusel.js HTTP/1.1[0m" 304 -
2023-04-22 04:50:43,193:INFO:127.0.0.1 - - [22/Apr/2023 04:50:43] "[33mGET /security/static/estilos.css HTTP/1.1[0m" 404 -
2023-04-22 04:50:43,255:INFO:127.0.0.1 - - [22/Apr/2023 04:50:43] "[36mGET /static/img/ej4.png HTTP/1.1[0m" 304 -
2023-04-22 04:50:43,255:INFO:127.0.0.1 - - [22/Apr/2023 04:50:43] "[33mGET /security/static/sweetalert2/sweetalert2.min.css HTTP/1.1[0m" 404 -
2023-04-22 04:50:43,256:INFO:127.0.0.1 - - [22/Apr/2023 04:50:43] "[33mGET /security/static/sweetalert2/sweetalert2.min.js HTTP/1.1[0m" 404 -
2023-04-22 04:50:43,271:INFO:127.0.0.1 - - [22/Apr/2023 04:50:43] "[36mGET /static/img/fondo5.jpg HTTP/1.1[0m" 304 -
2023-04-22 04:50:43,293:INFO:127.0.0.1 - - [22/Apr/2023 04:50:43] "[33mGET /security/static/estilos.css HTTP/1.1[0m" 404 -
2023-04-22 04:50:43,305:INFO:127.0.0.1 - - [22/Apr/2023 04:50:43] "[36mGET /static/bootstrap/img/glyphicons-halflings-white.png HTTP/1.1[0m" 304 -
2023-04-22 04:50:43,339:INFO:127.0.0.1 - - [22/Apr/2023 04:50:43] "[33mGET /favicon.ico HTTP/1.1[0m" 404 -
2023-04-22 04:50:46,535:INFO:127.0.0.1 - - [22/Apr/2023 04:50:46] "GET /security/compraMateria HTTP/1.1" 200 -
2023-04-22 04:50:46,767:INFO:127.0.0.1 - - [22/Apr/2023 04:50:46] "[36mGET /static/bootstrap/css/bootstrap.min.css HTTP/1.1[0m" 304 -
2023-04-22 04:50:46,768:INFO:127.0.0.1 - - [22/Apr/2023 04:50:46] "[36mGET /static/bootstrap/css/bootstrap-responsive.min.css HTTP/1.1[0m" 304 -
2023-04-22 04:50:46,776:INFO:127.0.0.1 - - [22/Apr/2023 04:50:46] "[36mGET /static/bootstrap/css/styles.css HTTP/1.1[0m" 304 -
2023-04-22 04:50:46,794:INFO:127.0.0.1 - - [22/Apr/2023 04:50:46] "[36mGET /static/css/nav.css HTTP/1.1[0m" 304 -
2023-04-22 04:50:46,797:INFO:127.0.0.1 - - [22/Apr/2023 04:50:46] "[36mGET /static/css/carrusel.css HTTP/1.1[0m" 304 -
2023-04-22 04:50:46,818:INFO:127.0.0.1 - - [22/Apr/2023 04:50:46] "[33mGET /security/static/sweetalert2/sweetalert2.min.css HTTP/1.1[0m" 404 -
2023-04-22 04:50:46,825:INFO:127.0.0.1 - - [22/Apr/2023 04:50:46] "[36mGET /static/js/carrusel.js HTTP/1.1[0m" 304 -
2023-04-22 04:50:46,825:INFO:127.0.0.1 - - [22/Apr/2023 04:50:46] "[33mGET /security/static/sweetalert2/sweetalert2.min.js HTTP/1.1[0m" 404 -
2023-04-22 04:50:46,836:INFO:127.0.0.1 - - [22/Apr/2023 04:50:46] "[33mGET /security/static/estilos.css HTTP/1.1[0m" 404 -
2023-04-22 04:50:46,897:INFO:127.0.0.1 - - [22/Apr/2023 04:50:46] "[36mGET /static/img/ej4.png HTTP/1.1[0m" 304 -
2023-04-22 04:50:46,904:INFO:127.0.0.1 - - [22/Apr/2023 04:50:46] "[33mGET /security/static/sweetalert2/sweetalert2.min.css HTTP/1.1[0m" 404 -
2023-04-22 04:50:46,914:INFO:127.0.0.1 - - [22/Apr/2023 04:50:46] "[33mGET /security/static/estilos.css HTTP/1.1[0m" 404 -
2023-04-22 04:50:46,941:INFO:127.0.0.1 - - [22/Apr/2023 04:50:46] "[36mGET /static/img/fondo5.jpg HTTP/1.1[0m" 304 -
2023-04-22 04:51:24,273:INFO:127.0.0.1 - - [22/Apr/2023 04:51:24] "GET /security/administracion_admin HTTP/1.1" 200 -
2023-04-22 04:51:24,512:INFO:127.0.0.1 - - [22/Apr/2023 04:51:24] "[36mGET /static/bootstrap/css/bootstrap.min.css HTTP/1.1[0m" 304 -
2023-04-22 04:51:24,525:INFO:127.0.0.1 - - [22/Apr/2023 04:51:24] "[36mGET /static/bootstrap/css/bootstrap-responsive.min.css HTTP/1.1[0m" 304 -
2023-04-22 04:51:24,528:INFO:127.0.0.1 - - [22/Apr/2023 04:51:24] "[36mGET /static/bootstrap/css/styles.css HTTP/1.1[0m" 304 -
2023-04-22 04:51:24,553:INFO:127.0.0.1 - - [22/Apr/2023 04:51:24] "[36mGET /static/css/carrusel.css HTTP/1.1[0m" 304 -
2023-04-22 04:51:24,557:INFO:127.0.0.1 - - [22/Apr/2023 04:51:24] "[36mGET /static/css/nav.css HTTP/1.1[0m" 304 -
2023-04-22 04:51:24,575:INFO:127.0.0.1 - - [22/Apr/2023 04:51:24] "[36mGET /static/js/carrusel.js HTTP/1.1[0m" 304 -
2023-04-22 04:51:24,578:INFO:127.0.0.1 - - [22/Apr/2023 04:51:24] "[33mGET /security/static/sweetalert2/sweetalert2.min.css HTTP/1.1[0m" 404 -
2023-04-22 04:51:24,593:INFO:127.0.0.1 - - [22/Apr/2023 04:51:24] "[33mGET /security/static/sweetalert2/sweetalert2.min.js HTTP/1.1[0m" 404 -
2023-04-22 04:51:24,595:INFO:127.0.0.1 - - [22/Apr/2023 04:51:24] "[33mGET /security/static/estilos.css HTTP/1.1[0m" 404 -
2023-04-22 04:51:24,648:INFO:127.0.0.1 - - [22/Apr/2023 04:51:24] "[36mGET /static/img/ej4.png HTTP/1.1[0m" 304 -
2023-04-22 04:51:24,649:INFO:127.0.0.1 - - [22/Apr/2023 04:51:24] "[36mGET /static/img/fondo5.jpg HTTP/1.1[0m" 304 -
2023-04-22 04:51:24,655:INFO:127.0.0.1 - - [22/Apr/2023 04:51:24] "[33mGET /security/static/estilos.css HTTP/1.1[0m" 404 -
2023-04-22 04:52:34,262:INFO:127.0.0.1 - - [22/Apr/2023 04:52:34] "[35m[1mPOST /security/administracion_admin HTTP/1.1[0m" 500 -
2023-04-22 04:52:34,343:INFO:127.0.0.1 - - [22/Apr/2023 04:52:34] "[36mGET /security/administracion_admin?__debugger__=yes&cmd=resource&f=style.css HTTP/1.1[0m" 304 -
2023-04-22 04:52:34,350:INFO:127.0.0.1 - - [22/Apr/2023 04:52:34] "[36mGET /security/administracion_admin?__debugger__=yes&cmd=resource&f=debugger.js HTTP/1.1[0m" 304 -
2023-04-22 04:52:34,398:INFO:127.0.0.1 - - [22/Apr/2023 04:52:34] "[36mGET /security/administracion_admin?__debugger__=yes&cmd=resource&f=console.png HTTP/1.1[0m" 304 -
2023-04-22 04:52:54,862:INFO:127.0.0.1 - - [22/Apr/2023 04:52:54] "GET /security/administracion_admin HTTP/1.1" 200 -
2023-04-22 04:53:01,333:INFO:127.0.0.1 - - [22/Apr/2023 04:53:01] "[32mPOST /security/administracion_admin HTTP/1.1[0m" 302 -
2023-04-22 04:53:01,357:INFO:127.0.0.1 - - [22/Apr/2023 04:53:01] "GET /security/administracion_admin HTTP/1.1" 200 -
2023-04-22 04:53:01,428:INFO:127.0.0.1 - - [22/Apr/2023 04:53:01] "[36mGET /static/bootstrap/css/bootstrap.min.css HTTP/1.1[0m" 304 -
2023-04-22 04:53:01,445:INFO:127.0.0.1 - - [22/Apr/2023 04:53:01] "[36mGET /static/bootstrap/css/bootstrap-responsive.min.css HTTP/1.1[0m" 304 -
2023-04-22 04:53:01,487:INFO:127.0.0.1 - - [22/Apr/2023 04:53:01] "[36mGET /static/bootstrap/css/styles.css HTTP/1.1[0m" 304 -
2023-04-22 04:53:01,489:INFO:127.0.0.1 - - [22/Apr/2023 04:53:01] "[36mGET /static/css/nav.css HTTP/1.1[0m" 304 -
2023-04-22 04:53:01,496:INFO:127.0.0.1 - - [22/Apr/2023 04:53:01] "[36mGET /static/css/carrusel.css HTTP/1.1[0m" 304 -
2023-04-22 04:53:01,499:INFO:127.0.0.1 - - [22/Apr/2023 04:53:01] "[36mGET /static/js/carrusel.js HTTP/1.1[0m" 304 -
2023-04-22 04:53:01,524:INFO:127.0.0.1 - - [22/Apr/2023 04:53:01] "[33mGET /security/static/sweetalert2/sweetalert2.min.css HTTP/1.1[0m" 404 -
2023-04-22 04:53:01,526:INFO:127.0.0.1 - - [22/Apr/2023 04:53:01] "[33mGET /security/static/sweetalert2/sweetalert2.min.js HTTP/1.1[0m" 404 -
2023-04-22 04:53:01,537:INFO:127.0.0.1 - - [22/Apr/2023 04:53:01] "[33mGET /security/static/estilos.css HTTP/1.1[0m" 404 -
2023-04-22 04:53:01,565:INFO:127.0.0.1 - - [22/Apr/2023 04:53:01] "[36mGET /static/img/ej4.png HTTP/1.1[0m" 304 -
2023-04-22 04:53:01,596:INFO:127.0.0.1 - - [22/Apr/2023 04:53:01] "[36mGET /static/img/fondo5.jpg HTTP/1.1[0m" 304 -
2023-04-22 04:53:01,600:INFO:127.0.0.1 - - [22/Apr/2023 04:53:01] "[36mGET /static/bootstrap/img/glyphicons-halflings-white.png HTTP/1.1[0m" 304 -
2023-04-22 04:53:01,659:INFO:127.0.0.1 - - [22/Apr/2023 04:53:01] "[33mGET /favicon.ico HTTP/1.1[0m" 404 -
2023-04-22 04:53:05,049:INFO:127.0.0.1 - - [22/Apr/2023 04:53:05] "GET /security/productos HTTP/1.1" 200 -
2023-04-22 04:53:05,242:INFO:127.0.0.1 - - [22/Apr/2023 04:53:05] "[36mGET /static/bootstrap/css/bootstrap.min.css HTTP/1.1[0m" 304 -
2023-04-22 04:53:05,251:INFO:127.0.0.1 - - [22/Apr/2023 04:53:05] "[36mGET /static/bootstrap/css/bootstrap-responsive.min.css HTTP/1.1[0m" 304 -
2023-04-22 04:53:05,258:INFO:127.0.0.1 - - [22/Apr/2023 04:53:05] "[36mGET /static/bootstrap/css/styles.css HTTP/1.1[0m" 304 -
2023-04-22 04:53:05,260:INFO:127.0.0.1 - - [22/Apr/2023 04:53:05] "[36mGET /static/css/nav.css HTTP/1.1[0m" 304 -
2023-04-22 04:53:05,280:INFO:127.0.0.1 - - [22/Apr/2023 04:53:05] "[36mGET /static/css/carrusel.css HTTP/1.1[0m" 304 -
2023-04-22 04:53:05,282:INFO:127.0.0.1 - - [22/Apr/2023 04:53:05] "[36mGET /static/js/carrusel.js HTTP/1.1[0m" 304 -
2023-04-22 04:53:05,330:INFO:127.0.0.1 - - [22/Apr/2023 04:53:05] "[36mGET /static/img/ej4.png HTTP/1.1[0m" 304 -
2023-04-22 04:53:05,343:INFO:127.0.0.1 - - [22/Apr/2023 04:53:05] "[36mGET /static/img/fondo5.jpg HTTP/1.1[0m" 304 -
2023-04-22 04:53:09,813:INFO:127.0.0.1 - - [22/Apr/2023 04:53:09] "GET /security/empleados HTTP/1.1" 200 -
2023-04-22 04:53:09,942:INFO:127.0.0.1 - - [22/Apr/2023 04:53:09] "[36mGET /static/bootstrap/css/bootstrap.min.css HTTP/1.1[0m" 304 -
2023-04-22 04:53:09,979:INFO:127.0.0.1 - - [22/Apr/2023 04:53:09] "[36mGET /static/bootstrap/css/bootstrap-responsive.min.css HTTP/1.1[0m" 304 -
2023-04-22 04:53:09,989:INFO:127.0.0.1 - - [22/Apr/2023 04:53:09] "[36mGET /static/bootstrap/css/styles.css HTTP/1.1[0m" 304 -
2023-04-22 04:53:09,998:INFO:127.0.0.1 - - [22/Apr/2023 04:53:09] "[36mGET /static/css/nav.css HTTP/1.1[0m" 304 -
2023-04-22 04:53:10,013:INFO:127.0.0.1 - - [22/Apr/2023 04:53:10] "[36mGET /static/css/carrusel.css HTTP/1.1[0m" 304 -
2023-04-22 04:53:10,032:INFO:127.0.0.1 - - [22/Apr/2023 04:53:10] "[36mGET /static/js/carrusel.js HTTP/1.1[0m" 304 -
2023-04-22 04:53:10,055:INFO:127.0.0.1 - - [22/Apr/2023 04:53:10] "[33mGET /security/static/sweetalert2/sweetalert2.min.css HTTP/1.1[0m" 404 -
2023-04-22 04:53:10,063:INFO:127.0.0.1 - - [22/Apr/2023 04:53:10] "[33mGET /security/static/sweetalert2/sweetalert2.min.js HTTP/1.1[0m" 404 -
2023-04-22 04:53:10,079:INFO:127.0.0.1 - - [22/Apr/2023 04:53:10] "[33mGET /security/static/estilos.css HTTP/1.1[0m" 404 -
2023-04-22 04:53:10,095:INFO:127.0.0.1 - - [22/Apr/2023 04:53:10] "[36mGET /static/img/ej4.png HTTP/1.1[0m" 304 -
2023-04-22 04:53:10,111:INFO:127.0.0.1 - - [22/Apr/2023 04:53:10] "[36mGET /static/img/fondo5.jpg HTTP/1.1[0m" 304 -
2023-04-22 04:53:10,169:INFO:127.0.0.1 - - [22/Apr/2023 04:53:10] "[36mGET /static/bootstrap/img/glyphicons-halflings-white.png HTTP/1.1[0m" 304 -
2023-04-22 04:53:12,966:INFO:127.0.0.1 - - [22/Apr/2023 04:53:12] "GET /security/clientes_admin HTTP/1.1" 200 -
2023-04-22 04:53:13,112:INFO:127.0.0.1 - - [22/Apr/2023 04:53:13] "[36mGET /static/bootstrap/css/bootstrap.min.css HTTP/1.1[0m" 304 -
2023-04-22 04:53:13,148:INFO:127.0.0.1 - - [22/Apr/2023 04:53:13] "[36mGET /static/bootstrap/css/bootstrap-responsive.min.css HTTP/1.1[0m" 304 -
2023-04-22 04:53:13,157:INFO:127.0.0.1 - - [22/Apr/2023 04:53:13] "[36mGET /static/css/nav.css HTTP/1.1[0m" 304 -
2023-04-22 04:53:13,159:INFO:127.0.0.1 - - [22/Apr/2023 04:53:13] "[36mGET /static/bootstrap/css/styles.css HTTP/1.1[0m" 304 -
2023-04-22 04:53:13,170:INFO:127.0.0.1 - - [22/Apr/2023 04:53:13] "[36mGET /static/css/carrusel.css HTTP/1.1[0m" 304 -
2023-04-22 04:53:13,172:INFO:127.0.0.1 - - [22/Apr/2023 04:53:13] "[36mGET /static/js/carrusel.js HTTP/1.1[0m" 304 -
2023-04-22 04:53:13,290:INFO:127.0.0.1 - - [22/Apr/2023 04:53:13] "[36mGET /static/img/ej4.png HTTP/1.1[0m" 304 -
2023-04-22 04:53:13,311:INFO:127.0.0.1 - - [22/Apr/2023 04:53:13] "[36mGET /static/img/fondo5.jpg HTTP/1.1[0m" 304 -
2023-04-22 04:53:13,311:INFO:127.0.0.1 - - [22/Apr/2023 04:53:13] "[36mGET /static/bootstrap/img/glyphicons-halflings-white.png HTTP/1.1[0m" 304 -
2023-04-22 04:53:15,442:INFO:127.0.0.1 - - [22/Apr/2023 04:53:15] "GET /security/registroRecetario_admin HTTP/1.1" 200 -
2023-04-22 04:53:15,544:INFO:127.0.0.1 - - [22/Apr/2023 04:53:15] "[36mGET /static/bootstrap/css/bootstrap.min.css HTTP/1.1[0m" 304 -
2023-04-22 04:53:15,641:INFO:127.0.0.1 - - [22/Apr/2023 04:53:15] "[36mGET /static/bootstrap/css/bootstrap-responsive.min.css HTTP/1.1[0m" 304 -
2023-04-22 04:53:15,650:INFO:127.0.0.1 - - [22/Apr/2023 04:53:15] "[36mGET /static/bootstrap/css/styles.css HTTP/1.1[0m" 304 -
2023-04-22 04:53:15,659:INFO:127.0.0.1 - - [22/Apr/2023 04:53:15] "[36mGET /static/css/nav.css HTTP/1.1[0m" 304 -
2023-04-22 04:53:15,661:INFO:127.0.0.1 - - [22/Apr/2023 04:53:15] "[36mGET /static/css/carrusel.css HTTP/1.1[0m" 304 -
2023-04-22 04:53:15,687:INFO:127.0.0.1 - - [22/Apr/2023 04:53:15] "[33mGET /security/static/sweetalert2/sweetalert2.min.css HTTP/1.1[0m" 404 -
2023-04-22 04:53:15,694:INFO:127.0.0.1 - - [22/Apr/2023 04:53:15] "[36mGET /static/js/carrusel.js HTTP/1.1[0m" 304 -
2023-04-22 04:53:15,699:INFO:127.0.0.1 - - [22/Apr/2023 04:53:15] "[33mGET /security/static/sweetalert2/sweetalert2.min.js HTTP/1.1[0m" 404 -
2023-04-22 04:53:15,702:INFO:127.0.0.1 - - [22/Apr/2023 04:53:15] "[33mGET /security/static/estilos.css HTTP/1.1[0m" 404 -
2023-04-22 04:53:15,744:INFO:127.0.0.1 - - [22/Apr/2023 04:53:15] "[36mGET /static/img/ej4.png HTTP/1.1[0m" 304 -
2023-04-22 04:53:15,749:INFO:127.0.0.1 - - [22/Apr/2023 04:53:15] "[33mGET /security/static/sweetalert2/sweetalert2.min.css HTTP/1.1[0m" 404 -
2023-04-22 04:53:15,757:INFO:127.0.0.1 - - [22/Apr/2023 04:53:15] "[33mGET /security/static/estilos.css HTTP/1.1[0m" 404 -
2023-04-22 04:53:15,784:INFO:127.0.0.1 - - [22/Apr/2023 04:53:15] "[36mGET /static/img/fondo5.jpg HTTP/1.1[0m" 304 -
2023-04-22 04:53:15,788:INFO:127.0.0.1 - - [22/Apr/2023 04:53:15] "[36mGET /static/bootstrap/img/glyphicons-halflings-white.png HTTP/1.1[0m" 304 -
2023-04-22 04:53:19,121:INFO:127.0.0.1 - - [22/Apr/2023 04:53:19] "GET /security/compraMateria HTTP/1.1" 200 -
2023-04-22 04:53:19,269:INFO:127.0.0.1 - - [22/Apr/2023 04:53:19] "[36mGET /static/bootstrap/css/bootstrap.min.css HTTP/1.1[0m" 304 -
2023-04-22 04:53:19,275:INFO:127.0.0.1 - - [22/Apr/2023 04:53:19] "[36mGET /static/bootstrap/css/bootstrap-responsive.min.css HTTP/1.1[0m" 304 -
2023-04-22 04:53:19,328:INFO:127.0.0.1 - - [22/Apr/2023 04:53:19] "[36mGET /static/css/nav.css HTTP/1.1[0m" 304 -
2023-04-22 04:53:19,328:INFO:127.0.0.1 - - [22/Apr/2023 04:53:19] "[36mGET /static/bootstrap/css/styles.css HTTP/1.1[0m" 304 -
2023-04-22 04:53:19,329:INFO:127.0.0.1 - - [22/Apr/2023 04:53:19] "[36mGET /static/css/carrusel.css HTTP/1.1[0m" 304 -
2023-04-22 04:53:19,332:INFO:127.0.0.1 - - [22/Apr/2023 04:53:19] "[36mGET /static/js/carrusel.js HTTP/1.1[0m" 304 -
2023-04-22 04:53:19,358:INFO:127.0.0.1 - - [22/Apr/2023 04:53:19] "[33mGET /security/static/sweetalert2/sweetalert2.min.css HTTP/1.1[0m" 404 -
2023-04-22 04:53:19,363:INFO:127.0.0.1 - - [22/Apr/2023 04:53:19] "[33mGET /security/static/sweetalert2/sweetalert2.min.js HTTP/1.1[0m" 404 -
2023-04-22 04:53:19,380:INFO:127.0.0.1 - - [22/Apr/2023 04:53:19] "[33mGET /security/static/estilos.css HTTP/1.1[0m" 404 -
2023-04-22 04:53:19,427:INFO:127.0.0.1 - - [22/Apr/2023 04:53:19] "[36mGET /static/img/ej4.png HTTP/1.1[0m" 304 -
2023-04-22 04:53:19,446:INFO:127.0.0.1 - - [22/Apr/2023 04:53:19] "[33mGET /security/static/sweetalert2/sweetalert2.min.css HTTP/1.1[0m" 404 -
2023-04-22 04:53:19,463:INFO:127.0.0.1 - - [22/Apr/2023 04:53:19] "[33mGET /security/static/sweetalert2/sweetalert2.min.js HTTP/1.1[0m" 404 -
2023-04-22 04:53:19,509:INFO:127.0.0.1 - - [22/Apr/2023 04:53:19] "[36mGET /static/img/fondo5.jpg HTTP/1.1[0m" 304 -
2023-04-22 04:53:19,593:INFO:127.0.0.1 - - [22/Apr/2023 04:53:19] "[33mGET /security/static/estilos.css HTTP/1.1[0m" 404 -
2023-04-22 04:53:21,496:INFO:127.0.0.1 - - [22/Apr/2023 04:53:21] "GET /security/administracion_admin HTTP/1.1" 200 -
2023-04-22 04:53:21,612:INFO:127.0.0.1 - - [22/Apr/2023 04:53:21] "[36mGET /static/bootstrap/css/bootstrap.min.css HTTP/1.1[0m" 304 -
2023-04-22 04:53:21,613:INFO:127.0.0.1 - - [22/Apr/2023 04:53:21] "[36mGET /static/bootstrap/css/bootstrap-responsive.min.css HTTP/1.1[0m" 304 -
2023-04-22 04:53:21,624:INFO:127.0.0.1 - - [22/Apr/2023 04:53:21] "[36mGET /static/bootstrap/css/styles.css HTTP/1.1[0m" 304 -
2023-04-22 04:53:21,654:INFO:127.0.0.1 - - [22/Apr/2023 04:53:21] "[36mGET /static/css/nav.css HTTP/1.1[0m" 304 -
2023-04-22 04:53:21,664:INFO:127.0.0.1 - - [22/Apr/2023 04:53:21] "[36mGET /static/css/carrusel.css HTTP/1.1[0m" 304 -
2023-04-22 04:53:21,669:INFO:127.0.0.1 - - [22/Apr/2023 04:53:21] "[36mGET /static/js/carrusel.js HTTP/1.1[0m" 304 -
2023-04-22 04:53:21,674:INFO:127.0.0.1 - - [22/Apr/2023 04:53:21] "[33mGET /security/static/sweetalert2/sweetalert2.min.css HTTP/1.1[0m" 404 -
2023-04-22 04:53:21,685:INFO:127.0.0.1 - - [22/Apr/2023 04:53:21] "[33mGET /security/static/sweetalert2/sweetalert2.min.js HTTP/1.1[0m" 404 -
2023-04-22 04:53:21,709:INFO:127.0.0.1 - - [22/Apr/2023 04:53:21] "[33mGET /security/static/estilos.css HTTP/1.1[0m" 404 -
2023-04-22 04:53:21,753:INFO:127.0.0.1 - - [22/Apr/2023 04:53:21] "[36mGET /static/img/ej4.png HTTP/1.1[0m" 304 -
2023-04-22 04:53:21,754:INFO:127.0.0.1 - - [22/Apr/2023 04:53:21] "[33mGET /security/static/sweetalert2/sweetalert2.min.css HTTP/1.1[0m" 404 -
2023-04-22 04:53:21,770:INFO:127.0.0.1 - - [22/Apr/2023 04:53:21] "[36mGET /static/img/fondo5.jpg HTTP/1.1[0m" 304 -
2023-04-22 04:53:21,806:INFO:127.0.0.1 - - [22/Apr/2023 04:53:21] "[36mGET /static/bootstrap/img/glyphicons-halflings-white.png HTTP/1.1[0m" 304 -
2023-04-22 04:53:23,495:INFO:127.0.0.1 - - [22/Apr/2023 04:53:23] "[35m[1mGET /security/modificar?id= HTTP/1.1[0m" 500 -
2023-04-22 04:53:23,602:INFO:127.0.0.1 - - [22/Apr/2023 04:53:23] "GET /security/modificar?__debugger__=yes&cmd=resource&f=style.css HTTP/1.1" 200 -
2023-04-22 04:53:23,611:INFO:127.0.0.1 - - [22/Apr/2023 04:53:23] "[36mGET /security/modificar?__debugger__=yes&cmd=resource&f=debugger.js HTTP/1.1[0m" 304 -
2023-04-22 04:53:23,650:INFO:127.0.0.1 - - [22/Apr/2023 04:53:23] "GET /security/modificar?__debugger__=yes&cmd=resource&f=console.png HTTP/1.1" 200 -
2023-04-22 04:54:04,815:INFO: * Detected change in 'C:\\curso_python\\Proyecto Final\\The_World_of_cakes\\project\\forms.py', reloading
2023-04-22 04:54:05,096:INFO: * Restarting with stat
2023-04-22 04:54:08,154:INFO:Se inicio la aplicacion
2023-04-22 04:54:08,176:WARNING: * Debugger is active!
2023-04-22 04:54:08,185:INFO: * Debugger PIN: 341-549-671
2023-04-22 04:54:23,373:INFO: * Detected change in 'C:\\curso_python\\Proyecto Final\\The_World_of_cakes\\project\\auth.py', reloading
2023-04-22 04:54:23,652:INFO: * Restarting with stat
2023-04-22 04:54:26,673:INFO:Se inicio la aplicacion
2023-04-22 04:54:26,689:WARNING: * Debugger is active!
2023-04-22 04:54:26,695:INFO: * Debugger PIN: 341-549-671
2023-04-22 04:54:33,575:INFO: * Detected change in 'C:\\curso_python\\Proyecto Final\\The_World_of_cakes\\project\\auth.py', reloading
2023-04-22 04:54:33,748:INFO: * Restarting with stat
2023-04-22 04:54:36,083:INFO:Se inicio la aplicacion
2023-04-22 04:54:36,114:WARNING: * Debugger is active!
2023-04-22 04:54:36,134:INFO: * Debugger PIN: 341-549-671
2023-04-22 04:54:45,033:INFO: * Detected change in 'C:\\curso_python\\Proyecto Final\\The_World_of_cakes\\project\\auth.py', reloading
2023-04-22 04:54:45,330:INFO: * Restarting with stat
2023-04-22 04:54:47,661:INFO:Se inicio la aplicacion
2023-04-22 04:54:47,679:WARNING: * Debugger is active!
2023-04-22 04:54:47,689:INFO: * Debugger PIN: 341-549-671
2023-04-22 04:54:53,356:INFO:127.0.0.1 - - [22/Apr/2023 04:54:53] "[32mGET /security/modificar?id= HTTP/1.1[0m" 302 -
2023-04-22 04:54:53,450:INFO:127.0.0.1 - - [22/Apr/2023 04:54:53] "GET /login?next=%2Fsecurity%2Fmodificar%3Fid%3D HTTP/1.1" 200 -
2023-04-22 04:54:53,574:INFO:127.0.0.1 - - [22/Apr/2023 04:54:53] "[33mGET /favicon.ico HTTP/1.1[0m" 404 -
2023-04-22 04:54:58,780:INFO:127.0.0.1 - - [22/Apr/2023 04:54:58] "GET / HTTP/1.1" 200 -
2023-04-22 04:54:58,905:INFO:127.0.0.1 - - [22/Apr/2023 04:54:58] "[36mGET /static/bootstrap/css/bootstrap.min.css HTTP/1.1[0m" 304 -
2023-04-22 04:54:58,911:INFO:127.0.0.1 - - [22/Apr/2023 04:54:58] "[36mGET /static/bootstrap/css/bootstrap-responsive.min.css HTTP/1.1[0m" 304 -
2023-04-22 04:54:58,939:INFO:127.0.0.1 - - [22/Apr/2023 04:54:58] "[36mGET /static/bootstrap/css/styles.css HTTP/1.1[0m" 304 -
2023-04-22 04:54:58,960:INFO:127.0.0.1 - - [22/Apr/2023 04:54:58] "[36mGET /static/css/nav.css HTTP/1.1[0m" 304 -
2023-04-22 04:54:58,970:INFO:127.0.0.1 - - [22/Apr/2023 04:54:58] "[36mGET /static/css/carrusel.css HTTP/1.1[0m" 304 -
2023-04-22 04:54:58,972:INFO:127.0.0.1 - - [22/Apr/2023 04:54:58] "[36mGET /static/js/carrusel.js HTTP/1.1[0m" 304 -
2023-04-22 04:54:59,016:INFO:127.0.0.1 - - [22/Apr/2023 04:54:59] "[36mGET /static/img/ej4.png HTTP/1.1[0m" 304 -
2023-04-22 04:54:59,023:INFO:127.0.0.1 - - [22/Apr/2023 04:54:59] "[36mGET /static/img/mision2.jpg HTTP/1.1[0m" 304 -
2023-04-22 04:54:59,028:INFO:127.0.0.1 - - [22/Apr/2023 04:54:59] "[36mGET /static/img/vision.png HTTP/1.1[0m" 304 -
2023-04-22 04:54:59,039:INFO:127.0.0.1 - - [22/Apr/2023 04:54:59] "[36mGET /static/img/fondo5.jpg HTTP/1.1[0m" 304 -
2023-04-22 04:55:00,984:INFO:127.0.0.1 - - [22/Apr/2023 04:55:00] "GET /security/login HTTP/1.1" 200 -
2023-04-22 04:55:01,170:INFO:127.0.0.1 - - [22/Apr/2023 04:55:01] "[36mGET /static/bootstrap/css/bootstrap.min.css HTTP/1.1[0m" 304 -
2023-04-22 04:55:01,200:INFO:127.0.0.1 - - [22/Apr/2023 04:55:01] "[36mGET /static/bootstrap/css/bootstrap-responsive.min.css HTTP/1.1[0m" 304 -
2023-04-22 04:55:01,218:INFO:127.0.0.1 - - [22/Apr/2023 04:55:01] "[36mGET /static/bootstrap/css/styles.css HTTP/1.1[0m" 304 -
2023-04-22 04:55:01,219:INFO:127.0.0.1 - - [22/Apr/2023 04:55:01] "[36mGET /static/css/nav.css HTTP/1.1[0m" 304 -
2023-04-22 04:55:01,224:INFO:127.0.0.1 - - [22/Apr/2023 04:55:01] "[36mGET /static/css/carrusel.css HTTP/1.1[0m" 304 -
2023-04-22 04:55:01,232:INFO:127.0.0.1 - - [22/Apr/2023 04:55:01] "[36mGET /static/js/carrusel.js HTTP/1.1[0m" 304 -
2023-04-22 04:55:01,243:INFO:127.0.0.1 - - [22/Apr/2023 04:55:01] "[33mGET /security/static/estilos.css HTTP/1.1[0m" 404 -
2023-04-22 04:55:01,278:INFO:127.0.0.1 - - [22/Apr/2023 04:55:01] "[36mGET /static/img/ej4.png HTTP/1.1[0m" 304 -
2023-04-22 04:55:01,293:INFO:127.0.0.1 - - [22/Apr/2023 04:55:01] "[36mGET /static/img/fondo5.jpg HTTP/1.1[0m" 304 -
2023-04-22 04:55:07,483:DEBUG:El usuario FernandoLP.mx@outlook.com ingreso al sistema
2023-04-22 04:55:07,487:INFO:127.0.0.1 - - [22/Apr/2023 04:55:07] "[32mPOST /security/login HTTP/1.1[0m" 302 -
2023-04-22 04:55:07,516:INFO:127.0.0.1 - - [22/Apr/2023 04:55:07] "GET / HTTP/1.1" 200 -
2023-04-22 04:55:07,655:INFO:127.0.0.1 - - [22/Apr/2023 04:55:07] "[36mGET /static/bootstrap/css/bootstrap.min.css HTTP/1.1[0m" 304 -
2023-04-22 04:55:07,666:INFO:127.0.0.1 - - [22/Apr/2023 04:55:07] "[36mGET /static/bootstrap/css/bootstrap-responsive.min.css HTTP/1.1[0m" 304 -
2023-04-22 04:55:07,667:INFO:127.0.0.1 - - [22/Apr/2023 04:55:07] "[36mGET /static/bootstrap/css/styles.css HTTP/1.1[0m" 304 -
2023-04-22 04:55:07,693:INFO:127.0.0.1 - - [22/Apr/2023 04:55:07] "[36mGET /static/css/nav.css HTTP/1.1[0m" 304 -
2023-04-22 04:55:07,697:INFO:127.0.0.1 - - [22/Apr/2023 04:55:07] "[36mGET /static/css/carrusel.css HTTP/1.1[0m" 304 -
2023-04-22 04:55:07,699:INFO:127.0.0.1 - - [22/Apr/2023 04:55:07] "[36mGET /static/js/carrusel.js HTTP/1.1[0m" 304 -
2023-04-22 04:55:07,760:INFO:127.0.0.1 - - [22/Apr/2023 04:55:07] "[36mGET /static/img/ej4.png HTTP/1.1[0m" 304 -
2023-04-22 04:55:07,776:INFO:127.0.0.1 - - [22/Apr/2023 04:55:07] "[36mGET /static/img/mision2.jpg HTTP/1.1[0m" 304 -
2023-04-22 04:55:07,778:INFO:127.0.0.1 - - [22/Apr/2023 04:55:07] "[36mGET /static/img/vision.png HTTP/1.1[0m" 304 -
2023-04-22 04:55:07,780:INFO:127.0.0.1 - - [22/Apr/2023 04:55:07] "[36mGET /static/img/fondo5.jpg HTTP/1.1[0m" 304 -
2023-04-22 04:55:07,816:INFO:127.0.0.1 - - [22/Apr/2023 04:55:07] "[33mGET /favicon.ico HTTP/1.1[0m" 404 -
2023-04-22 04:55:10,028:INFO:127.0.0.1 - - [22/Apr/2023 04:55:10] "GET /security/administracion_admin HTTP/1.1" 200 -
2023-04-22 04:55:10,113:INFO:127.0.0.1 - - [22/Apr/2023 04:55:10] "[36mGET /static/bootstrap/css/bootstrap.min.css HTTP/1.1[0m" 304 -
2023-04-22 04:55:10,128:INFO:127.0.0.1 - - [22/Apr/2023 04:55:10] "[36mGET /static/bootstrap/css/bootstrap-responsive.min.css HTTP/1.1[0m" 304 -
2023-04-22 04:55:10,133:INFO:127.0.0.1 - - [22/Apr/2023 04:55:10] "[36mGET /static/bootstrap/css/styles.css HTTP/1.1[0m" 304 -
2023-04-22 04:55:10,153:INFO:127.0.0.1 - - [22/Apr/2023 04:55:10] "[36mGET /static/css/nav.css HTTP/1.1[0m" 304 -
2023-04-22 04:55:10,155:INFO:127.0.0.1 - - [22/Apr/2023 04:55:10] "[36mGET /static/css/carrusel.css HTTP/1.1[0m" 304 -
2023-04-22 04:55:10,188:INFO:127.0.0.1 - - [22/Apr/2023 04:55:10] "[36mGET /static/js/carrusel.js HTTP/1.1[0m" 304 -
2023-04-22 04:55:10,191:INFO:127.0.0.1 - - [22/Apr/2023 04:55:10] "[33mGET /security/static/sweetalert2/sweetalert2.min.css HTTP/1.1[0m" 404 -
2023-04-22 04:55:10,191:INFO:127.0.0.1 - - [22/Apr/2023 04:55:10] "[33mGET /security/static/sweetalert2/sweetalert2.min.js HTTP/1.1[0m" 404 -
2023-04-22 04:55:10,209:INFO:127.0.0.1 - - [22/Apr/2023 04:55:10] "[33mGET /security/static/estilos.css HTTP/1.1[0m" 404 -
2023-04-22 04:55:10,249:INFO:127.0.0.1 - - [22/Apr/2023 04:55:10] "[36mGET /static/img/ej4.png HTTP/1.1[0m" 304 -
2023-04-22 04:55:10,273:INFO:127.0.0.1 - - [22/Apr/2023 04:55:10] "[33mGET /security/static/sweetalert2/sweetalert2.min.css HTTP/1.1[0m" 404 -
2023-04-22 04:55:10,275:INFO:127.0.0.1 - - [22/Apr/2023 04:55:10] "[33mGET /security/static/sweetalert2/sweetalert2.min.js HTTP/1.1[0m" 404 -
2023-04-22 04:55:10,287:INFO:127.0.0.1 - - [22/Apr/2023 04:55:10] "[36mGET /static/img/fondo5.jpg HTTP/1.1[0m" 304 -
2023-04-22 04:55:10,318:INFO:127.0.0.1 - - [22/Apr/2023 04:55:10] "[33mGET /security/static/estilos.css HTTP/1.1[0m" 404 -
2023-04-22 04:55:10,348:INFO:127.0.0.1 - - [22/Apr/2023 04:55:10] "[36mGET /static/bootstrap/img/glyphicons-halflings-white.png HTTP/1.1[0m" 304 -
2023-04-22 04:55:11,978:INFO:127.0.0.1 - - [22/Apr/2023 04:55:11] "[35m[1mGET /security/modificar?id= HTTP/1.1[0m" 500 -
2023-04-22 04:55:12,049:INFO:127.0.0.1 - - [22/Apr/2023 04:55:12] "[36mGET /security/modificar?__debugger__=yes&cmd=resource&f=style.css HTTP/1.1[0m" 304 -
2023-04-22 04:55:12,052:INFO:127.0.0.1 - - [22/Apr/2023 04:55:12] "[36mGET /security/modificar?__debugger__=yes&cmd=resource&f=debugger.js HTTP/1.1[0m" 304 -
2023-04-22 04:55:12,085:INFO:127.0.0.1 - - [22/Apr/2023 04:55:12] "[36mGET /security/modificar?__debugger__=yes&cmd=resource&f=console.png HTTP/1.1[0m" 304 -
2023-04-22 04:56:02,096:INFO: * Detected change in 'C:\\curso_python\\Proyecto Final\\The_World_of_cakes\\project\\auth.py', reloading
2023-04-22 04:56:02,297:INFO: * Restarting with stat
2023-04-22 04:56:05,357:INFO:Se inicio la aplicacion
2023-04-22 04:56:05,371:WARNING: * Debugger is active!
2023-04-22 04:56:05,377:INFO: * Debugger PIN: 341-549-671
2023-04-22 04:56:06,670:INFO:127.0.0.1 - - [22/Apr/2023 04:56:06] "[32mGET /security/modificar?id= HTTP/1.1[0m" 302 -
2023-04-22 04:56:06,717:INFO:127.0.0.1 - - [22/Apr/2023 04:56:06] "GET /login?next=%2Fsecurity%2Fmodificar%3Fid%3D HTTP/1.1" 200 -
2023-04-22 04:56:06,789:INFO:127.0.0.1 - - [22/Apr/2023 04:56:06] "[33mGET /favicon.ico HTTP/1.1[0m" 404 -
2023-04-22 04:56:12,575:INFO:127.0.0.1 - - [22/Apr/2023 04:56:12] "GET / HTTP/1.1" 200 -
2023-04-22 04:56:12,668:INFO:127.0.0.1 - - [22/Apr/2023 04:56:12] "[36mGET /static/bootstrap/css/bootstrap.min.css HTTP/1.1[0m" 304 -
2023-04-22 04:56:12,675:INFO:127.0.0.1 - - [22/Apr/2023 04:56:12] "[36mGET /static/bootstrap/css/bootstrap-responsive.min.css HTTP/1.1[0m" 304 -
2023-04-22 04:56:12,684:INFO:127.0.0.1 - - [22/Apr/2023 04:56:12] "[36mGET /static/bootstrap/css/styles.css HTTP/1.1[0m" 304 -
2023-04-22 04:56:12,689:INFO:127.0.0.1 - - [22/Apr/2023 04:56:12] "[36mGET /static/css/nav.css HTTP/1.1[0m" 304 -
2023-04-22 04:56:12,707:INFO:127.0.0.1 - - [22/Apr/2023 04:56:12] "[36mGET /static/css/carrusel.css HTTP/1.1[0m" 304 -
2023-04-22 04:56:12,714:INFO:127.0.0.1 - - [22/Apr/2023 04:56:12] "[36mGET /static/js/carrusel.js HTTP/1.1[0m" 304 -
2023-04-22 04:56:12,757:INFO:127.0.0.1 - - [22/Apr/2023 04:56:12] "[36mGET /static/img/ej4.png HTTP/1.1[0m" 304 -
2023-04-22 04:56:12,780:INFO:127.0.0.1 - - [22/Apr/2023 04:56:12] "[36mGET /static/img/mision2.jpg HTTP/1.1[0m" 304 -
2023-04-22 04:56:12,790:INFO:127.0.0.1 - - [22/Apr/2023 04:56:12] "[36mGET /static/img/vision.png HTTP/1.1[0m" 304 -
2023-04-22 04:56:12,798:INFO:127.0.0.1 - - [22/Apr/2023 04:56:12] "[36mGET /static/img/fondo5.jpg HTTP/1.1[0m" 304 -
2023-04-22 04:56:14,673:INFO:127.0.0.1 - - [22/Apr/2023 04:56:14] "GET /security/login HTTP/1.1" 200 -
2023-04-22 04:56:14,759:INFO:127.0.0.1 - - [22/Apr/2023 04:56:14] "[36mGET /static/bootstrap/css/bootstrap.min.css HTTP/1.1[0m" 304 -
2023-04-22 04:56:14,766:INFO:127.0.0.1 - - [22/Apr/2023 04:56:14] "[36mGET /static/bootstrap/css/bootstrap-responsive.min.css HTTP/1.1[0m" 304 -
2023-04-22 04:56:14,800:INFO:127.0.0.1 - - [22/Apr/2023 04:56:14] "[36mGET /static/bootstrap/css/styles.css HTTP/1.1[0m" 304 -
2023-04-22 04:56:14,811:INFO:127.0.0.1 - - [22/Apr/2023 04:56:14] "[36mGET /static/css/nav.css HTTP/1.1[0m" 304 -
2023-04-22 04:56:14,826:INFO:127.0.0.1 - - [22/Apr/2023 04:56:14] "[36mGET /static/css/carrusel.css HTTP/1.1[0m" 304 -
2023-04-22 04:56:14,837:INFO:127.0.0.1 - - [22/Apr/2023 04:56:14] "[33mGET /security/static/estilos.css HTTP/1.1[0m" 404 -
2023-04-22 04:56:14,841:INFO:127.0.0.1 - - [22/Apr/2023 04:56:14] "[36mGET /static/js/carrusel.js HTTP/1.1[0m" 304 -
2023-04-22 04:56:14,899:INFO:127.0.0.1 - - [22/Apr/2023 04:56:14] "[36mGET /static/img/ej4.png HTTP/1.1[0m" 304 -
2023-04-22 04:56:14,916:INFO:127.0.0.1 - - [22/Apr/2023 04:56:14] "[33mGET /security/static/estilos.css HTTP/1.1[0m" 404 -
2023-04-22 04:56:14,924:INFO:127.0.0.1 - - [22/Apr/2023 04:56:14] "[36mGET /static/img/fondo5.jpg HTTP/1.1[0m" 304 -
2023-04-22 04:56:19,743:DEBUG:El usuario FernandoLP.mx@outlook.com ingreso al sistema
2023-04-22 04:56:19,746:INFO:127.0.0.1 - - [22/Apr/2023 04:56:19] "[32mPOST /security/login HTTP/1.1[0m" 302 -
2023-04-22 04:56:19,766:INFO:127.0.0.1 - - [22/Apr/2023 04:56:19] "GET / HTTP/1.1" 200 -
2023-04-22 04:56:19,881:INFO:127.0.0.1 - - [22/Apr/2023 04:56:19] "[36mGET /static/bootstrap/css/bootstrap.min.css HTTP/1.1[0m" 304 -
2023-04-22 04:56:19,897:INFO:127.0.0.1 - - [22/Apr/2023 04:56:19] "[36mGET /static/bootstrap/css/styles.css HTTP/1.1[0m" 304 -
2023-04-22 04:56:19,919:INFO:127.0.0.1 - - [22/Apr/2023 04:56:19] "[36mGET /static/css/carrusel.css HTTP/1.1[0m" 304 -
2023-04-22 04:56:20,530:INFO:127.0.0.1 - - [22/Apr/2023 04:56:20] "[36mGET /static/bootstrap/css/bootstrap-responsive.min.css HTTP/1.1[0m" 304 -
2023-04-22 04:56:20,680:INFO:127.0.0.1 - - [22/Apr/2023 04:56:20] "[36mGET /static/css/nav.css HTTP/1.1[0m" 304 -
2023-04-22 04:56:20,839:INFO:127.0.0.1 - - [22/Apr/2023 04:56:20] "[36mGET /static/js/carrusel.js HTTP/1.1[0m" 304 -
2023-04-22 04:56:20,963:INFO:127.0.0.1 - - [22/Apr/2023 04:56:20] "[36mGET /static/img/ej4.png HTTP/1.1[0m" 304 -
2023-04-22 04:56:20,964:INFO:127.0.0.1 - - [22/Apr/2023 04:56:20] "[36mGET /static/img/mision2.jpg HTTP/1.1[0m" 304 -
2023-04-22 04:56:20,983:INFO:127.0.0.1 - - [22/Apr/2023 04:56:20] "[36mGET /static/img/vision.png HTTP/1.1[0m" 304 -
2023-04-22 04:56:21,014:INFO:127.0.0.1 - - [22/Apr/2023 04:56:21] "[36mGET /static/img/fondo5.jpg HTTP/1.1[0m" 304 -
2023-04-22 04:56:21,050:INFO:127.0.0.1 - - [22/Apr/2023 04:56:21] "[33mGET /favicon.ico HTTP/1.1[0m" 404 -
2023-04-22 04:56:23,240:INFO:127.0.0.1 - - [22/Apr/2023 04:56:23] "GET /security/administracion_admin HTTP/1.1" 200 -
2023-04-22 04:56:23,427:INFO:127.0.0.1 - - [22/Apr/2023 04:56:23] "[36mGET /static/bootstrap/css/bootstrap.min.css HTTP/1.1[0m" 304 -
2023-04-22 04:56:23,453:INFO:127.0.0.1 - - [22/Apr/2023 04:56:23] "[36mGET /static/bootstrap/css/bootstrap-responsive.min.css HTTP/1.1[0m" 304 -
2023-04-22 04:56:23,456:INFO:127.0.0.1 - - [22/Apr/2023 04:56:23] "[36mGET /static/bootstrap/css/styles.css HTTP/1.1[0m" 304 -
2023-04-22 04:56:23,469:INFO:127.0.0.1 - - [22/Apr/2023 04:56:23] "[36mGET /static/css/nav.css HTTP/1.1[0m" 304 -
2023-04-22 04:56:23,499:INFO:127.0.0.1 - - [22/Apr/2023 04:56:23] "[36mGET /static/js/carrusel.js HTTP/1.1[0m" 304 -
2023-04-22 04:56:23,510:INFO:127.0.0.1 - - [22/Apr/2023 04:56:23] "[33mGET /security/static/sweetalert2/sweetalert2.min.css HTTP/1.1[0m" 404 -
2023-04-22 04:56:23,525:INFO:127.0.0.1 - - [22/Apr/2023 04:56:23] "[33mGET /security/static/sweetalert2/sweetalert2.min.js HTTP/1.1[0m" 404 -
2023-04-22 04:56:23,528:INFO:127.0.0.1 - - [22/Apr/2023 04:56:23] "[36mGET /static/css/carrusel.css HTTP/1.1[0m" 304 -
2023-04-22 04:56:23,532:INFO:127.0.0.1 - - [22/Apr/2023 04:56:23] "[33mGET /security/static/estilos.css HTTP/1.1[0m" 404 -
2023-04-22 04:56:23,586:INFO:127.0.0.1 - - [22/Apr/2023 04:56:23] "[36mGET /static/img/ej4.png HTTP/1.1[0m" 304 -
2023-04-22 04:56:23,614:INFO:127.0.0.1 - - [22/Apr/2023 04:56:23] "[33mGET /security/static/sweetalert2/sweetalert2.min.css HTTP/1.1[0m" 404 -
2023-04-22 04:56:23,625:INFO:127.0.0.1 - - [22/Apr/2023 04:56:23] "[33mGET /security/static/sweetalert2/sweetalert2.min.js HTTP/1.1[0m" 404 -
2023-04-22 04:56:23,654:INFO:127.0.0.1 - - [22/Apr/2023 04:56:23] "[36mGET /static/img/fondo5.jpg HTTP/1.1[0m" 304 -
2023-04-22 04:56:23,666:INFO:127.0.0.1 - - [22/Apr/2023 04:56:23] "[33mGET /security/static/estilos.css HTTP/1.1[0m" 404 -
2023-04-22 04:56:23,701:INFO:127.0.0.1 - - [22/Apr/2023 04:56:23] "[36mGET /static/bootstrap/img/glyphicons-halflings-white.png HTTP/1.1[0m" 304 -
2023-04-22 04:56:25,171:INFO:127.0.0.1 - - [22/Apr/2023 04:56:25] "[35m[1mGET /security/modificar?id= HTTP/1.1[0m" 500 -
2023-04-22 04:56:25,257:INFO:127.0.0.1 - - [22/Apr/2023 04:56:25] "[36mGET /security/modificar?__debugger__=yes&cmd=resource&f=style.css HTTP/1.1[0m" 304 -
2023-04-22 04:56:25,262:INFO:127.0.0.1 - - [22/Apr/2023 04:56:25] "[36mGET /security/modificar?__debugger__=yes&cmd=resource&f=debugger.js HTTP/1.1[0m" 304 -
2023-04-22 04:56:25,312:INFO:127.0.0.1 - - [22/Apr/2023 04:56:25] "[36mGET /security/modificar?__debugger__=yes&cmd=resource&f=console.png HTTP/1.1[0m" 304 -
2023-04-22 04:56:54,919:INFO: * Detected change in 'C:\\curso_python\\Proyecto Final\\The_World_of_cakes\\project\\auth.py', reloading
2023-04-22 04:56:55,280:INFO: * Restarting with stat
2023-04-22 04:56:57,509:INFO:Se inicio la aplicacion
2023-04-22 04:56:57,531:WARNING: * Debugger is active!
2023-04-22 04:56:57,543:INFO: * Debugger PIN: 341-549-671
2023-04-22 04:57:15,609:INFO:127.0.0.1 - - [22/Apr/2023 04:57:15] "[32mGET /security/modificar?id= HTTP/1.1[0m" 302 -
2023-04-22 04:57:15,664:INFO:127.0.0.1 - - [22/Apr/2023 04:57:15] "GET /login?next=%2Fsecurity%2Fmodificar%3Fid%3D HTTP/1.1" 200 -
2023-04-22 04:57:15,744:INFO:127.0.0.1 - - [22/Apr/2023 04:57:15] "[33mGET /favicon.ico HTTP/1.1[0m" 404 -
2023-04-22 04:57:21,876:INFO:127.0.0.1 - - [22/Apr/2023 04:57:21] "GET / HTTP/1.1" 200 -
2023-04-22 04:57:21,966:INFO:127.0.0.1 - - [22/Apr/2023 04:57:21] "[36mGET /static/bootstrap/css/bootstrap.min.css HTTP/1.1[0m" 304 -
2023-04-22 04:57:21,968:INFO:127.0.0.1 - - [22/Apr/2023 04:57:21] "[36mGET /static/bootstrap/css/bootstrap-responsive.min.css HTTP/1.1[0m" 304 -
2023-04-22 04:57:21,978:INFO:127.0.0.1 - - [22/Apr/2023 04:57:21] "[36mGET /static/bootstrap/css/styles.css HTTP/1.1[0m" 304 -
2023-04-22 04:57:22,004:INFO:127.0.0.1 - - [22/Apr/2023 04:57:22] "[36mGET /static/css/nav.css HTTP/1.1[0m" 304 -
2023-04-22 04:57:22,013:INFO:127.0.0.1 - - [22/Apr/2023 04:57:22] "[36mGET /static/css/carrusel.css HTTP/1.1[0m" 304 -
2023-04-22 04:57:22,019:INFO:127.0.0.1 - - [22/Apr/2023 04:57:22] "[36mGET /static/js/carrusel.js HTTP/1.1[0m" 304 -
2023-04-22 04:57:22,080:INFO:127.0.0.1 - - [22/Apr/2023 04:57:22] "[36mGET /static/img/ej4.png HTTP/1.1[0m" 304 -
2023-04-22 04:57:22,086:INFO:127.0.0.1 - - [22/Apr/2023 04:57:22] "[36mGET /static/img/mision2.jpg HTTP/1.1[0m" 304 -
2023-04-22 04:57:22,095:INFO:127.0.0.1 - - [22/Apr/2023 04:57:22] "[36mGET /static/img/vision.png HTTP/1.1[0m" 304 -
2023-04-22 04:57:22,109:INFO:127.0.0.1 - - [22/Apr/2023 04:57:22] "[36mGET /static/img/fondo5.jpg HTTP/1.1[0m" 304 -
2023-04-22 04:57:24,416:INFO:127.0.0.1 - - [22/Apr/2023 04:57:24] "GET /security/login HTTP/1.1" 200 -
2023-04-22 04:57:24,502:INFO:127.0.0.1 - - [22/Apr/2023 04:57:24] "[36mGET /static/bootstrap/css/bootstrap.min.css HTTP/1.1[0m" 304 -
2023-04-22 04:57:24,510:INFO:127.0.0.1 - - [22/Apr/2023 04:57:24] "[36mGET /static/bootstrap/css/bootstrap-responsive.min.css HTTP/1.1[0m" 304 -
2023-04-22 04:57:24,538:INFO:127.0.0.1 - - [22/Apr/2023 04:57:24] "[36mGET /static/css/nav.css HTTP/1.1[0m" 304 -
2023-04-22 04:57:24,539:INFO:127.0.0.1 - - [22/Apr/2023 04:57:24] "[36mGET /static/bootstrap/css/styles.css HTTP/1.1[0m" 304 -
2023-04-22 04:57:24,544:INFO:127.0.0.1 - - [22/Apr/2023 04:57:24] "[36mGET /static/css/carrusel.css HTTP/1.1[0m" 304 -
2023-04-22 04:57:24,551:INFO:127.0.0.1 - - [22/Apr/2023 04:57:24] "[36mGET /static/js/carrusel.js HTTP/1.1[0m" 304 -
2023-04-22 04:57:24,558:INFO:127.0.0.1 - - [22/Apr/2023 04:57:24] "[33mGET /security/static/estilos.css HTTP/1.1[0m" 404 -
2023-04-22 04:57:24,611:INFO:127.0.0.1 - - [22/Apr/2023 04:57:24] "[33mGET /security/static/estilos.css HTTP/1.1[0m" 404 -
2023-04-22 04:57:24,614:INFO:127.0.0.1 - - [22/Apr/2023 04:57:24] "[36mGET /static/img/ej4.png HTTP/1.1[0m" 304 -
2023-04-22 04:57:24,625:INFO:127.0.0.1 - - [22/Apr/2023 04:57:24] "[36mGET /static/img/fondo5.jpg HTTP/1.1[0m" 304 -
2023-04-22 04:57:31,266:DEBUG:El usuario FernandoLP.mx@outlook.com ingreso al sistema
2023-04-22 04:57:31,269:INFO:127.0.0.1 - - [22/Apr/2023 04:57:31] "[32mPOST /security/login HTTP/1.1[0m" 302 -
2023-04-22 04:57:31,286:INFO:127.0.0.1 - - [22/Apr/2023 04:57:31] "GET / HTTP/1.1" 200 -
2023-04-22 04:57:31,386:INFO:127.0.0.1 - - [22/Apr/2023 04:57:31] "[36mGET /static/bootstrap/css/bootstrap.min.css HTTP/1.1[0m" 304 -
2023-04-22 04:57:31,407:INFO:127.0.0.1 - - [22/Apr/2023 04:57:31] "[36mGET /static/bootstrap/css/styles.css HTTP/1.1[0m" 304 -
2023-04-22 04:57:31,410:INFO:127.0.0.1 - - [22/Apr/2023 04:57:31] "[36mGET /static/bootstrap/css/bootstrap-responsive.min.css HTTP/1.1[0m" 304 -
2023-04-22 04:57:31,427:INFO:127.0.0.1 - - [22/Apr/2023 04:57:31] "[36mGET /static/css/nav.css HTTP/1.1[0m" 304 -
2023-04-22 04:57:31,441:INFO:127.0.0.1 - - [22/Apr/2023 04:57:31] "[36mGET /static/css/carrusel.css HTTP/1.1[0m" 304 -
2023-04-22 04:57:31,455:INFO:127.0.0.1 - - [22/Apr/2023 04:57:31] "[36mGET /static/js/carrusel.js HTTP/1.1[0m" 304 -
2023-04-22 04:57:31,511:INFO:127.0.0.1 - - [22/Apr/2023 04:57:31] "[36mGET /static/img/ej4.png HTTP/1.1[0m" 304 -
2023-04-22 04:57:31,540:INFO:127.0.0.1 - - [22/Apr/2023 04:57:31] "[36mGET /static/img/mision2.jpg HTTP/1.1[0m" 304 -
2023-04-22 04:57:31,544:INFO:127.0.0.1 - - [22/Apr/2023 04:57:31] "[36mGET /static/img/vision.png HTTP/1.1[0m" 304 -
2023-04-22 04:57:31,587:INFO:127.0.0.1 - - [22/Apr/2023 04:57:31] "[36mGET /static/img/fondo5.jpg HTTP/1.1[0m" 304 -
2023-04-22 04:57:31,612:INFO:127.0.0.1 - - [22/Apr/2023 04:57:31] "[33mGET /favicon.ico HTTP/1.1[0m" 404 -
2023-04-22 04:57:36,206:INFO:127.0.0.1 - - [22/Apr/2023 04:57:36] "GET /security/administracion_admin HTTP/1.1" 200 -
2023-04-22 04:57:36,327:INFO:127.0.0.1 - - [22/Apr/2023 04:57:36] "[36mGET /static/bootstrap/css/bootstrap.min.css HTTP/1.1[0m" 304 -
2023-04-22 04:57:36,328:INFO:127.0.0.1 - - [22/Apr/2023 04:57:36] "[36mGET /static/bootstrap/css/bootstrap-responsive.min.css HTTP/1.1[0m" 304 -
2023-04-22 04:57:36,354:INFO:127.0.0.1 - - [22/Apr/2023 04:57:36] "[36mGET /static/bootstrap/css/styles.css HTTP/1.1[0m" 304 -
2023-04-22 04:57:36,373:INFO:127.0.0.1 - - [22/Apr/2023 04:57:36] "[36mGET /static/css/nav.css HTTP/1.1[0m" 304 -
2023-04-22 04:57:36,373:INFO:127.0.0.1 - - [22/Apr/2023 04:57:36] "[36mGET /static/css/carrusel.css HTTP/1.1[0m" 304 -
2023-04-22 04:57:36,399:INFO:127.0.0.1 - - [22/Apr/2023 04:57:36] "[36mGET /static/js/carrusel.js HTTP/1.1[0m" 304 -
2023-04-22 04:57:36,404:INFO:127.0.0.1 - - [22/Apr/2023 04:57:36] "[33mGET /security/static/sweetalert2/sweetalert2.min.css HTTP/1.1[0m" 404 -
2023-04-22 04:57:36,414:INFO:127.0.0.1 - - [22/Apr/2023 04:57:36] "[33mGET /security/static/sweetalert2/sweetalert2.min.js HTTP/1.1[0m" 404 -
2023-04-22 04:57:36,420:INFO:127.0.0.1 - - [22/Apr/2023 04:57:36] "[33mGET /security/static/estilos.css HTTP/1.1[0m" 404 -
2023-04-22 04:57:36,468:INFO:127.0.0.1 - - [22/Apr/2023 04:57:36] "[36mGET /static/img/ej4.png HTTP/1.1[0m" 304 -
2023-04-22 04:57:36,472:INFO:127.0.0.1 - - [22/Apr/2023 04:57:36] "[33mGET /security/static/sweetalert2/sweetalert2.min.css HTTP/1.1[0m" 404 -
2023-04-22 04:57:36,476:INFO:127.0.0.1 - - [22/Apr/2023 04:57:36] "[33mGET /security/static/estilos.css HTTP/1.1[0m" 404 -
2023-04-22 04:57:36,494:INFO:127.0.0.1 - - [22/Apr/2023 04:57:36] "[36mGET /static/img/fondo5.jpg HTTP/1.1[0m" 304 -
2023-04-22 04:57:36,509:INFO:127.0.0.1 - - [22/Apr/2023 04:57:36] "[36mGET /static/bootstrap/img/glyphicons-halflings-white.png HTTP/1.1[0m" 304 -
2023-04-22 04:57:38,026:INFO:127.0.0.1 - - [22/Apr/2023 04:57:38] "[35m[1mGET /security/modificar?id= HTTP/1.1[0m" 500 -
2023-04-22 04:57:38,105:INFO:127.0.0.1 - - [22/Apr/2023 04:57:38] "[36mGET /security/modificar?__debugger__=yes&cmd=resource&f=style.css HTTP/1.1[0m" 304 -
2023-04-22 04:57:38,112:INFO:127.0.0.1 - - [22/Apr/2023 04:57:38] "[36mGET /security/modificar?__debugger__=yes&cmd=resource&f=debugger.js HTTP/1.1[0m" 304 -
2023-04-22 04:57:38,146:INFO:127.0.0.1 - - [22/Apr/2023 04:57:38] "[36mGET /security/modificar?__debugger__=yes&cmd=resource&f=console.png HTTP/1.1[0m" 304 -
2023-04-22 04:57:56,488:INFO: * Detected change in 'C:\\curso_python\\Proyecto Final\\The_World_of_cakes\\project\\auth.py', reloading
2023-04-22 04:57:56,757:INFO: * Restarting with stat
2023-04-22 04:57:59,031:INFO:Se inicio la aplicacion
2023-04-22 04:57:59,061:WARNING: * Debugger is active!
2023-04-22 04:57:59,072:INFO: * Debugger PIN: 341-549-671
2023-04-22 04:58:01,951:INFO:127.0.0.1 - - [22/Apr/2023 04:58:01] "[32mGET /security/modificar?id= HTTP/1.1[0m" 302 -
2023-04-22 04:58:02,008:INFO:127.0.0.1 - - [22/Apr/2023 04:58:02] "GET /login?next=%2Fsecurity%2Fmodificar%3Fid%3D HTTP/1.1" 200 -
2023-04-22 04:58:02,080:INFO:127.0.0.1 - - [22/Apr/2023 04:58:02] "[33mGET /favicon.ico HTTP/1.1[0m" 404 -
2023-04-22 04:58:08,909:INFO:127.0.0.1 - - [22/Apr/2023 04:58:08] "GET / HTTP/1.1" 200 -
2023-04-22 04:58:08,992:INFO:127.0.0.1 - - [22/Apr/2023 04:58:08] "[36mGET /static/bootstrap/css/bootstrap.min.css HTTP/1.1[0m" 304 -
2023-04-22 04:58:08,998:INFO:127.0.0.1 - - [22/Apr/2023 04:58:08] "[36mGET /static/bootstrap/css/bootstrap-responsive.min.css HTTP/1.1[0m" 304 -
2023-04-22 04:58:09,000:INFO:127.0.0.1 - - [22/Apr/2023 04:58:09] "[36mGET /static/bootstrap/css/styles.css HTTP/1.1[0m" 304 -
2023-04-22 04:58:09,008:INFO:127.0.0.1 - - [22/Apr/2023 04:58:09] "[36mGET /static/css/nav.css HTTP/1.1[0m" 304 -
2023-04-22 04:58:09,024:INFO:127.0.0.1 - - [22/Apr/2023 04:58:09] "[36mGET /static/css/carrusel.css HTTP/1.1[0m" 304 -
2023-04-22 04:58:09,039:INFO:127.0.0.1 - - [22/Apr/2023 04:58:09] "[36mGET /static/js/carrusel.js HTTP/1.1[0m" 304 -
2023-04-22 04:58:09,093:INFO:127.0.0.1 - - [22/Apr/2023 04:58:09] "[36mGET /static/img/ej4.png HTTP/1.1[0m" 304 -
2023-04-22 04:58:09,108:INFO:127.0.0.1 - - [22/Apr/2023 04:58:09] "[36mGET /static/img/mision2.jpg HTTP/1.1[0m" 304 -
2023-04-22 04:58:09,109:INFO:127.0.0.1 - - [22/Apr/2023 04:58:09] "[36mGET /static/img/vision.png HTTP/1.1[0m" 304 -
2023-04-22 04:58:09,112:INFO:127.0.0.1 - - [22/Apr/2023 04:58:09] "[36mGET /static/img/fondo5.jpg HTTP/1.1[0m" 304 -
2023-04-22 04:58:11,849:INFO:127.0.0.1 - - [22/Apr/2023 04:58:11] "GET /security/login HTTP/1.1" 200 -
2023-04-22 04:58:12,058:INFO:127.0.0.1 - - [22/Apr/2023 04:58:12] "[36mGET /static/bootstrap/css/bootstrap.min.css HTTP/1.1[0m" 304 -
2023-04-22 04:58:12,063:INFO:127.0.0.1 - - [22/Apr/2023 04:58:12] "[36mGET /static/bootstrap/css/bootstrap-responsive.min.css HTTP/1.1[0m" 304 -
2023-04-22 04:58:12,076:INFO:127.0.0.1 - - [22/Apr/2023 04:58:12] "[36mGET /static/bootstrap/css/styles.css HTTP/1.1[0m" 304 -
2023-04-22 04:58:12,081:INFO:127.0.0.1 - - [22/Apr/2023 04:58:12] "[36mGET /static/css/nav.css HTTP/1.1[0m" 304 -
2023-04-22 04:58:12,088:INFO:127.0.0.1 - - [22/Apr/2023 04:58:12] "[36mGET /static/css/carrusel.css HTTP/1.1[0m" 304 -
2023-04-22 04:58:12,101:INFO:127.0.0.1 - - [22/Apr/2023 04:58:12] "[33mGET /security/static/estilos.css HTTP/1.1[0m" 404 -
2023-04-22 04:58:12,103:INFO:127.0.0.1 - - [22/Apr/2023 04:58:12] "[36mGET /static/js/carrusel.js HTTP/1.1[0m" 304 -
2023-04-22 04:58:12,144:INFO:127.0.0.1 - - [22/Apr/2023 04:58:12] "[33mGET /security/static/estilos.css HTTP/1.1[0m" 404 -
2023-04-22 04:58:12,146:INFO:127.0.0.1 - - [22/Apr/2023 04:58:12] "[36mGET /static/img/ej4.png HTTP/1.1[0m" 304 -
2023-04-22 04:58:12,163:INFO:127.0.0.1 - - [22/Apr/2023 04:58:12] "[36mGET /static/img/fondo5.jpg HTTP/1.1[0m" 304 -
2023-04-22 04:58:16,612:DEBUG:El usuario FernandoLP.mx@outlook.com ingreso al sistema
2023-04-22 04:58:16,614:INFO:127.0.0.1 - - [22/Apr/2023 04:58:16] "[32mPOST /security/login HTTP/1.1[0m" 302 -
2023-04-22 04:58:16,631:INFO:127.0.0.1 - - [22/Apr/2023 04:58:16] "GET / HTTP/1.1" 200 -
2023-04-22 04:58:16,738:INFO:127.0.0.1 - - [22/Apr/2023 04:58:16] "[36mGET /static/bootstrap/css/bootstrap.min.css HTTP/1.1[0m" 304 -
2023-04-22 04:58:16,764:INFO:127.0.0.1 - - [22/Apr/2023 04:58:16] "[36mGET /static/bootstrap/css/bootstrap-responsive.min.css HTTP/1.1[0m" 304 -
2023-04-22 04:58:16,787:INFO:127.0.0.1 - - [22/Apr/2023 04:58:16] "[36mGET /static/bootstrap/css/styles.css HTTP/1.1[0m" 304 -
2023-04-22 04:58:16,793:INFO:127.0.0.1 - - [22/Apr/2023 04:58:16] "[36mGET /static/css/nav.css HTTP/1.1[0m" 304 -
2023-04-22 04:58:16,794:INFO:127.0.0.1 - - [22/Apr/2023 04:58:16] "[36mGET /static/css/carrusel.css HTTP/1.1[0m" 304 -
2023-04-22 04:58:16,802:INFO:127.0.0.1 - - [22/Apr/2023 04:58:16] "[36mGET /static/js/carrusel.js HTTP/1.1[0m" 304 -
2023-04-22 04:58:16,870:INFO:127.0.0.1 - - [22/Apr/2023 04:58:16] "[36mGET /static/img/ej4.png HTTP/1.1[0m" 304 -
2023-04-22 04:58:16,873:INFO:127.0.0.1 - - [22/Apr/2023 04:58:16] "[36mGET /static/img/mision2.jpg HTTP/1.1[0m" 304 -
2023-04-22 04:58:16,889:INFO:127.0.0.1 - - [22/Apr/2023 04:58:16] "[36mGET /static/img/vision.png HTTP/1.1[0m" 304 -
2023-04-22 04:58:16,899:INFO:127.0.0.1 - - [22/Apr/2023 04:58:16] "[36mGET /static/img/fondo5.jpg HTTP/1.1[0m" 304 -
2023-04-22 04:58:16,964:INFO:127.0.0.1 - - [22/Apr/2023 04:58:16] "[33mGET /favicon.ico HTTP/1.1[0m" 404 -
2023-04-22 04:58:19,248:INFO:127.0.0.1 - - [22/Apr/2023 04:58:19] "GET /security/administracion_admin HTTP/1.1" 200 -
2023-04-22 04:58:19,410:INFO:127.0.0.1 - - [22/Apr/2023 04:58:19] "[36mGET /static/bootstrap/css/bootstrap.min.css HTTP/1.1[0m" 304 -
2023-04-22 04:58:19,426:INFO:127.0.0.1 - - [22/Apr/2023 04:58:19] "[36mGET /static/css/nav.css HTTP/1.1[0m" 304 -
2023-04-22 04:58:19,435:INFO:127.0.0.1 - - [22/Apr/2023 04:58:19] "[36mGET /static/bootstrap/css/bootstrap-responsive.min.css HTTP/1.1[0m" 304 -
2023-04-22 04:58:19,436:INFO:127.0.0.1 - - [22/Apr/2023 04:58:19] "[36mGET /static/bootstrap/css/styles.css HTTP/1.1[0m" 304 -
2023-04-22 04:58:19,469:INFO:127.0.0.1 - - [22/Apr/2023 04:58:19] "[36mGET /static/css/carrusel.css HTTP/1.1[0m" 304 -
2023-04-22 04:58:19,471:INFO:127.0.0.1 - - [22/Apr/2023 04:58:19] "[33mGET /security/static/sweetalert2/sweetalert2.min.js HTTP/1.1[0m" 404 -
2023-04-22 04:58:19,471:INFO:127.0.0.1 - - [22/Apr/2023 04:58:19] "[33mGET /security/static/sweetalert2/sweetalert2.min.css HTTP/1.1[0m" 404 -
2023-04-22 04:58:19,472:INFO:127.0.0.1 - - [22/Apr/2023 04:58:19] "[36mGET /static/js/carrusel.js HTTP/1.1[0m" 304 -
2023-04-22 04:58:19,480:INFO:127.0.0.1 - - [22/Apr/2023 04:58:19] "[33mGET /security/static/estilos.css HTTP/1.1[0m" 404 -
2023-04-22 04:58:19,527:INFO:127.0.0.1 - - [22/Apr/2023 04:58:19] "[36mGET /static/img/ej4.png HTTP/1.1[0m" 304 -
2023-04-22 04:58:19,548:INFO:127.0.0.1 - - [22/Apr/2023 04:58:19] "[33mGET /security/static/sweetalert2/sweetalert2.min.css HTTP/1.1[0m" 404 -
2023-04-22 04:58:19,560:INFO:127.0.0.1 - - [22/Apr/2023 04:58:19] "[33mGET /security/static/sweetalert2/sweetalert2.min.js HTTP/1.1[0m" 404 -
2023-04-22 04:58:19,567:INFO:127.0.0.1 - - [22/Apr/2023 04:58:19] "[36mGET /static/img/fondo5.jpg HTTP/1.1[0m" 304 -
2023-04-22 04:58:19,599:INFO:127.0.0.1 - - [22/Apr/2023 04:58:19] "[33mGET /security/static/estilos.css HTTP/1.1[0m" 404 -
2023-04-22 04:58:19,614:INFO:127.0.0.1 - - [22/Apr/2023 04:58:19] "[36mGET /static/bootstrap/img/glyphicons-halflings-white.png HTTP/1.1[0m" 304 -
2023-04-22 04:58:21,310:INFO:127.0.0.1 - - [22/Apr/2023 04:58:21] "[35m[1mGET /security/modificar?id= HTTP/1.1[0m" 500 -
2023-04-22 04:58:21,382:INFO:127.0.0.1 - - [22/Apr/2023 04:58:21] "[36mGET /security/modificar?__debugger__=yes&cmd=resource&f=style.css HTTP/1.1[0m" 304 -
2023-04-22 04:58:21,394:INFO:127.0.0.1 - - [22/Apr/2023 04:58:21] "[36mGET /security/modificar?__debugger__=yes&cmd=resource&f=debugger.js HTTP/1.1[0m" 304 -
2023-04-22 04:58:21,446:INFO:127.0.0.1 - - [22/Apr/2023 04:58:21] "[36mGET /security/modificar?__debugger__=yes&cmd=resource&f=console.png HTTP/1.1[0m" 304 -
2023-04-22 04:58:34,423:INFO: * Detected change in 'C:\\curso_python\\Proyecto Final\\The_World_of_cakes\\project\\auth.py', reloading
2023-04-22 04:58:34,752:INFO: * Restarting with stat
2023-04-22 04:58:37,694:INFO:Se inicio la aplicacion
2023-04-22 04:58:37,711:WARNING: * Debugger is active!
2023-04-22 04:58:37,719:INFO: * Debugger PIN: 341-549-671
2023-04-22 04:58:38,739:INFO:127.0.0.1 - - [22/Apr/2023 04:58:38] "[32mGET /security/modificar?id= HTTP/1.1[0m" 302 -
2023-04-22 04:58:38,789:INFO:127.0.0.1 - - [22/Apr/2023 04:58:38] "GET /login?next=%2Fsecurity%2Fmodificar%3Fid%3D HTTP/1.1" 200 -
2023-04-22 04:58:38,864:INFO:127.0.0.1 - - [22/Apr/2023 04:58:38] "[33mGET /favicon.ico HTTP/1.1[0m" 404 -
2023-04-22 04:58:47,469:INFO:127.0.0.1 - - [22/Apr/2023 04:58:47] "GET / HTTP/1.1" 200 -
2023-04-22 04:58:47,569:INFO:127.0.0.1 - - [22/Apr/2023 04:58:47] "[36mGET /static/bootstrap/css/bootstrap.min.css HTTP/1.1[0m" 304 -
2023-04-22 04:58:47,580:INFO:127.0.0.1 - - [22/Apr/2023 04:58:47] "[36mGET /static/bootstrap/css/bootstrap-responsive.min.css HTTP/1.1[0m" 304 -
2023-04-22 04:58:47,587:INFO:127.0.0.1 - - [22/Apr/2023 04:58:47] "[36mGET /static/bootstrap/css/styles.css HTTP/1.1[0m" 304 -
2023-04-22 04:58:47,600:INFO:127.0.0.1 - - [22/Apr/2023 04:58:47] "[36mGET /static/css/nav.css HTTP/1.1[0m" 304 -
2023-04-22 04:58:47,612:INFO:127.0.0.1 - - [22/Apr/2023 04:58:47] "[36mGET /static/css/carrusel.css HTTP/1.1[0m" 304 -
2023-04-22 04:58:47,612:INFO:127.0.0.1 - - [22/Apr/2023 04:58:47] "[36mGET /static/js/carrusel.js HTTP/1.1[0m" 304 -
2023-04-22 04:58:47,663:INFO:127.0.0.1 - - [22/Apr/2023 04:58:47] "[36mGET /static/img/ej4.png HTTP/1.1[0m" 304 -
2023-04-22 04:58:47,677:INFO:127.0.0.1 - - [22/Apr/2023 04:58:47] "[36mGET /static/img/mision2.jpg HTTP/1.1[0m" 304 -
2023-04-22 04:58:47,677:INFO:127.0.0.1 - - [22/Apr/2023 04:58:47] "[36mGET /static/img/vision.png HTTP/1.1[0m" 304 -
2023-04-22 04:58:47,680:INFO:127.0.0.1 - - [22/Apr/2023 04:58:47] "[36mGET /static/img/fondo5.jpg HTTP/1.1[0m" 304 -
2023-04-22 04:58:49,789:INFO:127.0.0.1 - - [22/Apr/2023 04:58:49] "GET /security/login HTTP/1.1" 200 -
2023-04-22 04:58:49,874:INFO:127.0.0.1 - - [22/Apr/2023 04:58:49] "[36mGET /static/bootstrap/css/bootstrap.min.css HTTP/1.1[0m" 304 -
2023-04-22 04:58:49,877:INFO:127.0.0.1 - - [22/Apr/2023 04:58:49] "[36mGET /static/bootstrap/css/bootstrap-responsive.min.css HTTP/1.1[0m" 304 -
2023-04-22 04:58:49,889:INFO:127.0.0.1 - - [22/Apr/2023 04:58:49] "[36mGET /static/css/nav.css HTTP/1.1[0m" 304 -
2023-04-22 04:58:49,891:INFO:127.0.0.1 - - [22/Apr/2023 04:58:49] "[36mGET /static/bootstrap/css/styles.css HTTP/1.1[0m" 304 -
2023-04-22 04:58:49,909:INFO:127.0.0.1 - - [22/Apr/2023 04:58:49] "[36mGET /static/css/carrusel.css HTTP/1.1[0m" 304 -
2023-04-22 04:58:49,911:INFO:127.0.0.1 - - [22/Apr/2023 04:58:49] "[36mGET /static/js/carrusel.js HTTP/1.1[0m" 304 -
2023-04-22 04:58:49,921:INFO:127.0.0.1 - - [22/Apr/2023 04:58:49] "[33mGET /security/static/estilos.css HTTP/1.1[0m" 404 -
2023-04-22 04:58:49,971:INFO:127.0.0.1 - - [22/Apr/2023 04:58:49] "[33mGET /security/static/estilos.css HTTP/1.1[0m" 404 -
2023-04-22 04:58:49,975:INFO:127.0.0.1 - - [22/Apr/2023 04:58:49] "[36mGET /static/img/ej4.png HTTP/1.1[0m" 304 -
2023-04-22 04:58:49,987:INFO:127.0.0.1 - - [22/Apr/2023 04:58:49] "[36mGET /static/img/fondo5.jpg HTTP/1.1[0m" 304 -
2023-04-22 04:58:54,579:DEBUG:El usuario FernandoLP.mx@outlook.com ingreso al sistema
2023-04-22 04:58:54,581:INFO:127.0.0.1 - - [22/Apr/2023 04:58:54] "[32mPOST /security/login HTTP/1.1[0m" 302 -
2023-04-22 04:58:54,600:INFO:127.0.0.1 - - [22/Apr/2023 04:58:54] "GET / HTTP/1.1" 200 -
2023-04-22 04:58:54,712:INFO:127.0.0.1 - - [22/Apr/2023 04:58:54] "[36mGET /static/bootstrap/css/bootstrap.min.css HTTP/1.1[0m" 304 -
2023-04-22 04:58:54,730:INFO:127.0.0.1 - - [22/Apr/2023 04:58:54] "[36mGET /static/bootstrap/css/bootstrap-responsive.min.css HTTP/1.1[0m" 304 -
2023-04-22 04:58:54,737:INFO:127.0.0.1 - - [22/Apr/2023 04:58:54] "[36mGET /static/bootstrap/css/styles.css HTTP/1.1[0m" 304 -
2023-04-22 04:58:54,770:INFO:127.0.0.1 - - [22/Apr/2023 04:58:54] "[36mGET /static/css/nav.css HTTP/1.1[0m" 304 -
2023-04-22 04:58:54,784:INFO:127.0.0.1 - - [22/Apr/2023 04:58:54] "[36mGET /static/css/carrusel.css HTTP/1.1[0m" 304 -
2023-04-22 04:58:54,795:INFO:127.0.0.1 - - [22/Apr/2023 04:58:54] "[36mGET /static/js/carrusel.js HTTP/1.1[0m" 304 -
2023-04-22 04:58:54,852:INFO:127.0.0.1 - - [22/Apr/2023 04:58:54] "[36mGET /static/img/ej4.png HTTP/1.1[0m" 304 -
2023-04-22 04:58:54,869:INFO:127.0.0.1 - - [22/Apr/2023 04:58:54] "[36mGET /static/img/mision2.jpg HTTP/1.1[0m" 304 -
2023-04-22 04:58:54,884:INFO:127.0.0.1 - - [22/Apr/2023 04:58:54] "[36mGET /static/img/vision.png HTTP/1.1[0m" 304 -
2023-04-22 04:58:54,914:INFO:127.0.0.1 - - [22/Apr/2023 04:58:54] "[36mGET /static/img/fondo5.jpg HTTP/1.1[0m" 304 -
2023-04-22 04:58:54,938:INFO:127.0.0.1 - - [22/Apr/2023 04:58:54] "[33mGET /favicon.ico HTTP/1.1[0m" 404 -
2023-04-22 04:58:57,013:INFO:127.0.0.1 - - [22/Apr/2023 04:58:57] "GET /security/administracion_admin HTTP/1.1" 200 -
2023-04-22 04:58:57,111:INFO:127.0.0.1 - - [22/Apr/2023 04:58:57] "[36mGET /static/bootstrap/css/bootstrap.min.css HTTP/1.1[0m" 304 -
2023-04-22 04:58:57,111:INFO:127.0.0.1 - - [22/Apr/2023 04:58:57] "[36mGET /static/bootstrap/css/bootstrap-responsive.min.css HTTP/1.1[0m" 304 -
2023-04-22 04:58:57,123:INFO:127.0.0.1 - - [22/Apr/2023 04:58:57] "[36mGET /static/bootstrap/css/styles.css HTTP/1.1[0m" 304 -
2023-04-22 04:58:57,134:INFO:127.0.0.1 - - [22/Apr/2023 04:58:57] "[36mGET /static/css/nav.css HTTP/1.1[0m" 304 -
2023-04-22 04:58:57,146:INFO:127.0.0.1 - - [22/Apr/2023 04:58:57] "[36mGET /static/css/carrusel.css HTTP/1.1[0m" 304 -
2023-04-22 04:58:57,152:INFO:127.0.0.1 - - [22/Apr/2023 04:58:57] "[36mGET /static/js/carrusel.js HTTP/1.1[0m" 304 -
2023-04-22 04:58:57,163:INFO:127.0.0.1 - - [22/Apr/2023 04:58:57] "[33mGET /security/static/sweetalert2/sweetalert2.min.css HTTP/1.1[0m" 404 -
2023-04-22 04:58:57,178:INFO:127.0.0.1 - - [22/Apr/2023 04:58:57] "[33mGET /security/static/sweetalert2/sweetalert2.min.js HTTP/1.1[0m" 404 -
2023-04-22 04:58:57,197:INFO:127.0.0.1 - - [22/Apr/2023 04:58:57] "[33mGET /security/static/estilos.css HTTP/1.1[0m" 404 -
2023-04-22 04:58:57,255:INFO:127.0.0.1 - - [22/Apr/2023 04:58:57] "[36mGET /static/img/ej4.png HTTP/1.1[0m" 304 -
2023-04-22 04:58:57,273:INFO:127.0.0.1 - - [22/Apr/2023 04:58:57] "[36mGET /static/img/fondo5.jpg HTTP/1.1[0m" 304 -
2023-04-22 04:58:57,277:INFO:127.0.0.1 - - [22/Apr/2023 04:58:57] "[36mGET /static/bootstrap/img/glyphicons-halflings-white.png HTTP/1.1[0m" 304 -
2023-04-22 04:58:59,118:INFO:127.0.0.1 - - [22/Apr/2023 04:58:59] "[35m[1mGET /security/modificar?id= HTTP/1.1[0m" 500 -
2023-04-22 04:58:59,203:INFO:127.0.0.1 - - [22/Apr/2023 04:58:59] "[36mGET /security/modificar?__debugger__=yes&cmd=resource&f=style.css HTTP/1.1[0m" 304 -
2023-04-22 04:58:59,210:INFO:127.0.0.1 - - [22/Apr/2023 04:58:59] "[36mGET /security/modificar?__debugger__=yes&cmd=resource&f=debugger.js HTTP/1.1[0m" 304 -
2023-04-22 04:58:59,255:INFO:127.0.0.1 - - [22/Apr/2023 04:58:59] "[36mGET /security/modificar?__debugger__=yes&cmd=resource&f=console.png HTTP/1.1[0m" 304 -
2023-04-22 04:59:11,127:INFO: * Detected change in 'C:\\curso_python\\Proyecto Final\\The_World_of_cakes\\project\\auth.py', reloading
2023-04-22 04:59:11,346:INFO: * Restarting with stat
2023-04-22 04:59:13,638:INFO:Se inicio la aplicacion
2023-04-22 04:59:13,653:WARNING: * Debugger is active!
2023-04-22 04:59:13,658:INFO: * Debugger PIN: 341-549-671
2023-04-22 04:59:26,199:INFO: * Detected change in 'C:\\curso_python\\Proyecto Final\\The_World_of_cakes\\project\\auth.py', reloading
2023-04-22 04:59:26,433:INFO: * Restarting with stat
2023-04-22 04:59:28,704:INFO:Se inicio la aplicacion
2023-04-22 04:59:28,720:WARNING: * Debugger is active!
2023-04-22 04:59:28,725:INFO: * Debugger PIN: 341-549-671
2023-04-22 05:00:36,950:INFO: * Detected change in 'C:\\curso_python\\Proyecto Final\\The_World_of_cakes\\project\\auth.py', reloading
2023-04-22 05:00:37,225:INFO: * Restarting with stat
2023-04-22 05:01:01,190:INFO: * Restarting with stat
2023-04-22 05:01:23,760:INFO: * Restarting with stat
2023-04-22 05:01:30,098:INFO: * Restarting with stat
2023-04-22 05:04:16,153:INFO: * Restarting with stat
2023-04-22 05:04:18,926:INFO:Se inicio la aplicacion
2023-04-22 05:04:18,955:WARNING: * Debugger is active!
2023-04-22 05:04:18,966:INFO: * Debugger PIN: 341-549-671
2023-04-22 05:04:25,741:INFO: * Detected change in 'C:\\curso_python\\Proyecto Final\\The_World_of_cakes\\project\\auth.py', reloading
2023-04-22 05:04:25,958:INFO: * Restarting with stat
2023-04-22 05:04:28,306:INFO:Se inicio la aplicacion
2023-04-22 05:04:28,319:WARNING: * Debugger is active!
2023-04-22 05:04:28,326:INFO: * Debugger PIN: 341-549-671
2023-04-22 05:04:31,728:INFO: * Detected change in 'C:\\curso_python\\Proyecto Final\\The_World_of_cakes\\project\\auth.py', reloading
2023-04-22 05:04:31,940:INFO: * Restarting with stat
2023-04-22 05:04:34,462:INFO:Se inicio la aplicacion
2023-04-22 05:04:34,487:WARNING: * Debugger is active!
2023-04-22 05:04:34,498:INFO: * Debugger PIN: 341-549-671
2023-04-22 05:04:48,246:INFO:127.0.0.1 - - [22/Apr/2023 05:04:48] "[32mGET /security/modificar?id= HTTP/1.1[0m" 302 -
2023-04-22 05:04:48,317:INFO:127.0.0.1 - - [22/Apr/2023 05:04:48] "GET /login?next=%2Fsecurity%2Fmodificar%3Fid%3D HTTP/1.1" 200 -
2023-04-22 05:04:48,445:INFO:127.0.0.1 - - [22/Apr/2023 05:04:48] "[33mGET /favicon.ico HTTP/1.1[0m" 404 -
2023-04-22 05:04:54,519:INFO:127.0.0.1 - - [22/Apr/2023 05:04:54] "GET / HTTP/1.1" 200 -
2023-04-22 05:04:54,658:INFO:127.0.0.1 - - [22/Apr/2023 05:04:54] "[36mGET /static/bootstrap/css/bootstrap.min.css HTTP/1.1[0m" 304 -
2023-04-22 05:04:54,674:INFO:127.0.0.1 - - [22/Apr/2023 05:04:54] "[36mGET /static/bootstrap/css/bootstrap-responsive.min.css HTTP/1.1[0m" 304 -
2023-04-22 05:04:54,686:INFO:127.0.0.1 - - [22/Apr/2023 05:04:54] "[36mGET /static/bootstrap/css/styles.css HTTP/1.1[0m" 304 -
2023-04-22 05:04:54,698:INFO:127.0.0.1 - - [22/Apr/2023 05:04:54] "[36mGET /static/css/carrusel.css HTTP/1.1[0m" 304 -
2023-04-22 05:04:54,700:INFO:127.0.0.1 - - [22/Apr/2023 05:04:54] "[36mGET /static/css/nav.css HTTP/1.1[0m" 304 -
2023-04-22 05:04:54,708:INFO:127.0.0.1 - - [22/Apr/2023 05:04:54] "[36mGET /static/js/carrusel.js HTTP/1.1[0m" 304 -
2023-04-22 05:04:54,801:INFO:127.0.0.1 - - [22/Apr/2023 05:04:54] "[36mGET /static/img/ej4.png HTTP/1.1[0m" 304 -
2023-04-22 05:04:54,810:INFO:127.0.0.1 - - [22/Apr/2023 05:04:54] "[36mGET /static/img/mision2.jpg HTTP/1.1[0m" 304 -
2023-04-22 05:04:54,814:INFO:127.0.0.1 - - [22/Apr/2023 05:04:54] "[36mGET /static/img/fondo5.jpg HTTP/1.1[0m" 304 -
2023-04-22 05:04:54,818:INFO:127.0.0.1 - - [22/Apr/2023 05:04:54] "[36mGET /static/img/vision.png HTTP/1.1[0m" 304 -
2023-04-22 05:04:56,759:INFO:127.0.0.1 - - [22/Apr/2023 05:04:56] "GET /security/login HTTP/1.1" 200 -
2023-04-22 05:04:56,855:INFO:127.0.0.1 - - [22/Apr/2023 05:04:56] "[36mGET /static/bootstrap/css/bootstrap.min.css HTTP/1.1[0m" 304 -
2023-04-22 05:04:56,862:INFO:127.0.0.1 - - [22/Apr/2023 05:04:56] "[36mGET /static/bootstrap/css/bootstrap-responsive.min.css HTTP/1.1[0m" 304 -
2023-04-22 05:04:56,870:INFO:127.0.0.1 - - [22/Apr/2023 05:04:56] "[36mGET /static/bootstrap/css/styles.css HTTP/1.1[0m" 304 -
2023-04-22 05:04:56,873:INFO:127.0.0.1 - - [22/Apr/2023 05:04:56] "[36mGET /static/css/nav.css HTTP/1.1[0m" 304 -
2023-04-22 05:04:56,890:INFO:127.0.0.1 - - [22/Apr/2023 05:04:56] "[36mGET /static/css/carrusel.css HTTP/1.1[0m" 304 -
2023-04-22 05:04:56,902:INFO:127.0.0.1 - - [22/Apr/2023 05:04:56] "[33mGET /security/static/estilos.css HTTP/1.1[0m" 404 -
2023-04-22 05:04:56,905:INFO:127.0.0.1 - - [22/Apr/2023 05:04:56] "[36mGET /static/js/carrusel.js HTTP/1.1[0m" 304 -
2023-04-22 05:04:56,958:INFO:127.0.0.1 - - [22/Apr/2023 05:04:56] "[36mGET /static/img/ej4.png HTTP/1.1[0m" 304 -
2023-04-22 05:04:56,968:INFO:127.0.0.1 - - [22/Apr/2023 05:04:56] "[33mGET /security/static/estilos.css HTTP/1.1[0m" 404 -
2023-04-22 05:04:56,977:INFO:127.0.0.1 - - [22/Apr/2023 05:04:56] "[36mGET /static/img/fondo5.jpg HTTP/1.1[0m" 304 -
2023-04-22 05:05:03,414:DEBUG:El usuario FernandoLP.mx@outlook.com ingreso al sistema
2023-04-22 05:05:03,417:INFO:127.0.0.1 - - [22/Apr/2023 05:05:03] "[32mPOST /security/login HTTP/1.1[0m" 302 -
2023-04-22 05:05:03,439:INFO:127.0.0.1 - - [22/Apr/2023 05:05:03] "GET / HTTP/1.1" 200 -
2023-04-22 05:05:03,592:INFO:127.0.0.1 - - [22/Apr/2023 05:05:03] "[36mGET /static/bootstrap/css/bootstrap.min.css HTTP/1.1[0m" 304 -
2023-04-22 05:05:03,601:INFO:127.0.0.1 - - [22/Apr/2023 05:05:03] "[36mGET /static/bootstrap/css/bootstrap-responsive.min.css HTTP/1.1[0m" 304 -
2023-04-22 05:05:03,625:INFO:127.0.0.1 - - [22/Apr/2023 05:05:03] "[36mGET /static/bootstrap/css/styles.css HTTP/1.1[0m" 304 -
2023-04-22 05:05:03,637:INFO:127.0.0.1 - - [22/Apr/2023 05:05:03] "[36mGET /static/css/nav.css HTTP/1.1[0m" 304 -
2023-04-22 05:05:03,642:INFO:127.0.0.1 - - [22/Apr/2023 05:05:03] "[36mGET /static/css/carrusel.css HTTP/1.1[0m" 304 -
2023-04-22 05:05:03,645:INFO:127.0.0.1 - - [22/Apr/2023 05:05:03] "[36mGET /static/js/carrusel.js HTTP/1.1[0m" 304 -
2023-04-22 05:05:03,711:INFO:127.0.0.1 - - [22/Apr/2023 05:05:03] "[36mGET /static/img/ej4.png HTTP/1.1[0m" 304 -
2023-04-22 05:05:03,714:INFO:127.0.0.1 - - [22/Apr/2023 05:05:03] "[36mGET /static/img/mision2.jpg HTTP/1.1[0m" 304 -
2023-04-22 05:05:03,726:INFO:127.0.0.1 - - [22/Apr/2023 05:05:03] "[36mGET /static/img/vision.png HTTP/1.1[0m" 304 -
2023-04-22 05:05:03,727:INFO:127.0.0.1 - - [22/Apr/2023 05:05:03] "[36mGET /static/img/fondo5.jpg HTTP/1.1[0m" 304 -
2023-04-22 05:05:03,799:INFO:127.0.0.1 - - [22/Apr/2023 05:05:03] "[33mGET /favicon.ico HTTP/1.1[0m" 404 -
2023-04-22 05:05:06,627:INFO:127.0.0.1 - - [22/Apr/2023 05:05:06] "GET /security/administracion_admin HTTP/1.1" 200 -
2023-04-22 05:05:06,824:INFO:127.0.0.1 - - [22/Apr/2023 05:05:06] "[36mGET /static/bootstrap/css/bootstrap.min.css HTTP/1.1[0m" 304 -
2023-04-22 05:05:06,826:INFO:127.0.0.1 - - [22/Apr/2023 05:05:06] "[36mGET /static/bootstrap/css/bootstrap-responsive.min.css HTTP/1.1[0m" 304 -
2023-04-22 05:05:06,832:INFO:127.0.0.1 - - [22/Apr/2023 05:05:06] "[36mGET /static/css/nav.css HTTP/1.1[0m" 304 -
2023-04-22 05:05:06,836:INFO:127.0.0.1 - - [22/Apr/2023 05:05:06] "[36mGET /static/bootstrap/css/styles.css HTTP/1.1[0m" 304 -
2023-04-22 05:05:06,859:INFO:127.0.0.1 - - [22/Apr/2023 05:05:06] "[36mGET /static/css/carrusel.css HTTP/1.1[0m" 304 -
2023-04-22 05:05:06,880:INFO:127.0.0.1 - - [22/Apr/2023 05:05:06] "[36mGET /static/js/carrusel.js HTTP/1.1[0m" 304 -
2023-04-22 05:05:06,890:INFO:127.0.0.1 - - [22/Apr/2023 05:05:06] "[33mGET /security/static/estilos.css HTTP/1.1[0m" 404 -
2023-04-22 05:05:06,897:INFO:127.0.0.1 - - [22/Apr/2023 05:05:06] "[33mGET /security/static/sweetalert2/sweetalert2.min.css HTTP/1.1[0m" 404 -
2023-04-22 05:05:06,908:INFO:127.0.0.1 - - [22/Apr/2023 05:05:06] "[33mGET /security/static/sweetalert2/sweetalert2.min.js HTTP/1.1[0m" 404 -
2023-04-22 05:05:06,959:INFO:127.0.0.1 - - [22/Apr/2023 05:05:06] "[36mGET /static/img/ej4.png HTTP/1.1[0m" 304 -
2023-04-22 05:05:06,978:INFO:127.0.0.1 - - [22/Apr/2023 05:05:06] "[36mGET /static/img/fondo5.jpg HTTP/1.1[0m" 304 -
2023-04-22 05:05:07,000:INFO:127.0.0.1 - - [22/Apr/2023 05:05:07] "[33mGET /security/static/estilos.css HTTP/1.1[0m" 404 -
2023-04-22 05:05:07,012:INFO:127.0.0.1 - - [22/Apr/2023 05:05:07] "[36mGET /static/bootstrap/img/glyphicons-halflings-white.png HTTP/1.1[0m" 304 -
2023-04-22 05:05:08,822:INFO:127.0.0.1 - - [22/Apr/2023 05:05:08] "[35m[1mGET /security/modificar?id= HTTP/1.1[0m" 500 -
2023-04-22 05:05:08,965:INFO:127.0.0.1 - - [22/Apr/2023 05:05:08] "[36mGET /security/modificar?__debugger__=yes&cmd=resource&f=style.css HTTP/1.1[0m" 304 -
2023-04-22 05:05:08,972:INFO:127.0.0.1 - - [22/Apr/2023 05:05:08] "[36mGET /security/modificar?__debugger__=yes&cmd=resource&f=debugger.js HTTP/1.1[0m" 304 -
2023-04-22 05:05:09,006:INFO:127.0.0.1 - - [22/Apr/2023 05:05:09] "[36mGET /security/modificar?__debugger__=yes&cmd=resource&f=console.png HTTP/1.1[0m" 304 -
2023-04-22 05:05:26,046:INFO: * Detected change in 'C:\\curso_python\\Proyecto Final\\The_World_of_cakes\\project\\auth.py', reloading
2023-04-22 05:05:26,328:INFO: * Restarting with stat
2023-04-22 05:05:29,111:INFO:Se inicio la aplicacion
2023-04-22 05:05:29,133:WARNING: * Debugger is active!
2023-04-22 05:05:29,142:INFO: * Debugger PIN: 341-549-671
2023-04-22 05:05:35,123:INFO:127.0.0.1 - - [22/Apr/2023 05:05:35] "[32mGET /security/modificar?id= HTTP/1.1[0m" 302 -
2023-04-22 05:05:35,253:INFO:127.0.0.1 - - [22/Apr/2023 05:05:35] "GET /login?next=%2Fsecurity%2Fmodificar%3Fid%3D HTTP/1.1" 200 -
2023-04-22 05:05:35,421:INFO:127.0.0.1 - - [22/Apr/2023 05:05:35] "[33mGET /favicon.ico HTTP/1.1[0m" 404 -
2023-04-22 05:05:44,667:INFO:127.0.0.1 - - [22/Apr/2023 05:05:44] "GET / HTTP/1.1" 200 -
2023-04-22 05:05:44,771:INFO:127.0.0.1 - - [22/Apr/2023 05:05:44] "[36mGET /static/bootstrap/css/bootstrap.min.css HTTP/1.1[0m" 304 -
2023-04-22 05:05:44,771:INFO:127.0.0.1 - - [22/Apr/2023 05:05:44] "[36mGET /static/bootstrap/css/bootstrap-responsive.min.css HTTP/1.1[0m" 304 -
2023-04-22 05:05:44,776:INFO:127.0.0.1 - - [22/Apr/2023 05:05:44] "[36mGET /static/bootstrap/css/styles.css HTTP/1.1[0m" 304 -
2023-04-22 05:05:44,785:INFO:127.0.0.1 - - [22/Apr/2023 05:05:44] "[36mGET /static/css/nav.css HTTP/1.1[0m" 304 -
2023-04-22 05:05:44,787:INFO:127.0.0.1 - - [22/Apr/2023 05:05:44] "[36mGET /static/css/carrusel.css HTTP/1.1[0m" 304 -
2023-04-22 05:05:44,800:INFO:127.0.0.1 - - [22/Apr/2023 05:05:44] "[36mGET /static/js/carrusel.js HTTP/1.1[0m" 304 -
2023-04-22 05:05:44,853:INFO:127.0.0.1 - - [22/Apr/2023 05:05:44] "[36mGET /static/img/ej4.png HTTP/1.1[0m" 304 -
2023-04-22 05:05:44,861:INFO:127.0.0.1 - - [22/Apr/2023 05:05:44] "[36mGET /static/img/mision2.jpg HTTP/1.1[0m" 304 -
2023-04-22 05:05:44,872:INFO:127.0.0.1 - - [22/Apr/2023 05:05:44] "[36mGET /static/img/vision.png HTTP/1.1[0m" 304 -
2023-04-22 05:05:44,874:INFO:127.0.0.1 - - [22/Apr/2023 05:05:44] "[36mGET /static/img/fondo5.jpg HTTP/1.1[0m" 304 -
2023-04-22 05:05:54,600:INFO:127.0.0.1 - - [22/Apr/2023 05:05:54] "GET /security/login HTTP/1.1" 200 -
2023-04-22 05:05:54,786:INFO:127.0.0.1 - - [22/Apr/2023 05:05:54] "[36mGET /static/bootstrap/css/bootstrap.min.css HTTP/1.1[0m" 304 -
2023-04-22 05:05:54,790:INFO:127.0.0.1 - - [22/Apr/2023 05:05:54] "[36mGET /static/bootstrap/css/bootstrap-responsive.min.css HTTP/1.1[0m" 304 -
2023-04-22 05:05:54,794:INFO:127.0.0.1 - - [22/Apr/2023 05:05:54] "[36mGET /static/bootstrap/css/styles.css HTTP/1.1[0m" 304 -
2023-04-22 05:05:54,807:INFO:127.0.0.1 - - [22/Apr/2023 05:05:54] "[36mGET /static/css/nav.css HTTP/1.1[0m" 304 -
2023-04-22 05:05:54,823:INFO:127.0.0.1 - - [22/Apr/2023 05:05:54] "[33mGET /security/static/estilos.css HTTP/1.1[0m" 404 -
2023-04-22 05:05:54,826:INFO:127.0.0.1 - - [22/Apr/2023 05:05:54] "[36mGET /static/css/carrusel.css HTTP/1.1[0m" 304 -
2023-04-22 05:05:54,826:INFO:127.0.0.1 - - [22/Apr/2023 05:05:54] "[36mGET /static/js/carrusel.js HTTP/1.1[0m" 304 -
2023-04-22 05:05:54,872:INFO:127.0.0.1 - - [22/Apr/2023 05:05:54] "[36mGET /static/img/ej4.png HTTP/1.1[0m" 304 -
2023-04-22 05:05:54,877:INFO:127.0.0.1 - - [22/Apr/2023 05:05:54] "[33mGET /security/static/estilos.css HTTP/1.1[0m" 404 -
2023-04-22 05:05:54,886:INFO:127.0.0.1 - - [22/Apr/2023 05:05:54] "[36mGET /static/img/fondo5.jpg HTTP/1.1[0m" 304 -
2023-04-22 05:05:59,099:DEBUG:El usuario FernandoLP.mx@outlook.com ingreso al sistema
2023-04-22 05:05:59,101:INFO:127.0.0.1 - - [22/Apr/2023 05:05:59] "[32mPOST /security/login HTTP/1.1[0m" 302 -
2023-04-22 05:05:59,115:INFO:127.0.0.1 - - [22/Apr/2023 05:05:59] "GET / HTTP/1.1" 200 -
2023-04-22 05:05:59,218:INFO:127.0.0.1 - - [22/Apr/2023 05:05:59] "[36mGET /static/bootstrap/css/bootstrap.min.css HTTP/1.1[0m" 304 -
2023-04-22 05:05:59,236:INFO:127.0.0.1 - - [22/Apr/2023 05:05:59] "[36mGET /static/bootstrap/css/bootstrap-responsive.min.css HTTP/1.1[0m" 304 -
2023-04-22 05:05:59,242:INFO:127.0.0.1 - - [22/Apr/2023 05:05:59] "[36mGET /static/bootstrap/css/styles.css HTTP/1.1[0m" 304 -
2023-04-22 05:05:59,242:INFO:127.0.0.1 - - [22/Apr/2023 05:05:59] "[36mGET /static/css/carrusel.css HTTP/1.1[0m" 304 -
2023-04-22 05:05:59,250:INFO:127.0.0.1 - - [22/Apr/2023 05:05:59] "[36mGET /static/css/nav.css HTTP/1.1[0m" 304 -
2023-04-22 05:05:59,251:INFO:127.0.0.1 - - [22/Apr/2023 05:05:59] "[36mGET /static/js/carrusel.js HTTP/1.1[0m" 304 -
2023-04-22 05:05:59,319:INFO:127.0.0.1 - - [22/Apr/2023 05:05:59] "[36mGET /static/img/ej4.png HTTP/1.1[0m" 304 -
2023-04-22 05:05:59,336:INFO:127.0.0.1 - - [22/Apr/2023 05:05:59] "[36mGET /static/img/mision2.jpg HTTP/1.1[0m" 304 -
2023-04-22 05:05:59,339:INFO:127.0.0.1 - - [22/Apr/2023 05:05:59] "[36mGET /static/img/fondo5.jpg HTTP/1.1[0m" 304 -
2023-04-22 05:05:59,340:INFO:127.0.0.1 - - [22/Apr/2023 05:05:59] "[36mGET /static/img/vision.png HTTP/1.1[0m" 304 -
2023-04-22 05:05:59,364:INFO:127.0.0.1 - - [22/Apr/2023 05:05:59] "[33mGET /favicon.ico HTTP/1.1[0m" 404 -
2023-04-22 05:06:02,365:INFO:127.0.0.1 - - [22/Apr/2023 05:06:02] "GET /security/administracion_admin HTTP/1.1" 200 -
2023-04-22 05:06:02,473:INFO:127.0.0.1 - - [22/Apr/2023 05:06:02] "[36mGET /static/bootstrap/css/bootstrap.min.css HTTP/1.1[0m" 304 -
2023-04-22 05:06:02,493:INFO:127.0.0.1 - - [22/Apr/2023 05:06:02] "[36mGET /static/bootstrap/css/bootstrap-responsive.min.css HTTP/1.1[0m" 304 -
2023-04-22 05:06:02,498:INFO:127.0.0.1 - - [22/Apr/2023 05:06:02] "[36mGET /static/bootstrap/css/styles.css HTTP/1.1[0m" 304 -
2023-04-22 05:06:02,522:INFO:127.0.0.1 - - [22/Apr/2023 05:06:02] "[36mGET /static/css/nav.css HTTP/1.1[0m" 304 -
2023-04-22 05:06:02,524:INFO:127.0.0.1 - - [22/Apr/2023 05:06:02] "[36mGET /static/css/carrusel.css HTTP/1.1[0m" 304 -
2023-04-22 05:06:02,547:INFO:127.0.0.1 - - [22/Apr/2023 05:06:02] "[36mGET /static/js/carrusel.js HTTP/1.1[0m" 304 -
2023-04-22 05:06:02,550:INFO:127.0.0.1 - - [22/Apr/2023 05:06:02] "[33mGET /security/static/sweetalert2/sweetalert2.min.css HTTP/1.1[0m" 404 -
2023-04-22 05:06:02,565:INFO:127.0.0.1 - - [22/Apr/2023 05:06:02] "[33mGET /security/static/sweetalert2/sweetalert2.min.js HTTP/1.1[0m" 404 -
2023-04-22 05:06:02,571:INFO:127.0.0.1 - - [22/Apr/2023 05:06:02] "[33mGET /security/static/estilos.css HTTP/1.1[0m" 404 -
2023-04-22 05:06:02,606:INFO:127.0.0.1 - - [22/Apr/2023 05:06:02] "[36mGET /static/img/ej4.png HTTP/1.1[0m" 304 -
2023-04-22 05:06:02,628:INFO:127.0.0.1 - - [22/Apr/2023 05:06:02] "[33mGET /security/static/sweetalert2/sweetalert2.min.css HTTP/1.1[0m" 404 -
2023-04-22 05:06:02,636:INFO:127.0.0.1 - - [22/Apr/2023 05:06:02] "[33mGET /security/static/estilos.css HTTP/1.1[0m" 404 -
2023-04-22 05:06:02,683:INFO:127.0.0.1 - - [22/Apr/2023 05:06:02] "[36mGET /static/img/fondo5.jpg HTTP/1.1[0m" 304 -
2023-04-22 05:06:02,686:INFO:127.0.0.1 - - [22/Apr/2023 05:06:02] "[36mGET /static/bootstrap/img/glyphicons-halflings-white.png HTTP/1.1[0m" 304 -
2023-04-22 05:06:04,405:INFO:127.0.0.1 - - [22/Apr/2023 05:06:04] "[35m[1mGET /security/modificar?id= HTTP/1.1[0m" 500 -
2023-04-22 05:06:04,554:INFO:127.0.0.1 - - [22/Apr/2023 05:06:04] "[36mGET /security/modificar?__debugger__=yes&cmd=resource&f=style.css HTTP/1.1[0m" 304 -
2023-04-22 05:06:04,555:INFO:127.0.0.1 - - [22/Apr/2023 05:06:04] "[36mGET /security/modificar?__debugger__=yes&cmd=resource&f=debugger.js HTTP/1.1[0m" 304 -
2023-04-22 05:06:04,591:INFO:127.0.0.1 - - [22/Apr/2023 05:06:04] "[36mGET /security/modificar?__debugger__=yes&cmd=resource&f=console.png HTTP/1.1[0m" 304 -
2023-04-22 05:06:34,989:INFO: * Detected change in 'C:\\curso_python\\Proyecto Final\\The_World_of_cakes\\project\\auth.py', reloading
2023-04-22 05:06:35,275:INFO: * Restarting with stat
2023-04-22 05:06:38,085:INFO:Se inicio la aplicacion
2023-04-22 05:06:38,108:WARNING: * Debugger is active!
2023-04-22 05:06:38,118:INFO: * Debugger PIN: 341-549-671
2023-04-22 05:06:41,501:INFO: * Detected change in 'C:\\curso_python\\Proyecto Final\\The_World_of_cakes\\project\\auth.py', reloading
2023-04-22 05:06:41,795:INFO: * Restarting with stat
2023-04-22 05:06:45,271:INFO:Se inicio la aplicacion
2023-04-22 05:06:45,291:WARNING: * Debugger is active!
2023-04-22 05:06:45,300:INFO: * Debugger PIN: 341-549-671
2023-04-22 05:08:49,373:INFO: * Detected change in 'C:\\curso_python\\Proyecto Final\\The_World_of_cakes\\project\\auth.py', reloading
2023-04-22 05:08:49,662:INFO: * Restarting with stat
2023-04-22 05:08:52,520:INFO:Se inicio la aplicacion
2023-04-22 05:08:52,545:WARNING: * Debugger is active!
2023-04-22 05:08:52,554:INFO: * Debugger PIN: 341-549-671
2023-04-22 05:08:59,846:INFO:127.0.0.1 - - [22/Apr/2023 05:08:59] "[32mGET /security/modificar?id= HTTP/1.1[0m" 302 -
2023-04-22 05:08:59,988:INFO:127.0.0.1 - - [22/Apr/2023 05:08:59] "GET /login?next=%2Fsecurity%2Fmodificar%3Fid%3D HTTP/1.1" 200 -
2023-04-22 05:09:00,173:INFO:127.0.0.1 - - [22/Apr/2023 05:09:00] "[33mGET /favicon.ico HTTP/1.1[0m" 404 -
2023-04-22 05:09:04,999:INFO:127.0.0.1 - - [22/Apr/2023 05:09:04] "GET / HTTP/1.1" 200 -
2023-04-22 05:09:05,106:INFO:127.0.0.1 - - [22/Apr/2023 05:09:05] "[36mGET /static/bootstrap/css/bootstrap.min.css HTTP/1.1[0m" 304 -
2023-04-22 05:09:05,108:INFO:127.0.0.1 - - [22/Apr/2023 05:09:05] "[36mGET /static/bootstrap/css/bootstrap-responsive.min.css HTTP/1.1[0m" 304 -
2023-04-22 05:09:05,115:INFO:127.0.0.1 - - [22/Apr/2023 05:09:05] "[36mGET /static/bootstrap/css/styles.css HTTP/1.1[0m" 304 -
2023-04-22 05:09:05,120:INFO:127.0.0.1 - - [22/Apr/2023 05:09:05] "[36mGET /static/css/nav.css HTTP/1.1[0m" 304 -
2023-04-22 05:09:05,122:INFO:127.0.0.1 - - [22/Apr/2023 05:09:05] "[36mGET /static/css/carrusel.css HTTP/1.1[0m" 304 -
2023-04-22 05:09:05,132:INFO:127.0.0.1 - - [22/Apr/2023 05:09:05] "[36mGET /static/js/carrusel.js HTTP/1.1[0m" 304 -
2023-04-22 05:09:05,222:INFO:127.0.0.1 - - [22/Apr/2023 05:09:05] "[36mGET /static/img/mision2.jpg HTTP/1.1[0m" 304 -
2023-04-22 05:09:05,227:INFO:127.0.0.1 - - [22/Apr/2023 05:09:05] "[36mGET /static/img/ej4.png HTTP/1.1[0m" 304 -
2023-04-22 05:09:05,231:INFO:127.0.0.1 - - [22/Apr/2023 05:09:05] "[36mGET /static/img/vision.png HTTP/1.1[0m" 304 -
2023-04-22 05:09:05,238:INFO:127.0.0.1 - - [22/Apr/2023 05:09:05] "[36mGET /static/img/fondo5.jpg HTTP/1.1[0m" 304 -
2023-04-22 05:09:06,938:INFO:127.0.0.1 - - [22/Apr/2023 05:09:06] "GET /security/login HTTP/1.1" 200 -
2023-04-22 05:09:07,150:INFO:127.0.0.1 - - [22/Apr/2023 05:09:07] "[36mGET /static/bootstrap/css/bootstrap.min.css HTTP/1.1[0m" 304 -
2023-04-22 05:09:07,152:INFO:127.0.0.1 - - [22/Apr/2023 05:09:07] "[36mGET /static/bootstrap/css/bootstrap-responsive.min.css HTTP/1.1[0m" 304 -
2023-04-22 05:09:07,155:INFO:127.0.0.1 - - [22/Apr/2023 05:09:07] "[36mGET /static/bootstrap/css/styles.css HTTP/1.1[0m" 304 -
2023-04-22 05:09:07,167:INFO:127.0.0.1 - - [22/Apr/2023 05:09:07] "[36mGET /static/css/nav.css HTTP/1.1[0m" 304 -
2023-04-22 05:09:07,180:INFO:127.0.0.1 - - [22/Apr/2023 05:09:07] "[36mGET /static/css/carrusel.css HTTP/1.1[0m" 304 -
2023-04-22 05:09:07,192:INFO:127.0.0.1 - - [22/Apr/2023 05:09:07] "[33mGET /security/static/estilos.css HTTP/1.1[0m" 404 -
2023-04-22 05:09:07,194:INFO:127.0.0.1 - - [22/Apr/2023 05:09:07] "[36mGET /static/js/carrusel.js HTTP/1.1[0m" 304 -
2023-04-22 05:09:07,235:INFO:127.0.0.1 - - [22/Apr/2023 05:09:07] "[36mGET /static/img/ej4.png HTTP/1.1[0m" 304 -
2023-04-22 05:09:07,244:INFO:127.0.0.1 - - [22/Apr/2023 05:09:07] "[33mGET /security/static/estilos.css HTTP/1.1[0m" 404 -
2023-04-22 05:09:07,256:INFO:127.0.0.1 - - [22/Apr/2023 05:09:07] "[36mGET /static/img/fondo5.jpg HTTP/1.1[0m" 304 -
2023-04-22 05:09:11,246:DEBUG:El usuario FernandoLP.mx@outlook.com ingreso al sistema
2023-04-22 05:09:11,249:INFO:127.0.0.1 - - [22/Apr/2023 05:09:11] "[32mPOST /security/login HTTP/1.1[0m" 302 -
2023-04-22 05:09:11,266:INFO:127.0.0.1 - - [22/Apr/2023 05:09:11] "GET / HTTP/1.1" 200 -
2023-04-22 05:09:11,381:INFO:127.0.0.1 - - [22/Apr/2023 05:09:11] "[36mGET /static/bootstrap/css/bootstrap.min.css HTTP/1.1[0m" 304 -
2023-04-22 05:09:11,405:INFO:127.0.0.1 - - [22/Apr/2023 05:09:11] "[36mGET /static/bootstrap/css/styles.css HTTP/1.1[0m" 304 -
2023-04-22 05:09:11,405:INFO:127.0.0.1 - - [22/Apr/2023 05:09:11] "[36mGET /static/bootstrap/css/bootstrap-responsive.min.css HTTP/1.1[0m" 304 -
2023-04-22 05:09:11,411:INFO:127.0.0.1 - - [22/Apr/2023 05:09:11] "[36mGET /static/css/nav.css HTTP/1.1[0m" 304 -
2023-04-22 05:09:11,421:INFO:127.0.0.1 - - [22/Apr/2023 05:09:11] "[36mGET /static/css/carrusel.css HTTP/1.1[0m" 304 -
2023-04-22 05:09:11,432:INFO:127.0.0.1 - - [22/Apr/2023 05:09:11] "[36mGET /static/js/carrusel.js HTTP/1.1[0m" 304 -
2023-04-22 05:09:11,484:INFO:127.0.0.1 - - [22/Apr/2023 05:09:11] "[36mGET /static/img/ej4.png HTTP/1.1[0m" 304 -
2023-04-22 05:09:11,489:INFO:127.0.0.1 - - [22/Apr/2023 05:09:11] "[36mGET /static/img/mision2.jpg HTTP/1.1[0m" 304 -
2023-04-22 05:09:11,494:INFO:127.0.0.1 - - [22/Apr/2023 05:09:11] "[36mGET /static/img/vision.png HTTP/1.1[0m" 304 -
2023-04-22 05:09:11,494:INFO:127.0.0.1 - - [22/Apr/2023 05:09:11] "[36mGET /static/img/fondo5.jpg HTTP/1.1[0m" 304 -
2023-04-22 05:09:11,550:INFO:127.0.0.1 - - [22/Apr/2023 05:09:11] "[33mGET /favicon.ico HTTP/1.1[0m" 404 -
2023-04-22 05:09:13,671:INFO:127.0.0.1 - - [22/Apr/2023 05:09:13] "GET /security/administracion_admin HTTP/1.1" 200 -
2023-04-22 05:09:13,903:INFO:127.0.0.1 - - [22/Apr/2023 05:09:13] "[36mGET /static/bootstrap/css/bootstrap.min.css HTTP/1.1[0m" 304 -
2023-04-22 05:09:13,909:INFO:127.0.0.1 - - [22/Apr/2023 05:09:13] "[36mGET /static/bootstrap/css/bootstrap-responsive.min.css HTTP/1.1[0m" 304 -
2023-04-22 05:09:13,917:INFO:127.0.0.1 - - [22/Apr/2023 05:09:13] "[36mGET /static/bootstrap/css/styles.css HTTP/1.1[0m" 304 -
2023-04-22 05:09:13,932:INFO:127.0.0.1 - - [22/Apr/2023 05:09:13] "[36mGET /static/css/nav.css HTTP/1.1[0m" 304 -
2023-04-22 05:09:13,944:INFO:127.0.0.1 - - [22/Apr/2023 05:09:13] "[36mGET /static/css/carrusel.css HTTP/1.1[0m" 304 -
2023-04-22 05:09:13,960:INFO:127.0.0.1 - - [22/Apr/2023 05:09:13] "[33mGET /security/static/estilos.css HTTP/1.1[0m" 404 -
2023-04-22 05:09:13,963:INFO:127.0.0.1 - - [22/Apr/2023 05:09:13] "[36mGET /static/js/carrusel.js HTTP/1.1[0m" 304 -
2023-04-22 05:09:13,979:INFO:127.0.0.1 - - [22/Apr/2023 05:09:13] "[33mGET /security/static/sweetalert2/sweetalert2.min.js HTTP/1.1[0m" 404 -
2023-04-22 05:09:13,980:INFO:127.0.0.1 - - [22/Apr/2023 05:09:13] "[33mGET /security/static/sweetalert2/sweetalert2.min.css HTTP/1.1[0m" 404 -
2023-04-22 05:09:14,025:INFO:127.0.0.1 - - [22/Apr/2023 05:09:14] "[36mGET /static/img/ej4.png HTTP/1.1[0m" 304 -
2023-04-22 05:09:14,050:INFO:127.0.0.1 - - [22/Apr/2023 05:09:14] "[33mGET /security/static/estilos.css HTTP/1.1[0m" 404 -
2023-04-22 05:09:14,063:INFO:127.0.0.1 - - [22/Apr/2023 05:09:14] "[36mGET /static/img/fondo5.jpg HTTP/1.1[0m" 304 -
2023-04-22 05:09:14,075:INFO:127.0.0.1 - - [22/Apr/2023 05:09:14] "[36mGET /static/bootstrap/img/glyphicons-halflings-white.png HTTP/1.1[0m" 304 -
2023-04-22 05:09:15,871:INFO:127.0.0.1 - - [22/Apr/2023 05:09:15] "[35m[1mGET /security/modificar?id= HTTP/1.1[0m" 500 -
2023-04-22 05:09:15,968:INFO:127.0.0.1 - - [22/Apr/2023 05:09:15] "[36mGET /security/modificar?__debugger__=yes&cmd=resource&f=style.css HTTP/1.1[0m" 304 -
2023-04-22 05:09:15,971:INFO:127.0.0.1 - - [22/Apr/2023 05:09:15] "[36mGET /security/modificar?__debugger__=yes&cmd=resource&f=debugger.js HTTP/1.1[0m" 304 -
2023-04-22 05:09:15,992:INFO:127.0.0.1 - - [22/Apr/2023 05:09:15] "[36mGET /security/modificar?__debugger__=yes&cmd=resource&f=console.png HTTP/1.1[0m" 304 -
2023-04-22 05:15:06,831:INFO:127.0.0.1 - - [22/Apr/2023 05:15:06] "GET /security/compraMateria HTTP/1.1" 200 -
2023-04-22 05:15:06,895:INFO:127.0.0.1 - - [22/Apr/2023 05:15:06] "[36mGET /static/bootstrap/css/bootstrap.min.css HTTP/1.1[0m" 304 -
2023-04-22 05:15:06,906:INFO:127.0.0.1 - - [22/Apr/2023 05:15:06] "[36mGET /static/bootstrap/css/bootstrap-responsive.min.css HTTP/1.1[0m" 304 -
2023-04-22 05:15:06,920:INFO:127.0.0.1 - - [22/Apr/2023 05:15:06] "[36mGET /static/bootstrap/css/styles.css HTTP/1.1[0m" 304 -
2023-04-22 05:15:06,923:INFO:127.0.0.1 - - [22/Apr/2023 05:15:06] "[36mGET /static/css/nav.css HTTP/1.1[0m" 304 -
2023-04-22 05:15:06,941:INFO:127.0.0.1 - - [22/Apr/2023 05:15:06] "[36mGET /static/js/carrusel.js HTTP/1.1[0m" 304 -
2023-04-22 05:15:06,942:INFO:127.0.0.1 - - [22/Apr/2023 05:15:06] "[36mGET /static/css/carrusel.css HTTP/1.1[0m" 304 -
2023-04-22 05:15:06,945:INFO:127.0.0.1 - - [22/Apr/2023 05:15:06] "[33mGET /security/static/sweetalert2/sweetalert2.min.js HTTP/1.1[0m" 404 -
2023-04-22 05:15:06,945:INFO:127.0.0.1 - - [22/Apr/2023 05:15:06] "[33mGET /security/static/sweetalert2/sweetalert2.min.css HTTP/1.1[0m" 404 -
2023-04-22 05:15:06,948:INFO:127.0.0.1 - - [22/Apr/2023 05:15:06] "[33mGET /security/static/estilos.css HTTP/1.1[0m" 404 -
2023-04-22 05:15:07,017:INFO:127.0.0.1 - - [22/Apr/2023 05:15:07] "[36mGET /static/img/ej4.png HTTP/1.1[0m" 304 -
2023-04-22 05:15:07,034:INFO:127.0.0.1 - - [22/Apr/2023 05:15:07] "[33mGET /security/static/sweetalert2/sweetalert2.min.css HTTP/1.1[0m" 404 -
2023-04-22 05:15:07,035:INFO:127.0.0.1 - - [22/Apr/2023 05:15:07] "[33mGET /security/static/sweetalert2/sweetalert2.min.js HTTP/1.1[0m" 404 -
2023-04-22 05:15:07,046:INFO:127.0.0.1 - - [22/Apr/2023 05:15:07] "[36mGET /static/img/fondo5.jpg HTTP/1.1[0m" 304 -
2023-04-22 05:15:07,060:INFO:127.0.0.1 - - [22/Apr/2023 05:15:07] "[33mGET /security/static/estilos.css HTTP/1.1[0m" 404 -
2023-04-22 05:16:39,117:INFO:127.0.0.1 - - [22/Apr/2023 05:16:39] "GET /security/registroRecetario_admin HTTP/1.1" 200 -
2023-04-22 05:16:39,203:INFO:127.0.0.1 - - [22/Apr/2023 05:16:39] "[36mGET /static/bootstrap/css/bootstrap.min.css HTTP/1.1[0m" 304 -
2023-04-22 05:16:39,207:INFO:127.0.0.1 - - [22/Apr/2023 05:16:39] "[36mGET /static/bootstrap/css/bootstrap-responsive.min.css HTTP/1.1[0m" 304 -
2023-04-22 05:16:39,211:INFO:127.0.0.1 - - [22/Apr/2023 05:16:39] "[36mGET /static/bootstrap/css/styles.css HTTP/1.1[0m" 304 -
2023-04-22 05:16:39,216:INFO:127.0.0.1 - - [22/Apr/2023 05:16:39] "[36mGET /static/css/nav.css HTTP/1.1[0m" 304 -
2023-04-22 05:16:39,228:INFO:127.0.0.1 - - [22/Apr/2023 05:16:39] "[36mGET /static/css/carrusel.css HTTP/1.1[0m" 304 -
2023-04-22 05:16:39,238:INFO:127.0.0.1 - - [22/Apr/2023 05:16:39] "[36mGET /static/js/carrusel.js HTTP/1.1[0m" 304 -
2023-04-22 05:16:39,243:INFO:127.0.0.1 - - [22/Apr/2023 05:16:39] "[33mGET /security/static/sweetalert2/sweetalert2.min.css HTTP/1.1[0m" 404 -
2023-04-22 05:16:39,244:INFO:127.0.0.1 - - [22/Apr/2023 05:16:39] "[33mGET /security/static/sweetalert2/sweetalert2.min.js HTTP/1.1[0m" 404 -
2023-04-22 05:16:39,250:INFO:127.0.0.1 - - [22/Apr/2023 05:16:39] "[33mGET /security/static/estilos.css HTTP/1.1[0m" 404 -
2023-04-22 05:16:39,285:INFO:127.0.0.1 - - [22/Apr/2023 05:16:39] "[36mGET /static/img/ej4.png HTTP/1.1[0m" 304 -
2023-04-22 05:16:39,291:INFO:127.0.0.1 - - [22/Apr/2023 05:16:39] "[33mGET /security/static/estilos.css HTTP/1.1[0m" 404 -
2023-04-22 05:16:39,309:INFO:127.0.0.1 - - [22/Apr/2023 05:16:39] "[36mGET /static/bootstrap/img/glyphicons-halflings-white.png HTTP/1.1[0m" 304 -
2023-04-22 05:16:39,309:INFO:127.0.0.1 - - [22/Apr/2023 05:16:39] "[36mGET /static/img/fondo5.jpg HTTP/1.1[0m" 304 -
2023-04-22 05:16:52,269:INFO:127.0.0.1 - - [22/Apr/2023 05:16:52] "GET /security/compraMateria HTTP/1.1" 200 -
2023-04-22 05:16:52,360:INFO:127.0.0.1 - - [22/Apr/2023 05:16:52] "[36mGET /static/bootstrap/css/bootstrap.min.css HTTP/1.1[0m" 304 -
2023-04-22 05:16:52,363:INFO:127.0.0.1 - - [22/Apr/2023 05:16:52] "[36mGET /static/bootstrap/css/bootstrap-responsive.min.css HTTP/1.1[0m" 304 -
2023-04-22 05:16:52,363:INFO:127.0.0.1 - - [22/Apr/2023 05:16:52] "[36mGET /static/bootstrap/css/styles.css HTTP/1.1[0m" 304 -
2023-04-22 05:16:52,373:INFO:127.0.0.1 - - [22/Apr/2023 05:16:52] "[36mGET /static/css/nav.css HTTP/1.1[0m" 304 -
2023-04-22 05:16:52,399:INFO:127.0.0.1 - - [22/Apr/2023 05:16:52] "[33mGET /security/static/sweetalert2/sweetalert2.min.css HTTP/1.1[0m" 404 -
2023-04-22 05:16:52,401:INFO:127.0.0.1 - - [22/Apr/2023 05:16:52] "[36mGET /static/js/carrusel.js HTTP/1.1[0m" 304 -
2023-04-22 05:16:52,405:INFO:127.0.0.1 - - [22/Apr/2023 05:16:52] "[36mGET /static/css/carrusel.css HTTP/1.1[0m" 304 -
2023-04-22 05:16:52,406:INFO:127.0.0.1 - - [22/Apr/2023 05:16:52] "[33mGET /security/static/estilos.css HTTP/1.1[0m" 404 -
2023-04-22 05:16:52,406:INFO:127.0.0.1 - - [22/Apr/2023 05:16:52] "[33mGET /security/static/sweetalert2/sweetalert2.min.js HTTP/1.1[0m" 404 -
2023-04-22 05:16:52,451:INFO:127.0.0.1 - - [22/Apr/2023 05:16:52] "[36mGET /static/img/ej4.png HTTP/1.1[0m" 304 -
2023-04-22 05:16:52,459:INFO:127.0.0.1 - - [22/Apr/2023 05:16:52] "[33mGET /security/static/sweetalert2/sweetalert2.min.css HTTP/1.1[0m" 404 -
2023-04-22 05:16:52,459:INFO:127.0.0.1 - - [22/Apr/2023 05:16:52] "[33mGET /security/static/sweetalert2/sweetalert2.min.js HTTP/1.1[0m" 404 -
2023-04-22 05:16:52,467:INFO:127.0.0.1 - - [22/Apr/2023 05:16:52] "[36mGET /static/img/fondo5.jpg HTTP/1.1[0m" 304 -
2023-04-22 05:16:52,478:INFO:127.0.0.1 - - [22/Apr/2023 05:16:52] "[33mGET /security/static/estilos.css HTTP/1.1[0m" 404 -
2023-04-22 05:20:47,930:INFO:127.0.0.1 - - [22/Apr/2023 05:20:47] "GET /security/proveedor_admin HTTP/1.1" 200 -
2023-04-22 05:20:48,000:INFO:127.0.0.1 - - [22/Apr/2023 05:20:47] "[36mGET /static/bootstrap/css/bootstrap.min.css HTTP/1.1[0m" 304 -
2023-04-22 05:20:48,003:INFO:127.0.0.1 - - [22/Apr/2023 05:20:48] "[36mGET /static/bootstrap/css/bootstrap-responsive.min.css HTTP/1.1[0m" 304 -
2023-04-22 05:20:48,007:INFO:127.0.0.1 - - [22/Apr/2023 05:20:48] "[36mGET /static/bootstrap/css/styles.css HTTP/1.1[0m" 304 -
2023-04-22 05:20:48,007:INFO:127.0.0.1 - - [22/Apr/2023 05:20:48] "[36mGET /static/css/nav.css HTTP/1.1[0m" 304 -
2023-04-22 05:20:48,022:INFO:127.0.0.1 - - [22/Apr/2023 05:20:48] "[36mGET /static/css/carrusel.css HTTP/1.1[0m" 304 -
2023-04-22 05:20:48,026:INFO:127.0.0.1 - - [22/Apr/2023 05:20:48] "[36mGET /static/js/carrusel.js HTTP/1.1[0m" 304 -
2023-04-22 05:20:48,028:INFO:127.0.0.1 - - [22/Apr/2023 05:20:48] "[33mGET /security/static/sweetalert2/sweetalert2.min.css HTTP/1.1[0m" 404 -
2023-04-22 05:20:48,038:INFO:127.0.0.1 - - [22/Apr/2023 05:20:48] "[33mGET /security/static/sweetalert2/sweetalert2.min.js HTTP/1.1[0m" 404 -
2023-04-22 05:20:48,041:INFO:127.0.0.1 - - [22/Apr/2023 05:20:48] "[33mGET /security/static/estilos.css HTTP/1.1[0m" 404 -
2023-04-22 05:20:48,106:INFO:127.0.0.1 - - [22/Apr/2023 05:20:48] "[33mGET /security/static/sweetalert2/sweetalert2.min.css HTTP/1.1[0m" 404 -
2023-04-22 05:20:48,111:INFO:127.0.0.1 - - [22/Apr/2023 05:20:48] "[33mGET /security/static/sweetalert2/sweetalert2.min.js HTTP/1.1[0m" 404 -
2023-04-22 05:20:48,122:INFO:127.0.0.1 - - [22/Apr/2023 05:20:48] "GET /static/img/ej4.png HTTP/1.1" 200 -
2023-04-22 05:20:48,130:INFO:127.0.0.1 - - [22/Apr/2023 05:20:48] "[36mGET /static/img/fondo5.jpg HTTP/1.1[0m" 304 -
2023-04-22 05:20:48,130:INFO:127.0.0.1 - - [22/Apr/2023 05:20:48] "[33mGET /security/static/estilos.css HTTP/1.1[0m" 404 -
2023-04-22 05:20:48,144:INFO:127.0.0.1 - - [22/Apr/2023 05:20:48] "GET /static/bootstrap/img/glyphicons-halflings-white.png HTTP/1.1" 200 -
2023-04-22 05:20:50,227:INFO:127.0.0.1 - - [22/Apr/2023 05:20:50] "GET /security/compraMateria HTTP/1.1" 200 -
2023-04-22 05:20:50,299:INFO:127.0.0.1 - - [22/Apr/2023 05:20:50] "[36mGET /static/bootstrap/css/bootstrap.min.css HTTP/1.1[0m" 304 -
2023-04-22 05:20:50,305:INFO:127.0.0.1 - - [22/Apr/2023 05:20:50] "[36mGET /static/bootstrap/css/bootstrap-responsive.min.css HTTP/1.1[0m" 304 -
2023-04-22 05:20:50,307:INFO:127.0.0.1 - - [22/Apr/2023 05:20:50] "[36mGET /static/css/nav.css HTTP/1.1[0m" 304 -
2023-04-22 05:20:50,307:INFO:127.0.0.1 - - [22/Apr/2023 05:20:50] "[36mGET /static/bootstrap/css/styles.css HTTP/1.1[0m" 304 -
2023-04-22 05:20:50,331:INFO:127.0.0.1 - - [22/Apr/2023 05:20:50] "[33mGET /security/static/sweetalert2/sweetalert2.min.css HTTP/1.1[0m" 404 -
2023-04-22 05:20:50,335:INFO:127.0.0.1 - - [22/Apr/2023 05:20:50] "[36mGET /static/js/carrusel.js HTTP/1.1[0m" 304 -
2023-04-22 05:20:50,335:INFO:127.0.0.1 - - [22/Apr/2023 05:20:50] "[33mGET /security/static/sweetalert2/sweetalert2.min.js HTTP/1.1[0m" 404 -
2023-04-22 05:20:50,344:INFO:127.0.0.1 - - [22/Apr/2023 05:20:50] "[33mGET /security/static/estilos.css HTTP/1.1[0m" 404 -
2023-04-22 05:20:51,044:INFO:127.0.0.1 - - [22/Apr/2023 05:20:51] "[36mGET /static/css/carrusel.css HTTP/1.1[0m" 304 -
2023-04-22 05:20:51,080:INFO:127.0.0.1 - - [22/Apr/2023 05:20:51] "[33mGET /security/static/sweetalert2/sweetalert2.min.css HTTP/1.1[0m" 404 -
2023-04-22 05:20:51,088:INFO:127.0.0.1 - - [22/Apr/2023 05:20:51] "[36mGET /static/img/ej4.png HTTP/1.1[0m" 304 -
2023-04-22 05:20:51,088:INFO:127.0.0.1 - - [22/Apr/2023 05:20:51] "[33mGET /security/static/sweetalert2/sweetalert2.min.js HTTP/1.1[0m" 404 -
2023-04-22 05:20:51,100:INFO:127.0.0.1 - - [22/Apr/2023 05:20:51] "[36mGET /static/img/fondo5.jpg HTTP/1.1[0m" 304 -
2023-04-22 05:20:51,162:INFO:127.0.0.1 - - [22/Apr/2023 05:20:51] "[33mGET /security/static/estilos.css HTTP/1.1[0m" 404 -
2023-04-22 05:22:19,071:INFO:127.0.0.1 - - [22/Apr/2023 05:22:19] "GET /security/proveedor_admin HTTP/1.1" 200 -
2023-04-22 05:22:19,138:INFO:127.0.0.1 - - [22/Apr/2023 05:22:19] "[33mGET /security/static/sweetalert2/sweetalert2.min.js HTTP/1.1[0m" 404 -
2023-04-22 05:22:19,140:INFO:127.0.0.1 - - [22/Apr/2023 05:22:19] "GET /static/bootstrap/css/bootstrap.min.css HTTP/1.1" 200 -
2023-04-22 05:22:19,154:INFO:127.0.0.1 - - [22/Apr/2023 05:22:19] "[36mGET /static/bootstrap/css/bootstrap-responsive.min.css HTTP/1.1[0m" 304 -
2023-04-22 05:22:19,173:INFO:127.0.0.1 - - [22/Apr/2023 05:22:19] "[36mGET /static/css/carrusel.css HTTP/1.1[0m" 304 -
2023-04-22 05:22:19,177:INFO:127.0.0.1 - - [22/Apr/2023 05:22:19] "[36mGET /static/bootstrap/css/styles.css HTTP/1.1[0m" 304 -
2023-04-22 05:22:19,181:INFO:127.0.0.1 - - [22/Apr/2023 05:22:19] "[33mGET /security/static/sweetalert2/sweetalert2.min.css HTTP/1.1[0m" 404 -
2023-04-22 05:22:19,183:INFO:127.0.0.1 - - [22/Apr/2023 05:22:19] "[36mGET /static/css/nav.css HTTP/1.1[0m" 304 -
2023-04-22 05:22:19,185:INFO:127.0.0.1 - - [22/Apr/2023 05:22:19] "[36mGET /static/js/carrusel.js HTTP/1.1[0m" 304 -
2023-04-22 05:22:19,188:INFO:127.0.0.1 - - [22/Apr/2023 05:22:19] "[33mGET /security/static/estilos.css HTTP/1.1[0m" 404 -
2023-04-22 05:22:19,229:INFO:127.0.0.1 - - [22/Apr/2023 05:22:19] "[33mGET /security/static/sweetalert2/sweetalert2.min.css HTTP/1.1[0m" 404 -
2023-04-22 05:22:19,230:INFO:127.0.0.1 - - [22/Apr/2023 05:22:19] "[33mGET /security/static/sweetalert2/sweetalert2.min.js HTTP/1.1[0m" 404 -
2023-04-22 05:22:19,241:INFO:127.0.0.1 - - [22/Apr/2023 05:22:19] "GET /static/img/ej4.png HTTP/1.1" 200 -
2023-04-22 05:22:19,250:INFO:127.0.0.1 - - [22/Apr/2023 05:22:19] "[36mGET /static/img/fondo5.jpg HTTP/1.1[0m" 304 -
2023-04-22 05:22:19,258:INFO:127.0.0.1 - - [22/Apr/2023 05:22:19] "[33mGET /security/static/estilos.css HTTP/1.1[0m" 404 -
2023-04-22 05:22:19,279:INFO:127.0.0.1 - - [22/Apr/2023 05:22:19] "GET /static/bootstrap/img/glyphicons-halflings-white.png HTTP/1.1" 200 -
2023-04-22 05:22:19,300:INFO:127.0.0.1 - - [22/Apr/2023 05:22:19] "[33mGET /favicon.ico HTTP/1.1[0m" 404 -
2023-04-22 05:22:20,900:INFO:127.0.0.1 - - [22/Apr/2023 05:22:20] "GET /security/compraMateria HTTP/1.1" 200 -
2023-04-22 05:22:20,970:INFO:127.0.0.1 - - [22/Apr/2023 05:22:20] "[36mGET /static/bootstrap/css/bootstrap.min.css HTTP/1.1[0m" 304 -
2023-04-22 05:22:20,974:INFO:127.0.0.1 - - [22/Apr/2023 05:22:20] "[36mGET /static/bootstrap/css/styles.css HTTP/1.1[0m" 304 -
2023-04-22 05:22:20,975:INFO:127.0.0.1 - - [22/Apr/2023 05:22:20] "[36mGET /static/bootstrap/css/bootstrap-responsive.min.css HTTP/1.1[0m" 304 -
2023-04-22 05:22:20,984:INFO:127.0.0.1 - - [22/Apr/2023 05:22:20] "[36mGET /static/css/nav.css HTTP/1.1[0m" 304 -
2023-04-22 05:22:20,994:INFO:127.0.0.1 - - [22/Apr/2023 05:22:20] "[36mGET /static/css/carrusel.css HTTP/1.1[0m" 304 -
2023-04-22 05:22:21,002:INFO:127.0.0.1 - - [22/Apr/2023 05:22:21] "[33mGET /security/static/sweetalert2/sweetalert2.min.css HTTP/1.1[0m" 404 -
2023-04-22 05:22:21,005:INFO:127.0.0.1 - - [22/Apr/2023 05:22:21] "[36mGET /static/js/carrusel.js HTTP/1.1[0m" 304 -
2023-04-22 05:22:21,006:INFO:127.0.0.1 - - [22/Apr/2023 05:22:21] "[33mGET /security/static/sweetalert2/sweetalert2.min.js HTTP/1.1[0m" 404 -
2023-04-22 05:22:21,015:INFO:127.0.0.1 - - [22/Apr/2023 05:22:21] "[33mGET /security/static/estilos.css HTTP/1.1[0m" 404 -
2023-04-22 05:22:21,044:INFO:127.0.0.1 - - [22/Apr/2023 05:22:21] "[36mGET /static/img/ej4.png HTTP/1.1[0m" 304 -
2023-04-22 05:22:21,059:INFO:127.0.0.1 - - [22/Apr/2023 05:22:21] "[33mGET /security/static/sweetalert2/sweetalert2.min.css HTTP/1.1[0m" 404 -
2023-04-22 05:22:21,060:INFO:127.0.0.1 - - [22/Apr/2023 05:22:21] "[33mGET /security/static/sweetalert2/sweetalert2.min.js HTTP/1.1[0m" 404 -
2023-04-22 05:22:21,071:INFO:127.0.0.1 - - [22/Apr/2023 05:22:21] "[36mGET /static/img/fondo5.jpg HTTP/1.1[0m" 304 -
2023-04-22 05:22:21,123:INFO:127.0.0.1 - - [22/Apr/2023 05:22:21] "[33mGET /security/static/estilos.css HTTP/1.1[0m" 404 -
2023-04-22 05:23:01,202:INFO:127.0.0.1 - - [22/Apr/2023 05:23:01] "GET /security/empleados HTTP/1.1" 200 -
2023-04-22 05:23:01,269:INFO:127.0.0.1 - - [22/Apr/2023 05:23:01] "[33mGET /security/static/sweetalert2/sweetalert2.min.js HTTP/1.1[0m" 404 -
2023-04-22 05:23:01,278:INFO:127.0.0.1 - - [22/Apr/2023 05:23:01] "[36mGET /static/bootstrap/css/bootstrap.min.css HTTP/1.1[0m" 304 -
2023-04-22 05:23:01,286:INFO:127.0.0.1 - - [22/Apr/2023 05:23:01] "[36mGET /static/bootstrap/css/bootstrap-responsive.min.css HTTP/1.1[0m" 304 -
2023-04-22 05:23:01,292:INFO:127.0.0.1 - - [22/Apr/2023 05:23:01] "[36mGET /static/bootstrap/css/styles.css HTTP/1.1[0m" 304 -
2023-04-22 05:23:01,296:INFO:127.0.0.1 - - [22/Apr/2023 05:23:01] "[36mGET /static/css/nav.css HTTP/1.1[0m" 304 -
2023-04-22 05:23:01,301:INFO:127.0.0.1 - - [22/Apr/2023 05:23:01] "[36mGET /static/css/carrusel.css HTTP/1.1[0m" 304 -
2023-04-22 05:23:01,310:INFO:127.0.0.1 - - [22/Apr/2023 05:23:01] "[33mGET /security/static/sweetalert2/sweetalert2.min.css HTTP/1.1[0m" 404 -
2023-04-22 05:23:01,314:INFO:127.0.0.1 - - [22/Apr/2023 05:23:01] "[33mGET /security/static/estilos.css HTTP/1.1[0m" 404 -
2023-04-22 05:23:01,315:INFO:127.0.0.1 - - [22/Apr/2023 05:23:01] "[36mGET /static/js/carrusel.js HTTP/1.1[0m" 304 -
2023-04-22 05:23:01,347:INFO:127.0.0.1 - - [22/Apr/2023 05:23:01] "[33mGET /security/static/sweetalert2/sweetalert2.min.css HTTP/1.1[0m" 404 -
2023-04-22 05:23:01,367:INFO:127.0.0.1 - - [22/Apr/2023 05:23:01] "[33mGET /security/static/sweetalert2/sweetalert2.min.js HTTP/1.1[0m" 404 -
2023-04-22 05:23:01,370:INFO:127.0.0.1 - - [22/Apr/2023 05:23:01] "GET /static/img/ej4.png HTTP/1.1" 200 -
2023-04-22 05:23:01,379:INFO:127.0.0.1 - - [22/Apr/2023 05:23:01] "[36mGET /static/img/fondo5.jpg HTTP/1.1[0m" 304 -
2023-04-22 05:23:01,398:INFO:127.0.0.1 - - [22/Apr/2023 05:23:01] "[33mGET /security/static/estilos.css HTTP/1.1[0m" 404 -
2023-04-22 05:23:01,433:INFO:127.0.0.1 - - [22/Apr/2023 05:23:01] "GET /static/bootstrap/img/glyphicons-halflings-white.png HTTP/1.1" 200 -
2023-04-22 05:23:01,468:INFO:127.0.0.1 - - [22/Apr/2023 05:23:01] "[33mGET /favicon.ico HTTP/1.1[0m" 404 -
2023-04-22 05:23:02,316:INFO:127.0.0.1 - - [22/Apr/2023 05:23:02] "GET /security/registroRecetario_admin HTTP/1.1" 200 -
2023-04-22 05:23:02,387:INFO:127.0.0.1 - - [22/Apr/2023 05:23:02] "[36mGET /static/bootstrap/css/styles.css HTTP/1.1[0m" 304 -
2023-04-22 05:23:02,387:INFO:127.0.0.1 - - [22/Apr/2023 05:23:02] "[36mGET /static/bootstrap/css/bootstrap.min.css HTTP/1.1[0m" 304 -
2023-04-22 05:23:02,388:INFO:127.0.0.1 - - [22/Apr/2023 05:23:02] "[36mGET /static/bootstrap/css/bootstrap-responsive.min.css HTTP/1.1[0m" 304 -
2023-04-22 05:23:02,398:INFO:127.0.0.1 - - [22/Apr/2023 05:23:02] "[36mGET /static/css/nav.css HTTP/1.1[0m" 304 -
2023-04-22 05:23:02,401:INFO:127.0.0.1 - - [22/Apr/2023 05:23:02] "[36mGET /static/css/carrusel.css HTTP/1.1[0m" 304 -
2023-04-22 05:23:02,402:INFO:127.0.0.1 - - [22/Apr/2023 05:23:02] "[36mGET /static/js/carrusel.js HTTP/1.1[0m" 304 -
2023-04-22 05:23:02,418:INFO:127.0.0.1 - - [22/Apr/2023 05:23:02] "[33mGET /security/static/sweetalert2/sweetalert2.min.js HTTP/1.1[0m" 404 -
2023-04-22 05:23:02,420:INFO:127.0.0.1 - - [22/Apr/2023 05:23:02] "[33mGET /security/static/sweetalert2/sweetalert2.min.css HTTP/1.1[0m" 404 -
2023-04-22 05:23:02,421:INFO:127.0.0.1 - - [22/Apr/2023 05:23:02] "[33mGET /security/static/estilos.css HTTP/1.1[0m" 404 -
2023-04-22 05:23:02,448:INFO:127.0.0.1 - - [22/Apr/2023 05:23:02] "[36mGET /static/img/ej4.png HTTP/1.1[0m" 304 -
2023-04-22 05:23:02,453:INFO:127.0.0.1 - - [22/Apr/2023 05:23:02] "[33mGET /security/static/estilos.css HTTP/1.1[0m" 404 -
2023-04-22 05:23:02,468:INFO:127.0.0.1 - - [22/Apr/2023 05:23:02] "[36mGET /static/bootstrap/img/glyphicons-halflings-white.png HTTP/1.1[0m" 304 -
2023-04-22 05:23:02,469:INFO:127.0.0.1 - - [22/Apr/2023 05:23:02] "[36mGET /static/img/fondo5.jpg HTTP/1.1[0m" 304 -
2023-04-22 05:23:03,400:INFO:127.0.0.1 - - [22/Apr/2023 05:23:03] "GET /security/compraMateria HTTP/1.1" 200 -
2023-04-22 05:23:03,472:INFO:127.0.0.1 - - [22/Apr/2023 05:23:03] "[36mGET /static/bootstrap/css/bootstrap.min.css HTTP/1.1[0m" 304 -
2023-04-22 05:23:03,474:INFO:127.0.0.1 - - [22/Apr/2023 05:23:03] "[36mGET /static/bootstrap/css/bootstrap-responsive.min.css HTTP/1.1[0m" 304 -
2023-04-22 05:23:03,477:INFO:127.0.0.1 - - [22/Apr/2023 05:23:03] "[36mGET /static/bootstrap/css/styles.css HTTP/1.1[0m" 304 -
2023-04-22 05:23:03,480:INFO:127.0.0.1 - - [22/Apr/2023 05:23:03] "[36mGET /static/css/nav.css HTTP/1.1[0m" 304 -
2023-04-22 05:23:03,487:INFO:127.0.0.1 - - [22/Apr/2023 05:23:03] "[36mGET /static/css/carrusel.css HTTP/1.1[0m" 304 -
2023-04-22 05:23:03,503:INFO:127.0.0.1 - - [22/Apr/2023 05:23:03] "[33mGET /security/static/sweetalert2/sweetalert2.min.css HTTP/1.1[0m" 404 -
2023-04-22 05:23:03,504:INFO:127.0.0.1 - - [22/Apr/2023 05:23:03] "[36mGET /static/js/carrusel.js HTTP/1.1[0m" 304 -
2023-04-22 05:23:03,512:INFO:127.0.0.1 - - [22/Apr/2023 05:23:03] "[33mGET /security/static/sweetalert2/sweetalert2.min.js HTTP/1.1[0m" 404 -
2023-04-22 05:23:03,512:INFO:127.0.0.1 - - [22/Apr/2023 05:23:03] "[33mGET /security/static/estilos.css HTTP/1.1[0m" 404 -
2023-04-22 05:23:03,541:INFO:127.0.0.1 - - [22/Apr/2023 05:23:03] "[36mGET /static/img/ej4.png HTTP/1.1[0m" 304 -
2023-04-22 05:23:03,553:INFO:127.0.0.1 - - [22/Apr/2023 05:23:03] "[33mGET /security/static/sweetalert2/sweetalert2.min.css HTTP/1.1[0m" 404 -
2023-04-22 05:23:03,559:INFO:127.0.0.1 - - [22/Apr/2023 05:23:03] "[33mGET /security/static/estilos.css HTTP/1.1[0m" 404 -
2023-04-22 05:23:03,577:INFO:127.0.0.1 - - [22/Apr/2023 05:23:03] "[36mGET /static/img/fondo5.jpg HTTP/1.1[0m" 304 -
2023-04-22 05:23:46,415:INFO:127.0.0.1 - - [22/Apr/2023 05:23:46] "POST /security/compraMateria HTTP/1.1" 200 -
2023-04-22 05:23:46,483:INFO:127.0.0.1 - - [22/Apr/2023 05:23:46] "[36mGET /static/bootstrap/css/bootstrap.min.css HTTP/1.1[0m" 304 -
2023-04-22 05:23:46,484:INFO:127.0.0.1 - - [22/Apr/2023 05:23:46] "[36mGET /static/bootstrap/css/bootstrap-responsive.min.css HTTP/1.1[0m" 304 -
2023-04-22 05:23:46,486:INFO:127.0.0.1 - - [22/Apr/2023 05:23:46] "[36mGET /static/bootstrap/css/styles.css HTTP/1.1[0m" 304 -
2023-04-22 05:23:46,497:INFO:127.0.0.1 - - [22/Apr/2023 05:23:46] "[36mGET /static/css/nav.css HTTP/1.1[0m" 304 -
2023-04-22 05:23:46,515:INFO:127.0.0.1 - - [22/Apr/2023 05:23:46] "[36mGET /static/js/carrusel.js HTTP/1.1[0m" 304 -
2023-04-22 05:23:46,516:INFO:127.0.0.1 - - [22/Apr/2023 05:23:46] "[36mGET /static/css/carrusel.css HTTP/1.1[0m" 304 -
2023-04-22 05:23:46,518:INFO:127.0.0.1 - - [22/Apr/2023 05:23:46] "[33mGET /security/static/sweetalert2/sweetalert2.min.css HTTP/1.1[0m" 404 -
2023-04-22 05:23:46,525:INFO:127.0.0.1 - - [22/Apr/2023 05:23:46] "[33mGET /security/static/sweetalert2/sweetalert2.min.js HTTP/1.1[0m" 404 -
2023-04-22 05:23:46,545:INFO:127.0.0.1 - - [22/Apr/2023 05:23:46] "[33mGET /security/static/estilos.css HTTP/1.1[0m" 404 -
2023-04-22 05:23:46,552:INFO:127.0.0.1 - - [22/Apr/2023 05:23:46] "[33mGET /security/static/sweetalert2/sweetalert2.min.css HTTP/1.1[0m" 404 -
2023-04-22 05:23:46,562:INFO:127.0.0.1 - - [22/Apr/2023 05:23:46] "[36mGET /static/img/ej4.png HTTP/1.1[0m" 304 -
2023-04-22 05:23:46,574:INFO:127.0.0.1 - - [22/Apr/2023 05:23:46] "[36mGET /static/img/fondo5.jpg HTTP/1.1[0m" 304 -
2023-04-22 05:23:46,609:INFO:127.0.0.1 - - [22/Apr/2023 05:23:46] "[33mGET /favicon.ico HTTP/1.1[0m" 404 -
2023-04-22 05:25:38,770:INFO:127.0.0.1 - - [22/Apr/2023 05:25:38] "GET /security/compraMateria HTTP/1.1" 200 -
2023-04-22 05:25:38,819:INFO:127.0.0.1 - - [22/Apr/2023 05:25:38] "[36mGET /static/bootstrap/css/bootstrap.min.css HTTP/1.1[0m" 304 -
2023-04-22 05:25:38,829:INFO:127.0.0.1 - - [22/Apr/2023 05:25:38] "[36mGET /static/bootstrap/css/bootstrap-responsive.min.css HTTP/1.1[0m" 304 -
2023-04-22 05:25:38,848:INFO:127.0.0.1 - - [22/Apr/2023 05:25:38] "[36mGET /static/bootstrap/css/styles.css HTTP/1.1[0m" 304 -
2023-04-22 05:25:38,852:INFO:127.0.0.1 - - [22/Apr/2023 05:25:38] "[36mGET /static/js/carrusel.js HTTP/1.1[0m" 304 -
2023-04-22 05:25:38,853:INFO:127.0.0.1 - - [22/Apr/2023 05:25:38] "[36mGET /static/css/nav.css HTTP/1.1[0m" 304 -
2023-04-22 05:25:38,853:INFO:127.0.0.1 - - [22/Apr/2023 05:25:38] "[36mGET /static/css/carrusel.css HTTP/1.1[0m" 304 -
2023-04-22 05:25:38,859:INFO:127.0.0.1 - - [22/Apr/2023 05:25:38] "[33mGET /security/static/sweetalert2/sweetalert2.min.css HTTP/1.1[0m" 404 -
2023-04-22 05:25:38,873:INFO:127.0.0.1 - - [22/Apr/2023 05:25:38] "[33mGET /security/static/sweetalert2/sweetalert2.min.js HTTP/1.1[0m" 404 -
2023-04-22 05:25:38,876:INFO:127.0.0.1 - - [22/Apr/2023 05:25:38] "[33mGET /security/static/estilos.css HTTP/1.1[0m" 404 -
2023-04-22 05:25:38,897:INFO:127.0.0.1 - - [22/Apr/2023 05:25:38] "[33mGET /security/static/sweetalert2/sweetalert2.min.css HTTP/1.1[0m" 404 -
2023-04-22 05:25:38,901:INFO:127.0.0.1 - - [22/Apr/2023 05:25:38] "[36mGET /static/img/ej4.png HTTP/1.1[0m" 304 -
2023-04-22 05:25:38,909:INFO:127.0.0.1 - - [22/Apr/2023 05:25:38] "[36mGET /static/img/fondo5.jpg HTTP/1.1[0m" 304 -
2023-04-22 05:25:38,911:INFO:127.0.0.1 - - [22/Apr/2023 05:25:38] "[33mGET /security/static/estilos.css HTTP/1.1[0m" 404 -
2023-04-22 05:27:08,291:INFO: * Detected change in 'C:\\curso_python\\Proyecto Final\\The_World_of_cakes\\project\\auth.py', reloading
2023-04-22 05:27:08,441:INFO: * Restarting with stat
2023-04-22 05:27:10,009:INFO:Se inicio la aplicacion
2023-04-22 05:27:10,024:WARNING: * Debugger is active!
2023-04-22 05:27:10,030:INFO: * Debugger PIN: 341-549-671
2023-04-22 05:27:36,403:INFO: * Detected change in 'C:\\curso_python\\Proyecto Final\\The_World_of_cakes\\project\\auth.py', reloading
2023-04-22 05:27:36,539:INFO: * Restarting with stat
2023-04-22 05:27:38,029:INFO:Se inicio la aplicacion
2023-04-22 05:27:38,036:WARNING: * Debugger is active!
2023-04-22 05:27:38,041:INFO: * Debugger PIN: 341-549-671
2023-04-22 05:28:26,514:INFO:127.0.0.1 - - [22/Apr/2023 05:28:26] "[32mGET /security/compraMateria HTTP/1.1[0m" 302 -
2023-04-22 05:28:26,551:INFO:127.0.0.1 - - [22/Apr/2023 05:28:26] "GET /login?next=%2Fsecurity%2FcompraMateria HTTP/1.1" 200 -
2023-04-22 05:28:26,604:INFO:127.0.0.1 - - [22/Apr/2023 05:28:26] "[33mGET /favicon.ico HTTP/1.1[0m" 404 -
2023-04-22 05:29:04,051:INFO:127.0.0.1 - - [22/Apr/2023 05:29:04] "GET / HTTP/1.1" 200 -
2023-04-22 05:29:04,101:INFO:127.0.0.1 - - [22/Apr/2023 05:29:04] "[36mGET /static/bootstrap/css/bootstrap.min.css HTTP/1.1[0m" 304 -
2023-04-22 05:29:04,115:INFO:127.0.0.1 - - [22/Apr/2023 05:29:04] "[36mGET /static/bootstrap/css/bootstrap-responsive.min.css HTTP/1.1[0m" 304 -
2023-04-22 05:29:04,118:INFO:127.0.0.1 - - [22/Apr/2023 05:29:04] "[36mGET /static/bootstrap/css/styles.css HTTP/1.1[0m" 304 -
2023-04-22 05:29:04,121:INFO:127.0.0.1 - - [22/Apr/2023 05:29:04] "[36mGET /static/css/nav.css HTTP/1.1[0m" 304 -
2023-04-22 05:29:04,124:INFO:127.0.0.1 - - [22/Apr/2023 05:29:04] "[36mGET /static/css/carrusel.css HTTP/1.1[0m" 304 -
2023-04-22 05:29:04,135:INFO:127.0.0.1 - - [22/Apr/2023 05:29:04] "[36mGET /static/js/carrusel.js HTTP/1.1[0m" 304 -
2023-04-22 05:29:04,223:INFO:127.0.0.1 - - [22/Apr/2023 05:29:04] "[36mGET /static/img/ej4.png HTTP/1.1[0m" 304 -
2023-04-22 05:29:04,224:INFO:127.0.0.1 - - [22/Apr/2023 05:29:04] "[36mGET /static/img/mision2.jpg HTTP/1.1[0m" 304 -
2023-04-22 05:29:04,226:INFO:127.0.0.1 - - [22/Apr/2023 05:29:04] "[36mGET /static/img/vision.png HTTP/1.1[0m" 304 -
2023-04-22 05:29:04,235:INFO:127.0.0.1 - - [22/Apr/2023 05:29:04] "[36mGET /static/img/fondo5.jpg HTTP/1.1[0m" 304 -
2023-04-22 05:29:06,053:INFO:127.0.0.1 - - [22/Apr/2023 05:29:06] "GET /security/login HTTP/1.1" 200 -
2023-04-22 05:29:06,114:INFO:127.0.0.1 - - [22/Apr/2023 05:29:06] "[36mGET /static/bootstrap/css/bootstrap-responsive.min.css HTTP/1.1[0m" 304 -
2023-04-22 05:29:06,115:INFO:127.0.0.1 - - [22/Apr/2023 05:29:06] "[36mGET /static/bootstrap/css/bootstrap.min.css HTTP/1.1[0m" 304 -
2023-04-22 05:29:06,118:INFO:127.0.0.1 - - [22/Apr/2023 05:29:06] "[36mGET /static/bootstrap/css/styles.css HTTP/1.1[0m" 304 -
2023-04-22 05:29:06,122:INFO:127.0.0.1 - - [22/Apr/2023 05:29:06] "[36mGET /static/css/nav.css HTTP/1.1[0m" 304 -
2023-04-22 05:29:06,125:INFO:127.0.0.1 - - [22/Apr/2023 05:29:06] "[36mGET /static/css/carrusel.css HTTP/1.1[0m" 304 -
2023-04-22 05:29:06,136:INFO:127.0.0.1 - - [22/Apr/2023 05:29:06] "[36mGET /static/js/carrusel.js HTTP/1.1[0m" 304 -
2023-04-22 05:29:06,140:INFO:127.0.0.1 - - [22/Apr/2023 05:29:06] "[33mGET /security/static/estilos.css HTTP/1.1[0m" 404 -
2023-04-22 05:29:06,160:INFO:127.0.0.1 - - [22/Apr/2023 05:29:06] "[36mGET /static/img/ej4.png HTTP/1.1[0m" 304 -
2023-04-22 05:29:06,170:INFO:127.0.0.1 - - [22/Apr/2023 05:29:06] "[36mGET /static/img/fondo5.jpg HTTP/1.1[0m" 304 -
2023-04-22 05:29:13,855:DEBUG:El usuario FernandoLP.mx@outlook.com ingreso al sistema
2023-04-22 05:29:13,856:INFO:127.0.0.1 - - [22/Apr/2023 05:29:13] "[32mPOST /security/login HTTP/1.1[0m" 302 -
2023-04-22 05:29:13,868:INFO:127.0.0.1 - - [22/Apr/2023 05:29:13] "GET / HTTP/1.1" 200 -
2023-04-22 05:29:13,936:INFO:127.0.0.1 - - [22/Apr/2023 05:29:13] "[36mGET /static/bootstrap/css/bootstrap.min.css HTTP/1.1[0m" 304 -
2023-04-22 05:29:13,952:INFO:127.0.0.1 - - [22/Apr/2023 05:29:13] "[36mGET /static/bootstrap/css/styles.css HTTP/1.1[0m" 304 -
2023-04-22 05:29:13,953:INFO:127.0.0.1 - - [22/Apr/2023 05:29:13] "[36mGET /static/bootstrap/css/bootstrap-responsive.min.css HTTP/1.1[0m" 304 -
2023-04-22 05:29:13,954:INFO:127.0.0.1 - - [22/Apr/2023 05:29:13] "[36mGET /static/css/carrusel.css HTTP/1.1[0m" 304 -
2023-04-22 05:29:13,956:INFO:127.0.0.1 - - [22/Apr/2023 05:29:13] "[36mGET /static/css/nav.css HTTP/1.1[0m" 304 -
2023-04-22 05:29:13,962:INFO:127.0.0.1 - - [22/Apr/2023 05:29:13] "[36mGET /static/js/carrusel.js HTTP/1.1[0m" 304 -
2023-04-22 05:29:13,996:INFO:127.0.0.1 - - [22/Apr/2023 05:29:13] "[36mGET /static/img/ej4.png HTTP/1.1[0m" 304 -
2023-04-22 05:29:13,999:INFO:127.0.0.1 - - [22/Apr/2023 05:29:13] "[36mGET /static/img/mision2.jpg HTTP/1.1[0m" 304 -
2023-04-22 05:29:14,005:INFO:127.0.0.1 - - [22/Apr/2023 05:29:14] "[36mGET /static/img/vision.png HTTP/1.1[0m" 304 -
2023-04-22 05:29:14,017:INFO:127.0.0.1 - - [22/Apr/2023 05:29:14] "[36mGET /static/img/fondo5.jpg HTTP/1.1[0m" 304 -
2023-04-22 05:29:14,047:INFO:127.0.0.1 - - [22/Apr/2023 05:29:14] "[33mGET /favicon.ico HTTP/1.1[0m" 404 -
2023-04-22 05:29:16,584:INFO:127.0.0.1 - - [22/Apr/2023 05:29:16] "GET /security/compraMateria HTTP/1.1" 200 -
2023-04-22 05:29:16,667:INFO:127.0.0.1 - - [22/Apr/2023 05:29:16] "[36mGET /static/bootstrap/css/bootstrap.min.css HTTP/1.1[0m" 304 -
2023-04-22 05:29:16,674:INFO:127.0.0.1 - - [22/Apr/2023 05:29:16] "[36mGET /static/css/nav.css HTTP/1.1[0m" 304 -
2023-04-22 05:29:16,674:INFO:127.0.0.1 - - [22/Apr/2023 05:29:16] "[36mGET /static/bootstrap/css/bootstrap-responsive.min.css HTTP/1.1[0m" 304 -
2023-04-22 05:29:16,678:INFO:127.0.0.1 - - [22/Apr/2023 05:29:16] "[36mGET /static/bootstrap/css/styles.css HTTP/1.1[0m" 304 -
2023-04-22 05:29:16,685:INFO:127.0.0.1 - - [22/Apr/2023 05:29:16] "[36mGET /static/css/carrusel.css HTTP/1.1[0m" 304 -
2023-04-22 05:29:16,697:INFO:127.0.0.1 - - [22/Apr/2023 05:29:16] "[36mGET /static/js/carrusel.js HTTP/1.1[0m" 304 -
2023-04-22 05:29:16,703:INFO:127.0.0.1 - - [22/Apr/2023 05:29:16] "[33mGET /security/static/sweetalert2/sweetalert2.min.js HTTP/1.1[0m" 404 -
2023-04-22 05:29:16,708:INFO:127.0.0.1 - - [22/Apr/2023 05:29:16] "[33mGET /security/static/estilos.css HTTP/1.1[0m" 404 -
2023-04-22 05:29:16,727:INFO:127.0.0.1 - - [22/Apr/2023 05:29:16] "[33mGET /security/static/sweetalert2/sweetalert2.min.css HTTP/1.1[0m" 404 -
2023-04-22 05:29:16,738:INFO:127.0.0.1 - - [22/Apr/2023 05:29:16] "[33mGET /security/static/estilos.css HTTP/1.1[0m" 404 -
2023-04-22 05:29:16,760:INFO:127.0.0.1 - - [22/Apr/2023 05:29:16] "[36mGET /static/img/ej4.png HTTP/1.1[0m" 304 -
2023-04-22 05:29:16,763:INFO:127.0.0.1 - - [22/Apr/2023 05:29:16] "[36mGET /static/img/fondo5.jpg HTTP/1.1[0m" 304 -
2023-04-22 05:30:11,986:INFO:127.0.0.1 - - [22/Apr/2023 05:30:11] "POST /security/compraMateria HTTP/1.1" 200 -
2023-04-22 05:30:12,059:INFO:127.0.0.1 - - [22/Apr/2023 05:30:12] "[36mGET /static/bootstrap/css/bootstrap-responsive.min.css HTTP/1.1[0m" 304 -
2023-04-22 05:30:12,061:INFO:127.0.0.1 - - [22/Apr/2023 05:30:12] "[36mGET /static/bootstrap/css/bootstrap.min.css HTTP/1.1[0m" 304 -
2023-04-22 05:30:12,062:INFO:127.0.0.1 - - [22/Apr/2023 05:30:12] "[36mGET /static/bootstrap/css/styles.css HTTP/1.1[0m" 304 -
2023-04-22 05:30:12,064:INFO:127.0.0.1 - - [22/Apr/2023 05:30:12] "[36mGET /static/css/nav.css HTTP/1.1[0m" 304 -
2023-04-22 05:30:12,088:INFO:127.0.0.1 - - [22/Apr/2023 05:30:12] "[36mGET /static/css/carrusel.css HTTP/1.1[0m" 304 -
2023-04-22 05:30:12,094:INFO:127.0.0.1 - - [22/Apr/2023 05:30:12] "[33mGET /security/static/sweetalert2/sweetalert2.min.css HTTP/1.1[0m" 404 -
2023-04-22 05:30:12,097:INFO:127.0.0.1 - - [22/Apr/2023 05:30:12] "[33mGET /security/static/sweetalert2/sweetalert2.min.js HTTP/1.1[0m" 404 -
2023-04-22 05:30:12,098:INFO:127.0.0.1 - - [22/Apr/2023 05:30:12] "[36mGET /static/js/carrusel.js HTTP/1.1[0m" 304 -
2023-04-22 05:30:12,104:INFO:127.0.0.1 - - [22/Apr/2023 05:30:12] "[33mGET /security/static/estilos.css HTTP/1.1[0m" 404 -
2023-04-22 05:30:12,153:INFO:127.0.0.1 - - [22/Apr/2023 05:30:12] "[33mGET /security/static/sweetalert2/sweetalert2.min.css HTTP/1.1[0m" 404 -
2023-04-22 05:30:12,153:INFO:127.0.0.1 - - [22/Apr/2023 05:30:12] "[36mGET /static/img/ej4.png HTTP/1.1[0m" 304 -
2023-04-22 05:30:12,159:INFO:127.0.0.1 - - [22/Apr/2023 05:30:12] "[33mGET /security/static/sweetalert2/sweetalert2.min.js HTTP/1.1[0m" 404 -
2023-04-22 05:30:12,166:INFO:127.0.0.1 - - [22/Apr/2023 05:30:12] "[36mGET /static/img/fondo5.jpg HTTP/1.1[0m" 304 -
2023-04-22 05:30:12,182:INFO:127.0.0.1 - - [22/Apr/2023 05:30:12] "[33mGET /security/static/estilos.css HTTP/1.1[0m" 404 -
2023-04-22 05:30:12,206:INFO:127.0.0.1 - - [22/Apr/2023 05:30:12] "[33mGET /favicon.ico HTTP/1.1[0m" 404 -
2023-04-22 05:31:35,434:INFO:127.0.0.1 - - [22/Apr/2023 05:31:35] "GET /security/compraMateria HTTP/1.1" 200 -
2023-04-22 05:31:35,496:INFO:127.0.0.1 - - [22/Apr/2023 05:31:35] "[36mGET /static/bootstrap/css/bootstrap.min.css HTTP/1.1[0m" 304 -
2023-04-22 05:31:35,501:INFO:127.0.0.1 - - [22/Apr/2023 05:31:35] "[36mGET /static/bootstrap/css/styles.css HTTP/1.1[0m" 304 -
2023-04-22 05:31:35,502:INFO:127.0.0.1 - - [22/Apr/2023 05:31:35] "[36mGET /static/bootstrap/css/bootstrap-responsive.min.css HTTP/1.1[0m" 304 -
2023-04-22 05:31:35,505:INFO:127.0.0.1 - - [22/Apr/2023 05:31:35] "[36mGET /static/css/nav.css HTTP/1.1[0m" 304 -
2023-04-22 05:31:35,505:INFO:127.0.0.1 - - [22/Apr/2023 05:31:35] "[36mGET /static/css/carrusel.css HTTP/1.1[0m" 304 -
2023-04-22 05:31:35,527:INFO:127.0.0.1 - - [22/Apr/2023 05:31:35] "[33mGET /security/static/sweetalert2/sweetalert2.min.css HTTP/1.1[0m" 404 -
2023-04-22 05:31:35,528:INFO:127.0.0.1 - - [22/Apr/2023 05:31:35] "[33mGET /security/static/sweetalert2/sweetalert2.min.js HTTP/1.1[0m" 404 -
2023-04-22 05:31:35,531:INFO:127.0.0.1 - - [22/Apr/2023 05:31:35] "[36mGET /static/js/carrusel.js HTTP/1.1[0m" 304 -
2023-04-22 05:31:35,533:INFO:127.0.0.1 - - [22/Apr/2023 05:31:35] "[33mGET /security/static/estilos.css HTTP/1.1[0m" 404 -
2023-04-22 05:31:35,557:INFO:127.0.0.1 - - [22/Apr/2023 05:31:35] "[33mGET /security/static/sweetalert2/sweetalert2.min.css HTTP/1.1[0m" 404 -
2023-04-22 05:31:35,562:INFO:127.0.0.1 - - [22/Apr/2023 05:31:35] "[36mGET /static/img/ej4.png HTTP/1.1[0m" 304 -
2023-04-22 05:31:35,564:INFO:127.0.0.1 - - [22/Apr/2023 05:31:35] "[33mGET /security/static/sweetalert2/sweetalert2.min.js HTTP/1.1[0m" 404 -
2023-04-22 05:31:35,572:INFO:127.0.0.1 - - [22/Apr/2023 05:31:35] "[36mGET /static/img/fondo5.jpg HTTP/1.1[0m" 304 -
2023-04-22 05:31:35,586:INFO:127.0.0.1 - - [22/Apr/2023 05:31:35] "[33mGET /security/static/estilos.css HTTP/1.1[0m" 404 -
2023-04-22 05:31:59,655:INFO:127.0.0.1 - - [22/Apr/2023 05:31:59] "GET /security/compraMateria HTTP/1.1" 200 -
2023-04-22 05:31:59,701:INFO:127.0.0.1 - - [22/Apr/2023 05:31:59] "[36mGET /static/bootstrap/css/bootstrap.min.css HTTP/1.1[0m" 304 -
2023-04-22 05:31:59,707:INFO:127.0.0.1 - - [22/Apr/2023 05:31:59] "[36mGET /static/bootstrap/css/bootstrap-responsive.min.css HTTP/1.1[0m" 304 -
2023-04-22 05:31:59,710:INFO:127.0.0.1 - - [22/Apr/2023 05:31:59] "[36mGET /static/bootstrap/css/styles.css HTTP/1.1[0m" 304 -
2023-04-22 05:31:59,713:INFO:127.0.0.1 - - [22/Apr/2023 05:31:59] "[36mGET /static/css/nav.css HTTP/1.1[0m" 304 -
2023-04-22 05:31:59,733:INFO:127.0.0.1 - - [22/Apr/2023 05:31:59] "[36mGET /static/css/carrusel.css HTTP/1.1[0m" 304 -
2023-04-22 05:31:59,735:INFO:127.0.0.1 - - [22/Apr/2023 05:31:59] "[36mGET /static/js/carrusel.js HTTP/1.1[0m" 304 -
2023-04-22 05:31:59,737:INFO:127.0.0.1 - - [22/Apr/2023 05:31:59] "[33mGET /security/static/sweetalert2/sweetalert2.min.js HTTP/1.1[0m" 404 -
2023-04-22 05:31:59,737:INFO:127.0.0.1 - - [22/Apr/2023 05:31:59] "[33mGET /security/static/sweetalert2/sweetalert2.min.css HTTP/1.1[0m" 404 -
2023-04-22 05:31:59,742:INFO:127.0.0.1 - - [22/Apr/2023 05:31:59] "[33mGET /security/static/estilos.css HTTP/1.1[0m" 404 -
2023-04-22 05:31:59,765:INFO:127.0.0.1 - - [22/Apr/2023 05:31:59] "[36mGET /static/img/ej4.png HTTP/1.1[0m" 304 -
2023-04-22 05:31:59,767:INFO:127.0.0.1 - - [22/Apr/2023 05:31:59] "[33mGET /security/static/estilos.css HTTP/1.1[0m" 404 -
2023-04-22 05:31:59,775:INFO:127.0.0.1 - - [22/Apr/2023 05:31:59] "[36mGET /static/img/fondo5.jpg HTTP/1.1[0m" 304 -
2023-04-22 05:32:27,661:INFO:127.0.0.1 - - [22/Apr/2023 05:32:27] "GET /security/compraMateria HTTP/1.1" 200 -
2023-04-22 05:32:27,719:INFO:127.0.0.1 - - [22/Apr/2023 05:32:27] "[36mGET /static/bootstrap/css/bootstrap-responsive.min.css HTTP/1.1[0m" 304 -
2023-04-22 05:32:27,719:INFO:127.0.0.1 - - [22/Apr/2023 05:32:27] "[36mGET /static/bootstrap/css/bootstrap.min.css HTTP/1.1[0m" 304 -
2023-04-22 05:32:27,726:INFO:127.0.0.1 - - [22/Apr/2023 05:32:27] "[36mGET /static/bootstrap/css/styles.css HTTP/1.1[0m" 304 -
2023-04-22 05:32:27,727:INFO:127.0.0.1 - - [22/Apr/2023 05:32:27] "[36mGET /static/css/nav.css HTTP/1.1[0m" 304 -
2023-04-22 05:32:27,737:INFO:127.0.0.1 - - [22/Apr/2023 05:32:27] "[36mGET /static/css/carrusel.css HTTP/1.1[0m" 304 -
2023-04-22 05:32:27,755:INFO:127.0.0.1 - - [22/Apr/2023 05:32:27] "[33mGET /security/static/sweetalert2/sweetalert2.min.css HTTP/1.1[0m" 404 -
2023-04-22 05:32:27,757:INFO:127.0.0.1 - - [22/Apr/2023 05:32:27] "[33mGET /security/static/sweetalert2/sweetalert2.min.js HTTP/1.1[0m" 404 -
2023-04-22 05:32:27,758:INFO:127.0.0.1 - - [22/Apr/2023 05:32:27] "[36mGET /static/js/carrusel.js HTTP/1.1[0m" 304 -
2023-04-22 05:32:27,766:INFO:127.0.0.1 - - [22/Apr/2023 05:32:27] "[33mGET /security/static/estilos.css HTTP/1.1[0m" 404 -
2023-04-22 05:32:27,806:INFO:127.0.0.1 - - [22/Apr/2023 05:32:27] "[33mGET /security/static/sweetalert2/sweetalert2.min.css HTTP/1.1[0m" 404 -
2023-04-22 05:32:27,809:INFO:127.0.0.1 - - [22/Apr/2023 05:32:27] "[36mGET /static/img/ej4.png HTTP/1.1[0m" 304 -
2023-04-22 05:32:27,815:INFO:127.0.0.1 - - [22/Apr/2023 05:32:27] "[33mGET /security/static/sweetalert2/sweetalert2.min.js HTTP/1.1[0m" 404 -
2023-04-22 05:32:27,830:INFO:127.0.0.1 - - [22/Apr/2023 05:32:27] "[36mGET /static/img/fondo5.jpg HTTP/1.1[0m" 304 -
2023-04-22 05:32:27,832:INFO:127.0.0.1 - - [22/Apr/2023 05:32:27] "[33mGET /security/static/estilos.css HTTP/1.1[0m" 404 -
2023-04-22 05:32:42,196:INFO:127.0.0.1 - - [22/Apr/2023 05:32:42] "GET /security/compraMateria HTTP/1.1" 200 -
2023-04-22 05:32:42,238:INFO:127.0.0.1 - - [22/Apr/2023 05:32:42] "[36mGET /static/bootstrap/css/bootstrap.min.css HTTP/1.1[0m" 304 -
2023-04-22 05:32:42,244:INFO:127.0.0.1 - - [22/Apr/2023 05:32:42] "[36mGET /static/bootstrap/css/bootstrap-responsive.min.css HTTP/1.1[0m" 304 -
2023-04-22 05:32:42,263:INFO:127.0.0.1 - - [22/Apr/2023 05:32:42] "[36mGET /static/css/nav.css HTTP/1.1[0m" 304 -
2023-04-22 05:32:42,271:INFO:127.0.0.1 - - [22/Apr/2023 05:32:42] "[36mGET /static/css/carrusel.css HTTP/1.1[0m" 304 -
2023-04-22 05:32:42,273:INFO:127.0.0.1 - - [22/Apr/2023 05:32:42] "[36mGET /static/bootstrap/css/styles.css HTTP/1.1[0m" 304 -
2023-04-22 05:32:42,278:INFO:127.0.0.1 - - [22/Apr/2023 05:32:42] "[36mGET /static/js/carrusel.js HTTP/1.1[0m" 304 -
2023-04-22 05:32:42,281:INFO:127.0.0.1 - - [22/Apr/2023 05:32:42] "[33mGET /security/static/sweetalert2/sweetalert2.min.css HTTP/1.1[0m" 404 -
2023-04-22 05:32:42,281:INFO:127.0.0.1 - - [22/Apr/2023 05:32:42] "[33mGET /security/static/sweetalert2/sweetalert2.min.js HTTP/1.1[0m" 404 -
2023-04-22 05:32:42,287:INFO:127.0.0.1 - - [22/Apr/2023 05:32:42] "[33mGET /security/static/estilos.css HTTP/1.1[0m" 404 -
2023-04-22 05:32:42,314:INFO:127.0.0.1 - - [22/Apr/2023 05:32:42] "[36mGET /static/img/ej4.png HTTP/1.1[0m" 304 -
2023-04-22 05:32:42,320:INFO:127.0.0.1 - - [22/Apr/2023 05:32:42] "[33mGET /security/static/sweetalert2/sweetalert2.min.css HTTP/1.1[0m" 404 -
2023-04-22 05:32:42,320:INFO:127.0.0.1 - - [22/Apr/2023 05:32:42] "[33mGET /security/static/sweetalert2/sweetalert2.min.js HTTP/1.1[0m" 404 -
2023-04-22 05:32:42,332:INFO:127.0.0.1 - - [22/Apr/2023 05:32:42] "[36mGET /static/img/fondo5.jpg HTTP/1.1[0m" 304 -
2023-04-22 05:32:42,334:INFO:127.0.0.1 - - [22/Apr/2023 05:32:42] "[33mGET /security/static/estilos.css HTTP/1.1[0m" 404 -
2023-04-22 05:32:59,353:INFO:127.0.0.1 - - [22/Apr/2023 05:32:59] "[35m[1mGET /security/compraMateria HTTP/1.1[0m" 500 -
2023-04-22 05:32:59,385:INFO:127.0.0.1 - - [22/Apr/2023 05:32:59] "GET /security/compraMateria?__debugger__=yes&cmd=resource&f=style.css HTTP/1.1" 200 -
2023-04-22 05:32:59,386:INFO:127.0.0.1 - - [22/Apr/2023 05:32:59] "GET /security/compraMateria?__debugger__=yes&cmd=resource&f=debugger.js HTTP/1.1" 200 -
2023-04-22 05:32:59,408:INFO:127.0.0.1 - - [22/Apr/2023 05:32:59] "[36mGET /security/compraMateria?__debugger__=yes&cmd=resource&f=console.png HTTP/1.1[0m" 304 -
2023-04-22 05:33:15,262:INFO:127.0.0.1 - - [22/Apr/2023 05:33:15] "GET /security/compraMateria HTTP/1.1" 200 -
2023-04-22 05:33:15,326:INFO:127.0.0.1 - - [22/Apr/2023 05:33:15] "[36mGET /static/bootstrap/css/bootstrap-responsive.min.css HTTP/1.1[0m" 304 -
2023-04-22 05:33:15,327:INFO:127.0.0.1 - - [22/Apr/2023 05:33:15] "[36mGET /static/bootstrap/css/bootstrap.min.css HTTP/1.1[0m" 304 -
2023-04-22 05:33:15,330:INFO:127.0.0.1 - - [22/Apr/2023 05:33:15] "[36mGET /static/bootstrap/css/styles.css HTTP/1.1[0m" 304 -
2023-04-22 05:33:15,342:INFO:127.0.0.1 - - [22/Apr/2023 05:33:15] "[36mGET /static/css/nav.css HTTP/1.1[0m" 304 -
2023-04-22 05:33:15,347:INFO:127.0.0.1 - - [22/Apr/2023 05:33:15] "[36mGET /static/css/carrusel.css HTTP/1.1[0m" 304 -
2023-04-22 05:33:15,357:INFO:127.0.0.1 - - [22/Apr/2023 05:33:15] "[33mGET /security/static/sweetalert2/sweetalert2.min.js HTTP/1.1[0m" 404 -
2023-04-22 05:33:15,358:INFO:127.0.0.1 - - [22/Apr/2023 05:33:15] "[36mGET /static/js/carrusel.js HTTP/1.1[0m" 304 -
2023-04-22 05:33:15,361:INFO:127.0.0.1 - - [22/Apr/2023 05:33:15] "[33mGET /security/static/sweetalert2/sweetalert2.min.css HTTP/1.1[0m" 404 -
2023-04-22 05:33:15,369:INFO:127.0.0.1 - - [22/Apr/2023 05:33:15] "[33mGET /security/static/estilos.css HTTP/1.1[0m" 404 -
2023-04-22 05:33:15,395:INFO:127.0.0.1 - - [22/Apr/2023 05:33:15] "[36mGET /static/img/ej4.png HTTP/1.1[0m" 304 -
2023-04-22 05:33:15,396:INFO:127.0.0.1 - - [22/Apr/2023 05:33:15] "[33mGET /security/static/sweetalert2/sweetalert2.min.js HTTP/1.1[0m" 404 -
2023-04-22 05:33:15,415:INFO:127.0.0.1 - - [22/Apr/2023 05:33:15] "[36mGET /static/img/fondo5.jpg HTTP/1.1[0m" 304 -
2023-04-22 05:33:15,417:INFO:127.0.0.1 - - [22/Apr/2023 05:33:15] "[33mGET /security/static/estilos.css HTTP/1.1[0m" 404 -
2023-04-22 05:33:36,764:INFO:127.0.0.1 - - [22/Apr/2023 05:33:36] "GET /security/compraMateria HTTP/1.1" 200 -
2023-04-22 05:33:36,808:INFO:127.0.0.1 - - [22/Apr/2023 05:33:36] "[36mGET /static/bootstrap/css/bootstrap.min.css HTTP/1.1[0m" 304 -
2023-04-22 05:33:36,830:INFO:127.0.0.1 - - [22/Apr/2023 05:33:36] "[36mGET /static/bootstrap/css/bootstrap-responsive.min.css HTTP/1.1[0m" 304 -
2023-04-22 05:33:36,833:INFO:127.0.0.1 - - [22/Apr/2023 05:33:36] "[36mGET /static/bootstrap/css/styles.css HTTP/1.1[0m" 304 -
2023-04-22 05:33:36,847:INFO:127.0.0.1 - - [22/Apr/2023 05:33:36] "[36mGET /static/css/nav.css HTTP/1.1[0m" 304 -
2023-04-22 05:33:36,872:INFO:127.0.0.1 - - [22/Apr/2023 05:33:36] "[36mGET /static/css/carrusel.css HTTP/1.1[0m" 304 -
2023-04-22 05:33:36,892:INFO:127.0.0.1 - - [22/Apr/2023 05:33:36] "[36mGET /static/js/carrusel.js HTTP/1.1[0m" 304 -
2023-04-22 05:33:36,906:INFO:127.0.0.1 - - [22/Apr/2023 05:33:36] "[33mGET /security/static/sweetalert2/sweetalert2.min.css HTTP/1.1[0m" 404 -
2023-04-22 05:33:36,918:INFO:127.0.0.1 - - [22/Apr/2023 05:33:36] "[33mGET /security/static/sweetalert2/sweetalert2.min.js HTTP/1.1[0m" 404 -
2023-04-22 05:33:36,931:INFO:127.0.0.1 - - [22/Apr/2023 05:33:36] "[33mGET /security/static/estilos.css HTTP/1.1[0m" 404 -
2023-04-22 05:33:36,954:INFO:127.0.0.1 - - [22/Apr/2023 05:33:36] "[36mGET /static/img/ej4.png HTTP/1.1[0m" 304 -
2023-04-22 05:33:37,002:INFO:127.0.0.1 - - [22/Apr/2023 05:33:37] "[36mGET /static/img/fondo5.jpg HTTP/1.1[0m" 304 -
2023-04-22 05:35:13,980:INFO:127.0.0.1 - - [22/Apr/2023 05:35:13] "GET /security/compraMateria HTTP/1.1" 200 -
2023-04-22 05:35:14,028:INFO:127.0.0.1 - - [22/Apr/2023 05:35:14] "[36mGET /static/bootstrap/css/bootstrap.min.css HTTP/1.1[0m" 304 -
2023-04-22 05:35:14,031:INFO:127.0.0.1 - - [22/Apr/2023 05:35:14] "[36mGET /static/bootstrap/css/bootstrap-responsive.min.css HTTP/1.1[0m" 304 -
2023-04-22 05:35:14,051:INFO:127.0.0.1 - - [22/Apr/2023 05:35:14] "[36mGET /static/css/nav.css HTTP/1.1[0m" 304 -
2023-04-22 05:35:14,052:INFO:127.0.0.1 - - [22/Apr/2023 05:35:14] "[36mGET /static/bootstrap/css/styles.css HTTP/1.1[0m" 304 -
2023-04-22 05:35:14,056:INFO:127.0.0.1 - - [22/Apr/2023 05:35:14] "[36mGET /static/css/carrusel.css HTTP/1.1[0m" 304 -
2023-04-22 05:35:14,066:INFO:127.0.0.1 - - [22/Apr/2023 05:35:14] "[36mGET /static/js/carrusel.js HTTP/1.1[0m" 304 -
2023-04-22 05:35:14,068:INFO:127.0.0.1 - - [22/Apr/2023 05:35:14] "[33mGET /security/static/sweetalert2/sweetalert2.min.css HTTP/1.1[0m" 404 -
2023-04-22 05:35:14,077:INFO:127.0.0.1 - - [22/Apr/2023 05:35:14] "[33mGET /security/static/sweetalert2/sweetalert2.min.js HTTP/1.1[0m" 404 -
2023-04-22 05:35:14,089:INFO:127.0.0.1 - - [22/Apr/2023 05:35:14] "[33mGET /security/static/estilos.css HTTP/1.1[0m" 404 -
2023-04-22 05:35:14,129:INFO:127.0.0.1 - - [22/Apr/2023 05:35:14] "[36mGET /static/img/ej4.png HTTP/1.1[0m" 304 -
2023-04-22 05:35:14,130:INFO:127.0.0.1 - - [22/Apr/2023 05:35:14] "[36mGET /static/img/fondo5.jpg HTTP/1.1[0m" 304 -
2023-04-22 05:35:53,864:INFO:127.0.0.1 - - [22/Apr/2023 05:35:53] "GET /security/administracion_admin HTTP/1.1" 200 -
2023-04-22 05:35:53,924:INFO:127.0.0.1 - - [22/Apr/2023 05:35:53] "[36mGET /static/bootstrap/css/bootstrap.min.css HTTP/1.1[0m" 304 -
2023-04-22 05:35:53,927:INFO:127.0.0.1 - - [22/Apr/2023 05:35:53] "[36mGET /static/bootstrap/css/bootstrap-responsive.min.css HTTP/1.1[0m" 304 -
2023-04-22 05:35:53,932:INFO:127.0.0.1 - - [22/Apr/2023 05:35:53] "[36mGET /static/bootstrap/css/styles.css HTTP/1.1[0m" 304 -
2023-04-22 05:35:53,937:INFO:127.0.0.1 - - [22/Apr/2023 05:35:53] "[36mGET /static/css/nav.css HTTP/1.1[0m" 304 -
2023-04-22 05:35:53,950:INFO:127.0.0.1 - - [22/Apr/2023 05:35:53] "[36mGET /static/css/carrusel.css HTTP/1.1[0m" 304 -
2023-04-22 05:35:53,960:INFO:127.0.0.1 - - [22/Apr/2023 05:35:53] "[36mGET /static/js/carrusel.js HTTP/1.1[0m" 304 -
2023-04-22 05:35:53,967:INFO:127.0.0.1 - - [22/Apr/2023 05:35:53] "[33mGET /security/static/sweetalert2/sweetalert2.min.js HTTP/1.1[0m" 404 -
2023-04-22 05:35:53,974:INFO:127.0.0.1 - - [22/Apr/2023 05:35:53] "[33mGET /security/static/sweetalert2/sweetalert2.min.css HTTP/1.1[0m" 404 -
2023-04-22 05:35:53,974:INFO:127.0.0.1 - - [22/Apr/2023 05:35:53] "[33mGET /security/static/estilos.css HTTP/1.1[0m" 404 -
2023-04-22 05:35:53,996:INFO:127.0.0.1 - - [22/Apr/2023 05:35:53] "[36mGET /static/img/ej4.png HTTP/1.1[0m" 304 -
2023-04-22 05:35:54,003:INFO:127.0.0.1 - - [22/Apr/2023 05:35:54] "[33mGET /security/static/estilos.css HTTP/1.1[0m" 404 -
2023-04-22 05:35:54,016:INFO:127.0.0.1 - - [22/Apr/2023 05:35:54] "[36mGET /static/bootstrap/img/glyphicons-halflings-white.png HTTP/1.1[0m" 304 -
2023-04-22 05:35:54,018:INFO:127.0.0.1 - - [22/Apr/2023 05:35:54] "[36mGET /static/img/fondo5.jpg HTTP/1.1[0m" 304 -
2023-04-22 05:35:56,596:INFO:127.0.0.1 - - [22/Apr/2023 05:35:56] "[35m[1mGET /security/modificar?id= HTTP/1.1[0m" 500 -
2023-04-22 05:35:56,636:INFO:127.0.0.1 - - [22/Apr/2023 05:35:56] "GET /security/modificar?__debugger__=yes&cmd=resource&f=style.css HTTP/1.1" 200 -
2023-04-22 05:35:56,639:INFO:127.0.0.1 - - [22/Apr/2023 05:35:56] "[36mGET /security/modificar?__debugger__=yes&cmd=resource&f=debugger.js HTTP/1.1[0m" 304 -
2023-04-22 05:35:56,652:INFO:127.0.0.1 - - [22/Apr/2023 05:35:56] "[36mGET /security/modificar?__debugger__=yes&cmd=resource&f=console.png HTTP/1.1[0m" 304 -
2023-04-22 05:35:59,946:INFO:127.0.0.1 - - [22/Apr/2023 05:35:59] "GET /security/empleados HTTP/1.1" 200 -
2023-04-22 05:36:00,006:INFO:127.0.0.1 - - [22/Apr/2023 05:36:00] "[36mGET /static/bootstrap/css/bootstrap.min.css HTTP/1.1[0m" 304 -
2023-04-22 05:36:00,009:INFO:127.0.0.1 - - [22/Apr/2023 05:36:00] "[36mGET /static/bootstrap/css/bootstrap-responsive.min.css HTTP/1.1[0m" 304 -
2023-04-22 05:36:00,020:INFO:127.0.0.1 - - [22/Apr/2023 05:36:00] "[36mGET /static/bootstrap/css/styles.css HTTP/1.1[0m" 304 -
2023-04-22 05:36:00,063:INFO:127.0.0.1 - - [22/Apr/2023 05:36:00] "[36mGET /static/css/nav.css HTTP/1.1[0m" 304 -
2023-04-22 05:36:00,063:INFO:127.0.0.1 - - [22/Apr/2023 05:36:00] "[36mGET /static/css/carrusel.css HTTP/1.1[0m" 304 -
2023-04-22 05:36:00,082:INFO:127.0.0.1 - - [22/Apr/2023 05:36:00] "[33mGET /security/static/sweetalert2/sweetalert2.min.css HTTP/1.1[0m" 404 -
2023-04-22 05:36:00,082:INFO:127.0.0.1 - - [22/Apr/2023 05:36:00] "[36mGET /static/js/carrusel.js HTTP/1.1[0m" 304 -
2023-04-22 05:36:00,087:INFO:127.0.0.1 - - [22/Apr/2023 05:36:00] "[33mGET /security/static/sweetalert2/sweetalert2.min.js HTTP/1.1[0m" 404 -
2023-04-22 05:36:00,094:INFO:127.0.0.1 - - [22/Apr/2023 05:36:00] "[33mGET /security/static/estilos.css HTTP/1.1[0m" 404 -
2023-04-22 05:36:00,128:INFO:127.0.0.1 - - [22/Apr/2023 05:36:00] "[33mGET /security/static/sweetalert2/sweetalert2.min.css HTTP/1.1[0m" 404 -
2023-04-22 05:36:00,132:INFO:127.0.0.1 - - [22/Apr/2023 05:36:00] "[36mGET /static/img/ej4.png HTTP/1.1[0m" 304 -
2023-04-22 05:36:00,135:INFO:127.0.0.1 - - [22/Apr/2023 05:36:00] "[33mGET /security/static/sweetalert2/sweetalert2.min.js HTTP/1.1[0m" 404 -
2023-04-22 05:36:00,140:INFO:127.0.0.1 - - [22/Apr/2023 05:36:00] "[36mGET /static/img/fondo5.jpg HTTP/1.1[0m" 304 -
2023-04-22 05:36:00,158:INFO:127.0.0.1 - - [22/Apr/2023 05:36:00] "[33mGET /security/static/estilos.css HTTP/1.1[0m" 404 -
2023-04-22 05:36:00,175:INFO:127.0.0.1 - - [22/Apr/2023 05:36:00] "[36mGET /static/bootstrap/img/glyphicons-halflings-white.png HTTP/1.1[0m" 304 -
2023-04-22 05:38:37,569:INFO: * Detected change in 'C:\\curso_python\\Proyecto Final\\The_World_of_cakes\\project\\auth.py', reloading
2023-04-22 05:38:37,723:INFO: * Restarting with stat
2023-04-22 05:38:39,299:INFO:Se inicio la aplicacion
2023-04-22 05:38:39,314:WARNING: * Debugger is active!
2023-04-22 05:38:39,318:INFO: * Debugger PIN: 341-549-671
2023-04-22 05:39:25,710:INFO: * Detected change in 'C:\\curso_python\\Proyecto Final\\The_World_of_cakes\\project\\auth.py', reloading
2023-04-22 05:39:25,849:INFO: * Restarting with stat
2023-04-22 05:39:27,061:INFO:Se inicio la aplicacion
2023-04-22 05:39:27,070:WARNING: * Debugger is active!
2023-04-22 05:39:27,075:INFO: * Debugger PIN: 341-549-671
2023-04-22 05:41:31,520:INFO: * Detected change in 'C:\\curso_python\\Proyecto Final\\The_World_of_cakes\\project\\auth.py', reloading
2023-04-22 05:41:31,647:INFO: * Restarting with stat
2023-04-22 05:41:32,809:INFO:Se inicio la aplicacion
2023-04-22 05:41:32,817:WARNING: * Debugger is active!
2023-04-22 05:41:32,822:INFO: * Debugger PIN: 341-549-671
2023-04-22 05:41:39,166:INFO: * Detected change in 'C:\\curso_python\\Proyecto Final\\The_World_of_cakes\\project\\auth.py', reloading
2023-04-22 05:41:39,282:INFO: * Restarting with stat
2023-04-22 05:41:40,477:INFO:Se inicio la aplicacion
2023-04-22 05:41:40,490:WARNING: * Debugger is active!
2023-04-22 05:41:40,496:INFO: * Debugger PIN: 341-549-671
2023-04-22 05:42:38,343:INFO: * Detected change in 'C:\\curso_python\\Proyecto Final\\The_World_of_cakes\\project\\auth.py', reloading
2023-04-22 05:42:38,478:INFO: * Restarting with stat
2023-04-22 05:42:39,785:INFO:Se inicio la aplicacion
2023-04-22 05:42:39,799:WARNING: * Debugger is active!
2023-04-22 05:42:39,804:INFO: * Debugger PIN: 341-549-671
2023-04-22 05:48:06,369:INFO: * Detected change in 'C:\\curso_python\\Proyecto Final\\The_World_of_cakes\\project\\auth.py', reloading
2023-04-22 05:48:06,510:INFO: * Restarting with stat
2023-04-22 05:48:07,783:INFO:Se inicio la aplicacion
2023-04-22 05:48:07,795:WARNING: * Debugger is active!
2023-04-22 05:48:07,801:INFO: * Debugger PIN: 341-549-671
2023-04-22 05:48:53,439:INFO:127.0.0.1 - - [22/Apr/2023 05:48:53] "[32mGET /security/empleados HTTP/1.1[0m" 302 -
2023-04-22 05:48:53,475:INFO:127.0.0.1 - - [22/Apr/2023 05:48:53] "GET /login?next=%2Fsecurity%2Fempleados HTTP/1.1" 200 -
2023-04-22 05:48:53,526:INFO:127.0.0.1 - - [22/Apr/2023 05:48:53] "[33mGET /favicon.ico HTTP/1.1[0m" 404 -
2023-04-22 05:48:58,606:INFO:127.0.0.1 - - [22/Apr/2023 05:48:58] "GET / HTTP/1.1" 200 -
2023-04-22 05:48:58,664:INFO:127.0.0.1 - - [22/Apr/2023 05:48:58] "[36mGET /static/bootstrap/css/bootstrap-responsive.min.css HTTP/1.1[0m" 304 -
2023-04-22 05:48:58,666:INFO:127.0.0.1 - - [22/Apr/2023 05:48:58] "[36mGET /static/bootstrap/css/bootstrap.min.css HTTP/1.1[0m" 304 -
2023-04-22 05:48:58,671:INFO:127.0.0.1 - - [22/Apr/2023 05:48:58] "[36mGET /static/bootstrap/css/styles.css HTTP/1.1[0m" 304 -
2023-04-22 05:48:58,674:INFO:127.0.0.1 - - [22/Apr/2023 05:48:58] "[36mGET /static/css/nav.css HTTP/1.1[0m" 304 -
2023-04-22 05:48:58,675:INFO:127.0.0.1 - - [22/Apr/2023 05:48:58] "[36mGET /static/css/carrusel.css HTTP/1.1[0m" 304 -
2023-04-22 05:48:58,683:INFO:127.0.0.1 - - [22/Apr/2023 05:48:58] "[36mGET /static/js/carrusel.js HTTP/1.1[0m" 304 -
2023-04-22 05:48:58,775:INFO:127.0.0.1 - - [22/Apr/2023 05:48:58] "[36mGET /static/img/ej4.png HTTP/1.1[0m" 304 -
2023-04-22 05:48:58,777:INFO:127.0.0.1 - - [22/Apr/2023 05:48:58] "[36mGET /static/img/mision2.jpg HTTP/1.1[0m" 304 -
2023-04-22 05:48:58,786:INFO:127.0.0.1 - - [22/Apr/2023 05:48:58] "[36mGET /static/img/fondo5.jpg HTTP/1.1[0m" 304 -
2023-04-22 05:48:58,786:INFO:127.0.0.1 - - [22/Apr/2023 05:48:58] "[36mGET /static/img/vision.png HTTP/1.1[0m" 304 -
2023-04-22 05:49:00,607:INFO:127.0.0.1 - - [22/Apr/2023 05:49:00] "GET /security/login HTTP/1.1" 200 -
2023-04-22 05:49:00,652:INFO:127.0.0.1 - - [22/Apr/2023 05:49:00] "[36mGET /static/bootstrap/css/bootstrap-responsive.min.css HTTP/1.1[0m" 304 -
2023-04-22 05:49:00,654:INFO:127.0.0.1 - - [22/Apr/2023 05:49:00] "[36mGET /static/bootstrap/css/bootstrap.min.css HTTP/1.1[0m" 304 -
2023-04-22 05:49:00,657:INFO:127.0.0.1 - - [22/Apr/2023 05:49:00] "[36mGET /static/bootstrap/css/styles.css HTTP/1.1[0m" 304 -
2023-04-22 05:49:00,662:INFO:127.0.0.1 - - [22/Apr/2023 05:49:00] "[36mGET /static/css/nav.css HTTP/1.1[0m" 304 -
2023-04-22 05:49:00,669:INFO:127.0.0.1 - - [22/Apr/2023 05:49:00] "[36mGET /static/css/carrusel.css HTTP/1.1[0m" 304 -
2023-04-22 05:49:00,670:INFO:127.0.0.1 - - [22/Apr/2023 05:49:00] "[33mGET /security/static/estilos.css HTTP/1.1[0m" 404 -
2023-04-22 05:49:00,672:INFO:127.0.0.1 - - [22/Apr/2023 05:49:00] "[36mGET /static/js/carrusel.js HTTP/1.1[0m" 304 -
2023-04-22 05:49:00,699:INFO:127.0.0.1 - - [22/Apr/2023 05:49:00] "[36mGET /static/img/ej4.png HTTP/1.1[0m" 304 -
2023-04-22 05:49:00,704:INFO:127.0.0.1 - - [22/Apr/2023 05:49:00] "[33mGET /security/static/estilos.css HTTP/1.1[0m" 404 -
2023-04-22 05:49:00,711:INFO:127.0.0.1 - - [22/Apr/2023 05:49:00] "[36mGET /static/img/fondo5.jpg HTTP/1.1[0m" 304 -
2023-04-22 05:49:04,675:DEBUG:El usuario FernandoLP.mx@outlook.com ingreso al sistema
2023-04-22 05:49:04,677:INFO:127.0.0.1 - - [22/Apr/2023 05:49:04] "[32mPOST /security/login HTTP/1.1[0m" 302 -
2023-04-22 05:49:04,688:INFO:127.0.0.1 - - [22/Apr/2023 05:49:04] "GET / HTTP/1.1" 200 -
2023-04-22 05:49:04,753:INFO:127.0.0.1 - - [22/Apr/2023 05:49:04] "[36mGET /static/bootstrap/css/bootstrap.min.css HTTP/1.1[0m" 304 -
2023-04-22 05:49:04,761:INFO:127.0.0.1 - - [22/Apr/2023 05:49:04] "[36mGET /static/bootstrap/css/bootstrap-responsive.min.css HTTP/1.1[0m" 304 -
2023-04-22 05:49:04,764:INFO:127.0.0.1 - - [22/Apr/2023 05:49:04] "[36mGET /static/css/nav.css HTTP/1.1[0m" 304 -
2023-04-22 05:49:04,764:INFO:127.0.0.1 - - [22/Apr/2023 05:49:04] "[36mGET /static/bootstrap/css/styles.css HTTP/1.1[0m" 304 -
2023-04-22 05:49:04,781:INFO:127.0.0.1 - - [22/Apr/2023 05:49:04] "[36mGET /static/css/carrusel.css HTTP/1.1[0m" 304 -
2023-04-22 05:49:04,783:INFO:127.0.0.1 - - [22/Apr/2023 05:49:04] "[36mGET /static/js/carrusel.js HTTP/1.1[0m" 304 -
2023-04-22 05:49:04,815:INFO:127.0.0.1 - - [22/Apr/2023 05:49:04] "[36mGET /static/img/ej4.png HTTP/1.1[0m" 304 -
2023-04-22 05:49:04,833:INFO:127.0.0.1 - - [22/Apr/2023 05:49:04] "[36mGET /static/img/mision2.jpg HTTP/1.1[0m" 304 -
2023-04-22 05:49:04,847:INFO:127.0.0.1 - - [22/Apr/2023 05:49:04] "[36mGET /static/img/vision.png HTTP/1.1[0m" 304 -
2023-04-22 05:49:04,851:INFO:127.0.0.1 - - [22/Apr/2023 05:49:04] "[36mGET /static/img/fondo5.jpg HTTP/1.1[0m" 304 -
2023-04-22 05:49:04,860:INFO:127.0.0.1 - - [22/Apr/2023 05:49:04] "[33mGET /favicon.ico HTTP/1.1[0m" 404 -
2023-04-22 05:49:06,695:INFO:127.0.0.1 - - [22/Apr/2023 05:49:06] "GET /security/empleados HTTP/1.1" 200 -
2023-04-22 05:49:06,755:INFO:127.0.0.1 - - [22/Apr/2023 05:49:06] "[36mGET /static/bootstrap/css/bootstrap.min.css HTTP/1.1[0m" 304 -
2023-04-22 05:49:06,760:INFO:127.0.0.1 - - [22/Apr/2023 05:49:06] "[36mGET /static/bootstrap/css/bootstrap-responsive.min.css HTTP/1.1[0m" 304 -
2023-04-22 05:49:06,762:INFO:127.0.0.1 - - [22/Apr/2023 05:49:06] "[36mGET /static/bootstrap/css/styles.css HTTP/1.1[0m" 304 -
2023-04-22 05:49:06,764:INFO:127.0.0.1 - - [22/Apr/2023 05:49:06] "[36mGET /static/css/nav.css HTTP/1.1[0m" 304 -
2023-04-22 05:49:06,774:INFO:127.0.0.1 - - [22/Apr/2023 05:49:06] "[36mGET /static/css/carrusel.css HTTP/1.1[0m" 304 -
2023-04-22 05:49:06,793:INFO:127.0.0.1 - - [22/Apr/2023 05:49:06] "[33mGET /security/static/estilos.css HTTP/1.1[0m" 404 -
2023-04-22 05:49:06,794:INFO:127.0.0.1 - - [22/Apr/2023 05:49:06] "[33mGET /security/static/sweetalert2/sweetalert2.min.css HTTP/1.1[0m" 404 -
2023-04-22 05:49:06,795:INFO:127.0.0.1 - - [22/Apr/2023 05:49:06] "[36mGET /static/js/carrusel.js HTTP/1.1[0m" 304 -
2023-04-22 05:49:06,803:INFO:127.0.0.1 - - [22/Apr/2023 05:49:06] "[33mGET /security/static/sweetalert2/sweetalert2.min.js HTTP/1.1[0m" 404 -
2023-04-22 05:49:06,833:INFO:127.0.0.1 - - [22/Apr/2023 05:49:06] "[36mGET /static/img/ej4.png HTTP/1.1[0m" 304 -
2023-04-22 05:49:06,855:INFO:127.0.0.1 - - [22/Apr/2023 05:49:06] "[33mGET /security/static/estilos.css HTTP/1.1[0m" 404 -
2023-04-22 05:49:06,855:INFO:127.0.0.1 - - [22/Apr/2023 05:49:06] "[33mGET /security/static/sweetalert2/sweetalert2.min.css HTTP/1.1[0m" 404 -
2023-04-22 05:49:06,869:INFO:127.0.0.1 - - [22/Apr/2023 05:49:06] "[36mGET /static/img/fondo5.jpg HTTP/1.1[0m" 304 -
2023-04-22 05:49:06,883:INFO:127.0.0.1 - - [22/Apr/2023 05:49:06] "[36mGET /static/bootstrap/img/glyphicons-halflings-white.png HTTP/1.1[0m" 304 -
2023-04-22 05:49:12,252:INFO:127.0.0.1 - - [22/Apr/2023 05:49:12] "GET /security/modificar?id=1 HTTP/1.1" 200 -
2023-04-22 05:49:12,319:INFO:127.0.0.1 - - [22/Apr/2023 05:49:12] "[36mGET /static/bootstrap/css/bootstrap.min.css HTTP/1.1[0m" 304 -
2023-04-22 05:49:12,323:INFO:127.0.0.1 - - [22/Apr/2023 05:49:12] "[36mGET /static/bootstrap/css/bootstrap-responsive.min.css HTTP/1.1[0m" 304 -
2023-04-22 05:49:12,329:INFO:127.0.0.1 - - [22/Apr/2023 05:49:12] "[36mGET /static/bootstrap/css/styles.css HTTP/1.1[0m" 304 -
2023-04-22 05:49:12,332:INFO:127.0.0.1 - - [22/Apr/2023 05:49:12] "[36mGET /static/css/nav.css HTTP/1.1[0m" 304 -
2023-04-22 05:49:12,333:INFO:127.0.0.1 - - [22/Apr/2023 05:49:12] "[36mGET /static/css/carrusel.css HTTP/1.1[0m" 304 -
2023-04-22 05:49:12,341:INFO:127.0.0.1 - - [22/Apr/2023 05:49:12] "[36mGET /static/js/carrusel.js HTTP/1.1[0m" 304 -
2023-04-22 05:49:12,388:INFO:127.0.0.1 - - [22/Apr/2023 05:49:12] "[36mGET /static/img/ej4.png HTTP/1.1[0m" 304 -
2023-04-22 05:49:12,389:INFO:127.0.0.1 - - [22/Apr/2023 05:49:12] "[36mGET /static/img/fondo5.jpg HTTP/1.1[0m" 304 -
2023-04-22 05:50:04,535:INFO:127.0.0.1 - - [22/Apr/2023 05:50:04] "GET /security/empleados HTTP/1.1" 200 -
2023-04-22 05:50:04,617:INFO:127.0.0.1 - - [22/Apr/2023 05:50:04] "[36mGET /static/bootstrap/css/bootstrap-responsive.min.css HTTP/1.1[0m" 304 -
2023-04-22 05:50:04,618:INFO:127.0.0.1 - - [22/Apr/2023 05:50:04] "[36mGET /static/css/nav.css HTTP/1.1[0m" 304 -
2023-04-22 05:50:04,620:INFO:127.0.0.1 - - [22/Apr/2023 05:50:04] "[36mGET /static/bootstrap/css/bootstrap.min.css HTTP/1.1[0m" 304 -
2023-04-22 05:50:04,622:INFO:127.0.0.1 - - [22/Apr/2023 05:50:04] "[36mGET /static/bootstrap/css/styles.css HTTP/1.1[0m" 304 -
2023-04-22 05:50:04,633:INFO:127.0.0.1 - - [22/Apr/2023 05:50:04] "[36mGET /static/css/carrusel.css HTTP/1.1[0m" 304 -
2023-04-22 05:50:04,646:INFO:127.0.0.1 - - [22/Apr/2023 05:50:04] "[36mGET /static/js/carrusel.js HTTP/1.1[0m" 304 -
2023-04-22 05:50:04,647:INFO:127.0.0.1 - - [22/Apr/2023 05:50:04] "[33mGET /security/static/sweetalert2/sweetalert2.min.css HTTP/1.1[0m" 404 -
2023-04-22 05:50:04,650:INFO:127.0.0.1 - - [22/Apr/2023 05:50:04] "[33mGET /security/static/sweetalert2/sweetalert2.min.js HTTP/1.1[0m" 404 -
2023-04-22 05:50:04,656:INFO:127.0.0.1 - - [22/Apr/2023 05:50:04] "[33mGET /security/static/estilos.css HTTP/1.1[0m" 404 -
2023-04-22 05:50:04,678:INFO:127.0.0.1 - - [22/Apr/2023 05:50:04] "[36mGET /static/img/ej4.png HTTP/1.1[0m" 304 -
2023-04-22 05:50:04,687:INFO:127.0.0.1 - - [22/Apr/2023 05:50:04] "[33mGET /security/static/estilos.css HTTP/1.1[0m" 404 -
2023-04-22 05:50:04,698:INFO:127.0.0.1 - - [22/Apr/2023 05:50:04] "[36mGET /static/img/fondo5.jpg HTTP/1.1[0m" 304 -
2023-04-22 05:50:04,712:INFO:127.0.0.1 - - [22/Apr/2023 05:50:04] "[36mGET /static/bootstrap/img/glyphicons-halflings-white.png HTTP/1.1[0m" 304 -
2023-04-22 05:50:08,762:INFO:127.0.0.1 - - [22/Apr/2023 05:50:08] "GET /security/modificar?id=1 HTTP/1.1" 200 -
2023-04-22 05:50:08,829:INFO:127.0.0.1 - - [22/Apr/2023 05:50:08] "[36mGET /static/bootstrap/css/bootstrap.min.css HTTP/1.1[0m" 304 -
2023-04-22 05:50:08,836:INFO:127.0.0.1 - - [22/Apr/2023 05:50:08] "[36mGET /static/bootstrap/css/bootstrap-responsive.min.css HTTP/1.1[0m" 304 -
2023-04-22 05:50:08,840:INFO:127.0.0.1 - - [22/Apr/2023 05:50:08] "[36mGET /static/bootstrap/css/styles.css HTTP/1.1[0m" 304 -
2023-04-22 05:50:08,855:INFO:127.0.0.1 - - [22/Apr/2023 05:50:08] "[36mGET /static/css/carrusel.css HTTP/1.1[0m" 304 -
2023-04-22 05:50:08,855:INFO:127.0.0.1 - - [22/Apr/2023 05:50:08] "[36mGET /static/css/nav.css HTTP/1.1[0m" 304 -
2023-04-22 05:50:08,857:INFO:127.0.0.1 - - [22/Apr/2023 05:50:08] "[36mGET /static/js/carrusel.js HTTP/1.1[0m" 304 -
2023-04-22 05:50:08,897:INFO:127.0.0.1 - - [22/Apr/2023 05:50:08] "[36mGET /static/img/ej4.png HTTP/1.1[0m" 304 -
2023-04-22 05:50:08,905:INFO:127.0.0.1 - - [22/Apr/2023 05:50:08] "[36mGET /static/img/fondo5.jpg HTTP/1.1[0m" 304 -
2023-04-22 05:51:16,102:INFO: * Detected change in 'C:\\curso_python\\Proyecto Final\\The_World_of_cakes\\project\\auth.py', reloading
2023-04-22 05:51:16,251:INFO: * Restarting with stat
2023-04-22 05:51:17,668:INFO:Se inicio la aplicacion
2023-04-22 05:51:17,678:WARNING: * Debugger is active!
2023-04-22 05:51:17,682:INFO: * Debugger PIN: 341-549-671
2023-04-22 05:51:36,770:INFO:127.0.0.1 - - [22/Apr/2023 05:51:36] "[32mGET /security/empleados HTTP/1.1[0m" 302 -
2023-04-22 05:51:36,801:INFO:127.0.0.1 - - [22/Apr/2023 05:51:36] "GET /login?next=%2Fsecurity%2Fempleados HTTP/1.1" 200 -
2023-04-22 05:51:36,838:INFO:127.0.0.1 - - [22/Apr/2023 05:51:36] "[33mGET /favicon.ico HTTP/1.1[0m" 404 -
2023-04-22 05:51:41,756:INFO:127.0.0.1 - - [22/Apr/2023 05:51:41] "GET / HTTP/1.1" 200 -
2023-04-22 05:51:41,805:INFO:127.0.0.1 - - [22/Apr/2023 05:51:41] "[36mGET /static/bootstrap/css/bootstrap.min.css HTTP/1.1[0m" 304 -
2023-04-22 05:51:41,811:INFO:127.0.0.1 - - [22/Apr/2023 05:51:41] "[36mGET /static/bootstrap/css/styles.css HTTP/1.1[0m" 304 -
2023-04-22 05:51:41,812:INFO:127.0.0.1 - - [22/Apr/2023 05:51:41] "[36mGET /static/bootstrap/css/bootstrap-responsive.min.css HTTP/1.1[0m" 304 -
2023-04-22 05:51:41,817:INFO:127.0.0.1 - - [22/Apr/2023 05:51:41] "[36mGET /static/css/nav.css HTTP/1.1[0m" 304 -
2023-04-22 05:51:41,823:INFO:127.0.0.1 - - [22/Apr/2023 05:51:41] "[36mGET /static/css/carrusel.css HTTP/1.1[0m" 304 -
2023-04-22 05:51:41,828:INFO:127.0.0.1 - - [22/Apr/2023 05:51:41] "[36mGET /static/js/carrusel.js HTTP/1.1[0m" 304 -
2023-04-22 05:51:41,862:INFO:127.0.0.1 - - [22/Apr/2023 05:51:41] "[36mGET /static/img/ej4.png HTTP/1.1[0m" 304 -
2023-04-22 05:51:41,866:INFO:127.0.0.1 - - [22/Apr/2023 05:51:41] "[36mGET /static/img/mision2.jpg HTTP/1.1[0m" 304 -
2023-04-22 05:51:41,870:INFO:127.0.0.1 - - [22/Apr/2023 05:51:41] "[36mGET /static/img/vision.png HTTP/1.1[0m" 304 -
2023-04-22 05:51:41,872:INFO:127.0.0.1 - - [22/Apr/2023 05:51:41] "[36mGET /static/img/fondo5.jpg HTTP/1.1[0m" 304 -
2023-04-22 05:51:43,379:INFO:127.0.0.1 - - [22/Apr/2023 05:51:43] "GET /security/login HTTP/1.1" 200 -
2023-04-22 05:51:43,422:INFO:127.0.0.1 - - [22/Apr/2023 05:51:43] "[36mGET /static/bootstrap/css/bootstrap-responsive.min.css HTTP/1.1[0m" 304 -
2023-04-22 05:51:43,422:INFO:127.0.0.1 - - [22/Apr/2023 05:51:43] "[36mGET /static/bootstrap/css/bootstrap.min.css HTTP/1.1[0m" 304 -
2023-04-22 05:51:43,427:INFO:127.0.0.1 - - [22/Apr/2023 05:51:43] "[36mGET /static/bootstrap/css/styles.css HTTP/1.1[0m" 304 -
2023-04-22 05:51:43,444:INFO:127.0.0.1 - - [22/Apr/2023 05:51:43] "[36mGET /static/css/nav.css HTTP/1.1[0m" 304 -
2023-04-22 05:51:43,446:INFO:127.0.0.1 - - [22/Apr/2023 05:51:43] "[36mGET /static/css/carrusel.css HTTP/1.1[0m" 304 -
2023-04-22 05:51:43,454:INFO:127.0.0.1 - - [22/Apr/2023 05:51:43] "[33mGET /security/static/estilos.css HTTP/1.1[0m" 404 -
2023-04-22 05:51:43,455:INFO:127.0.0.1 - - [22/Apr/2023 05:51:43] "[36mGET /static/js/carrusel.js HTTP/1.1[0m" 304 -
2023-04-22 05:51:43,478:INFO:127.0.0.1 - - [22/Apr/2023 05:51:43] "[36mGET /static/img/ej4.png HTTP/1.1[0m" 304 -
2023-04-22 05:51:43,483:INFO:127.0.0.1 - - [22/Apr/2023 05:51:43] "[33mGET /security/static/estilos.css HTTP/1.1[0m" 404 -
2023-04-22 05:51:43,487:INFO:127.0.0.1 - - [22/Apr/2023 05:51:43] "[36mGET /static/img/fondo5.jpg HTTP/1.1[0m" 304 -
2023-04-22 05:51:46,888:DEBUG:El usuario FernandoLP.mx@outlook.com ingreso al sistema
2023-04-22 05:51:46,890:INFO:127.0.0.1 - - [22/Apr/2023 05:51:46] "[32mPOST /security/login HTTP/1.1[0m" 302 -
2023-04-22 05:51:46,900:INFO:127.0.0.1 - - [22/Apr/2023 05:51:46] "GET / HTTP/1.1" 200 -
2023-04-22 05:51:46,958:INFO:127.0.0.1 - - [22/Apr/2023 05:51:46] "[36mGET /static/bootstrap/css/bootstrap.min.css HTTP/1.1[0m" 304 -
2023-04-22 05:51:46,974:INFO:127.0.0.1 - - [22/Apr/2023 05:51:46] "[36mGET /static/bootstrap/css/bootstrap-responsive.min.css HTTP/1.1[0m" 304 -
2023-04-22 05:51:46,976:INFO:127.0.0.1 - - [22/Apr/2023 05:51:46] "[36mGET /static/css/nav.css HTTP/1.1[0m" 304 -
2023-04-22 05:51:46,977:INFO:127.0.0.1 - - [22/Apr/2023 05:51:46] "[36mGET /static/bootstrap/css/styles.css HTTP/1.1[0m" 304 -
2023-04-22 05:51:46,987:INFO:127.0.0.1 - - [22/Apr/2023 05:51:46] "[36mGET /static/css/carrusel.css HTTP/1.1[0m" 304 -
2023-04-22 05:51:46,988:INFO:127.0.0.1 - - [22/Apr/2023 05:51:46] "[36mGET /static/js/carrusel.js HTTP/1.1[0m" 304 -
2023-04-22 05:51:47,024:INFO:127.0.0.1 - - [22/Apr/2023 05:51:47] "[36mGET /static/img/ej4.png HTTP/1.1[0m" 304 -
2023-04-22 05:51:47,026:INFO:127.0.0.1 - - [22/Apr/2023 05:51:47] "[36mGET /static/img/mision2.jpg HTTP/1.1[0m" 304 -
2023-04-22 05:51:47,042:INFO:127.0.0.1 - - [22/Apr/2023 05:51:47] "[36mGET /static/img/vision.png HTTP/1.1[0m" 304 -
2023-04-22 05:51:47,043:INFO:127.0.0.1 - - [22/Apr/2023 05:51:47] "[36mGET /static/img/fondo5.jpg HTTP/1.1[0m" 304 -
2023-04-22 05:51:47,057:INFO:127.0.0.1 - - [22/Apr/2023 05:51:47] "[33mGET /favicon.ico HTTP/1.1[0m" 404 -
2023-04-22 05:51:49,191:INFO:127.0.0.1 - - [22/Apr/2023 05:51:49] "GET /security/empleados HTTP/1.1" 200 -
2023-04-22 05:51:49,257:INFO:127.0.0.1 - - [22/Apr/2023 05:51:49] "[36mGET /static/bootstrap/css/bootstrap.min.css HTTP/1.1[0m" 304 -
2023-04-22 05:51:49,265:INFO:127.0.0.1 - - [22/Apr/2023 05:51:49] "[36mGET /static/bootstrap/css/bootstrap-responsive.min.css HTTP/1.1[0m" 304 -
2023-04-22 05:51:49,270:INFO:127.0.0.1 - - [22/Apr/2023 05:51:49] "[36mGET /static/bootstrap/css/styles.css HTTP/1.1[0m" 304 -
2023-04-22 05:51:49,279:INFO:127.0.0.1 - - [22/Apr/2023 05:51:49] "[36mGET /static/css/carrusel.css HTTP/1.1[0m" 304 -
2023-04-22 05:51:49,279:INFO:127.0.0.1 - - [22/Apr/2023 05:51:49] "[36mGET /static/css/nav.css HTTP/1.1[0m" 304 -
2023-04-22 05:51:49,292:INFO:127.0.0.1 - - [22/Apr/2023 05:51:49] "[33mGET /security/static/sweetalert2/sweetalert2.min.css HTTP/1.1[0m" 404 -
2023-04-22 05:51:49,293:INFO:127.0.0.1 - - [22/Apr/2023 05:51:49] "[36mGET /static/js/carrusel.js HTTP/1.1[0m" 304 -
2023-04-22 05:51:49,296:INFO:127.0.0.1 - - [22/Apr/2023 05:51:49] "[33mGET /security/static/sweetalert2/sweetalert2.min.js HTTP/1.1[0m" 404 -
2023-04-22 05:51:49,300:INFO:127.0.0.1 - - [22/Apr/2023 05:51:49] "[33mGET /security/static/estilos.css HTTP/1.1[0m" 404 -
2023-04-22 05:51:49,328:INFO:127.0.0.1 - - [22/Apr/2023 05:51:49] "[36mGET /static/img/ej4.png HTTP/1.1[0m" 304 -
2023-04-22 05:51:49,328:INFO:127.0.0.1 - - [22/Apr/2023 05:51:49] "[33mGET /security/static/sweetalert2/sweetalert2.min.css HTTP/1.1[0m" 404 -
2023-04-22 05:51:49,334:INFO:127.0.0.1 - - [22/Apr/2023 05:51:49] "[33mGET /security/static/estilos.css HTTP/1.1[0m" 404 -
2023-04-22 05:51:49,349:INFO:127.0.0.1 - - [22/Apr/2023 05:51:49] "[36mGET /static/bootstrap/img/glyphicons-halflings-white.png HTTP/1.1[0m" 304 -
2023-04-22 05:51:49,349:INFO:127.0.0.1 - - [22/Apr/2023 05:51:49] "[36mGET /static/img/fondo5.jpg HTTP/1.1[0m" 304 -
2023-04-22 05:51:54,457:INFO:127.0.0.1 - - [22/Apr/2023 05:51:54] "GET /security/modificar?id=1 HTTP/1.1" 200 -
2023-04-22 05:51:54,510:INFO:127.0.0.1 - - [22/Apr/2023 05:51:54] "[36mGET /static/bootstrap/css/bootstrap.min.css HTTP/1.1[0m" 304 -
2023-04-22 05:51:54,516:INFO:127.0.0.1 - - [22/Apr/2023 05:51:54] "[36mGET /static/bootstrap/css/bootstrap-responsive.min.css HTTP/1.1[0m" 304 -
2023-04-22 05:51:54,541:INFO:127.0.0.1 - - [22/Apr/2023 05:51:54] "[36mGET /static/bootstrap/css/styles.css HTTP/1.1[0m" 304 -
2023-04-22 05:51:54,556:INFO:127.0.0.1 - - [22/Apr/2023 05:51:54] "[36mGET /static/css/nav.css HTTP/1.1[0m" 304 -
2023-04-22 05:51:54,557:INFO:127.0.0.1 - - [22/Apr/2023 05:51:54] "[36mGET /static/css/carrusel.css HTTP/1.1[0m" 304 -
2023-04-22 05:51:54,567:INFO:127.0.0.1 - - [22/Apr/2023 05:51:54] "[36mGET /static/js/carrusel.js HTTP/1.1[0m" 304 -
2023-04-22 05:51:54,613:INFO:127.0.0.1 - - [22/Apr/2023 05:51:54] "[36mGET /static/img/ej4.png HTTP/1.1[0m" 304 -
2023-04-22 05:51:54,614:INFO:127.0.0.1 - - [22/Apr/2023 05:51:54] "[36mGET /static/img/fondo5.jpg HTTP/1.1[0m" 304 -
2023-04-22 05:52:39,562:INFO:127.0.0.1 - - [22/Apr/2023 05:52:39] "GET /security/modificar?id=1 HTTP/1.1" 200 -
2023-04-22 05:52:39,601:INFO:127.0.0.1 - - [22/Apr/2023 05:52:39] "[36mGET /static/bootstrap/css/bootstrap.min.css HTTP/1.1[0m" 304 -
2023-04-22 05:52:39,607:INFO:127.0.0.1 - - [22/Apr/2023 05:52:39] "[36mGET /static/bootstrap/css/bootstrap-responsive.min.css HTTP/1.1[0m" 304 -
2023-04-22 05:52:39,626:INFO:127.0.0.1 - - [22/Apr/2023 05:52:39] "[36mGET /static/bootstrap/css/styles.css HTTP/1.1[0m" 304 -
2023-04-22 05:52:39,632:INFO:127.0.0.1 - - [22/Apr/2023 05:52:39] "[36mGET /static/css/nav.css HTTP/1.1[0m" 304 -
2023-04-22 05:52:39,638:INFO:127.0.0.1 - - [22/Apr/2023 05:52:39] "[36mGET /static/css/carrusel.css HTTP/1.1[0m" 304 -
2023-04-22 05:52:39,641:INFO:127.0.0.1 - - [22/Apr/2023 05:52:39] "[36mGET /static/js/carrusel.js HTTP/1.1[0m" 304 -
2023-04-22 05:52:39,679:INFO:127.0.0.1 - - [22/Apr/2023 05:52:39] "[36mGET /static/img/ej4.png HTTP/1.1[0m" 304 -
2023-04-22 05:52:39,680:INFO:127.0.0.1 - - [22/Apr/2023 05:52:39] "[36mGET /static/img/fondo5.jpg HTTP/1.1[0m" 304 -
2023-04-22 05:52:44,681:INFO:127.0.0.1 - - [22/Apr/2023 05:52:44] "GET /security/modificar?id=1 HTTP/1.1" 200 -
2023-04-22 05:52:44,746:INFO:127.0.0.1 - - [22/Apr/2023 05:52:44] "[36mGET /static/bootstrap/css/bootstrap-responsive.min.css HTTP/1.1[0m" 304 -
2023-04-22 05:52:44,747:INFO:127.0.0.1 - - [22/Apr/2023 05:52:44] "[36mGET /static/bootstrap/css/bootstrap.min.css HTTP/1.1[0m" 304 -
2023-04-22 05:52:44,750:INFO:127.0.0.1 - - [22/Apr/2023 05:52:44] "[36mGET /static/bootstrap/css/styles.css HTTP/1.1[0m" 304 -
2023-04-22 05:52:44,753:INFO:127.0.0.1 - - [22/Apr/2023 05:52:44] "[36mGET /static/css/nav.css HTTP/1.1[0m" 304 -
2023-04-22 05:52:44,768:INFO:127.0.0.1 - - [22/Apr/2023 05:52:44] "[36mGET /static/css/carrusel.css HTTP/1.1[0m" 304 -
2023-04-22 05:52:44,770:INFO:127.0.0.1 - - [22/Apr/2023 05:52:44] "[36mGET /static/js/carrusel.js HTTP/1.1[0m" 304 -
2023-04-22 05:52:44,796:INFO:127.0.0.1 - - [22/Apr/2023 05:52:44] "[36mGET /static/img/ej4.png HTTP/1.1[0m" 304 -
2023-04-22 05:52:44,803:INFO:127.0.0.1 - - [22/Apr/2023 05:52:44] "[36mGET /static/img/fondo5.jpg HTTP/1.1[0m" 304 -
2023-04-22 05:53:38,166:INFO:127.0.0.1 - - [22/Apr/2023 05:53:38] "GET /security/modificar?id=1 HTTP/1.1" 200 -
2023-04-22 05:53:38,217:INFO:127.0.0.1 - - [22/Apr/2023 05:53:38] "[36mGET /static/bootstrap/css/bootstrap.min.css HTTP/1.1[0m" 304 -
2023-04-22 05:53:38,222:INFO:127.0.0.1 - - [22/Apr/2023 05:53:38] "[36mGET /static/bootstrap/css/styles.css HTTP/1.1[0m" 304 -
2023-04-22 05:53:38,223:INFO:127.0.0.1 - - [22/Apr/2023 05:53:38] "[36mGET /static/bootstrap/css/bootstrap-responsive.min.css HTTP/1.1[0m" 304 -
2023-04-22 05:53:38,234:INFO:127.0.0.1 - - [22/Apr/2023 05:53:38] "[36mGET /static/css/nav.css HTTP/1.1[0m" 304 -
2023-04-22 05:53:38,249:INFO:127.0.0.1 - - [22/Apr/2023 05:53:38] "[36mGET /static/css/carrusel.css HTTP/1.1[0m" 304 -
2023-04-22 05:53:38,250:INFO:127.0.0.1 - - [22/Apr/2023 05:53:38] "[36mGET /static/js/carrusel.js HTTP/1.1[0m" 304 -
2023-04-22 05:53:38,279:INFO:127.0.0.1 - - [22/Apr/2023 05:53:38] "[36mGET /static/img/ej4.png HTTP/1.1[0m" 304 -
2023-04-22 05:53:38,293:INFO:127.0.0.1 - - [22/Apr/2023 05:53:38] "[36mGET /static/img/fondo5.jpg HTTP/1.1[0m" 304 -
2023-04-22 05:55:08,006:INFO:127.0.0.1 - - [22/Apr/2023 05:55:08] "GET /security/empleados HTTP/1.1" 200 -
2023-04-22 05:55:08,078:INFO:127.0.0.1 - - [22/Apr/2023 05:55:08] "[36mGET /static/bootstrap/css/bootstrap.min.css HTTP/1.1[0m" 304 -
2023-04-22 05:55:08,085:INFO:127.0.0.1 - - [22/Apr/2023 05:55:08] "[36mGET /static/bootstrap/css/styles.css HTTP/1.1[0m" 304 -
2023-04-22 05:55:08,086:INFO:127.0.0.1 - - [22/Apr/2023 05:55:08] "[36mGET /static/bootstrap/css/bootstrap-responsive.min.css HTTP/1.1[0m" 304 -
2023-04-22 05:55:08,087:INFO:127.0.0.1 - - [22/Apr/2023 05:55:08] "[36mGET /static/css/nav.css HTTP/1.1[0m" 304 -
2023-04-22 05:55:08,102:INFO:127.0.0.1 - - [22/Apr/2023 05:55:08] "[36mGET /static/css/carrusel.css HTTP/1.1[0m" 304 -
2023-04-22 05:55:08,103:INFO:127.0.0.1 - - [22/Apr/2023 05:55:08] "[33mGET /security/static/sweetalert2/sweetalert2.min.js HTTP/1.1[0m" 404 -
2023-04-22 05:55:08,105:INFO:127.0.0.1 - - [22/Apr/2023 05:55:08] "[36mGET /static/js/carrusel.js HTTP/1.1[0m" 304 -
2023-04-22 05:55:08,114:INFO:127.0.0.1 - - [22/Apr/2023 05:55:08] "[33mGET /security/static/sweetalert2/sweetalert2.min.css HTTP/1.1[0m" 404 -
2023-04-22 05:55:08,123:INFO:127.0.0.1 - - [22/Apr/2023 05:55:08] "[33mGET /security/static/estilos.css HTTP/1.1[0m" 404 -
2023-04-22 05:55:08,150:INFO:127.0.0.1 - - [22/Apr/2023 05:55:08] "[36mGET /static/img/ej4.png HTTP/1.1[0m" 304 -
2023-04-22 05:55:08,162:INFO:127.0.0.1 - - [22/Apr/2023 05:55:08] "[33mGET /security/static/sweetalert2/sweetalert2.min.js HTTP/1.1[0m" 404 -
2023-04-22 05:55:08,167:INFO:127.0.0.1 - - [22/Apr/2023 05:55:08] "[36mGET /static/img/fondo5.jpg HTTP/1.1[0m" 304 -
2023-04-22 05:55:08,186:INFO:127.0.0.1 - - [22/Apr/2023 05:55:08] "[33mGET /security/static/estilos.css HTTP/1.1[0m" 404 -
2023-04-22 05:55:08,230:INFO:127.0.0.1 - - [22/Apr/2023 05:55:08] "[36mGET /static/bootstrap/img/glyphicons-halflings-white.png HTTP/1.1[0m" 304 -
2023-04-22 05:55:11,461:INFO:127.0.0.1 - - [22/Apr/2023 05:55:11] "GET /security/modificar?id=1 HTTP/1.1" 200 -
2023-04-22 05:55:11,529:INFO:127.0.0.1 - - [22/Apr/2023 05:55:11] "[36mGET /static/bootstrap/css/bootstrap-responsive.min.css HTTP/1.1[0m" 304 -
2023-04-22 05:55:11,529:INFO:127.0.0.1 - - [22/Apr/2023 05:55:11] "[36mGET /static/bootstrap/css/bootstrap.min.css HTTP/1.1[0m" 304 -
2023-04-22 05:55:11,534:INFO:127.0.0.1 - - [22/Apr/2023 05:55:11] "[36mGET /static/bootstrap/css/styles.css HTTP/1.1[0m" 304 -
2023-04-22 05:55:11,553:INFO:127.0.0.1 - - [22/Apr/2023 05:55:11] "[36mGET /static/css/nav.css HTTP/1.1[0m" 304 -
2023-04-22 05:55:11,567:INFO:127.0.0.1 - - [22/Apr/2023 05:55:11] "[36mGET /static/css/carrusel.css HTTP/1.1[0m" 304 -
2023-04-22 05:55:11,576:INFO:127.0.0.1 - - [22/Apr/2023 05:55:11] "[36mGET /static/js/carrusel.js HTTP/1.1[0m" 304 -
2023-04-22 05:55:11,626:INFO:127.0.0.1 - - [22/Apr/2023 05:55:11] "[36mGET /static/img/ej4.png HTTP/1.1[0m" 304 -
2023-04-22 05:55:11,650:INFO:127.0.0.1 - - [22/Apr/2023 05:55:11] "[36mGET /static/img/fondo5.jpg HTTP/1.1[0m" 304 -
2023-04-22 05:56:12,437:INFO:127.0.0.1 - - [22/Apr/2023 05:56:12] "GET /security/empleados HTTP/1.1" 200 -
2023-04-22 05:56:12,485:INFO:127.0.0.1 - - [22/Apr/2023 05:56:12] "[36mGET /static/bootstrap/css/bootstrap.min.css HTTP/1.1[0m" 304 -
2023-04-22 05:56:12,505:INFO:127.0.0.1 - - [22/Apr/2023 05:56:12] "[36mGET /static/bootstrap/css/bootstrap-responsive.min.css HTTP/1.1[0m" 304 -
2023-04-22 05:56:12,510:INFO:127.0.0.1 - - [22/Apr/2023 05:56:12] "[36mGET /static/bootstrap/css/styles.css HTTP/1.1[0m" 304 -
2023-04-22 05:56:12,512:INFO:127.0.0.1 - - [22/Apr/2023 05:56:12] "[36mGET /static/css/nav.css HTTP/1.1[0m" 304 -
2023-04-22 05:56:12,530:INFO:127.0.0.1 - - [22/Apr/2023 05:56:12] "[36mGET /static/css/carrusel.css HTTP/1.1[0m" 304 -
2023-04-22 05:56:12,541:INFO:127.0.0.1 - - [22/Apr/2023 05:56:12] "[36mGET /static/js/carrusel.js HTTP/1.1[0m" 304 -
2023-04-22 05:56:12,543:INFO:127.0.0.1 - - [22/Apr/2023 05:56:12] "[33mGET /security/static/sweetalert2/sweetalert2.min.css HTTP/1.1[0m" 404 -
2023-04-22 05:56:12,553:INFO:127.0.0.1 - - [22/Apr/2023 05:56:12] "[33mGET /security/static/sweetalert2/sweetalert2.min.js HTTP/1.1[0m" 404 -
2023-04-22 05:56:12,554:INFO:127.0.0.1 - - [22/Apr/2023 05:56:12] "[33mGET /security/static/estilos.css HTTP/1.1[0m" 404 -
2023-04-22 05:56:12,583:INFO:127.0.0.1 - - [22/Apr/2023 05:56:12] "[36mGET /static/img/ej4.png HTTP/1.1[0m" 304 -
2023-04-22 05:56:12,592:INFO:127.0.0.1 - - [22/Apr/2023 05:56:12] "[33mGET /security/static/sweetalert2/sweetalert2.min.css HTTP/1.1[0m" 404 -
2023-04-22 05:56:12,592:INFO:127.0.0.1 - - [22/Apr/2023 05:56:12] "[33mGET /security/static/estilos.css HTTP/1.1[0m" 404 -
2023-04-22 05:56:12,601:INFO:127.0.0.1 - - [22/Apr/2023 05:56:12] "[36mGET /static/img/fondo5.jpg HTTP/1.1[0m" 304 -
2023-04-22 05:56:12,618:INFO:127.0.0.1 - - [22/Apr/2023 05:56:12] "[36mGET /static/bootstrap/img/glyphicons-halflings-white.png HTTP/1.1[0m" 304 -
2023-04-22 05:56:18,675:INFO:127.0.0.1 - - [22/Apr/2023 05:56:18] "GET /security/modificar?id=1 HTTP/1.1" 200 -
2023-04-22 05:56:18,732:INFO:127.0.0.1 - - [22/Apr/2023 05:56:18] "[36mGET /static/bootstrap/css/bootstrap.min.css HTTP/1.1[0m" 304 -
2023-04-22 05:56:18,739:INFO:127.0.0.1 - - [22/Apr/2023 05:56:18] "[36mGET /static/bootstrap/css/bootstrap-responsive.min.css HTTP/1.1[0m" 304 -
2023-04-22 05:56:18,742:INFO:127.0.0.1 - - [22/Apr/2023 05:56:18] "[36mGET /static/bootstrap/css/styles.css HTTP/1.1[0m" 304 -
2023-04-22 05:56:18,751:INFO:127.0.0.1 - - [22/Apr/2023 05:56:18] "[36mGET /static/css/nav.css HTTP/1.1[0m" 304 -
2023-04-22 05:56:18,766:INFO:127.0.0.1 - - [22/Apr/2023 05:56:18] "[36mGET /static/css/carrusel.css HTTP/1.1[0m" 304 -
2023-04-22 05:56:18,767:INFO:127.0.0.1 - - [22/Apr/2023 05:56:18] "[36mGET /static/js/carrusel.js HTTP/1.1[0m" 304 -
2023-04-22 05:56:18,798:INFO:127.0.0.1 - - [22/Apr/2023 05:56:18] "[36mGET /static/img/ej4.png HTTP/1.1[0m" 304 -
2023-04-22 05:56:18,803:INFO:127.0.0.1 - - [22/Apr/2023 05:56:18] "[36mGET /static/img/fondo5.jpg HTTP/1.1[0m" 304 -
2023-04-22 05:56:27,378:INFO:127.0.0.1 - - [22/Apr/2023 05:56:27] "[32mPOST /security/administracion_admin HTTP/1.1[0m" 302 -
2023-04-22 05:56:27,400:INFO:127.0.0.1 - - [22/Apr/2023 05:56:27] "GET /security/administracion_admin HTTP/1.1" 200 -
2023-04-22 05:56:27,464:INFO:127.0.0.1 - - [22/Apr/2023 05:56:27] "[36mGET /static/bootstrap/css/bootstrap.min.css HTTP/1.1[0m" 304 -
2023-04-22 05:56:27,465:INFO:127.0.0.1 - - [22/Apr/2023 05:56:27] "[36mGET /static/bootstrap/css/bootstrap-responsive.min.css HTTP/1.1[0m" 304 -
2023-04-22 05:56:27,474:INFO:127.0.0.1 - - [22/Apr/2023 05:56:27] "[36mGET /static/bootstrap/css/styles.css HTTP/1.1[0m" 304 -
2023-04-22 05:56:27,493:INFO:127.0.0.1 - - [22/Apr/2023 05:56:27] "[36mGET /static/css/nav.css HTTP/1.1[0m" 304 -
2023-04-22 05:56:27,501:INFO:127.0.0.1 - - [22/Apr/2023 05:56:27] "[36mGET /static/css/carrusel.css HTTP/1.1[0m" 304 -
2023-04-22 05:56:27,508:INFO:127.0.0.1 - - [22/Apr/2023 05:56:27] "[33mGET /security/static/sweetalert2/sweetalert2.min.css HTTP/1.1[0m" 404 -
2023-04-22 05:56:27,508:INFO:127.0.0.1 - - [22/Apr/2023 05:56:27] "[33mGET /security/static/sweetalert2/sweetalert2.min.js HTTP/1.1[0m" 404 -
2023-04-22 05:56:27,511:INFO:127.0.0.1 - - [22/Apr/2023 05:56:27] "[36mGET /static/js/carrusel.js HTTP/1.1[0m" 304 -
2023-04-22 05:56:27,515:INFO:127.0.0.1 - - [22/Apr/2023 05:56:27] "[33mGET /security/static/estilos.css HTTP/1.1[0m" 404 -
2023-04-22 05:56:27,563:INFO:127.0.0.1 - - [22/Apr/2023 05:56:27] "[36mGET /static/img/ej4.png HTTP/1.1[0m" 304 -
2023-04-22 05:56:27,567:INFO:127.0.0.1 - - [22/Apr/2023 05:56:27] "[33mGET /security/static/sweetalert2/sweetalert2.min.css HTTP/1.1[0m" 404 -
2023-04-22 05:56:27,569:INFO:127.0.0.1 - - [22/Apr/2023 05:56:27] "[33mGET /security/static/sweetalert2/sweetalert2.min.js HTTP/1.1[0m" 404 -
2023-04-22 05:56:27,579:INFO:127.0.0.1 - - [22/Apr/2023 05:56:27] "[36mGET /static/img/fondo5.jpg HTTP/1.1[0m" 304 -
2023-04-22 05:56:27,594:INFO:127.0.0.1 - - [22/Apr/2023 05:56:27] "[33mGET /security/static/estilos.css HTTP/1.1[0m" 404 -
2023-04-22 05:56:27,605:INFO:127.0.0.1 - - [22/Apr/2023 05:56:27] "[36mGET /static/bootstrap/img/glyphicons-halflings-white.png HTTP/1.1[0m" 304 -
2023-04-22 05:56:27,645:INFO:127.0.0.1 - - [22/Apr/2023 05:56:27] "[33mGET /favicon.ico HTTP/1.1[0m" 404 -
2023-04-22 05:56:54,736:INFO:127.0.0.1 - - [22/Apr/2023 05:56:54] "[35m[1mGET /security/eliminar?id= HTTP/1.1[0m" 500 -
2023-04-22 05:56:54,778:INFO:127.0.0.1 - - [22/Apr/2023 05:56:54] "GET /security/eliminar?__debugger__=yes&cmd=resource&f=style.css HTTP/1.1" 200 -
2023-04-22 05:56:54,779:INFO:127.0.0.1 - - [22/Apr/2023 05:56:54] "GET /security/eliminar?__debugger__=yes&cmd=resource&f=debugger.js HTTP/1.1" 200 -
2023-04-22 05:56:54,794:INFO:127.0.0.1 - - [22/Apr/2023 05:56:54] "GET /security/eliminar?__debugger__=yes&cmd=resource&f=console.png HTTP/1.1" 200 -
2023-04-22 05:56:54,795:INFO:127.0.0.1 - - [22/Apr/2023 05:56:54] "GET /security/eliminar?__debugger__=yes&cmd=resource&f=console.png HTTP/1.1" 200 -
2023-04-22 05:56:57,690:INFO:127.0.0.1 - - [22/Apr/2023 05:56:57] "GET /security/empleados HTTP/1.1" 200 -
2023-04-22 05:56:57,749:INFO:127.0.0.1 - - [22/Apr/2023 05:56:57] "[36mGET /static/bootstrap/css/bootstrap.min.css HTTP/1.1[0m" 304 -
2023-04-22 05:56:57,756:INFO:127.0.0.1 - - [22/Apr/2023 05:56:57] "[36mGET /static/bootstrap/css/styles.css HTTP/1.1[0m" 304 -
2023-04-22 05:56:57,758:INFO:127.0.0.1 - - [22/Apr/2023 05:56:57] "[36mGET /static/bootstrap/css/bootstrap-responsive.min.css HTTP/1.1[0m" 304 -
2023-04-22 05:56:57,768:INFO:127.0.0.1 - - [22/Apr/2023 05:56:57] "[36mGET /static/css/nav.css HTTP/1.1[0m" 304 -
2023-04-22 05:56:57,769:INFO:127.0.0.1 - - [22/Apr/2023 05:56:57] "[36mGET /static/css/carrusel.css HTTP/1.1[0m" 304 -
2023-04-22 05:56:57,787:INFO:127.0.0.1 - - [22/Apr/2023 05:56:57] "[33mGET /security/static/sweetalert2/sweetalert2.min.css HTTP/1.1[0m" 404 -
2023-04-22 05:56:57,789:INFO:127.0.0.1 - - [22/Apr/2023 05:56:57] "[33mGET /security/static/sweetalert2/sweetalert2.min.js HTTP/1.1[0m" 404 -
2023-04-22 05:56:57,790:INFO:127.0.0.1 - - [22/Apr/2023 05:56:57] "[36mGET /static/js/carrusel.js HTTP/1.1[0m" 304 -
2023-04-22 05:56:57,795:INFO:127.0.0.1 - - [22/Apr/2023 05:56:57] "[33mGET /security/static/estilos.css HTTP/1.1[0m" 404 -
2023-04-22 05:56:57,826:INFO:127.0.0.1 - - [22/Apr/2023 05:56:57] "[33mGET /security/static/sweetalert2/sweetalert2.min.css HTTP/1.1[0m" 404 -
2023-04-22 05:56:57,830:INFO:127.0.0.1 - - [22/Apr/2023 05:56:57] "[36mGET /static/img/ej4.png HTTP/1.1[0m" 304 -
2023-04-22 05:56:57,834:INFO:127.0.0.1 - - [22/Apr/2023 05:56:57] "[33mGET /security/static/sweetalert2/sweetalert2.min.js HTTP/1.1[0m" 404 -
2023-04-22 05:56:57,845:INFO:127.0.0.1 - - [22/Apr/2023 05:56:57] "[36mGET /static/img/fondo5.jpg HTTP/1.1[0m" 304 -
2023-04-22 05:56:57,862:INFO:127.0.0.1 - - [22/Apr/2023 05:56:57] "[33mGET /security/static/estilos.css HTTP/1.1[0m" 404 -
2023-04-22 05:56:57,895:INFO:127.0.0.1 - - [22/Apr/2023 05:56:57] "[36mGET /static/bootstrap/img/glyphicons-halflings-white.png HTTP/1.1[0m" 304 -
2023-04-22 05:57:00,828:INFO:127.0.0.1 - - [22/Apr/2023 05:57:00] "[35m[1mGET /security/eliminar?id=1 HTTP/1.1[0m" 500 -
2023-04-22 05:57:00,869:INFO:127.0.0.1 - - [22/Apr/2023 05:57:00] "[36mGET /security/eliminar?__debugger__=yes&cmd=resource&f=style.css HTTP/1.1[0m" 304 -
2023-04-22 05:57:00,870:INFO:127.0.0.1 - - [22/Apr/2023 05:57:00] "[36mGET /security/eliminar?__debugger__=yes&cmd=resource&f=debugger.js HTTP/1.1[0m" 304 -
2023-04-22 05:57:00,885:INFO:127.0.0.1 - - [22/Apr/2023 05:57:00] "[36mGET /security/eliminar?__debugger__=yes&cmd=resource&f=console.png HTTP/1.1[0m" 304 -
2023-04-22 05:57:07,411:INFO:127.0.0.1 - - [22/Apr/2023 05:57:07] "GET /security/modificar?id=1 HTTP/1.1" 200 -
2023-04-22 05:57:07,456:INFO:127.0.0.1 - - [22/Apr/2023 05:57:07] "[36mGET /static/bootstrap/css/bootstrap.min.css HTTP/1.1[0m" 304 -
2023-04-22 05:57:07,472:INFO:127.0.0.1 - - [22/Apr/2023 05:57:07] "[36mGET /static/bootstrap/css/bootstrap-responsive.min.css HTTP/1.1[0m" 304 -
2023-04-22 05:57:07,477:INFO:127.0.0.1 - - [22/Apr/2023 05:57:07] "[36mGET /static/css/carrusel.css HTTP/1.1[0m" 304 -
2023-04-22 05:57:07,478:INFO:127.0.0.1 - - [22/Apr/2023 05:57:07] "[36mGET /static/bootstrap/css/styles.css HTTP/1.1[0m" 304 -
2023-04-22 05:57:07,479:INFO:127.0.0.1 - - [22/Apr/2023 05:57:07] "[36mGET /static/css/nav.css HTTP/1.1[0m" 304 -
2023-04-22 05:57:07,486:INFO:127.0.0.1 - - [22/Apr/2023 05:57:07] "[36mGET /static/js/carrusel.js HTTP/1.1[0m" 304 -
2023-04-22 05:57:07,524:INFO:127.0.0.1 - - [22/Apr/2023 05:57:07] "[36mGET /static/img/ej4.png HTTP/1.1[0m" 304 -
2023-04-22 05:57:07,526:INFO:127.0.0.1 - - [22/Apr/2023 05:57:07] "[36mGET /static/img/fondo5.jpg HTTP/1.1[0m" 304 -
2023-04-22 05:57:36,576:INFO: * Detected change in 'C:\\curso_python\\Proyecto Final\\The_World_of_cakes\\project\\auth.py', reloading
2023-04-22 05:57:36,723:INFO: * Restarting with stat
2023-04-22 05:57:37,902:INFO:Se inicio la aplicacion
2023-04-22 05:57:37,913:WARNING: * Debugger is active!
2023-04-22 05:57:37,917:INFO: * Debugger PIN: 341-549-671
2023-04-22 05:57:52,151:INFO:127.0.0.1 - - [22/Apr/2023 05:57:52] "[32mGET /security/modificar?id=1 HTTP/1.1[0m" 302 -
2023-04-22 05:57:52,182:INFO:127.0.0.1 - - [22/Apr/2023 05:57:52] "GET /login?next=%2Fsecurity%2Fmodificar%3Fid%3D1 HTTP/1.1" 200 -
2023-04-22 05:57:52,217:INFO:127.0.0.1 - - [22/Apr/2023 05:57:52] "[33mGET /favicon.ico HTTP/1.1[0m" 404 -
2023-04-22 05:58:00,339:INFO:127.0.0.1 - - [22/Apr/2023 05:58:00] "GET / HTTP/1.1" 200 -
2023-04-22 05:58:00,380:INFO:127.0.0.1 - - [22/Apr/2023 05:58:00] "[36mGET /static/bootstrap/css/bootstrap.min.css HTTP/1.1[0m" 304 -
2023-04-22 05:58:00,385:INFO:127.0.0.1 - - [22/Apr/2023 05:58:00] "[36mGET /static/bootstrap/css/bootstrap-responsive.min.css HTTP/1.1[0m" 304 -
2023-04-22 05:58:00,393:INFO:127.0.0.1 - - [22/Apr/2023 05:58:00] "[36mGET /static/bootstrap/css/styles.css HTTP/1.1[0m" 304 -
2023-04-22 05:58:00,397:INFO:127.0.0.1 - - [22/Apr/2023 05:58:00] "[36mGET /static/css/nav.css HTTP/1.1[0m" 304 -
2023-04-22 05:58:00,400:INFO:127.0.0.1 - - [22/Apr/2023 05:58:00] "[36mGET /static/css/carrusel.css HTTP/1.1[0m" 304 -
2023-04-22 05:58:00,401:INFO:127.0.0.1 - - [22/Apr/2023 05:58:00] "[36mGET /static/js/carrusel.js HTTP/1.1[0m" 304 -
2023-04-22 05:58:00,450:INFO:127.0.0.1 - - [22/Apr/2023 05:58:00] "[36mGET /static/img/ej4.png HTTP/1.1[0m" 304 -
2023-04-22 05:58:00,453:INFO:127.0.0.1 - - [22/Apr/2023 05:58:00] "[36mGET /static/img/mision2.jpg HTTP/1.1[0m" 304 -
2023-04-22 05:58:00,456:INFO:127.0.0.1 - - [22/Apr/2023 05:58:00] "[36mGET /static/img/vision.png HTTP/1.1[0m" 304 -
2023-04-22 05:58:00,465:INFO:127.0.0.1 - - [22/Apr/2023 05:58:00] "[36mGET /static/img/fondo5.jpg HTTP/1.1[0m" 304 -
2023-04-22 05:58:03,462:INFO:127.0.0.1 - - [22/Apr/2023 05:58:03] "GET /security/login HTTP/1.1" 200 -
2023-04-22 05:58:03,505:INFO:127.0.0.1 - - [22/Apr/2023 05:58:03] "[36mGET /static/bootstrap/css/bootstrap.min.css HTTP/1.1[0m" 304 -
2023-04-22 05:58:03,511:INFO:127.0.0.1 - - [22/Apr/2023 05:58:03] "[36mGET /static/bootstrap/css/bootstrap-responsive.min.css HTTP/1.1[0m" 304 -
2023-04-22 05:58:03,518:INFO:127.0.0.1 - - [22/Apr/2023 05:58:03] "[36mGET /static/bootstrap/css/styles.css HTTP/1.1[0m" 304 -
2023-04-22 05:58:03,525:INFO:127.0.0.1 - - [22/Apr/2023 05:58:03] "[36mGET /static/css/carrusel.css HTTP/1.1[0m" 304 -
2023-04-22 05:58:03,526:INFO:127.0.0.1 - - [22/Apr/2023 05:58:03] "[36mGET /static/css/nav.css HTTP/1.1[0m" 304 -
2023-04-22 05:58:03,531:INFO:127.0.0.1 - - [22/Apr/2023 05:58:03] "[36mGET /static/js/carrusel.js HTTP/1.1[0m" 304 -
2023-04-22 05:58:03,533:INFO:127.0.0.1 - - [22/Apr/2023 05:58:03] "[33mGET /security/static/estilos.css HTTP/1.1[0m" 404 -
2023-04-22 05:58:03,571:INFO:127.0.0.1 - - [22/Apr/2023 05:58:03] "[36mGET /static/img/ej4.png HTTP/1.1[0m" 304 -
2023-04-22 05:58:03,580:INFO:127.0.0.1 - - [22/Apr/2023 05:58:03] "[33mGET /security/static/estilos.css HTTP/1.1[0m" 404 -
2023-04-22 05:58:03,586:INFO:127.0.0.1 - - [22/Apr/2023 05:58:03] "[36mGET /static/img/fondo5.jpg HTTP/1.1[0m" 304 -
2023-04-22 05:58:13,600:DEBUG:El usuario FernandoLP.mx@outlook.com ingreso al sistema
2023-04-22 05:58:13,601:INFO:127.0.0.1 - - [22/Apr/2023 05:58:13] "[32mPOST /security/login HTTP/1.1[0m" 302 -
2023-04-22 05:58:13,612:INFO:127.0.0.1 - - [22/Apr/2023 05:58:13] "GET / HTTP/1.1" 200 -
2023-04-22 05:58:13,661:INFO:127.0.0.1 - - [22/Apr/2023 05:58:13] "[36mGET /static/bootstrap/css/bootstrap-responsive.min.css HTTP/1.1[0m" 304 -
2023-04-22 05:58:13,672:INFO:127.0.0.1 - - [22/Apr/2023 05:58:13] "[36mGET /static/bootstrap/css/bootstrap.min.css HTTP/1.1[0m" 304 -
2023-04-22 05:58:13,678:INFO:127.0.0.1 - - [22/Apr/2023 05:58:13] "[36mGET /static/bootstrap/css/styles.css HTTP/1.1[0m" 304 -
2023-04-22 05:58:13,684:INFO:127.0.0.1 - - [22/Apr/2023 05:58:13] "[36mGET /static/css/nav.css HTTP/1.1[0m" 304 -
2023-04-22 05:58:13,690:INFO:127.0.0.1 - - [22/Apr/2023 05:58:13] "[36mGET /static/css/carrusel.css HTTP/1.1[0m" 304 -
2023-04-22 05:58:13,692:INFO:127.0.0.1 - - [22/Apr/2023 05:58:13] "[36mGET /static/js/carrusel.js HTTP/1.1[0m" 304 -
2023-04-22 05:58:13,854:INFO:127.0.0.1 - - [22/Apr/2023 05:58:13] "[36mGET /static/img/ej4.png HTTP/1.1[0m" 304 -
2023-04-22 05:58:13,855:INFO:127.0.0.1 - - [22/Apr/2023 05:58:13] "[36mGET /static/img/mision2.jpg HTTP/1.1[0m" 304 -
2023-04-22 05:58:13,859:INFO:127.0.0.1 - - [22/Apr/2023 05:58:13] "[36mGET /static/img/vision.png HTTP/1.1[0m" 304 -
2023-04-22 05:58:13,863:INFO:127.0.0.1 - - [22/Apr/2023 05:58:13] "[36mGET /static/img/fondo5.jpg HTTP/1.1[0m" 304 -
2023-04-22 05:58:13,898:INFO:127.0.0.1 - - [22/Apr/2023 05:58:13] "[33mGET /favicon.ico HTTP/1.1[0m" 404 -
2023-04-22 05:58:15,449:INFO:127.0.0.1 - - [22/Apr/2023 05:58:15] "GET /security/empleados HTTP/1.1" 200 -
2023-04-22 05:58:15,513:INFO:127.0.0.1 - - [22/Apr/2023 05:58:15] "[36mGET /static/bootstrap/css/bootstrap.min.css HTTP/1.1[0m" 304 -
2023-04-22 05:58:15,523:INFO:127.0.0.1 - - [22/Apr/2023 05:58:15] "[36mGET /static/bootstrap/css/styles.css HTTP/1.1[0m" 304 -
2023-04-22 05:58:15,525:INFO:127.0.0.1 - - [22/Apr/2023 05:58:15] "[36mGET /static/bootstrap/css/bootstrap-responsive.min.css HTTP/1.1[0m" 304 -
2023-04-22 05:58:15,527:INFO:127.0.0.1 - - [22/Apr/2023 05:58:15] "[36mGET /static/css/nav.css HTTP/1.1[0m" 304 -
2023-04-22 05:58:15,539:INFO:127.0.0.1 - - [22/Apr/2023 05:58:15] "[36mGET /static/css/carrusel.css HTTP/1.1[0m" 304 -
2023-04-22 05:58:15,548:INFO:127.0.0.1 - - [22/Apr/2023 05:58:15] "[36mGET /static/js/carrusel.js HTTP/1.1[0m" 304 -
2023-04-22 05:58:15,554:INFO:127.0.0.1 - - [22/Apr/2023 05:58:15] "[33mGET /security/static/sweetalert2/sweetalert2.min.js HTTP/1.1[0m" 404 -
2023-04-22 05:58:15,556:INFO:127.0.0.1 - - [22/Apr/2023 05:58:15] "[33mGET /security/static/estilos.css HTTP/1.1[0m" 404 -
2023-04-22 05:58:15,560:INFO:127.0.0.1 - - [22/Apr/2023 05:58:15] "[33mGET /security/static/sweetalert2/sweetalert2.min.css HTTP/1.1[0m" 404 -
2023-04-22 05:58:15,648:INFO:127.0.0.1 - - [22/Apr/2023 05:58:15] "[33mGET /security/static/sweetalert2/sweetalert2.min.css HTTP/1.1[0m" 404 -
2023-04-22 05:58:15,651:INFO:127.0.0.1 - - [22/Apr/2023 05:58:15] "[36mGET /static/img/ej4.png HTTP/1.1[0m" 304 -
2023-04-22 05:58:15,658:INFO:127.0.0.1 - - [22/Apr/2023 05:58:15] "[33mGET /security/static/sweetalert2/sweetalert2.min.js HTTP/1.1[0m" 404 -
2023-04-22 05:58:15,660:INFO:127.0.0.1 - - [22/Apr/2023 05:58:15] "[36mGET /static/img/fondo5.jpg HTTP/1.1[0m" 304 -
2023-04-22 05:58:15,674:INFO:127.0.0.1 - - [22/Apr/2023 05:58:15] "[33mGET /security/static/estilos.css HTTP/1.1[0m" 404 -
2023-04-22 05:58:15,683:INFO:127.0.0.1 - - [22/Apr/2023 05:58:15] "[36mGET /static/bootstrap/img/glyphicons-halflings-white.png HTTP/1.1[0m" 304 -
2023-04-22 05:58:20,419:INFO:127.0.0.1 - - [22/Apr/2023 05:58:20] "GET /security/modificar?id=1 HTTP/1.1" 200 -
2023-04-22 05:58:20,479:INFO:127.0.0.1 - - [22/Apr/2023 05:58:20] "[36mGET /static/bootstrap/css/bootstrap.min.css HTTP/1.1[0m" 304 -
2023-04-22 05:58:20,491:INFO:127.0.0.1 - - [22/Apr/2023 05:58:20] "[36mGET /static/bootstrap/css/bootstrap-responsive.min.css HTTP/1.1[0m" 304 -
2023-04-22 05:58:20,507:INFO:127.0.0.1 - - [22/Apr/2023 05:58:20] "[36mGET /static/bootstrap/css/styles.css HTTP/1.1[0m" 304 -
2023-04-22 05:58:20,515:INFO:127.0.0.1 - - [22/Apr/2023 05:58:20] "[36mGET /static/css/nav.css HTTP/1.1[0m" 304 -
2023-04-22 05:58:20,531:INFO:127.0.0.1 - - [22/Apr/2023 05:58:20] "[36mGET /static/css/carrusel.css HTTP/1.1[0m" 304 -
2023-04-22 05:58:20,535:INFO:127.0.0.1 - - [22/Apr/2023 05:58:20] "[36mGET /static/js/carrusel.js HTTP/1.1[0m" 304 -
2023-04-22 05:58:20,575:INFO:127.0.0.1 - - [22/Apr/2023 05:58:20] "[36mGET /static/img/ej4.png HTTP/1.1[0m" 304 -
2023-04-22 05:58:20,578:INFO:127.0.0.1 - - [22/Apr/2023 05:58:20] "[36mGET /static/img/fondo5.jpg HTTP/1.1[0m" 304 -
2023-04-22 05:58:23,551:INFO:127.0.0.1 - - [22/Apr/2023 05:58:23] "GET /security/empleados HTTP/1.1" 200 -
2023-04-22 05:58:23,623:INFO:127.0.0.1 - - [22/Apr/2023 05:58:23] "[36mGET /static/bootstrap/css/bootstrap.min.css HTTP/1.1[0m" 304 -
2023-04-22 05:58:23,625:INFO:127.0.0.1 - - [22/Apr/2023 05:58:23] "[36mGET /static/bootstrap/css/bootstrap-responsive.min.css HTTP/1.1[0m" 304 -
2023-04-22 05:58:23,628:INFO:127.0.0.1 - - [22/Apr/2023 05:58:23] "[36mGET /static/bootstrap/css/styles.css HTTP/1.1[0m" 304 -
2023-04-22 05:58:23,632:INFO:127.0.0.1 - - [22/Apr/2023 05:58:23] "[36mGET /static/css/nav.css HTTP/1.1[0m" 304 -
2023-04-22 05:58:23,647:INFO:127.0.0.1 - - [22/Apr/2023 05:58:23] "[36mGET /static/css/carrusel.css HTTP/1.1[0m" 304 -
2023-04-22 05:58:23,659:INFO:127.0.0.1 - - [22/Apr/2023 05:58:23] "[36mGET /static/js/carrusel.js HTTP/1.1[0m" 304 -
2023-04-22 05:58:23,662:INFO:127.0.0.1 - - [22/Apr/2023 05:58:23] "[33mGET /security/static/sweetalert2/sweetalert2.min.css HTTP/1.1[0m" 404 -
2023-04-22 05:58:23,672:INFO:127.0.0.1 - - [22/Apr/2023 05:58:23] "[33mGET /security/static/sweetalert2/sweetalert2.min.js HTTP/1.1[0m" 404 -
2023-04-22 05:58:23,695:INFO:127.0.0.1 - - [22/Apr/2023 05:58:23] "[33mGET /security/static/estilos.css HTTP/1.1[0m" 404 -
2023-04-22 05:58:23,713:INFO:127.0.0.1 - - [22/Apr/2023 05:58:23] "[33mGET /security/static/sweetalert2/sweetalert2.min.css HTTP/1.1[0m" 404 -
2023-04-22 05:58:23,722:INFO:127.0.0.1 - - [22/Apr/2023 05:58:23] "[36mGET /static/img/ej4.png HTTP/1.1[0m" 304 -
2023-04-22 05:58:23,760:INFO:127.0.0.1 - - [22/Apr/2023 05:58:23] "[36mGET /static/img/fondo5.jpg HTTP/1.1[0m" 304 -
2023-04-22 05:58:23,763:INFO:127.0.0.1 - - [22/Apr/2023 05:58:23] "[36mGET /static/bootstrap/img/glyphicons-halflings-white.png HTTP/1.1[0m" 304 -
2023-04-22 05:58:28,055:INFO:127.0.0.1 - - [22/Apr/2023 05:58:28] "GET /security/modificar?id=1 HTTP/1.1" 200 -
2023-04-22 05:58:28,116:INFO:127.0.0.1 - - [22/Apr/2023 05:58:28] "[36mGET /static/bootstrap/css/bootstrap.min.css HTTP/1.1[0m" 304 -
2023-04-22 05:58:28,117:INFO:127.0.0.1 - - [22/Apr/2023 05:58:28] "[36mGET /static/bootstrap/css/bootstrap-responsive.min.css HTTP/1.1[0m" 304 -
2023-04-22 05:58:28,125:INFO:127.0.0.1 - - [22/Apr/2023 05:58:28] "[36mGET /static/bootstrap/css/styles.css HTTP/1.1[0m" 304 -
2023-04-22 05:58:28,130:INFO:127.0.0.1 - - [22/Apr/2023 05:58:28] "[36mGET /static/css/nav.css HTTP/1.1[0m" 304 -
2023-04-22 05:58:28,134:INFO:127.0.0.1 - - [22/Apr/2023 05:58:28] "[36mGET /static/css/carrusel.css HTTP/1.1[0m" 304 -
2023-04-22 05:58:28,136:INFO:127.0.0.1 - - [22/Apr/2023 05:58:28] "[36mGET /static/js/carrusel.js HTTP/1.1[0m" 304 -
2023-04-22 05:58:28,168:INFO:127.0.0.1 - - [22/Apr/2023 05:58:28] "[36mGET /static/img/ej4.png HTTP/1.1[0m" 304 -
2023-04-22 05:58:28,172:INFO:127.0.0.1 - - [22/Apr/2023 05:58:28] "[36mGET /static/img/fondo5.jpg HTTP/1.1[0m" 304 -
2023-04-22 05:59:36,121:INFO: * Detected change in 'C:\\curso_python\\Proyecto Final\\The_World_of_cakes\\project\\auth.py', reloading
2023-04-22 05:59:36,268:INFO: * Restarting with stat
2023-04-22 05:59:37,489:INFO:Se inicio la aplicacion
2023-04-22 05:59:37,498:WARNING: * Debugger is active!
2023-04-22 05:59:37,502:INFO: * Debugger PIN: 341-549-671
2023-04-22 05:59:40,689:INFO: * Detected change in 'C:\\curso_python\\Proyecto Final\\The_World_of_cakes\\project\\auth.py', reloading
2023-04-22 05:59:40,805:INFO: * Restarting with stat
2023-04-22 05:59:42,049:INFO:Se inicio la aplicacion
2023-04-22 05:59:42,060:WARNING: * Debugger is active!
2023-04-22 05:59:42,065:INFO: * Debugger PIN: 341-549-671
2023-04-22 05:59:46,326:INFO:127.0.0.1 - - [22/Apr/2023 05:59:46] "[32mGET /security/modificar?id=1 HTTP/1.1[0m" 302 -
2023-04-22 05:59:46,360:INFO:127.0.0.1 - - [22/Apr/2023 05:59:46] "GET /login?next=%2Fsecurity%2Fmodificar%3Fid%3D1 HTTP/1.1" 200 -
2023-04-22 05:59:46,401:INFO:127.0.0.1 - - [22/Apr/2023 05:59:46] "[33mGET /favicon.ico HTTP/1.1[0m" 404 -
2023-04-22 05:59:52,180:INFO:127.0.0.1 - - [22/Apr/2023 05:59:52] "GET / HTTP/1.1" 200 -
2023-04-22 05:59:52,223:INFO:127.0.0.1 - - [22/Apr/2023 05:59:52] "[36mGET /static/bootstrap/css/bootstrap.min.css HTTP/1.1[0m" 304 -
2023-04-22 05:59:52,226:INFO:127.0.0.1 - - [22/Apr/2023 05:59:52] "[36mGET /static/bootstrap/css/bootstrap-responsive.min.css HTTP/1.1[0m" 304 -
2023-04-22 05:59:52,232:INFO:127.0.0.1 - - [22/Apr/2023 05:59:52] "[36mGET /static/bootstrap/css/styles.css HTTP/1.1[0m" 304 -
2023-04-22 05:59:52,235:INFO:127.0.0.1 - - [22/Apr/2023 05:59:52] "[36mGET /static/css/nav.css HTTP/1.1[0m" 304 -
2023-04-22 05:59:52,245:INFO:127.0.0.1 - - [22/Apr/2023 05:59:52] "[36mGET /static/css/carrusel.css HTTP/1.1[0m" 304 -
2023-04-22 05:59:52,247:INFO:127.0.0.1 - - [22/Apr/2023 05:59:52] "[36mGET /static/js/carrusel.js HTTP/1.1[0m" 304 -
2023-04-22 05:59:52,284:INFO:127.0.0.1 - - [22/Apr/2023 05:59:52] "[36mGET /static/img/ej4.png HTTP/1.1[0m" 304 -
2023-04-22 05:59:52,287:INFO:127.0.0.1 - - [22/Apr/2023 05:59:52] "[36mGET /static/img/mision2.jpg HTTP/1.1[0m" 304 -
2023-04-22 05:59:52,291:INFO:127.0.0.1 - - [22/Apr/2023 05:59:52] "[36mGET /static/img/vision.png HTTP/1.1[0m" 304 -
2023-04-22 05:59:52,297:INFO:127.0.0.1 - - [22/Apr/2023 05:59:52] "[36mGET /static/img/fondo5.jpg HTTP/1.1[0m" 304 -
2023-04-22 05:59:53,906:INFO:127.0.0.1 - - [22/Apr/2023 05:59:53] "GET /security/login HTTP/1.1" 200 -
2023-04-22 05:59:54,064:INFO:127.0.0.1 - - [22/Apr/2023 05:59:54] "[36mGET /static/bootstrap/css/bootstrap.min.css HTTP/1.1[0m" 304 -
2023-04-22 05:59:54,099:INFO:127.0.0.1 - - [22/Apr/2023 05:59:54] "[36mGET /static/bootstrap/css/bootstrap-responsive.min.css HTTP/1.1[0m" 304 -
2023-04-22 05:59:54,135:INFO:127.0.0.1 - - [22/Apr/2023 05:59:54] "[36mGET /static/bootstrap/css/styles.css HTTP/1.1[0m" 304 -
2023-04-22 05:59:54,157:INFO:127.0.0.1 - - [22/Apr/2023 05:59:54] "[36mGET /static/css/nav.css HTTP/1.1[0m" 304 -
2023-04-22 05:59:54,161:INFO:127.0.0.1 - - [22/Apr/2023 05:59:54] "[36mGET /static/css/carrusel.css HTTP/1.1[0m" 304 -
2023-04-22 05:59:54,163:INFO:127.0.0.1 - - [22/Apr/2023 05:59:54] "[36mGET /static/js/carrusel.js HTTP/1.1[0m" 304 -
2023-04-22 05:59:54,167:INFO:127.0.0.1 - - [22/Apr/2023 05:59:54] "[33mGET /security/static/estilos.css HTTP/1.1[0m" 404 -
2023-04-22 05:59:54,188:INFO:127.0.0.1 - - [22/Apr/2023 05:59:54] "[36mGET /static/img/ej4.png HTTP/1.1[0m" 304 -
2023-04-22 05:59:54,212:INFO:127.0.0.1 - - [22/Apr/2023 05:59:54] "[36mGET /static/img/fondo5.jpg HTTP/1.1[0m" 304 -
2023-04-22 05:59:57,810:DEBUG:El usuario FernandoLP.mx@outlook.com ingreso al sistema
2023-04-22 05:59:57,811:INFO:127.0.0.1 - - [22/Apr/2023 05:59:57] "[32mPOST /security/login HTTP/1.1[0m" 302 -
2023-04-22 05:59:57,820:INFO:127.0.0.1 - - [22/Apr/2023 05:59:57] "GET / HTTP/1.1" 200 -
2023-04-22 05:59:57,868:INFO:127.0.0.1 - - [22/Apr/2023 05:59:57] "[36mGET /static/bootstrap/css/bootstrap.min.css HTTP/1.1[0m" 304 -
2023-04-22 05:59:57,879:INFO:127.0.0.1 - - [22/Apr/2023 05:59:57] "[36mGET /static/bootstrap/css/bootstrap-responsive.min.css HTTP/1.1[0m" 304 -
2023-04-22 05:59:57,889:INFO:127.0.0.1 - - [22/Apr/2023 05:59:57] "[36mGET /static/bootstrap/css/styles.css HTTP/1.1[0m" 304 -
2023-04-22 05:59:57,898:INFO:127.0.0.1 - - [22/Apr/2023 05:59:57] "[36mGET /static/css/nav.css HTTP/1.1[0m" 304 -
2023-04-22 05:59:57,909:INFO:127.0.0.1 - - [22/Apr/2023 05:59:57] "[36mGET /static/css/carrusel.css HTTP/1.1[0m" 304 -
2023-04-22 05:59:57,918:INFO:127.0.0.1 - - [22/Apr/2023 05:59:57] "[36mGET /static/js/carrusel.js HTTP/1.1[0m" 304 -
2023-04-22 05:59:57,964:INFO:127.0.0.1 - - [22/Apr/2023 05:59:57] "[36mGET /static/img/ej4.png HTTP/1.1[0m" 304 -
2023-04-22 05:59:57,975:INFO:127.0.0.1 - - [22/Apr/2023 05:59:57] "[36mGET /static/img/vision.png HTTP/1.1[0m" 304 -
2023-04-22 05:59:57,975:INFO:127.0.0.1 - - [22/Apr/2023 05:59:57] "[36mGET /static/img/mision2.jpg HTTP/1.1[0m" 304 -
2023-04-22 05:59:57,983:INFO:127.0.0.1 - - [22/Apr/2023 05:59:57] "[36mGET /static/img/fondo5.jpg HTTP/1.1[0m" 304 -
2023-04-22 05:59:58,014:INFO:127.0.0.1 - - [22/Apr/2023 05:59:58] "[33mGET /favicon.ico HTTP/1.1[0m" 404 -
2023-04-22 05:59:59,904:INFO:127.0.0.1 - - [22/Apr/2023 05:59:59] "GET /security/empleados HTTP/1.1" 200 -
2023-04-22 05:59:59,959:INFO:127.0.0.1 - - [22/Apr/2023 05:59:59] "[36mGET /static/bootstrap/css/bootstrap.min.css HTTP/1.1[0m" 304 -
2023-04-22 05:59:59,967:INFO:127.0.0.1 - - [22/Apr/2023 05:59:59] "[36mGET /static/bootstrap/css/bootstrap-responsive.min.css HTTP/1.1[0m" 304 -
2023-04-22 05:59:59,970:INFO:127.0.0.1 - - [22/Apr/2023 05:59:59] "[36mGET /static/bootstrap/css/styles.css HTTP/1.1[0m" 304 -
2023-04-22 05:59:59,976:INFO:127.0.0.1 - - [22/Apr/2023 05:59:59] "[36mGET /static/css/carrusel.css HTTP/1.1[0m" 304 -
2023-04-22 05:59:59,979:INFO:127.0.0.1 - - [22/Apr/2023 05:59:59] "[36mGET /static/css/nav.css HTTP/1.1[0m" 304 -
2023-04-22 05:59:59,984:INFO:127.0.0.1 - - [22/Apr/2023 05:59:59] "[36mGET /static/js/carrusel.js HTTP/1.1[0m" 304 -
2023-04-22 05:59:59,989:INFO:127.0.0.1 - - [22/Apr/2023 05:59:59] "[33mGET /security/static/sweetalert2/sweetalert2.min.js HTTP/1.1[0m" 404 -
2023-04-22 05:59:59,993:INFO:127.0.0.1 - - [22/Apr/2023 05:59:59] "[33mGET /security/static/estilos.css HTTP/1.1[0m" 404 -
2023-04-22 05:59:59,998:INFO:127.0.0.1 - - [22/Apr/2023 05:59:59] "[33mGET /security/static/sweetalert2/sweetalert2.min.css HTTP/1.1[0m" 404 -
2023-04-22 06:00:00,043:INFO:127.0.0.1 - - [22/Apr/2023 06:00:00] "[36mGET /static/img/ej4.png HTTP/1.1[0m" 304 -
2023-04-22 06:00:00,056:INFO:127.0.0.1 - - [22/Apr/2023 06:00:00] "[33mGET /security/static/estilos.css HTTP/1.1[0m" 404 -
2023-04-22 06:00:00,067:INFO:127.0.0.1 - - [22/Apr/2023 06:00:00] "[36mGET /static/img/fondo5.jpg HTTP/1.1[0m" 304 -
2023-04-22 06:00:00,107:INFO:127.0.0.1 - - [22/Apr/2023 06:00:00] "[36mGET /static/bootstrap/img/glyphicons-halflings-white.png HTTP/1.1[0m" 304 -
2023-04-22 06:00:05,481:INFO:127.0.0.1 - - [22/Apr/2023 06:00:05] "GET /security/modificar?id=1 HTTP/1.1" 200 -
2023-04-22 06:00:05,549:INFO:127.0.0.1 - - [22/Apr/2023 06:00:05] "[36mGET /static/bootstrap/css/bootstrap.min.css HTTP/1.1[0m" 304 -
2023-04-22 06:00:05,551:INFO:127.0.0.1 - - [22/Apr/2023 06:00:05] "[36mGET /static/bootstrap/css/bootstrap-responsive.min.css HTTP/1.1[0m" 304 -
2023-04-22 06:00:05,558:INFO:127.0.0.1 - - [22/Apr/2023 06:00:05] "[36mGET /static/bootstrap/css/styles.css HTTP/1.1[0m" 304 -
2023-04-22 06:00:05,568:INFO:127.0.0.1 - - [22/Apr/2023 06:00:05] "[36mGET /static/css/nav.css HTTP/1.1[0m" 304 -
2023-04-22 06:00:05,585:INFO:127.0.0.1 - - [22/Apr/2023 06:00:05] "[36mGET /static/css/carrusel.css HTTP/1.1[0m" 304 -
2023-04-22 06:00:05,587:INFO:127.0.0.1 - - [22/Apr/2023 06:00:05] "[36mGET /static/js/carrusel.js HTTP/1.1[0m" 304 -
2023-04-22 06:00:05,617:INFO:127.0.0.1 - - [22/Apr/2023 06:00:05] "[36mGET /static/img/ej4.png HTTP/1.1[0m" 304 -
2023-04-22 06:00:05,632:INFO:127.0.0.1 - - [22/Apr/2023 06:00:05] "[36mGET /static/img/fondo5.jpg HTTP/1.1[0m" 304 -
2023-04-22 06:00:29,145:INFO:127.0.0.1 - - [22/Apr/2023 06:00:29] "[35m[1mPOST /security/modificar HTTP/1.1[0m" 500 -
2023-04-22 06:00:29,184:INFO:127.0.0.1 - - [22/Apr/2023 06:00:29] "[36mGET /security/modificar?__debugger__=yes&cmd=resource&f=debugger.js HTTP/1.1[0m" 304 -
2023-04-22 06:00:29,193:INFO:127.0.0.1 - - [22/Apr/2023 06:00:29] "[36mGET /security/modificar?__debugger__=yes&cmd=resource&f=style.css HTTP/1.1[0m" 304 -
2023-04-22 06:00:29,209:INFO:127.0.0.1 - - [22/Apr/2023 06:00:29] "[36mGET /security/modificar?__debugger__=yes&cmd=resource&f=console.png HTTP/1.1[0m" 304 -
2023-04-22 06:01:29,026:INFO: * Detected change in 'C:\\curso_python\\Proyecto Final\\The_World_of_cakes\\project\\auth.py', reloading
2023-04-22 06:01:29,161:INFO: * Restarting with stat
2023-04-22 06:01:30,587:INFO:Se inicio la aplicacion
2023-04-22 06:01:30,598:WARNING: * Debugger is active!
2023-04-22 06:01:30,605:INFO: * Debugger PIN: 341-549-671
2023-04-22 06:01:34,576:INFO:127.0.0.1 - - [22/Apr/2023 06:01:34] "[32mGET /security/modificar?id=1 HTTP/1.1[0m" 302 -
2023-04-22 06:01:34,603:INFO:127.0.0.1 - - [22/Apr/2023 06:01:34] "GET /login?next=%2Fsecurity%2Fmodificar%3Fid%3D1 HTTP/1.1" 200 -
2023-04-22 06:01:34,636:INFO:127.0.0.1 - - [22/Apr/2023 06:01:34] "[33mGET /favicon.ico HTTP/1.1[0m" 404 -
2023-04-22 06:01:40,262:INFO:127.0.0.1 - - [22/Apr/2023 06:01:40] "GET / HTTP/1.1" 200 -
2023-04-22 06:01:40,303:INFO:127.0.0.1 - - [22/Apr/2023 06:01:40] "[36mGET /static/bootstrap/css/bootstrap-responsive.min.css HTTP/1.1[0m" 304 -
2023-04-22 06:01:40,305:INFO:127.0.0.1 - - [22/Apr/2023 06:01:40] "[36mGET /static/bootstrap/css/bootstrap.min.css HTTP/1.1[0m" 304 -
2023-04-22 06:01:40,309:INFO:127.0.0.1 - - [22/Apr/2023 06:01:40] "[36mGET /static/bootstrap/css/styles.css HTTP/1.1[0m" 304 -
2023-04-22 06:01:40,312:INFO:127.0.0.1 - - [22/Apr/2023 06:01:40] "[36mGET /static/css/nav.css HTTP/1.1[0m" 304 -
2023-04-22 06:01:40,318:INFO:127.0.0.1 - - [22/Apr/2023 06:01:40] "[36mGET /static/js/carrusel.js HTTP/1.1[0m" 304 -
2023-04-22 06:01:40,320:INFO:127.0.0.1 - - [22/Apr/2023 06:01:40] "[36mGET /static/css/carrusel.css HTTP/1.1[0m" 304 -
2023-04-22 06:01:40,365:INFO:127.0.0.1 - - [22/Apr/2023 06:01:40] "[36mGET /static/img/ej4.png HTTP/1.1[0m" 304 -
2023-04-22 06:01:40,372:INFO:127.0.0.1 - - [22/Apr/2023 06:01:40] "[36mGET /static/img/mision2.jpg HTTP/1.1[0m" 304 -
2023-04-22 06:01:40,380:INFO:127.0.0.1 - - [22/Apr/2023 06:01:40] "[36mGET /static/img/vision.png HTTP/1.1[0m" 304 -
2023-04-22 06:01:40,381:INFO:127.0.0.1 - - [22/Apr/2023 06:01:40] "[36mGET /static/img/fondo5.jpg HTTP/1.1[0m" 304 -
2023-04-22 06:01:41,959:INFO:127.0.0.1 - - [22/Apr/2023 06:01:41] "GET /security/login HTTP/1.1" 200 -
2023-04-22 06:01:42,006:INFO:127.0.0.1 - - [22/Apr/2023 06:01:42] "[36mGET /static/bootstrap/css/bootstrap.min.css HTTP/1.1[0m" 304 -
2023-04-22 06:01:42,012:INFO:127.0.0.1 - - [22/Apr/2023 06:01:42] "[36mGET /static/bootstrap/css/bootstrap-responsive.min.css HTTP/1.1[0m" 304 -
2023-04-22 06:01:42,021:INFO:127.0.0.1 - - [22/Apr/2023 06:01:42] "[36mGET /static/css/nav.css HTTP/1.1[0m" 304 -
2023-04-22 06:01:42,024:INFO:127.0.0.1 - - [22/Apr/2023 06:01:42] "[36mGET /static/bootstrap/css/styles.css HTTP/1.1[0m" 304 -
2023-04-22 06:01:42,039:INFO:127.0.0.1 - - [22/Apr/2023 06:01:42] "[36mGET /static/css/carrusel.css HTTP/1.1[0m" 304 -
2023-04-22 06:01:42,042:INFO:127.0.0.1 - - [22/Apr/2023 06:01:42] "[33mGET /security/static/estilos.css HTTP/1.1[0m" 404 -
2023-04-22 06:01:42,042:INFO:127.0.0.1 - - [22/Apr/2023 06:01:42] "[36mGET /static/js/carrusel.js HTTP/1.1[0m" 304 -
2023-04-22 06:01:42,068:INFO:127.0.0.1 - - [22/Apr/2023 06:01:42] "[33mGET /security/static/estilos.css HTTP/1.1[0m" 404 -
2023-04-22 06:01:42,071:INFO:127.0.0.1 - - [22/Apr/2023 06:01:42] "[36mGET /static/img/ej4.png HTTP/1.1[0m" 304 -
2023-04-22 06:01:42,077:INFO:127.0.0.1 - - [22/Apr/2023 06:01:42] "[36mGET /static/img/fondo5.jpg HTTP/1.1[0m" 304 -
2023-04-22 06:01:48,875:DEBUG:El usuario FernandoLP.mx@outlook.com ingreso al sistema
2023-04-22 06:01:48,877:INFO:127.0.0.1 - - [22/Apr/2023 06:01:48] "[32mPOST /security/login HTTP/1.1[0m" 302 -
2023-04-22 06:01:48,887:INFO:127.0.0.1 - - [22/Apr/2023 06:01:48] "GET / HTTP/1.1" 200 -
2023-04-22 06:01:48,938:INFO:127.0.0.1 - - [22/Apr/2023 06:01:48] "[36mGET /static/bootstrap/css/bootstrap.min.css HTTP/1.1[0m" 304 -
2023-04-22 06:01:48,951:INFO:127.0.0.1 - - [22/Apr/2023 06:01:48] "[36mGET /static/bootstrap/css/bootstrap-responsive.min.css HTTP/1.1[0m" 304 -
2023-04-22 06:01:48,957:INFO:127.0.0.1 - - [22/Apr/2023 06:01:48] "[36mGET /static/bootstrap/css/styles.css HTTP/1.1[0m" 304 -
2023-04-22 06:01:48,964:INFO:127.0.0.1 - - [22/Apr/2023 06:01:48] "[36mGET /static/css/nav.css HTTP/1.1[0m" 304 -
2023-04-22 06:01:48,967:INFO:127.0.0.1 - - [22/Apr/2023 06:01:48] "[36mGET /static/css/carrusel.css HTTP/1.1[0m" 304 -
2023-04-22 06:01:48,967:INFO:127.0.0.1 - - [22/Apr/2023 06:01:48] "[36mGET /static/js/carrusel.js HTTP/1.1[0m" 304 -
2023-04-22 06:01:49,007:INFO:127.0.0.1 - - [22/Apr/2023 06:01:49] "[36mGET /static/img/ej4.png HTTP/1.1[0m" 304 -
2023-04-22 06:01:49,010:INFO:127.0.0.1 - - [22/Apr/2023 06:01:49] "[36mGET /static/img/mision2.jpg HTTP/1.1[0m" 304 -
2023-04-22 06:01:49,011:INFO:127.0.0.1 - - [22/Apr/2023 06:01:49] "[36mGET /static/img/vision.png HTTP/1.1[0m" 304 -
2023-04-22 06:01:49,015:INFO:127.0.0.1 - - [22/Apr/2023 06:01:49] "[36mGET /static/img/fondo5.jpg HTTP/1.1[0m" 304 -
2023-04-22 06:01:49,064:INFO:127.0.0.1 - - [22/Apr/2023 06:01:49] "[33mGET /favicon.ico HTTP/1.1[0m" 404 -
2023-04-22 06:01:51,845:INFO:127.0.0.1 - - [22/Apr/2023 06:01:51] "GET /security/empleados HTTP/1.1" 200 -
2023-04-22 06:01:51,902:INFO:127.0.0.1 - - [22/Apr/2023 06:01:51] "[36mGET /static/bootstrap/css/bootstrap.min.css HTTP/1.1[0m" 304 -
2023-04-22 06:01:51,907:INFO:127.0.0.1 - - [22/Apr/2023 06:01:51] "[36mGET /static/bootstrap/css/bootstrap-responsive.min.css HTTP/1.1[0m" 304 -
2023-04-22 06:01:51,914:INFO:127.0.0.1 - - [22/Apr/2023 06:01:51] "[36mGET /static/bootstrap/css/styles.css HTTP/1.1[0m" 304 -
2023-04-22 06:01:51,925:INFO:127.0.0.1 - - [22/Apr/2023 06:01:51] "[36mGET /static/css/nav.css HTTP/1.1[0m" 304 -
2023-04-22 06:01:51,925:INFO:127.0.0.1 - - [22/Apr/2023 06:01:51] "[36mGET /static/css/carrusel.css HTTP/1.1[0m" 304 -
2023-04-22 06:01:51,932:INFO:127.0.0.1 - - [22/Apr/2023 06:01:51] "[33mGET /security/static/sweetalert2/sweetalert2.min.js HTTP/1.1[0m" 404 -
2023-04-22 06:01:51,938:INFO:127.0.0.1 - - [22/Apr/2023 06:01:51] "[36mGET /static/js/carrusel.js HTTP/1.1[0m" 304 -
2023-04-22 06:01:51,942:INFO:127.0.0.1 - - [22/Apr/2023 06:01:51] "[33mGET /security/static/estilos.css HTTP/1.1[0m" 404 -
2023-04-22 06:01:51,943:INFO:127.0.0.1 - - [22/Apr/2023 06:01:51] "[33mGET /security/static/sweetalert2/sweetalert2.min.css HTTP/1.1[0m" 404 -
2023-04-22 06:01:51,971:INFO:127.0.0.1 - - [22/Apr/2023 06:01:51] "[36mGET /static/img/ej4.png HTTP/1.1[0m" 304 -
2023-04-22 06:01:51,975:INFO:127.0.0.1 - - [22/Apr/2023 06:01:51] "[33mGET /security/static/sweetalert2/sweetalert2.min.js HTTP/1.1[0m" 404 -
2023-04-22 06:01:51,998:INFO:127.0.0.1 - - [22/Apr/2023 06:01:51] "[33mGET /security/static/estilos.css HTTP/1.1[0m" 404 -
2023-04-22 06:01:51,999:INFO:127.0.0.1 - - [22/Apr/2023 06:01:51] "[36mGET /static/img/fondo5.jpg HTTP/1.1[0m" 304 -
2023-04-22 06:01:52,017:INFO:127.0.0.1 - - [22/Apr/2023 06:01:52] "[36mGET /static/bootstrap/img/glyphicons-halflings-white.png HTTP/1.1[0m" 304 -
2023-04-22 06:01:59,866:INFO:127.0.0.1 - - [22/Apr/2023 06:01:59] "GET /security/modificar?id=1 HTTP/1.1" 200 -
2023-04-22 06:01:59,923:INFO:127.0.0.1 - - [22/Apr/2023 06:01:59] "[36mGET /static/bootstrap/css/bootstrap.min.css HTTP/1.1[0m" 304 -
2023-04-22 06:01:59,924:INFO:127.0.0.1 - - [22/Apr/2023 06:01:59] "[36mGET /static/bootstrap/css/styles.css HTTP/1.1[0m" 304 -
2023-04-22 06:01:59,926:INFO:127.0.0.1 - - [22/Apr/2023 06:01:59] "[36mGET /static/bootstrap/css/bootstrap-responsive.min.css HTTP/1.1[0m" 304 -
2023-04-22 06:01:59,927:INFO:127.0.0.1 - - [22/Apr/2023 06:01:59] "[36mGET /static/css/nav.css HTTP/1.1[0m" 304 -
2023-04-22 06:01:59,936:INFO:127.0.0.1 - - [22/Apr/2023 06:01:59] "[36mGET /static/css/carrusel.css HTTP/1.1[0m" 304 -
2023-04-22 06:01:59,938:INFO:127.0.0.1 - - [22/Apr/2023 06:01:59] "[36mGET /static/js/carrusel.js HTTP/1.1[0m" 304 -
2023-04-22 06:01:59,963:INFO:127.0.0.1 - - [22/Apr/2023 06:01:59] "[36mGET /static/img/ej4.png HTTP/1.1[0m" 304 -
2023-04-22 06:01:59,974:INFO:127.0.0.1 - - [22/Apr/2023 06:01:59] "[36mGET /static/img/fondo5.jpg HTTP/1.1[0m" 304 -
2023-04-22 08:29:24,743:INFO:127.0.0.1 - - [22/Apr/2023 08:29:24] "[36mGET /?__debugger__=yes&cmd=resource&f=style.css HTTP/1.1[0m" 304 -
2023-04-22 08:29:24,760:INFO:127.0.0.1 - - [22/Apr/2023 08:29:24] "[36mGET /?__debugger__=yes&cmd=resource&f=debugger.js HTTP/1.1[0m" 304 -
2023-04-22 08:29:24,996:INFO:127.0.0.1 - - [22/Apr/2023 08:29:24] "[36mGET /?__debugger__=yes&cmd=resource&f=console.png HTTP/1.1[0m" 304 -
2023-04-22 08:46:17,993:INFO:Se inicio la aplicacion
2023-04-22 08:46:18,032:INFO:[31m[1mWARNING: This is a development server. Do not use it in a production deployment. Use a production WSGI server instead.[0m
 * Running on http://127.0.0.1:5000
2023-04-22 08:46:18,032:INFO:[33mPress CTRL+C to quit[0m
2023-04-22 08:46:18,036:INFO: * Restarting with stat
2023-04-22 08:46:21,412:INFO:Se inicio la aplicacion
2023-04-22 08:46:21,429:WARNING: * Debugger is active!
2023-04-22 08:46:21,438:INFO: * Debugger PIN: 341-549-671
2023-04-22 08:46:32,416:INFO:127.0.0.1 - - [22/Apr/2023 08:46:32] "GET / HTTP/1.1" 200 -
2023-04-22 08:46:32,552:INFO:127.0.0.1 - - [22/Apr/2023 08:46:32] "[36mGET /static/bootstrap/css/bootstrap.min.css HTTP/1.1[0m" 304 -
2023-04-22 08:46:32,564:INFO:127.0.0.1 - - [22/Apr/2023 08:46:32] "[36mGET /static/bootstrap/css/bootstrap-responsive.min.css HTTP/1.1[0m" 304 -
2023-04-22 08:46:32,597:INFO:127.0.0.1 - - [22/Apr/2023 08:46:32] "[36mGET /static/css/nav.css HTTP/1.1[0m" 304 -
2023-04-22 08:46:32,606:INFO:127.0.0.1 - - [22/Apr/2023 08:46:32] "[36mGET /static/bootstrap/css/styles.css HTTP/1.1[0m" 304 -
2023-04-22 08:46:32,628:INFO:127.0.0.1 - - [22/Apr/2023 08:46:32] "[36mGET /static/css/carrusel.css HTTP/1.1[0m" 304 -
2023-04-22 08:46:32,681:INFO:127.0.0.1 - - [22/Apr/2023 08:46:32] "[36mGET /static/js/carrusel.js HTTP/1.1[0m" 304 -
2023-04-22 08:46:32,850:INFO:127.0.0.1 - - [22/Apr/2023 08:46:32] "[36mGET /static/img/ej4.png HTTP/1.1[0m" 304 -
2023-04-22 08:46:32,855:INFO:127.0.0.1 - - [22/Apr/2023 08:46:32] "[36mGET /static/img/vision.png HTTP/1.1[0m" 304 -
2023-04-22 08:46:32,860:INFO:127.0.0.1 - - [22/Apr/2023 08:46:32] "[36mGET /static/img/mision2.jpg HTTP/1.1[0m" 304 -
2023-04-22 08:46:32,892:INFO:127.0.0.1 - - [22/Apr/2023 08:46:32] "[36mGET /static/img/fondo5.jpg HTTP/1.1[0m" 304 -
2023-04-22 08:46:34,884:INFO:127.0.0.1 - - [22/Apr/2023 08:46:34] "GET /security/login HTTP/1.1" 200 -
2023-04-22 08:46:35,008:INFO:127.0.0.1 - - [22/Apr/2023 08:46:35] "[36mGET /static/bootstrap/css/bootstrap.min.css HTTP/1.1[0m" 304 -
2023-04-22 08:46:35,015:INFO:127.0.0.1 - - [22/Apr/2023 08:46:35] "[36mGET /static/bootstrap/css/bootstrap-responsive.min.css HTTP/1.1[0m" 304 -
2023-04-22 08:46:35,040:INFO:127.0.0.1 - - [22/Apr/2023 08:46:35] "[36mGET /static/bootstrap/css/styles.css HTTP/1.1[0m" 304 -
2023-04-22 08:46:35,043:INFO:127.0.0.1 - - [22/Apr/2023 08:46:35] "[36mGET /static/css/nav.css HTTP/1.1[0m" 304 -
2023-04-22 08:46:35,049:INFO:127.0.0.1 - - [22/Apr/2023 08:46:35] "[36mGET /static/css/carrusel.css HTTP/1.1[0m" 304 -
2023-04-22 08:46:35,061:INFO:127.0.0.1 - - [22/Apr/2023 08:46:35] "[36mGET /static/js/carrusel.js HTTP/1.1[0m" 304 -
2023-04-22 08:46:35,068:INFO:127.0.0.1 - - [22/Apr/2023 08:46:35] "[33mGET /security/static/estilos.css HTTP/1.1[0m" 404 -
2023-04-22 08:46:35,115:INFO:127.0.0.1 - - [22/Apr/2023 08:46:35] "[33mGET /security/static/estilos.css HTTP/1.1[0m" 404 -
2023-04-22 08:46:35,135:INFO:127.0.0.1 - - [22/Apr/2023 08:46:35] "[36mGET /static/img/ej4.png HTTP/1.1[0m" 304 -
2023-04-22 08:46:35,150:INFO:127.0.0.1 - - [22/Apr/2023 08:46:35] "[36mGET /static/img/fondo5.jpg HTTP/1.1[0m" 304 -
2023-04-22 08:46:39,373:DEBUG:El usuario FernandoLP.mx@outlook.com ingreso al sistema
2023-04-22 08:46:39,376:INFO:127.0.0.1 - - [22/Apr/2023 08:46:39] "[32mPOST /security/login HTTP/1.1[0m" 302 -
2023-04-22 08:46:39,393:INFO:127.0.0.1 - - [22/Apr/2023 08:46:39] "GET / HTTP/1.1" 200 -
2023-04-22 08:46:39,506:INFO:127.0.0.1 - - [22/Apr/2023 08:46:39] "[36mGET /static/bootstrap/css/bootstrap.min.css HTTP/1.1[0m" 304 -
2023-04-22 08:46:39,535:INFO:127.0.0.1 - - [22/Apr/2023 08:46:39] "[36mGET /static/bootstrap/css/bootstrap-responsive.min.css HTTP/1.1[0m" 304 -
2023-04-22 08:46:39,537:INFO:127.0.0.1 - - [22/Apr/2023 08:46:39] "[36mGET /static/bootstrap/css/styles.css HTTP/1.1[0m" 304 -
2023-04-22 08:46:39,554:INFO:127.0.0.1 - - [22/Apr/2023 08:46:39] "[36mGET /static/css/nav.css HTTP/1.1[0m" 304 -
2023-04-22 08:46:39,568:INFO:127.0.0.1 - - [22/Apr/2023 08:46:39] "[36mGET /static/css/carrusel.css HTTP/1.1[0m" 304 -
2023-04-22 08:46:39,573:INFO:127.0.0.1 - - [22/Apr/2023 08:46:39] "[36mGET /static/js/carrusel.js HTTP/1.1[0m" 304 -
2023-04-22 08:46:39,626:INFO:127.0.0.1 - - [22/Apr/2023 08:46:39] "[36mGET /static/img/ej4.png HTTP/1.1[0m" 304 -
2023-04-22 08:46:39,648:INFO:127.0.0.1 - - [22/Apr/2023 08:46:39] "[36mGET /static/img/mision2.jpg HTTP/1.1[0m" 304 -
2023-04-22 08:46:39,667:INFO:127.0.0.1 - - [22/Apr/2023 08:46:39] "[36mGET /static/img/vision.png HTTP/1.1[0m" 304 -
2023-04-22 08:46:39,687:INFO:127.0.0.1 - - [22/Apr/2023 08:46:39] "[36mGET /static/img/fondo5.jpg HTTP/1.1[0m" 304 -
2023-04-22 08:46:39,718:INFO:127.0.0.1 - - [22/Apr/2023 08:46:39] "[33mGET /favicon.ico HTTP/1.1[0m" 404 -
2023-04-22 08:46:41,001:INFO:127.0.0.1 - - [22/Apr/2023 08:46:41] "[35m[1mGET /security/administracion_admin HTTP/1.1[0m" 500 -
2023-04-22 08:46:41,079:INFO:127.0.0.1 - - [22/Apr/2023 08:46:41] "[36mGET /security/administracion_admin?__debugger__=yes&cmd=resource&f=style.css HTTP/1.1[0m" 304 -
2023-04-22 08:46:41,089:INFO:127.0.0.1 - - [22/Apr/2023 08:46:41] "[36mGET /security/administracion_admin?__debugger__=yes&cmd=resource&f=debugger.js HTTP/1.1[0m" 304 -
2023-04-22 08:46:41,155:INFO:127.0.0.1 - - [22/Apr/2023 08:46:41] "[36mGET /security/administracion_admin?__debugger__=yes&cmd=resource&f=console.png HTTP/1.1[0m" 304 -
2023-04-22 08:47:02,703:INFO: * Detected change in 'C:\\curso_python\\Proyecto Final\\The_World_of_cakes\\project\\auth.py', reloading
2023-04-22 08:47:03,027:INFO: * Restarting with stat
2023-04-22 08:47:07,293:INFO:Se inicio la aplicacion
2023-04-22 08:47:07,321:WARNING: * Debugger is active!
2023-04-22 08:47:07,336:INFO: * Debugger PIN: 341-549-671
2023-04-22 08:47:08,799:INFO:127.0.0.1 - - [22/Apr/2023 08:47:08] "[32mGET /security/administracion_admin HTTP/1.1[0m" 302 -
2023-04-22 08:47:08,884:INFO:127.0.0.1 - - [22/Apr/2023 08:47:08] "GET /login?next=%2Fsecurity%2Fadministracion_admin HTTP/1.1" 200 -
2023-04-22 08:47:08,951:INFO:127.0.0.1 - - [22/Apr/2023 08:47:08] "[33mGET /favicon.ico HTTP/1.1[0m" 404 -
2023-04-22 08:47:14,681:INFO:127.0.0.1 - - [22/Apr/2023 08:47:14] "GET / HTTP/1.1" 200 -
2023-04-22 08:47:14,783:INFO:127.0.0.1 - - [22/Apr/2023 08:47:14] "[36mGET /static/bootstrap/css/bootstrap.min.css HTTP/1.1[0m" 304 -
2023-04-22 08:47:14,790:INFO:127.0.0.1 - - [22/Apr/2023 08:47:14] "[36mGET /static/bootstrap/css/bootstrap-responsive.min.css HTTP/1.1[0m" 304 -
2023-04-22 08:47:14,798:INFO:127.0.0.1 - - [22/Apr/2023 08:47:14] "[36mGET /static/bootstrap/css/styles.css HTTP/1.1[0m" 304 -
2023-04-22 08:47:14,806:INFO:127.0.0.1 - - [22/Apr/2023 08:47:14] "[36mGET /static/css/nav.css HTTP/1.1[0m" 304 -
2023-04-22 08:47:14,811:INFO:127.0.0.1 - - [22/Apr/2023 08:47:14] "[36mGET /static/css/carrusel.css HTTP/1.1[0m" 304 -
2023-04-22 08:47:14,813:INFO:127.0.0.1 - - [22/Apr/2023 08:47:14] "[36mGET /static/js/carrusel.js HTTP/1.1[0m" 304 -
2023-04-22 08:47:14,878:INFO:127.0.0.1 - - [22/Apr/2023 08:47:14] "[36mGET /static/img/ej4.png HTTP/1.1[0m" 304 -
2023-04-22 08:47:14,886:INFO:127.0.0.1 - - [22/Apr/2023 08:47:14] "[36mGET /static/img/mision2.jpg HTTP/1.1[0m" 304 -
2023-04-22 08:47:14,892:INFO:127.0.0.1 - - [22/Apr/2023 08:47:14] "[36mGET /static/img/vision.png HTTP/1.1[0m" 304 -
2023-04-22 08:47:14,896:INFO:127.0.0.1 - - [22/Apr/2023 08:47:14] "[36mGET /static/img/fondo5.jpg HTTP/1.1[0m" 304 -
2023-04-22 08:47:17,721:INFO:127.0.0.1 - - [22/Apr/2023 08:47:17] "GET /security/login HTTP/1.1" 200 -
2023-04-22 08:47:17,835:INFO:127.0.0.1 - - [22/Apr/2023 08:47:17] "[36mGET /static/bootstrap/css/bootstrap.min.css HTTP/1.1[0m" 304 -
2023-04-22 08:47:17,850:INFO:127.0.0.1 - - [22/Apr/2023 08:47:17] "[36mGET /static/bootstrap/css/bootstrap-responsive.min.css HTTP/1.1[0m" 304 -
2023-04-22 08:47:17,853:INFO:127.0.0.1 - - [22/Apr/2023 08:47:17] "[36mGET /static/bootstrap/css/styles.css HTTP/1.1[0m" 304 -
2023-04-22 08:47:17,859:INFO:127.0.0.1 - - [22/Apr/2023 08:47:17] "[36mGET /static/css/nav.css HTTP/1.1[0m" 304 -
2023-04-22 08:47:17,864:INFO:127.0.0.1 - - [22/Apr/2023 08:47:17] "[36mGET /static/css/carrusel.css HTTP/1.1[0m" 304 -
2023-04-22 08:47:17,867:INFO:127.0.0.1 - - [22/Apr/2023 08:47:17] "[36mGET /static/js/carrusel.js HTTP/1.1[0m" 304 -
2023-04-22 08:47:17,873:INFO:127.0.0.1 - - [22/Apr/2023 08:47:17] "[33mGET /security/static/estilos.css HTTP/1.1[0m" 404 -
2023-04-22 08:47:17,919:INFO:127.0.0.1 - - [22/Apr/2023 08:47:17] "[33mGET /security/static/estilos.css HTTP/1.1[0m" 404 -
2023-04-22 08:47:17,934:INFO:127.0.0.1 - - [22/Apr/2023 08:47:17] "[36mGET /static/img/ej4.png HTTP/1.1[0m" 304 -
2023-04-22 08:47:17,940:INFO:127.0.0.1 - - [22/Apr/2023 08:47:17] "[36mGET /static/img/fondo5.jpg HTTP/1.1[0m" 304 -
2023-04-22 08:47:21,428:DEBUG:El usuario FernandoLP.mx@outlook.com ingreso al sistema
2023-04-22 08:47:21,430:INFO:127.0.0.1 - - [22/Apr/2023 08:47:21] "[32mPOST /security/login HTTP/1.1[0m" 302 -
2023-04-22 08:47:21,449:INFO:127.0.0.1 - - [22/Apr/2023 08:47:21] "GET / HTTP/1.1" 200 -
2023-04-22 08:47:21,551:INFO:127.0.0.1 - - [22/Apr/2023 08:47:21] "[36mGET /static/bootstrap/css/bootstrap.min.css HTTP/1.1[0m" 304 -
2023-04-22 08:47:21,575:INFO:127.0.0.1 - - [22/Apr/2023 08:47:21] "[36mGET /static/bootstrap/css/styles.css HTTP/1.1[0m" 304 -
2023-04-22 08:47:21,578:INFO:127.0.0.1 - - [22/Apr/2023 08:47:21] "[36mGET /static/bootstrap/css/bootstrap-responsive.min.css HTTP/1.1[0m" 304 -
2023-04-22 08:47:21,599:INFO:127.0.0.1 - - [22/Apr/2023 08:47:21] "[36mGET /static/css/nav.css HTTP/1.1[0m" 304 -
2023-04-22 08:47:21,601:INFO:127.0.0.1 - - [22/Apr/2023 08:47:21] "[36mGET /static/css/carrusel.css HTTP/1.1[0m" 304 -
2023-04-22 08:47:21,619:INFO:127.0.0.1 - - [22/Apr/2023 08:47:21] "[36mGET /static/js/carrusel.js HTTP/1.1[0m" 304 -
2023-04-22 08:47:21,676:INFO:127.0.0.1 - - [22/Apr/2023 08:47:21] "[36mGET /static/img/ej4.png HTTP/1.1[0m" 304 -
2023-04-22 08:47:21,691:INFO:127.0.0.1 - - [22/Apr/2023 08:47:21] "[36mGET /static/img/mision2.jpg HTTP/1.1[0m" 304 -
2023-04-22 08:47:21,702:INFO:127.0.0.1 - - [22/Apr/2023 08:47:21] "[36mGET /static/img/vision.png HTTP/1.1[0m" 304 -
2023-04-22 08:47:21,741:INFO:127.0.0.1 - - [22/Apr/2023 08:47:21] "[36mGET /static/img/fondo5.jpg HTTP/1.1[0m" 304 -
2023-04-22 08:47:21,771:INFO:127.0.0.1 - - [22/Apr/2023 08:47:21] "[33mGET /favicon.ico HTTP/1.1[0m" 404 -
2023-04-22 08:47:23,637:INFO:127.0.0.1 - - [22/Apr/2023 08:47:23] "[35m[1mGET /security/administracion_admin HTTP/1.1[0m" 500 -
2023-04-22 08:47:23,708:INFO:127.0.0.1 - - [22/Apr/2023 08:47:23] "[36mGET /security/administracion_admin?__debugger__=yes&cmd=resource&f=style.css HTTP/1.1[0m" 304 -
2023-04-22 08:47:23,715:INFO:127.0.0.1 - - [22/Apr/2023 08:47:23] "[36mGET /security/administracion_admin?__debugger__=yes&cmd=resource&f=debugger.js HTTP/1.1[0m" 304 -
2023-04-22 08:47:23,733:INFO:127.0.0.1 - - [22/Apr/2023 08:47:23] "[36mGET /security/administracion_admin?__debugger__=yes&cmd=resource&f=console.png HTTP/1.1[0m" 304 -
2023-04-22 08:48:27,952:INFO:127.0.0.1 - - [22/Apr/2023 08:48:27] "[35m[1mGET /security/administracion_admin HTTP/1.1[0m" 500 -
2023-04-22 08:48:28,049:INFO:127.0.0.1 - - [22/Apr/2023 08:48:28] "[36mGET /security/administracion_admin?__debugger__=yes&cmd=resource&f=style.css HTTP/1.1[0m" 304 -
2023-04-22 08:48:28,053:INFO:127.0.0.1 - - [22/Apr/2023 08:48:28] "[36mGET /security/administracion_admin?__debugger__=yes&cmd=resource&f=debugger.js HTTP/1.1[0m" 304 -
2023-04-22 08:48:28,096:INFO:127.0.0.1 - - [22/Apr/2023 08:48:28] "[36mGET /security/administracion_admin?__debugger__=yes&cmd=resource&f=console.png HTTP/1.1[0m" 304 -
2023-04-22 10:20:27,513:INFO:127.0.0.1 - - [22/Apr/2023 10:20:27] "[32mGET /security/logout HTTP/1.1[0m" 302 -
2023-04-22 10:20:27,519:INFO:127.0.0.1 - - [22/Apr/2023 10:20:27] "GET / HTTP/1.1" 200 -
2023-04-22 10:20:27,548:INFO:127.0.0.1 - - [22/Apr/2023 10:20:27] "[36mGET /static/bootstrap/css/bootstrap-responsive.min.css HTTP/1.1[0m" 304 -
2023-04-22 10:20:27,550:INFO:127.0.0.1 - - [22/Apr/2023 10:20:27] "[36mGET /static/bootstrap/css/bootstrap.min.css HTTP/1.1[0m" 304 -
2023-04-22 10:20:27,554:INFO:127.0.0.1 - - [22/Apr/2023 10:20:27] "[36mGET /static/bootstrap/css/styles.css HTTP/1.1[0m" 304 -
2023-04-22 10:20:27,558:INFO:127.0.0.1 - - [22/Apr/2023 10:20:27] "[36mGET /static/css/nav.css HTTP/1.1[0m" 304 -
2023-04-22 10:20:27,565:INFO:127.0.0.1 - - [22/Apr/2023 10:20:27] "[36mGET /static/css/carrusel.css HTTP/1.1[0m" 304 -
2023-04-22 10:20:27,566:INFO:127.0.0.1 - - [22/Apr/2023 10:20:27] "[36mGET /static/js/carrusel.js HTTP/1.1[0m" 304 -
2023-04-22 10:20:27,591:INFO:127.0.0.1 - - [22/Apr/2023 10:20:27] "[36mGET /static/img/ej4.png HTTP/1.1[0m" 304 -
2023-04-22 10:20:27,594:INFO:127.0.0.1 - - [22/Apr/2023 10:20:27] "[36mGET /static/img/mision2.jpg HTTP/1.1[0m" 304 -
2023-04-22 10:20:27,600:INFO:127.0.0.1 - - [22/Apr/2023 10:20:27] "[36mGET /static/img/vision.png HTTP/1.1[0m" 304 -
2023-04-22 10:20:27,601:INFO:127.0.0.1 - - [22/Apr/2023 10:20:27] "[36mGET /static/img/fondo5.jpg HTTP/1.1[0m" 304 -
2023-04-22 10:20:27,637:INFO:127.0.0.1 - - [22/Apr/2023 10:20:27] "[33mGET /favicon.ico HTTP/1.1[0m" 404 -
2023-04-22 10:22:01,545:INFO: * Detected change in 'C:\\curso_python\\Proyecto Final\\The_World_of_cakes\\project\\auth.py', reloading
2023-04-22 10:22:01,887:INFO: * Restarting with stat
2023-04-22 10:22:07,846:INFO:Se inicio la aplicacion
2023-04-22 10:22:07,874:WARNING: * Debugger is active!
2023-04-22 10:22:07,883:INFO: * Debugger PIN: 341-549-671
2023-04-22 10:22:31,967:INFO: * Detected change in 'C:\\curso_python\\Proyecto Final\\The_World_of_cakes\\project\\main.py', reloading
2023-04-22 10:22:32,345:INFO: * Restarting with stat
2023-04-22 10:22:36,330:INFO:Se inicio la aplicacion
2023-04-22 10:22:36,359:WARNING: * Debugger is active!
2023-04-22 10:22:36,374:INFO: * Debugger PIN: 341-549-671
2023-04-22 10:23:26,193:INFO: * Detected change in 'C:\\curso_python\\Proyecto Final\\The_World_of_cakes\\project\\main.py', reloading
2023-04-22 10:23:26,509:INFO: * Restarting with stat
2023-04-22 10:23:30,168:INFO:Se inicio la aplicacion
2023-04-22 10:23:30,195:WARNING: * Debugger is active!
2023-04-22 10:23:30,204:INFO: * Debugger PIN: 341-549-671
2023-04-22 10:24:53,198:INFO: * Detected change in 'C:\\curso_python\\Proyecto Final\\The_World_of_cakes\\project\\main.py', reloading
2023-04-22 10:24:53,503:INFO: * Restarting with stat
2023-04-22 10:24:57,517:INFO:Se inicio la aplicacion
2023-04-22 10:24:57,545:WARNING: * Debugger is active!
2023-04-22 10:24:57,561:INFO: * Debugger PIN: 341-549-671
2023-04-22 10:24:58,899:INFO: * Detected change in 'C:\\curso_python\\Proyecto Final\\The_World_of_cakes\\project\\main.py', reloading
2023-04-22 10:24:59,213:INFO: * Restarting with stat
2023-04-22 10:25:03,565:INFO:Se inicio la aplicacion
2023-04-22 10:25:03,598:WARNING: * Debugger is active!
2023-04-22 10:25:03,620:INFO: * Debugger PIN: 341-549-671
2023-04-22 10:28:48,568:INFO: * Detected change in 'C:\\curso_python\\Proyecto Final\\The_World_of_cakes\\project\\main.py', reloading
2023-04-22 10:28:48,942:INFO: * Restarting with stat
2023-04-22 10:31:06,723:INFO: * Restarting with stat
2023-04-22 10:31:23,130:INFO: * Restarting with stat
2023-04-22 10:31:56,026:INFO: * Restarting with stat
2023-04-22 10:32:23,137:INFO: * Restarting with stat
2023-04-22 10:32:48,049:INFO: * Restarting with stat
2023-04-22 10:32:52,171:INFO:Se inicio la aplicacion
2023-04-22 10:32:52,190:WARNING: * Debugger is active!
2023-04-22 10:32:52,203:INFO: * Debugger PIN: 341-549-671
2023-04-22 10:33:38,941:INFO:127.0.0.1 - - [22/Apr/2023 10:33:38] "GET / HTTP/1.1" 200 -
2023-04-22 10:33:39,041:INFO:127.0.0.1 - - [22/Apr/2023 10:33:39] "[36mGET /static/bootstrap/css/bootstrap.min.css HTTP/1.1[0m" 304 -
2023-04-22 10:33:39,042:INFO:127.0.0.1 - - [22/Apr/2023 10:33:39] "[36mGET /static/bootstrap/css/bootstrap-responsive.min.css HTTP/1.1[0m" 304 -
2023-04-22 10:33:39,050:INFO:127.0.0.1 - - [22/Apr/2023 10:33:39] "[36mGET /static/bootstrap/css/styles.css HTTP/1.1[0m" 304 -
2023-04-22 10:33:39,054:INFO:127.0.0.1 - - [22/Apr/2023 10:33:39] "[36mGET /static/css/nav.css HTTP/1.1[0m" 304 -
2023-04-22 10:33:39,065:INFO:127.0.0.1 - - [22/Apr/2023 10:33:39] "[36mGET /static/css/carrusel.css HTTP/1.1[0m" 304 -
2023-04-22 10:33:39,075:INFO:127.0.0.1 - - [22/Apr/2023 10:33:39] "[36mGET /static/js/carrusel.js HTTP/1.1[0m" 304 -
2023-04-22 10:33:39,550:INFO:127.0.0.1 - - [22/Apr/2023 10:33:39] "[36mGET /static/img/ej4.png HTTP/1.1[0m" 304 -
2023-04-22 10:33:39,553:INFO:127.0.0.1 - - [22/Apr/2023 10:33:39] "[36mGET /static/img/mision2.jpg HTTP/1.1[0m" 304 -
2023-04-22 10:33:39,561:INFO:127.0.0.1 - - [22/Apr/2023 10:33:39] "[36mGET /static/img/vision.png HTTP/1.1[0m" 304 -
2023-04-22 10:33:39,561:INFO:127.0.0.1 - - [22/Apr/2023 10:33:39] "[36mGET /static/img/fondo5.jpg HTTP/1.1[0m" 304 -
2023-04-22 10:33:39,592:INFO:127.0.0.1 - - [22/Apr/2023 10:33:39] "[33mGET /favicon.ico HTTP/1.1[0m" 404 -
2023-04-22 10:33:43,202:INFO:127.0.0.1 - - [22/Apr/2023 10:33:43] "GET /security/login HTTP/1.1" 200 -
2023-04-22 10:33:43,322:INFO:127.0.0.1 - - [22/Apr/2023 10:33:43] "[36mGET /static/bootstrap/css/bootstrap.min.css HTTP/1.1[0m" 304 -
2023-04-22 10:33:43,342:INFO:127.0.0.1 - - [22/Apr/2023 10:33:43] "[36mGET /static/bootstrap/css/bootstrap-responsive.min.css HTTP/1.1[0m" 304 -
2023-04-22 10:33:43,348:INFO:127.0.0.1 - - [22/Apr/2023 10:33:43] "[36mGET /static/bootstrap/css/styles.css HTTP/1.1[0m" 304 -
2023-04-22 10:33:43,369:INFO:127.0.0.1 - - [22/Apr/2023 10:33:43] "[36mGET /static/css/nav.css HTTP/1.1[0m" 304 -
2023-04-22 10:33:43,374:INFO:127.0.0.1 - - [22/Apr/2023 10:33:43] "[36mGET /static/css/carrusel.css HTTP/1.1[0m" 304 -
2023-04-22 10:33:43,382:INFO:127.0.0.1 - - [22/Apr/2023 10:33:43] "[36mGET /static/js/carrusel.js HTTP/1.1[0m" 304 -
2023-04-22 10:33:43,387:INFO:127.0.0.1 - - [22/Apr/2023 10:33:43] "[33mGET /security/static/estilos.css HTTP/1.1[0m" 404 -
2023-04-22 10:33:43,457:INFO:127.0.0.1 - - [22/Apr/2023 10:33:43] "[36mGET /static/img/ej4.png HTTP/1.1[0m" 304 -
2023-04-22 10:33:43,475:INFO:127.0.0.1 - - [22/Apr/2023 10:33:43] "[33mGET /security/static/estilos.css HTTP/1.1[0m" 404 -
2023-04-22 10:33:43,505:INFO:127.0.0.1 - - [22/Apr/2023 10:33:43] "[36mGET /static/img/fondo5.jpg HTTP/1.1[0m" 304 -
2023-04-22 10:33:55,205:DEBUG:El usuario FernandoLP.mx@outlook.com ingreso al sistema
2023-04-22 10:33:55,209:INFO:127.0.0.1 - - [22/Apr/2023 10:33:55] "[32mPOST /security/login HTTP/1.1[0m" 302 -
2023-04-22 10:33:55,228:INFO:127.0.0.1 - - [22/Apr/2023 10:33:55] "GET / HTTP/1.1" 200 -
2023-04-22 10:33:55,359:INFO:127.0.0.1 - - [22/Apr/2023 10:33:55] "[36mGET /static/bootstrap/css/bootstrap.min.css HTTP/1.1[0m" 304 -
2023-04-22 10:33:55,385:INFO:127.0.0.1 - - [22/Apr/2023 10:33:55] "[36mGET /static/bootstrap/css/bootstrap-responsive.min.css HTTP/1.1[0m" 304 -
2023-04-22 10:33:55,410:INFO:127.0.0.1 - - [22/Apr/2023 10:33:55] "[36mGET /static/css/nav.css HTTP/1.1[0m" 304 -
2023-04-22 10:33:55,410:INFO:127.0.0.1 - - [22/Apr/2023 10:33:55] "[36mGET /static/bootstrap/css/styles.css HTTP/1.1[0m" 304 -
2023-04-22 10:33:55,415:INFO:127.0.0.1 - - [22/Apr/2023 10:33:55] "[36mGET /static/css/carrusel.css HTTP/1.1[0m" 304 -
2023-04-22 10:33:55,426:INFO:127.0.0.1 - - [22/Apr/2023 10:33:55] "[36mGET /static/js/carrusel.js HTTP/1.1[0m" 304 -
2023-04-22 10:33:55,500:INFO:127.0.0.1 - - [22/Apr/2023 10:33:55] "[36mGET /static/img/ej4.png HTTP/1.1[0m" 304 -
2023-04-22 10:33:55,503:INFO:127.0.0.1 - - [22/Apr/2023 10:33:55] "[36mGET /static/img/mision2.jpg HTTP/1.1[0m" 304 -
2023-04-22 10:33:55,515:INFO:127.0.0.1 - - [22/Apr/2023 10:33:55] "[36mGET /static/img/vision.png HTTP/1.1[0m" 304 -
2023-04-22 10:33:55,525:INFO:127.0.0.1 - - [22/Apr/2023 10:33:55] "[36mGET /static/img/fondo5.jpg HTTP/1.1[0m" 304 -
2023-04-22 10:33:55,569:INFO:127.0.0.1 - - [22/Apr/2023 10:33:55] "[33mGET /favicon.ico HTTP/1.1[0m" 404 -
2023-04-22 10:34:01,795:INFO:127.0.0.1 - - [22/Apr/2023 10:34:01] "GET / HTTP/1.1" 200 -
2023-04-22 10:34:01,951:INFO:127.0.0.1 - - [22/Apr/2023 10:34:01] "[36mGET /static/bootstrap/css/bootstrap.min.css HTTP/1.1[0m" 304 -
2023-04-22 10:34:01,963:INFO:127.0.0.1 - - [22/Apr/2023 10:34:01] "[36mGET /static/bootstrap/css/bootstrap-responsive.min.css HTTP/1.1[0m" 304 -
2023-04-22 10:34:01,969:INFO:127.0.0.1 - - [22/Apr/2023 10:34:01] "[36mGET /static/bootstrap/css/styles.css HTTP/1.1[0m" 304 -
2023-04-22 10:34:01,996:INFO:127.0.0.1 - - [22/Apr/2023 10:34:01] "[36mGET /static/css/nav.css HTTP/1.1[0m" 304 -
2023-04-22 10:34:02,001:INFO:127.0.0.1 - - [22/Apr/2023 10:34:02] "[36mGET /static/css/carrusel.css HTTP/1.1[0m" 304 -
2023-04-22 10:34:02,003:INFO:127.0.0.1 - - [22/Apr/2023 10:34:02] "[36mGET /static/js/carrusel.js HTTP/1.1[0m" 304 -
2023-04-22 10:34:02,071:INFO:127.0.0.1 - - [22/Apr/2023 10:34:02] "[36mGET /static/img/ej4.png HTTP/1.1[0m" 304 -
2023-04-22 10:34:02,101:INFO:127.0.0.1 - - [22/Apr/2023 10:34:02] "[36mGET /static/img/vision.png HTTP/1.1[0m" 304 -
2023-04-22 10:34:02,101:INFO:127.0.0.1 - - [22/Apr/2023 10:34:02] "[36mGET /static/img/mision2.jpg HTTP/1.1[0m" 304 -
2023-04-22 10:34:02,106:INFO:127.0.0.1 - - [22/Apr/2023 10:34:02] "[36mGET /static/img/fondo5.jpg HTTP/1.1[0m" 304 -
2023-04-22 10:34:55,210:INFO: * Detected change in 'C:\\curso_python\\Proyecto Final\\The_World_of_cakes\\project\\main.py', reloading
2023-04-22 10:34:55,675:INFO: * Restarting with stat
2023-04-22 10:34:59,916:INFO:Se inicio la aplicacion
2023-04-22 10:34:59,933:WARNING: * Debugger is active!
2023-04-22 10:34:59,942:INFO: * Debugger PIN: 341-549-671
2023-04-22 10:35:27,249:INFO: * Detected change in 'C:\\curso_python\\Proyecto Final\\The_World_of_cakes\\project\\main.py', reloading
2023-04-22 10:35:27,573:INFO: * Restarting with stat
2023-04-22 10:35:32,611:INFO:Se inicio la aplicacion
2023-04-22 10:35:32,625:WARNING: * Debugger is active!
2023-04-22 10:35:32,633:INFO: * Debugger PIN: 341-549-671
2023-04-22 10:36:51,423:INFO: * Detected change in 'C:\\curso_python\\Proyecto Final\\The_World_of_cakes\\project\\auth.py', reloading
2023-04-22 10:36:51,746:INFO: * Restarting with stat
2023-04-22 10:36:56,300:INFO:Se inicio la aplicacion
2023-04-22 10:36:56,325:WARNING: * Debugger is active!
2023-04-22 10:36:56,339:INFO: * Debugger PIN: 341-549-671
2023-04-22 10:39:27,965:INFO: * Detected change in 'C:\\curso_python\\Proyecto Final\\The_World_of_cakes\\project\\auth.py', reloading
2023-04-22 10:39:28,323:INFO: * Restarting with stat
2023-04-22 10:39:32,037:INFO:Se inicio la aplicacion
2023-04-22 10:39:32,056:WARNING: * Debugger is active!
2023-04-22 10:39:32,066:INFO: * Debugger PIN: 341-549-671
2023-04-22 10:40:00,750:INFO: * Detected change in 'C:\\curso_python\\Proyecto Final\\The_World_of_cakes\\project\\auth.py', reloading
2023-04-22 10:40:01,141:INFO: * Restarting with stat
2023-04-22 10:40:05,194:INFO:Se inicio la aplicacion
2023-04-22 10:40:05,207:WARNING: * Debugger is active!
2023-04-22 10:40:05,214:INFO: * Debugger PIN: 341-549-671
2023-04-22 10:40:10,182:INFO: * Detected change in 'C:\\curso_python\\Proyecto Final\\The_World_of_cakes\\project\\auth.py', reloading
2023-04-22 10:40:10,550:INFO: * Restarting with stat
2023-04-22 10:40:14,466:INFO:Se inicio la aplicacion
2023-04-22 10:40:14,487:WARNING: * Debugger is active!
2023-04-22 10:40:14,498:INFO: * Debugger PIN: 341-549-671
2023-04-22 10:41:00,362:INFO: * Detected change in 'C:\\curso_python\\Proyecto Final\\The_World_of_cakes\\project\\auth.py', reloading
2023-04-22 10:41:00,727:INFO: * Restarting with stat
2023-04-22 10:41:04,391:INFO:Se inicio la aplicacion
2023-04-22 10:41:04,404:WARNING: * Debugger is active!
2023-04-22 10:41:04,411:INFO: * Debugger PIN: 341-549-671
2023-04-22 10:41:07,072:INFO:127.0.0.1 - - [22/Apr/2023 10:41:07] "GET / HTTP/1.1" 200 -
2023-04-22 10:41:07,139:INFO:127.0.0.1 - - [22/Apr/2023 10:41:07] "[36mGET /static/bootstrap/css/bootstrap.min.css HTTP/1.1[0m" 304 -
2023-04-22 10:41:07,139:INFO:127.0.0.1 - - [22/Apr/2023 10:41:07] "[36mGET /static/bootstrap/css/bootstrap-responsive.min.css HTTP/1.1[0m" 304 -
2023-04-22 10:41:07,154:INFO:127.0.0.1 - - [22/Apr/2023 10:41:07] "[36mGET /static/bootstrap/css/styles.css HTTP/1.1[0m" 304 -
2023-04-22 10:41:07,162:INFO:127.0.0.1 - - [22/Apr/2023 10:41:07] "[36mGET /static/css/carrusel.css HTTP/1.1[0m" 304 -
2023-04-22 10:41:07,164:INFO:127.0.0.1 - - [22/Apr/2023 10:41:07] "[36mGET /static/css/nav.css HTTP/1.1[0m" 304 -
2023-04-22 10:41:07,171:INFO:127.0.0.1 - - [22/Apr/2023 10:41:07] "[36mGET /static/js/carrusel.js HTTP/1.1[0m" 304 -
2023-04-22 10:41:07,735:INFO:127.0.0.1 - - [22/Apr/2023 10:41:07] "[36mGET /static/img/ej4.png HTTP/1.1[0m" 304 -
2023-04-22 10:41:07,751:INFO:127.0.0.1 - - [22/Apr/2023 10:41:07] "[36mGET /static/img/mision2.jpg HTTP/1.1[0m" 304 -
2023-04-22 10:41:07,765:INFO:127.0.0.1 - - [22/Apr/2023 10:41:07] "[36mGET /static/img/vision.png HTTP/1.1[0m" 304 -
2023-04-22 10:41:07,815:INFO:127.0.0.1 - - [22/Apr/2023 10:41:07] "[36mGET /static/img/fondo5.jpg HTTP/1.1[0m" 304 -
2023-04-22 10:41:09,742:INFO:127.0.0.1 - - [22/Apr/2023 10:41:09] "GET /security/login HTTP/1.1" 200 -
2023-04-22 10:41:09,968:INFO:127.0.0.1 - - [22/Apr/2023 10:41:09] "[36mGET /static/bootstrap/css/bootstrap.min.css HTTP/1.1[0m" 304 -
2023-04-22 10:41:09,977:INFO:127.0.0.1 - - [22/Apr/2023 10:41:09] "[36mGET /static/bootstrap/css/bootstrap-responsive.min.css HTTP/1.1[0m" 304 -
2023-04-22 10:41:09,984:INFO:127.0.0.1 - - [22/Apr/2023 10:41:09] "[36mGET /static/bootstrap/css/styles.css HTTP/1.1[0m" 304 -
2023-04-22 10:41:10,000:INFO:127.0.0.1 - - [22/Apr/2023 10:41:10] "[36mGET /static/css/nav.css HTTP/1.1[0m" 304 -
2023-04-22 10:41:10,012:INFO:127.0.0.1 - - [22/Apr/2023 10:41:10] "[36mGET /static/css/carrusel.css HTTP/1.1[0m" 304 -
2023-04-22 10:41:10,021:INFO:127.0.0.1 - - [22/Apr/2023 10:41:10] "[36mGET /static/js/carrusel.js HTTP/1.1[0m" 304 -
2023-04-22 10:41:10,025:INFO:127.0.0.1 - - [22/Apr/2023 10:41:10] "[33mGET /security/static/estilos.css HTTP/1.1[0m" 404 -
2023-04-22 10:41:10,099:INFO:127.0.0.1 - - [22/Apr/2023 10:41:10] "[36mGET /static/img/ej4.png HTTP/1.1[0m" 304 -
2023-04-22 10:41:10,106:INFO:127.0.0.1 - - [22/Apr/2023 10:41:10] "[33mGET /security/static/estilos.css HTTP/1.1[0m" 404 -
2023-04-22 10:41:10,117:INFO:127.0.0.1 - - [22/Apr/2023 10:41:10] "[36mGET /static/img/fondo5.jpg HTTP/1.1[0m" 304 -
2023-04-22 10:41:16,864:DEBUG:El usuario FernandoLP.mx@outlook.com ingreso al sistema
2023-04-22 10:41:16,868:INFO:127.0.0.1 - - [22/Apr/2023 10:41:16] "[32mPOST /security/login HTTP/1.1[0m" 302 -
2023-04-22 10:41:17,023:INFO:127.0.0.1 - - [22/Apr/2023 10:41:17] "[35m[1mGET / HTTP/1.1[0m" 500 -
2023-04-22 10:41:17,099:INFO:127.0.0.1 - - [22/Apr/2023 10:41:17] "[36mGET /?__debugger__=yes&cmd=resource&f=style.css HTTP/1.1[0m" 304 -
2023-04-22 10:41:17,100:INFO:127.0.0.1 - - [22/Apr/2023 10:41:17] "[36mGET /?__debugger__=yes&cmd=resource&f=debugger.js HTTP/1.1[0m" 304 -
2023-04-22 10:41:17,123:INFO:127.0.0.1 - - [22/Apr/2023 10:41:17] "[36mGET /?__debugger__=yes&cmd=resource&f=console.png HTTP/1.1[0m" 304 -
2023-04-22 10:46:24,012:INFO:127.0.0.1 - - [22/Apr/2023 10:46:24] "GET / HTTP/1.1" 200 -
2023-04-22 10:46:24,175:INFO:127.0.0.1 - - [22/Apr/2023 10:46:24] "GET /static/bootstrap/css/bootstrap.min.css HTTP/1.1" 200 -
2023-04-22 10:46:24,278:INFO:127.0.0.1 - - [22/Apr/2023 10:46:24] "GET /static/bootstrap/css/bootstrap-responsive.min.css HTTP/1.1" 200 -
2023-04-22 10:46:24,481:INFO:127.0.0.1 - - [22/Apr/2023 10:46:24] "GET /static/bootstrap/css/styles.css HTTP/1.1" 200 -
2023-04-22 10:46:24,484:INFO:127.0.0.1 - - [22/Apr/2023 10:46:24] "GET /static/css/nav.css HTTP/1.1" 200 -
2023-04-22 10:46:24,488:INFO:127.0.0.1 - - [22/Apr/2023 10:46:24] "GET /static/css/carrusel.css HTTP/1.1" 200 -
2023-04-22 10:46:24,498:INFO:127.0.0.1 - - [22/Apr/2023 10:46:24] "GET /static/js/carrusel.js HTTP/1.1" 200 -
2023-04-22 10:46:24,996:INFO:127.0.0.1 - - [22/Apr/2023 10:46:24] "GET /static/img/ej4.png HTTP/1.1" 200 -
2023-04-22 10:46:25,105:INFO:127.0.0.1 - - [22/Apr/2023 10:46:25] "GET /static/img/mision2.jpg HTTP/1.1" 200 -
2023-04-22 10:46:25,105:INFO:127.0.0.1 - - [22/Apr/2023 10:46:25] "GET /static/img/vision.png HTTP/1.1" 200 -
2023-04-22 10:46:25,117:INFO:127.0.0.1 - - [22/Apr/2023 10:46:25] "GET /static/img/fondo5.jpg HTTP/1.1" 200 -
2023-04-22 10:46:25,248:INFO:127.0.0.1 - - [22/Apr/2023 10:46:25] "[33mGET /favicon.ico HTTP/1.1[0m" 404 -
2023-04-22 18:51:04,551:INFO:Se inicio la aplicacion
2023-04-22 18:51:04,582:INFO:[31m[1mWARNING: This is a development server. Do not use it in a production deployment. Use a production WSGI server instead.[0m
 * Running on http://127.0.0.1:5000
2023-04-22 18:51:04,582:INFO:[33mPress CTRL+C to quit[0m
2023-04-22 18:51:04,590:INFO: * Restarting with stat
2023-04-22 18:51:07,392:INFO:Se inicio la aplicacion
2023-04-22 18:51:07,406:WARNING: * Debugger is active!
2023-04-22 18:51:07,414:INFO: * Debugger PIN: 577-661-229
2023-04-22 18:51:22,507:INFO:127.0.0.1 - - [22/Apr/2023 18:51:22] "GET / HTTP/1.1" 200 -
2023-04-22 18:51:22,660:INFO:127.0.0.1 - - [22/Apr/2023 18:51:22] "GET /static/css/nav.css HTTP/1.1" 200 -
2023-04-22 18:51:22,676:INFO:127.0.0.1 - - [22/Apr/2023 18:51:22] "GET /static/bootstrap/css/bootstrap-responsive.min.css HTTP/1.1" 200 -
2023-04-22 18:51:22,680:INFO:127.0.0.1 - - [22/Apr/2023 18:51:22] "GET /static/bootstrap/css/styles.css HTTP/1.1" 200 -
2023-04-22 18:51:22,687:INFO:127.0.0.1 - - [22/Apr/2023 18:51:22] "GET /static/js/carrusel.js HTTP/1.1" 200 -
2023-04-22 18:51:22,707:INFO:127.0.0.1 - - [22/Apr/2023 18:51:22] "GET /static/css/carrusel.css HTTP/1.1" 200 -
2023-04-22 18:51:22,709:INFO:127.0.0.1 - - [22/Apr/2023 18:51:22] "GET /static/bootstrap/css/bootstrap.min.css HTTP/1.1" 200 -
2023-04-22 18:51:23,110:INFO:127.0.0.1 - - [22/Apr/2023 18:51:23] "GET /static/img/vision.png HTTP/1.1" 200 -
2023-04-22 18:51:23,176:INFO:127.0.0.1 - - [22/Apr/2023 18:51:23] "GET /static/img/ej4.png HTTP/1.1" 200 -
2023-04-22 18:51:23,187:INFO:127.0.0.1 - - [22/Apr/2023 18:51:23] "GET /static/img/mision2.jpg HTTP/1.1" 200 -
2023-04-22 18:51:23,199:INFO:127.0.0.1 - - [22/Apr/2023 18:51:23] "GET /static/img/fondo5.jpg HTTP/1.1" 200 -
2023-04-22 18:51:23,289:INFO:127.0.0.1 - - [22/Apr/2023 18:51:23] "[33mGET /favicon.ico HTTP/1.1[0m" 404 -
2023-04-22 18:51:27,298:INFO:127.0.0.1 - - [22/Apr/2023 18:51:27] "GET /security/login HTTP/1.1" 200 -
2023-04-22 18:51:27,463:INFO:127.0.0.1 - - [22/Apr/2023 18:51:27] "[36mGET /static/bootstrap/css/bootstrap.min.css HTTP/1.1[0m" 304 -
2023-04-22 18:51:27,495:INFO:127.0.0.1 - - [22/Apr/2023 18:51:27] "[36mGET /static/bootstrap/css/bootstrap-responsive.min.css HTTP/1.1[0m" 304 -
2023-04-22 18:51:27,515:INFO:127.0.0.1 - - [22/Apr/2023 18:51:27] "[36mGET /static/bootstrap/css/styles.css HTTP/1.1[0m" 304 -
2023-04-22 18:51:27,523:INFO:127.0.0.1 - - [22/Apr/2023 18:51:27] "[36mGET /static/css/carrusel.css HTTP/1.1[0m" 304 -
2023-04-22 18:51:27,525:INFO:127.0.0.1 - - [22/Apr/2023 18:51:27] "[36mGET /static/css/nav.css HTTP/1.1[0m" 304 -
2023-04-22 18:51:27,549:INFO:127.0.0.1 - - [22/Apr/2023 18:51:27] "[36mGET /static/js/carrusel.js HTTP/1.1[0m" 304 -
2023-04-22 18:51:27,583:INFO:127.0.0.1 - - [22/Apr/2023 18:51:27] "[33mGET /security/static/estilos.css HTTP/1.1[0m" 404 -
2023-04-22 18:51:27,632:INFO:127.0.0.1 - - [22/Apr/2023 18:51:27] "[36mGET /static/img/ej4.png HTTP/1.1[0m" 304 -
2023-04-22 18:51:27,641:INFO:127.0.0.1 - - [22/Apr/2023 18:51:27] "[36mGET /static/img/fondo5.jpg HTTP/1.1[0m" 304 -
2023-04-22 18:51:33,276:DEBUG:El usuario FernandoLP.mx@outlook.com ingreso al sistema
2023-04-22 18:51:33,279:INFO:127.0.0.1 - - [22/Apr/2023 18:51:33] "[32mPOST /security/login HTTP/1.1[0m" 302 -
2023-04-22 18:51:33,379:INFO:127.0.0.1 - - [22/Apr/2023 18:51:33] "[35m[1mGET / HTTP/1.1[0m" 500 -
2023-04-22 18:51:33,474:INFO:127.0.0.1 - - [22/Apr/2023 18:51:33] "GET /?__debugger__=yes&cmd=resource&f=style.css HTTP/1.1" 200 -
2023-04-22 18:51:33,485:INFO:127.0.0.1 - - [22/Apr/2023 18:51:33] "GET /?__debugger__=yes&cmd=resource&f=debugger.js HTTP/1.1" 200 -
2023-04-22 18:51:33,501:INFO:127.0.0.1 - - [22/Apr/2023 18:51:33] "GET /?__debugger__=yes&cmd=resource&f=console.png HTTP/1.1" 200 -
2023-04-22 18:51:33,505:INFO:127.0.0.1 - - [22/Apr/2023 18:51:33] "[36mGET /?__debugger__=yes&cmd=resource&f=console.png HTTP/1.1[0m" 304 -
2023-04-22 18:51:54,155:INFO: * Detected change in 'C:\\curso_python\\Proyecto Final\\The_World_of_cakes\\project\\auth.py', reloading
2023-04-22 18:51:55,309:INFO: * Restarting with stat
2023-04-22 18:52:07,297:INFO:Se inicio la aplicacion
2023-04-22 18:52:07,369:WARNING: * Debugger is active!
2023-04-22 18:52:07,385:INFO: * Debugger PIN: 577-661-229
2023-04-22 18:52:12,115:DEBUG:El usuario FernandoLP.mx@outlook.com ingreso al sistema
2023-04-22 18:52:12,118:INFO:127.0.0.1 - - [22/Apr/2023 18:52:12] "[32mPOST /security/login HTTP/1.1[0m" 302 -
2023-04-22 18:52:12,184:INFO:127.0.0.1 - - [22/Apr/2023 18:52:12] "GET / HTTP/1.1" 200 -
2023-04-22 18:52:12,281:INFO:127.0.0.1 - - [22/Apr/2023 18:52:12] "[36mGET /static/bootstrap/css/bootstrap.min.css HTTP/1.1[0m" 304 -
2023-04-22 18:52:12,329:INFO:127.0.0.1 - - [22/Apr/2023 18:52:12] "[36mGET /static/bootstrap/css/bootstrap-responsive.min.css HTTP/1.1[0m" 304 -
2023-04-22 18:52:12,344:INFO:127.0.0.1 - - [22/Apr/2023 18:52:12] "[36mGET /static/css/nav.css HTTP/1.1[0m" 304 -
2023-04-22 18:52:12,358:INFO:127.0.0.1 - - [22/Apr/2023 18:52:12] "[36mGET /static/css/carrusel.css HTTP/1.1[0m" 304 -
2023-04-22 18:52:12,359:INFO:127.0.0.1 - - [22/Apr/2023 18:52:12] "[36mGET /static/js/carrusel.js HTTP/1.1[0m" 304 -
2023-04-22 18:52:12,361:INFO:127.0.0.1 - - [22/Apr/2023 18:52:12] "[36mGET /static/bootstrap/css/styles.css HTTP/1.1[0m" 304 -
2023-04-22 18:52:12,426:INFO:127.0.0.1 - - [22/Apr/2023 18:52:12] "[36mGET /static/img/ej4.png HTTP/1.1[0m" 304 -
2023-04-22 18:52:12,444:INFO:127.0.0.1 - - [22/Apr/2023 18:52:12] "[36mGET /static/img/mision2.jpg HTTP/1.1[0m" 304 -
2023-04-22 18:52:12,445:INFO:127.0.0.1 - - [22/Apr/2023 18:52:12] "[36mGET /static/img/vision.png HTTP/1.1[0m" 304 -
2023-04-22 18:52:12,446:INFO:127.0.0.1 - - [22/Apr/2023 18:52:12] "[36mGET /static/img/fondo5.jpg HTTP/1.1[0m" 304 -
2023-04-22 18:52:14,696:INFO:127.0.0.1 - - [22/Apr/2023 18:52:14] "GET /security/compraMateria HTTP/1.1" 200 -
2023-04-22 18:52:14,789:INFO:127.0.0.1 - - [22/Apr/2023 18:52:14] "[36mGET /static/bootstrap/css/bootstrap.min.css HTTP/1.1[0m" 304 -
2023-04-22 18:52:14,798:INFO:127.0.0.1 - - [22/Apr/2023 18:52:14] "[36mGET /static/bootstrap/css/bootstrap-responsive.min.css HTTP/1.1[0m" 304 -
2023-04-22 18:52:14,815:INFO:127.0.0.1 - - [22/Apr/2023 18:52:14] "[36mGET /static/bootstrap/css/styles.css HTTP/1.1[0m" 304 -
2023-04-22 18:52:14,857:INFO:127.0.0.1 - - [22/Apr/2023 18:52:14] "[36mGET /static/css/nav.css HTTP/1.1[0m" 304 -
2023-04-22 18:52:14,866:INFO:127.0.0.1 - - [22/Apr/2023 18:52:14] "[36mGET /static/css/carrusel.css HTTP/1.1[0m" 304 -
2023-04-22 18:52:14,875:INFO:127.0.0.1 - - [22/Apr/2023 18:52:14] "[36mGET /static/js/carrusel.js HTTP/1.1[0m" 304 -
2023-04-22 18:52:14,891:INFO:127.0.0.1 - - [22/Apr/2023 18:52:14] "[33mGET /security/static/sweetalert2/sweetalert2.min.css HTTP/1.1[0m" 404 -
2023-04-22 18:52:14,908:INFO:127.0.0.1 - - [22/Apr/2023 18:52:14] "[33mGET /security/static/sweetalert2/sweetalert2.min.js HTTP/1.1[0m" 404 -
2023-04-22 18:52:14,931:INFO:127.0.0.1 - - [22/Apr/2023 18:52:14] "[33mGET /security/static/estilos.css HTTP/1.1[0m" 404 -
2023-04-22 18:52:14,959:INFO:127.0.0.1 - - [22/Apr/2023 18:52:14] "[36mGET /static/img/ej4.png HTTP/1.1[0m" 304 -
2023-04-22 18:52:14,977:INFO:127.0.0.1 - - [22/Apr/2023 18:52:14] "[36mGET /static/img/fondo5.jpg HTTP/1.1[0m" 304 -
2023-04-22 19:02:07,907:INFO:127.0.0.1 - - [22/Apr/2023 19:02:07] "GET /security/compraMateria HTTP/1.1" 200 -
2023-04-22 19:02:08,002:INFO:127.0.0.1 - - [22/Apr/2023 19:02:08] "[36mGET /static/bootstrap/css/bootstrap.min.css HTTP/1.1[0m" 304 -
2023-04-22 19:02:08,014:INFO:127.0.0.1 - - [22/Apr/2023 19:02:08] "[36mGET /static/bootstrap/css/styles.css HTTP/1.1[0m" 304 -
2023-04-22 19:02:08,017:INFO:127.0.0.1 - - [22/Apr/2023 19:02:08] "[36mGET /static/bootstrap/css/bootstrap-responsive.min.css HTTP/1.1[0m" 304 -
2023-04-22 19:02:08,021:INFO:127.0.0.1 - - [22/Apr/2023 19:02:08] "[36mGET /static/css/nav.css HTTP/1.1[0m" 304 -
2023-04-22 19:02:08,034:INFO:127.0.0.1 - - [22/Apr/2023 19:02:08] "[36mGET /static/css/carrusel.css HTTP/1.1[0m" 304 -
2023-04-22 19:02:08,048:INFO:127.0.0.1 - - [22/Apr/2023 19:02:08] "[36mGET /static/js/carrusel.js HTTP/1.1[0m" 304 -
2023-04-22 19:02:08,065:INFO:127.0.0.1 - - [22/Apr/2023 19:02:08] "[33mGET /security/static/sweetalert2/sweetalert2.min.css HTTP/1.1[0m" 404 -
2023-04-22 19:02:08,096:INFO:127.0.0.1 - - [22/Apr/2023 19:02:08] "[33mGET /security/static/sweetalert2/sweetalert2.min.js HTTP/1.1[0m" 404 -
2023-04-22 19:02:08,113:INFO:127.0.0.1 - - [22/Apr/2023 19:02:08] "[33mGET /security/static/estilos.css HTTP/1.1[0m" 404 -
2023-04-22 19:02:08,310:INFO:127.0.0.1 - - [22/Apr/2023 19:02:08] "[36mGET /static/img/ej4.png HTTP/1.1[0m" 304 -
2023-04-22 19:02:08,328:INFO:127.0.0.1 - - [22/Apr/2023 19:02:08] "[33mGET /security/static/sweetalert2/sweetalert2.min.css HTTP/1.1[0m" 404 -
2023-04-22 19:02:08,336:INFO:127.0.0.1 - - [22/Apr/2023 19:02:08] "[33mGET /security/static/sweetalert2/sweetalert2.min.js HTTP/1.1[0m" 404 -
2023-04-22 19:02:08,342:INFO:127.0.0.1 - - [22/Apr/2023 19:02:08] "[36mGET /static/img/fondo5.jpg HTTP/1.1[0m" 304 -
2023-04-22 19:02:08,392:INFO:127.0.0.1 - - [22/Apr/2023 19:02:08] "[33mGET /security/static/estilos.css HTTP/1.1[0m" 404 -
2023-04-22 19:09:23,125:INFO:127.0.0.1 - - [22/Apr/2023 19:09:23] "GET /security/compraMateria HTTP/1.1" 200 -
2023-04-22 19:09:23,190:INFO:127.0.0.1 - - [22/Apr/2023 19:09:23] "[36mGET /static/bootstrap/css/bootstrap.min.css HTTP/1.1[0m" 304 -
2023-04-22 19:09:23,208:INFO:127.0.0.1 - - [22/Apr/2023 19:09:23] "[36mGET /static/bootstrap/css/bootstrap-responsive.min.css HTTP/1.1[0m" 304 -
2023-04-22 19:09:23,230:INFO:127.0.0.1 - - [22/Apr/2023 19:09:23] "[36mGET /static/css/nav.css HTTP/1.1[0m" 304 -
2023-04-22 19:09:23,230:INFO:127.0.0.1 - - [22/Apr/2023 19:09:23] "[36mGET /static/bootstrap/css/styles.css HTTP/1.1[0m" 304 -
2023-04-22 19:09:23,246:INFO:127.0.0.1 - - [22/Apr/2023 19:09:23] "[36mGET /static/css/carrusel.css HTTP/1.1[0m" 304 -
2023-04-22 19:09:23,251:INFO:127.0.0.1 - - [22/Apr/2023 19:09:23] "[36mGET /static/js/carrusel.js HTTP/1.1[0m" 304 -
2023-04-22 19:09:23,252:INFO:127.0.0.1 - - [22/Apr/2023 19:09:23] "[33mGET /security/static/sweetalert2/sweetalert2.min.css HTTP/1.1[0m" 404 -
2023-04-22 19:09:23,285:INFO:127.0.0.1 - - [22/Apr/2023 19:09:23] "[33mGET /security/static/sweetalert2/sweetalert2.min.js HTTP/1.1[0m" 404 -
2023-04-22 19:09:23,299:INFO:127.0.0.1 - - [22/Apr/2023 19:09:23] "[33mGET /security/static/estilos.css HTTP/1.1[0m" 404 -
2023-04-22 19:09:23,504:INFO:127.0.0.1 - - [22/Apr/2023 19:09:23] "[33mGET /security/static/sweetalert2/sweetalert2.min.css HTTP/1.1[0m" 404 -
2023-04-22 19:09:23,517:INFO:127.0.0.1 - - [22/Apr/2023 19:09:23] "[36mGET /static/img/ej4.png HTTP/1.1[0m" 304 -
2023-04-22 19:09:23,520:INFO:127.0.0.1 - - [22/Apr/2023 19:09:23] "[33mGET /security/static/sweetalert2/sweetalert2.min.js HTTP/1.1[0m" 404 -
2023-04-22 19:09:23,527:INFO:127.0.0.1 - - [22/Apr/2023 19:09:23] "[36mGET /static/img/fondo5.jpg HTTP/1.1[0m" 304 -
2023-04-22 19:09:23,581:INFO:127.0.0.1 - - [22/Apr/2023 19:09:23] "[33mGET /security/static/estilos.css HTTP/1.1[0m" 404 -
2023-04-22 19:12:12,111:INFO:127.0.0.1 - - [22/Apr/2023 19:12:12] "[35m[1mGET /security/compraMateria HTTP/1.1[0m" 500 -
2023-04-22 19:12:12,150:INFO:127.0.0.1 - - [22/Apr/2023 19:12:12] "GET /security/compraMateria?__debugger__=yes&cmd=resource&f=style.css HTTP/1.1" 200 -
2023-04-22 19:12:12,179:INFO:127.0.0.1 - - [22/Apr/2023 19:12:12] "GET /security/compraMateria?__debugger__=yes&cmd=resource&f=debugger.js HTTP/1.1" 200 -
2023-04-22 19:12:12,211:INFO:127.0.0.1 - - [22/Apr/2023 19:12:12] "GET /security/compraMateria?__debugger__=yes&cmd=resource&f=console.png HTTP/1.1" 200 -
2023-04-22 19:12:12,213:INFO:127.0.0.1 - - [22/Apr/2023 19:12:12] "GET /security/compraMateria?__debugger__=yes&cmd=resource&f=console.png HTTP/1.1" 200 -
2023-04-22 19:12:50,278:INFO:127.0.0.1 - - [22/Apr/2023 19:12:50] "GET /security/compraMateria HTTP/1.1" 200 -
2023-04-22 19:12:50,343:INFO:127.0.0.1 - - [22/Apr/2023 19:12:50] "[36mGET /static/bootstrap/css/bootstrap.min.css HTTP/1.1[0m" 304 -
2023-04-22 19:12:50,356:INFO:127.0.0.1 - - [22/Apr/2023 19:12:50] "[36mGET /static/bootstrap/css/bootstrap-responsive.min.css HTTP/1.1[0m" 304 -
2023-04-22 19:12:50,373:INFO:127.0.0.1 - - [22/Apr/2023 19:12:50] "[36mGET /static/bootstrap/css/styles.css HTTP/1.1[0m" 304 -
2023-04-22 19:12:50,383:INFO:127.0.0.1 - - [22/Apr/2023 19:12:50] "[36mGET /static/css/nav.css HTTP/1.1[0m" 304 -
2023-04-22 19:12:50,389:INFO:127.0.0.1 - - [22/Apr/2023 19:12:50] "[36mGET /static/css/carrusel.css HTTP/1.1[0m" 304 -
2023-04-22 19:12:50,391:INFO:127.0.0.1 - - [22/Apr/2023 19:12:50] "[36mGET /static/js/carrusel.js HTTP/1.1[0m" 304 -
2023-04-22 19:12:50,405:INFO:127.0.0.1 - - [22/Apr/2023 19:12:50] "[33mGET /security/static/sweetalert2/sweetalert2.min.css HTTP/1.1[0m" 404 -
2023-04-22 19:12:50,416:INFO:127.0.0.1 - - [22/Apr/2023 19:12:50] "[33mGET /security/static/sweetalert2/sweetalert2.min.js HTTP/1.1[0m" 404 -
2023-04-22 19:12:50,431:INFO:127.0.0.1 - - [22/Apr/2023 19:12:50] "[33mGET /security/static/estilos.css HTTP/1.1[0m" 404 -
2023-04-22 19:12:50,707:INFO:127.0.0.1 - - [22/Apr/2023 19:12:50] "[36mGET /static/img/ej4.png HTTP/1.1[0m" 304 -
2023-04-22 19:12:50,708:INFO:127.0.0.1 - - [22/Apr/2023 19:12:50] "[33mGET /security/static/sweetalert2/sweetalert2.min.js HTTP/1.1[0m" 404 -
2023-04-22 19:12:50,708:INFO:127.0.0.1 - - [22/Apr/2023 19:12:50] "[33mGET /security/static/sweetalert2/sweetalert2.min.css HTTP/1.1[0m" 404 -
2023-04-22 19:12:50,723:INFO:127.0.0.1 - - [22/Apr/2023 19:12:50] "[36mGET /static/img/fondo5.jpg HTTP/1.1[0m" 304 -
2023-04-22 19:12:50,738:INFO:127.0.0.1 - - [22/Apr/2023 19:12:50] "[33mGET /security/static/estilos.css HTTP/1.1[0m" 404 -
2023-04-22 19:13:47,625:INFO:127.0.0.1 - - [22/Apr/2023 19:13:47] "GET /security/compraMateria HTTP/1.1" 200 -
2023-04-22 19:13:47,694:INFO:127.0.0.1 - - [22/Apr/2023 19:13:47] "[36mGET /static/bootstrap/css/bootstrap.min.css HTTP/1.1[0m" 304 -
2023-04-22 19:13:47,725:INFO:127.0.0.1 - - [22/Apr/2023 19:13:47] "[36mGET /static/bootstrap/css/bootstrap-responsive.min.css HTTP/1.1[0m" 304 -
2023-04-22 19:13:47,776:INFO:127.0.0.1 - - [22/Apr/2023 19:13:47] "[36mGET /static/bootstrap/css/styles.css HTTP/1.1[0m" 304 -
2023-04-22 19:13:47,777:INFO:127.0.0.1 - - [22/Apr/2023 19:13:47] "[36mGET /static/css/nav.css HTTP/1.1[0m" 304 -
2023-04-22 19:13:47,808:INFO:127.0.0.1 - - [22/Apr/2023 19:13:47] "[36mGET /static/css/carrusel.css HTTP/1.1[0m" 304 -
2023-04-22 19:13:47,854:INFO:127.0.0.1 - - [22/Apr/2023 19:13:47] "[33mGET /security/static/sweetalert2/sweetalert2.min.css HTTP/1.1[0m" 404 -
2023-04-22 19:13:47,855:INFO:127.0.0.1 - - [22/Apr/2023 19:13:47] "[36mGET /static/js/carrusel.js HTTP/1.1[0m" 304 -
2023-04-22 19:13:47,864:INFO:127.0.0.1 - - [22/Apr/2023 19:13:47] "[33mGET /security/static/sweetalert2/sweetalert2.min.js HTTP/1.1[0m" 404 -
2023-04-22 19:13:47,877:INFO:127.0.0.1 - - [22/Apr/2023 19:13:47] "[33mGET /security/static/estilos.css HTTP/1.1[0m" 404 -
2023-04-22 19:13:47,916:INFO:127.0.0.1 - - [22/Apr/2023 19:13:47] "[36mGET /static/img/ej4.png HTTP/1.1[0m" 304 -
2023-04-22 19:13:47,928:INFO:127.0.0.1 - - [22/Apr/2023 19:13:47] "[33mGET /security/static/sweetalert2/sweetalert2.min.css HTTP/1.1[0m" 404 -
2023-04-22 19:13:47,928:INFO:127.0.0.1 - - [22/Apr/2023 19:13:47] "[33mGET /security/static/estilos.css HTTP/1.1[0m" 404 -
2023-04-22 19:13:47,970:INFO:127.0.0.1 - - [22/Apr/2023 19:13:47] "[36mGET /static/img/fondo5.jpg HTTP/1.1[0m" 304 -
2023-04-22 19:14:11,551:INFO:127.0.0.1 - - [22/Apr/2023 19:14:11] "GET /security/compraMateria HTTP/1.1" 200 -
2023-04-22 19:14:11,627:INFO:127.0.0.1 - - [22/Apr/2023 19:14:11] "[36mGET /static/bootstrap/css/bootstrap.min.css HTTP/1.1[0m" 304 -
2023-04-22 19:14:11,632:INFO:127.0.0.1 - - [22/Apr/2023 19:14:11] "[36mGET /static/bootstrap/css/bootstrap-responsive.min.css HTTP/1.1[0m" 304 -
2023-04-22 19:14:11,639:INFO:127.0.0.1 - - [22/Apr/2023 19:14:11] "[36mGET /static/bootstrap/css/styles.css HTTP/1.1[0m" 304 -
2023-04-22 19:14:11,643:INFO:127.0.0.1 - - [22/Apr/2023 19:14:11] "[36mGET /static/css/nav.css HTTP/1.1[0m" 304 -
2023-04-22 19:14:11,672:INFO:127.0.0.1 - - [22/Apr/2023 19:14:11] "[36mGET /static/css/carrusel.css HTTP/1.1[0m" 304 -
2023-04-22 19:14:11,687:INFO:127.0.0.1 - - [22/Apr/2023 19:14:11] "[36mGET /static/js/carrusel.js HTTP/1.1[0m" 304 -
2023-04-22 19:14:11,697:INFO:127.0.0.1 - - [22/Apr/2023 19:14:11] "[33mGET /security/static/sweetalert2/sweetalert2.min.css HTTP/1.1[0m" 404 -
2023-04-22 19:14:11,712:INFO:127.0.0.1 - - [22/Apr/2023 19:14:11] "[33mGET /security/static/sweetalert2/sweetalert2.min.js HTTP/1.1[0m" 404 -
2023-04-22 19:14:11,712:INFO:127.0.0.1 - - [22/Apr/2023 19:14:11] "[33mGET /security/static/estilos.css HTTP/1.1[0m" 404 -
2023-04-22 19:14:11,748:INFO:127.0.0.1 - - [22/Apr/2023 19:14:11] "[33mGET /security/static/estilos.css HTTP/1.1[0m" 404 -
2023-04-22 19:14:11,748:INFO:127.0.0.1 - - [22/Apr/2023 19:14:11] "[36mGET /static/img/ej4.png HTTP/1.1[0m" 304 -
2023-04-22 19:14:11,806:INFO:127.0.0.1 - - [22/Apr/2023 19:14:11] "[36mGET /static/img/fondo5.jpg HTTP/1.1[0m" 304 -
2023-04-22 19:14:15,910:INFO:127.0.0.1 - - [22/Apr/2023 19:14:15] "GET /security/administracion_admin HTTP/1.1" 200 -
2023-04-22 19:14:15,988:INFO:127.0.0.1 - - [22/Apr/2023 19:14:15] "[36mGET /static/bootstrap/css/bootstrap.min.css HTTP/1.1[0m" 304 -
2023-04-22 19:14:16,005:INFO:127.0.0.1 - - [22/Apr/2023 19:14:16] "[36mGET /static/bootstrap/css/bootstrap-responsive.min.css HTTP/1.1[0m" 304 -
2023-04-22 19:14:16,023:INFO:127.0.0.1 - - [22/Apr/2023 19:14:16] "[36mGET /static/bootstrap/css/styles.css HTTP/1.1[0m" 304 -
2023-04-22 19:14:16,050:INFO:127.0.0.1 - - [22/Apr/2023 19:14:16] "[36mGET /static/css/nav.css HTTP/1.1[0m" 304 -
2023-04-22 19:14:16,058:INFO:127.0.0.1 - - [22/Apr/2023 19:14:16] "[36mGET /static/css/carrusel.css HTTP/1.1[0m" 304 -
2023-04-22 19:14:16,060:INFO:127.0.0.1 - - [22/Apr/2023 19:14:16] "[36mGET /static/js/carrusel.js HTTP/1.1[0m" 304 -
2023-04-22 19:14:16,070:INFO:127.0.0.1 - - [22/Apr/2023 19:14:16] "[33mGET /security/static/sweetalert2/sweetalert2.min.css HTTP/1.1[0m" 404 -
2023-04-22 19:14:16,082:INFO:127.0.0.1 - - [22/Apr/2023 19:14:16] "[33mGET /security/static/sweetalert2/sweetalert2.min.js HTTP/1.1[0m" 404 -
2023-04-22 19:14:16,094:INFO:127.0.0.1 - - [22/Apr/2023 19:14:16] "[33mGET /security/static/estilos.css HTTP/1.1[0m" 404 -
2023-04-22 19:14:16,106:INFO:127.0.0.1 - - [22/Apr/2023 19:14:16] "[33mGET /static/img/plot.png HTTP/1.1[0m" 404 -
2023-04-22 19:14:16,145:INFO:127.0.0.1 - - [22/Apr/2023 19:14:16] "[36mGET /static/img/ej4.png HTTP/1.1[0m" 304 -
2023-04-22 19:14:16,159:INFO:127.0.0.1 - - [22/Apr/2023 19:14:16] "[33mGET /security/static/sweetalert2/sweetalert2.min.css HTTP/1.1[0m" 404 -
2023-04-22 19:14:16,174:INFO:127.0.0.1 - - [22/Apr/2023 19:14:16] "[33mGET /security/static/sweetalert2/sweetalert2.min.js HTTP/1.1[0m" 404 -
2023-04-22 19:14:16,179:INFO:127.0.0.1 - - [22/Apr/2023 19:14:16] "[36mGET /static/img/fondo5.jpg HTTP/1.1[0m" 304 -
2023-04-22 19:14:16,204:INFO:127.0.0.1 - - [22/Apr/2023 19:14:16] "[33mGET /security/static/estilos.css HTTP/1.1[0m" 404 -
2023-04-22 19:14:16,217:INFO:127.0.0.1 - - [22/Apr/2023 19:14:16] "GET /static/bootstrap/img/glyphicons-halflings-white.png HTTP/1.1" 200 -
2023-04-22 19:14:16,274:INFO:127.0.0.1 - - [22/Apr/2023 19:14:16] "[33mGET /static/img/plot.png HTTP/1.1[0m" 404 -
2023-04-22 19:14:38,600:INFO:127.0.0.1 - - [22/Apr/2023 19:14:38] "GET /security/administracion_admin HTTP/1.1" 200 -
2023-04-22 19:14:38,671:INFO:127.0.0.1 - - [22/Apr/2023 19:14:38] "[36mGET /static/bootstrap/css/bootstrap.min.css HTTP/1.1[0m" 304 -
2023-04-22 19:14:38,709:INFO:127.0.0.1 - - [22/Apr/2023 19:14:38] "[36mGET /static/bootstrap/css/bootstrap-responsive.min.css HTTP/1.1[0m" 304 -
2023-04-22 19:14:38,715:INFO:127.0.0.1 - - [22/Apr/2023 19:14:38] "[36mGET /static/bootstrap/css/styles.css HTTP/1.1[0m" 304 -
2023-04-22 19:14:38,727:INFO:127.0.0.1 - - [22/Apr/2023 19:14:38] "[36mGET /static/css/nav.css HTTP/1.1[0m" 304 -
2023-04-22 19:14:38,738:INFO:127.0.0.1 - - [22/Apr/2023 19:14:38] "[36mGET /static/css/carrusel.css HTTP/1.1[0m" 304 -
2023-04-22 19:14:38,756:INFO:127.0.0.1 - - [22/Apr/2023 19:14:38] "[33mGET /security/static/sweetalert2/sweetalert2.min.css HTTP/1.1[0m" 404 -
2023-04-22 19:14:38,760:INFO:127.0.0.1 - - [22/Apr/2023 19:14:38] "[36mGET /static/js/carrusel.js HTTP/1.1[0m" 304 -
2023-04-22 19:14:38,772:INFO:127.0.0.1 - - [22/Apr/2023 19:14:38] "[33mGET /security/static/sweetalert2/sweetalert2.min.js HTTP/1.1[0m" 404 -
2023-04-22 19:14:38,784:INFO:127.0.0.1 - - [22/Apr/2023 19:14:38] "[33mGET /security/static/estilos.css HTTP/1.1[0m" 404 -
2023-04-22 19:14:38,837:INFO:127.0.0.1 - - [22/Apr/2023 19:14:38] "[33mGET /static/img/plot.png HTTP/1.1[0m" 404 -
2023-04-22 19:14:38,847:INFO:127.0.0.1 - - [22/Apr/2023 19:14:38] "[36mGET /static/img/ej4.png HTTP/1.1[0m" 304 -
2023-04-22 19:14:38,856:INFO:127.0.0.1 - - [22/Apr/2023 19:14:38] "[33mGET /security/static/sweetalert2/sweetalert2.min.css HTTP/1.1[0m" 404 -
2023-04-22 19:14:38,892:INFO:127.0.0.1 - - [22/Apr/2023 19:14:38] "[33mGET /security/static/estilos.css HTTP/1.1[0m" 404 -
2023-04-22 19:14:38,923:INFO:127.0.0.1 - - [22/Apr/2023 19:14:38] "[36mGET /static/bootstrap/img/glyphicons-halflings-white.png HTTP/1.1[0m" 304 -
2023-04-22 19:14:38,923:INFO:127.0.0.1 - - [22/Apr/2023 19:14:38] "[36mGET /static/img/fondo5.jpg HTTP/1.1[0m" 304 -
2023-04-22 19:14:41,209:INFO:127.0.0.1 - - [22/Apr/2023 19:14:41] "GET /security/compraMateria HTTP/1.1" 200 -
2023-04-22 19:14:41,276:INFO:127.0.0.1 - - [22/Apr/2023 19:14:41] "[36mGET /static/bootstrap/css/bootstrap.min.css HTTP/1.1[0m" 304 -
2023-04-22 19:14:41,304:INFO:127.0.0.1 - - [22/Apr/2023 19:14:41] "[36mGET /static/bootstrap/css/bootstrap-responsive.min.css HTTP/1.1[0m" 304 -
2023-04-22 19:14:41,325:INFO:127.0.0.1 - - [22/Apr/2023 19:14:41] "[36mGET /static/bootstrap/css/styles.css HTTP/1.1[0m" 304 -
2023-04-22 19:14:41,347:INFO:127.0.0.1 - - [22/Apr/2023 19:14:41] "[36mGET /static/css/nav.css HTTP/1.1[0m" 304 -
2023-04-22 19:14:41,372:INFO:127.0.0.1 - - [22/Apr/2023 19:14:41] "[36mGET /static/css/carrusel.css HTTP/1.1[0m" 304 -
2023-04-22 19:14:41,375:INFO:127.0.0.1 - - [22/Apr/2023 19:14:41] "[36mGET /static/js/carrusel.js HTTP/1.1[0m" 304 -
2023-04-22 19:14:41,383:INFO:127.0.0.1 - - [22/Apr/2023 19:14:41] "[33mGET /security/static/sweetalert2/sweetalert2.min.css HTTP/1.1[0m" 404 -
2023-04-22 19:14:41,406:INFO:127.0.0.1 - - [22/Apr/2023 19:14:41] "[33mGET /security/static/sweetalert2/sweetalert2.min.js HTTP/1.1[0m" 404 -
2023-04-22 19:14:41,411:INFO:127.0.0.1 - - [22/Apr/2023 19:14:41] "[33mGET /security/static/estilos.css HTTP/1.1[0m" 404 -
2023-04-22 19:14:41,431:INFO:127.0.0.1 - - [22/Apr/2023 19:14:41] "[36mGET /static/img/ej4.png HTTP/1.1[0m" 304 -
2023-04-22 19:14:41,449:INFO:127.0.0.1 - - [22/Apr/2023 19:14:41] "[36mGET /static/img/fondo5.jpg HTTP/1.1[0m" 304 -
2023-04-22 19:14:41,486:INFO:127.0.0.1 - - [22/Apr/2023 19:14:41] "[33mGET /security/static/estilos.css HTTP/1.1[0m" 404 -
2023-04-22 19:15:09,347:INFO:127.0.0.1 - - [22/Apr/2023 19:15:09] "GET /security/compraMateria HTTP/1.1" 200 -
2023-04-22 19:15:09,407:INFO:127.0.0.1 - - [22/Apr/2023 19:15:09] "[36mGET /static/bootstrap/css/bootstrap.min.css HTTP/1.1[0m" 304 -
2023-04-22 19:15:09,437:INFO:127.0.0.1 - - [22/Apr/2023 19:15:09] "[36mGET /static/bootstrap/css/bootstrap-responsive.min.css HTTP/1.1[0m" 304 -
2023-04-22 19:15:09,444:INFO:127.0.0.1 - - [22/Apr/2023 19:15:09] "[36mGET /static/bootstrap/css/styles.css HTTP/1.1[0m" 304 -
2023-04-22 19:15:09,476:INFO:127.0.0.1 - - [22/Apr/2023 19:15:09] "[36mGET /static/css/nav.css HTTP/1.1[0m" 304 -
2023-04-22 19:15:09,479:INFO:127.0.0.1 - - [22/Apr/2023 19:15:09] "[36mGET /static/css/carrusel.css HTTP/1.1[0m" 304 -
2023-04-22 19:15:09,489:INFO:127.0.0.1 - - [22/Apr/2023 19:15:09] "[36mGET /static/js/carrusel.js HTTP/1.1[0m" 304 -
2023-04-22 19:15:09,498:INFO:127.0.0.1 - - [22/Apr/2023 19:15:09] "[33mGET /security/static/sweetalert2/sweetalert2.min.css HTTP/1.1[0m" 404 -
2023-04-22 19:15:09,514:INFO:127.0.0.1 - - [22/Apr/2023 19:15:09] "[33mGET /security/static/sweetalert2/sweetalert2.min.js HTTP/1.1[0m" 404 -
2023-04-22 19:15:09,521:INFO:127.0.0.1 - - [22/Apr/2023 19:15:09] "[33mGET /security/static/estilos.css HTTP/1.1[0m" 404 -
2023-04-22 19:15:09,541:INFO:127.0.0.1 - - [22/Apr/2023 19:15:09] "[36mGET /static/img/ej4.png HTTP/1.1[0m" 304 -
2023-04-22 19:15:09,550:INFO:127.0.0.1 - - [22/Apr/2023 19:15:09] "[33mGET /security/static/estilos.css HTTP/1.1[0m" 404 -
2023-04-22 19:15:09,595:INFO:127.0.0.1 - - [22/Apr/2023 19:15:09] "[36mGET /static/img/fondo5.jpg HTTP/1.1[0m" 304 -
2023-04-22 19:15:35,043:INFO:127.0.0.1 - - [22/Apr/2023 19:15:35] "GET /security/compraMateria HTTP/1.1" 200 -
2023-04-22 19:15:35,101:INFO:127.0.0.1 - - [22/Apr/2023 19:15:35] "[36mGET /static/bootstrap/css/bootstrap.min.css HTTP/1.1[0m" 304 -
2023-04-22 19:15:35,132:INFO:127.0.0.1 - - [22/Apr/2023 19:15:35] "[36mGET /static/bootstrap/css/bootstrap-responsive.min.css HTTP/1.1[0m" 304 -
2023-04-22 19:15:35,144:INFO:127.0.0.1 - - [22/Apr/2023 19:15:35] "[36mGET /static/css/nav.css HTTP/1.1[0m" 304 -
2023-04-22 19:15:35,144:INFO:127.0.0.1 - - [22/Apr/2023 19:15:35] "[36mGET /static/bootstrap/css/styles.css HTTP/1.1[0m" 304 -
2023-04-22 19:15:35,151:INFO:127.0.0.1 - - [22/Apr/2023 19:15:35] "[36mGET /static/css/carrusel.css HTTP/1.1[0m" 304 -
2023-04-22 19:15:35,162:INFO:127.0.0.1 - - [22/Apr/2023 19:15:35] "[36mGET /static/js/carrusel.js HTTP/1.1[0m" 304 -
2023-04-22 19:15:35,186:INFO:127.0.0.1 - - [22/Apr/2023 19:15:35] "[33mGET /security/static/sweetalert2/sweetalert2.min.css HTTP/1.1[0m" 404 -
2023-04-22 19:15:35,198:INFO:127.0.0.1 - - [22/Apr/2023 19:15:35] "[33mGET /security/static/sweetalert2/sweetalert2.min.js HTTP/1.1[0m" 404 -
2023-04-22 19:15:35,208:INFO:127.0.0.1 - - [22/Apr/2023 19:15:35] "[33mGET /security/static/estilos.css HTTP/1.1[0m" 404 -
2023-04-22 19:15:35,239:INFO:127.0.0.1 - - [22/Apr/2023 19:15:35] "[36mGET /static/img/ej4.png HTTP/1.1[0m" 304 -
2023-04-22 19:15:35,255:INFO:127.0.0.1 - - [22/Apr/2023 19:15:35] "[33mGET /security/static/estilos.css HTTP/1.1[0m" 404 -
2023-04-22 19:15:35,287:INFO:127.0.0.1 - - [22/Apr/2023 19:15:35] "[36mGET /static/img/fondo5.jpg HTTP/1.1[0m" 304 -
2023-04-22 19:15:57,756:INFO:127.0.0.1 - - [22/Apr/2023 19:15:57] "GET /security/compraMateria HTTP/1.1" 200 -
2023-04-22 19:15:57,818:INFO:127.0.0.1 - - [22/Apr/2023 19:15:57] "[36mGET /static/bootstrap/css/bootstrap.min.css HTTP/1.1[0m" 304 -
2023-04-22 19:15:57,862:INFO:127.0.0.1 - - [22/Apr/2023 19:15:57] "[36mGET /static/bootstrap/css/bootstrap-responsive.min.css HTTP/1.1[0m" 304 -
2023-04-22 19:15:57,881:INFO:127.0.0.1 - - [22/Apr/2023 19:15:57] "[36mGET /static/bootstrap/css/styles.css HTTP/1.1[0m" 304 -
2023-04-22 19:15:57,905:INFO:127.0.0.1 - - [22/Apr/2023 19:15:57] "[36mGET /static/css/carrusel.css HTTP/1.1[0m" 304 -
2023-04-22 19:15:57,920:INFO:127.0.0.1 - - [22/Apr/2023 19:15:57] "GET /static/css/nav.css HTTP/1.1" 200 -
2023-04-22 19:15:57,931:INFO:127.0.0.1 - - [22/Apr/2023 19:15:57] "[33mGET /security/static/sweetalert2/sweetalert2.min.css HTTP/1.1[0m" 404 -
2023-04-22 19:15:57,931:INFO:127.0.0.1 - - [22/Apr/2023 19:15:57] "[36mGET /static/js/carrusel.js HTTP/1.1[0m" 304 -
2023-04-22 19:15:57,946:INFO:127.0.0.1 - - [22/Apr/2023 19:15:57] "[33mGET /security/static/sweetalert2/sweetalert2.min.js HTTP/1.1[0m" 404 -
2023-04-22 19:15:57,964:INFO:127.0.0.1 - - [22/Apr/2023 19:15:57] "[33mGET /security/static/estilos.css HTTP/1.1[0m" 404 -
2023-04-22 19:15:57,996:INFO:127.0.0.1 - - [22/Apr/2023 19:15:57] "[36mGET /static/img/ej4.png HTTP/1.1[0m" 304 -
2023-04-22 19:15:57,999:INFO:127.0.0.1 - - [22/Apr/2023 19:15:57] "[33mGET /security/static/sweetalert2/sweetalert2.min.css HTTP/1.1[0m" 404 -
2023-04-22 19:15:58,014:INFO:127.0.0.1 - - [22/Apr/2023 19:15:58] "[36mGET /static/img/fondo5.jpg HTTP/1.1[0m" 304 -
2023-04-22 19:16:39,906:INFO:127.0.0.1 - - [22/Apr/2023 19:16:39] "GET /security/compraMateria HTTP/1.1" 200 -
2023-04-22 19:16:39,968:INFO:127.0.0.1 - - [22/Apr/2023 19:16:39] "[36mGET /static/bootstrap/css/bootstrap.min.css HTTP/1.1[0m" 304 -
2023-04-22 19:16:39,996:INFO:127.0.0.1 - - [22/Apr/2023 19:16:39] "[36mGET /static/bootstrap/css/bootstrap-responsive.min.css HTTP/1.1[0m" 304 -
2023-04-22 19:16:40,023:INFO:127.0.0.1 - - [22/Apr/2023 19:16:40] "[36mGET /static/bootstrap/css/styles.css HTTP/1.1[0m" 304 -
2023-04-22 19:16:40,032:INFO:127.0.0.1 - - [22/Apr/2023 19:16:40] "[36mGET /static/css/nav.css HTTP/1.1[0m" 304 -
2023-04-22 19:16:40,042:INFO:127.0.0.1 - - [22/Apr/2023 19:16:40] "[36mGET /static/css/carrusel.css HTTP/1.1[0m" 304 -
2023-04-22 19:16:40,076:INFO:127.0.0.1 - - [22/Apr/2023 19:16:40] "[33mGET /security/static/sweetalert2/sweetalert2.min.css HTTP/1.1[0m" 404 -
2023-04-22 19:16:40,080:INFO:127.0.0.1 - - [22/Apr/2023 19:16:40] "[33mGET /security/static/sweetalert2/sweetalert2.min.js HTTP/1.1[0m" 404 -
2023-04-22 19:16:40,082:INFO:127.0.0.1 - - [22/Apr/2023 19:16:40] "[36mGET /static/js/carrusel.js HTTP/1.1[0m" 304 -
2023-04-22 19:16:40,094:INFO:127.0.0.1 - - [22/Apr/2023 19:16:40] "[33mGET /security/static/estilos.css HTTP/1.1[0m" 404 -
2023-04-22 19:16:40,149:INFO:127.0.0.1 - - [22/Apr/2023 19:16:40] "[33mGET /security/static/sweetalert2/sweetalert2.min.css HTTP/1.1[0m" 404 -
2023-04-22 19:16:40,160:INFO:127.0.0.1 - - [22/Apr/2023 19:16:40] "[36mGET /static/img/ej4.png HTTP/1.1[0m" 304 -
2023-04-22 19:16:40,162:INFO:127.0.0.1 - - [22/Apr/2023 19:16:40] "[33mGET /security/static/sweetalert2/sweetalert2.min.js HTTP/1.1[0m" 404 -
2023-04-22 19:16:40,174:INFO:127.0.0.1 - - [22/Apr/2023 19:16:40] "[36mGET /static/img/fondo5.jpg HTTP/1.1[0m" 304 -
2023-04-22 19:16:40,243:INFO:127.0.0.1 - - [22/Apr/2023 19:16:40] "[33mGET /security/static/estilos.css HTTP/1.1[0m" 404 -
2023-04-22 19:16:55,298:INFO:127.0.0.1 - - [22/Apr/2023 19:16:55] "GET /security/compraMateria HTTP/1.1" 200 -
2023-04-22 19:16:55,372:INFO:127.0.0.1 - - [22/Apr/2023 19:16:55] "[36mGET /static/bootstrap/css/bootstrap.min.css HTTP/1.1[0m" 304 -
2023-04-22 19:16:55,404:INFO:127.0.0.1 - - [22/Apr/2023 19:16:55] "[36mGET /static/bootstrap/css/styles.css HTTP/1.1[0m" 304 -
2023-04-22 19:16:55,405:INFO:127.0.0.1 - - [22/Apr/2023 19:16:55] "[36mGET /static/bootstrap/css/bootstrap-responsive.min.css HTTP/1.1[0m" 304 -
2023-04-22 19:16:55,420:INFO:127.0.0.1 - - [22/Apr/2023 19:16:55] "[36mGET /static/css/carrusel.css HTTP/1.1[0m" 304 -
2023-04-22 19:16:55,435:INFO:127.0.0.1 - - [22/Apr/2023 19:16:55] "[36mGET /static/js/carrusel.js HTTP/1.1[0m" 304 -
2023-04-22 19:16:55,448:INFO:127.0.0.1 - - [22/Apr/2023 19:16:55] "[33mGET /security/static/sweetalert2/sweetalert2.min.css HTTP/1.1[0m" 404 -
2023-04-22 19:16:55,458:INFO:127.0.0.1 - - [22/Apr/2023 19:16:55] "GET /static/css/nav.css HTTP/1.1" 200 -
2023-04-22 19:16:55,474:INFO:127.0.0.1 - - [22/Apr/2023 19:16:55] "[33mGET /security/static/sweetalert2/sweetalert2.min.js HTTP/1.1[0m" 404 -
2023-04-22 19:16:55,484:INFO:127.0.0.1 - - [22/Apr/2023 19:16:55] "[33mGET /security/static/estilos.css HTTP/1.1[0m" 404 -
2023-04-22 19:16:55,536:INFO:127.0.0.1 - - [22/Apr/2023 19:16:55] "[33mGET /security/static/sweetalert2/sweetalert2.min.css HTTP/1.1[0m" 404 -
2023-04-22 19:16:55,536:INFO:127.0.0.1 - - [22/Apr/2023 19:16:55] "[36mGET /static/img/ej4.png HTTP/1.1[0m" 304 -
2023-04-22 19:16:55,543:INFO:127.0.0.1 - - [22/Apr/2023 19:16:55] "[33mGET /security/static/estilos.css HTTP/1.1[0m" 404 -
2023-04-22 19:16:55,573:INFO:127.0.0.1 - - [22/Apr/2023 19:16:55] "[36mGET /static/img/fondo5.jpg HTTP/1.1[0m" 304 -
2023-04-22 20:22:22,059:INFO:127.0.0.1 - - [22/Apr/2023 20:22:22] "GET /security/administracion_admin HTTP/1.1" 200 -
2023-04-22 20:22:22,137:INFO:127.0.0.1 - - [22/Apr/2023 20:22:22] "[36mGET /static/bootstrap/css/bootstrap.min.css HTTP/1.1[0m" 304 -
2023-04-22 20:22:22,174:INFO:127.0.0.1 - - [22/Apr/2023 20:22:22] "[36mGET /static/bootstrap/css/bootstrap-responsive.min.css HTTP/1.1[0m" 304 -
2023-04-22 20:22:22,180:INFO:127.0.0.1 - - [22/Apr/2023 20:22:22] "[36mGET /static/bootstrap/css/styles.css HTTP/1.1[0m" 304 -
2023-04-22 20:22:22,202:INFO:127.0.0.1 - - [22/Apr/2023 20:22:22] "[36mGET /static/css/nav.css HTTP/1.1[0m" 304 -
2023-04-22 20:22:22,226:INFO:127.0.0.1 - - [22/Apr/2023 20:22:22] "[36mGET /static/css/carrusel.css HTTP/1.1[0m" 304 -
2023-04-22 20:22:22,239:INFO:127.0.0.1 - - [22/Apr/2023 20:22:22] "[36mGET /static/js/carrusel.js HTTP/1.1[0m" 304 -
2023-04-22 20:22:22,263:INFO:127.0.0.1 - - [22/Apr/2023 20:22:22] "[33mGET /security/static/sweetalert2/sweetalert2.min.css HTTP/1.1[0m" 404 -
2023-04-22 20:22:22,275:INFO:127.0.0.1 - - [22/Apr/2023 20:22:22] "[33mGET /security/static/sweetalert2/sweetalert2.min.js HTTP/1.1[0m" 404 -
2023-04-22 20:22:22,305:INFO:127.0.0.1 - - [22/Apr/2023 20:22:22] "[33mGET /security/static/estilos.css HTTP/1.1[0m" 404 -
2023-04-22 20:22:22,309:INFO:127.0.0.1 - - [22/Apr/2023 20:22:22] "[33mGET /security/static/sweetalert2/sweetalert2.min.css HTTP/1.1[0m" 404 -
2023-04-22 20:22:22,336:INFO:127.0.0.1 - - [22/Apr/2023 20:22:22] "[33mGET /static/img/plot.png HTTP/1.1[0m" 404 -
2023-04-22 20:22:22,364:INFO:127.0.0.1 - - [22/Apr/2023 20:22:22] "[36mGET /static/img/ej4.png HTTP/1.1[0m" 304 -
2023-04-22 20:22:22,377:INFO:127.0.0.1 - - [22/Apr/2023 20:22:22] "[36mGET /static/img/fondo5.jpg HTTP/1.1[0m" 304 -
2023-04-22 20:22:22,404:INFO:127.0.0.1 - - [22/Apr/2023 20:22:22] "[36mGET /static/bootstrap/img/glyphicons-halflings-white.png HTTP/1.1[0m" 304 -
2023-04-22 20:22:55,569:INFO:127.0.0.1 - - [22/Apr/2023 20:22:55] "GET /security/administracion_admin HTTP/1.1" 200 -
2023-04-22 20:22:55,626:INFO:127.0.0.1 - - [22/Apr/2023 20:22:55] "[36mGET /static/bootstrap/css/bootstrap.min.css HTTP/1.1[0m" 304 -
2023-04-22 20:22:55,654:INFO:127.0.0.1 - - [22/Apr/2023 20:22:55] "[36mGET /static/bootstrap/css/bootstrap-responsive.min.css HTTP/1.1[0m" 304 -
2023-04-22 20:22:55,662:INFO:127.0.0.1 - - [22/Apr/2023 20:22:55] "[36mGET /static/bootstrap/css/styles.css HTTP/1.1[0m" 304 -
2023-04-22 20:22:55,666:INFO:127.0.0.1 - - [22/Apr/2023 20:22:55] "[36mGET /static/css/nav.css HTTP/1.1[0m" 304 -
2023-04-22 20:22:55,670:INFO:127.0.0.1 - - [22/Apr/2023 20:22:55] "[36mGET /static/css/carrusel.css HTTP/1.1[0m" 304 -
2023-04-22 20:22:55,679:INFO:127.0.0.1 - - [22/Apr/2023 20:22:55] "[36mGET /static/js/carrusel.js HTTP/1.1[0m" 304 -
2023-04-22 20:22:55,698:INFO:127.0.0.1 - - [22/Apr/2023 20:22:55] "[33mGET /security/static/sweetalert2/sweetalert2.min.css HTTP/1.1[0m" 404 -
2023-04-22 20:22:55,698:INFO:127.0.0.1 - - [22/Apr/2023 20:22:55] "[33mGET /security/static/sweetalert2/sweetalert2.min.js HTTP/1.1[0m" 404 -
2023-04-22 20:22:55,724:INFO:127.0.0.1 - - [22/Apr/2023 20:22:55] "[33mGET /security/static/estilos.css HTTP/1.1[0m" 404 -
2023-04-22 20:22:55,746:INFO:127.0.0.1 - - [22/Apr/2023 20:22:55] "[33mGET /static/img/plot.png HTTP/1.1[0m" 404 -
2023-04-22 20:22:55,761:INFO:127.0.0.1 - - [22/Apr/2023 20:22:55] "[36mGET /static/img/ej4.png HTTP/1.1[0m" 304 -
2023-04-22 20:22:55,778:INFO:127.0.0.1 - - [22/Apr/2023 20:22:55] "[36mGET /static/img/fondo5.jpg HTTP/1.1[0m" 304 -
2023-04-22 20:22:55,778:INFO:127.0.0.1 - - [22/Apr/2023 20:22:55] "[36mGET /static/bootstrap/img/glyphicons-halflings-white.png HTTP/1.1[0m" 304 -
2023-04-22 20:22:58,378:INFO:127.0.0.1 - - [22/Apr/2023 20:22:58] "[33mGET /security/modificar_administracion_admin?id= HTTP/1.1[0m" 404 -
2023-04-22 20:23:45,541:INFO:127.0.0.1 - - [22/Apr/2023 20:23:45] "GET /security/administracion_admin HTTP/1.1" 200 -
2023-04-22 20:23:45,614:INFO:127.0.0.1 - - [22/Apr/2023 20:23:45] "[36mGET /static/bootstrap/css/bootstrap.min.css HTTP/1.1[0m" 304 -
2023-04-22 20:23:45,622:INFO:127.0.0.1 - - [22/Apr/2023 20:23:45] "[36mGET /static/bootstrap/css/bootstrap-responsive.min.css HTTP/1.1[0m" 304 -
2023-04-22 20:23:45,630:INFO:127.0.0.1 - - [22/Apr/2023 20:23:45] "[36mGET /static/bootstrap/css/styles.css HTTP/1.1[0m" 304 -
2023-04-22 20:23:45,656:INFO:127.0.0.1 - - [22/Apr/2023 20:23:45] "[36mGET /static/css/carrusel.css HTTP/1.1[0m" 304 -
2023-04-22 20:23:45,658:INFO:127.0.0.1 - - [22/Apr/2023 20:23:45] "[36mGET /static/css/nav.css HTTP/1.1[0m" 304 -
2023-04-22 20:23:45,661:INFO:127.0.0.1 - - [22/Apr/2023 20:23:45] "[36mGET /static/js/carrusel.js HTTP/1.1[0m" 304 -
2023-04-22 20:23:45,672:INFO:127.0.0.1 - - [22/Apr/2023 20:23:45] "[33mGET /security/static/sweetalert2/sweetalert2.min.css HTTP/1.1[0m" 404 -
2023-04-22 20:23:45,678:INFO:127.0.0.1 - - [22/Apr/2023 20:23:45] "[33mGET /security/static/sweetalert2/sweetalert2.min.js HTTP/1.1[0m" 404 -
2023-04-22 20:23:45,683:INFO:127.0.0.1 - - [22/Apr/2023 20:23:45] "[33mGET /security/static/estilos.css HTTP/1.1[0m" 404 -
2023-04-22 20:23:45,732:INFO:127.0.0.1 - - [22/Apr/2023 20:23:45] "[33mGET /static/img/plot.png HTTP/1.1[0m" 404 -
2023-04-22 20:23:45,762:INFO:127.0.0.1 - - [22/Apr/2023 20:23:45] "[36mGET /static/img/ej4.png HTTP/1.1[0m" 304 -
2023-04-22 20:23:45,767:INFO:127.0.0.1 - - [22/Apr/2023 20:23:45] "[36mGET /static/img/fondo5.jpg HTTP/1.1[0m" 304 -
2023-04-22 20:23:45,767:INFO:127.0.0.1 - - [22/Apr/2023 20:23:45] "[33mGET /security/static/estilos.css HTTP/1.1[0m" 404 -
2023-04-22 20:23:45,789:INFO:127.0.0.1 - - [22/Apr/2023 20:23:45] "[36mGET /static/bootstrap/img/glyphicons-halflings-white.png HTTP/1.1[0m" 304 -
2023-04-22 20:23:47,083:INFO:127.0.0.1 - - [22/Apr/2023 20:23:47] "[33mGET /security/modificar_administracion_admin?id=1 HTTP/1.1[0m" 404 -
2023-04-22 20:24:44,614:INFO: * Detected change in 'C:\\curso_python\\Proyecto Final\\The_World_of_cakes\\project\\auth.py', reloading
2023-04-22 20:24:44,961:INFO: * Restarting with stat
2023-04-22 20:24:49,093:INFO:Se inicio la aplicacion
2023-04-22 20:24:49,108:WARNING: * Debugger is active!
2023-04-22 20:24:49,117:INFO: * Debugger PIN: 577-661-229
2023-04-22 20:24:51,447:INFO: * Detected change in 'C:\\curso_python\\Proyecto Final\\The_World_of_cakes\\project\\auth.py', reloading
2023-04-22 20:24:51,764:INFO: * Restarting with stat
2023-04-22 20:24:54,962:INFO:Se inicio la aplicacion
2023-04-22 20:24:54,975:WARNING: * Debugger is active!
2023-04-22 20:24:54,981:INFO: * Debugger PIN: 577-661-229
2023-04-22 20:24:55,120:INFO:127.0.0.1 - - [22/Apr/2023 20:24:55] "[32mGET /security/administracion_admin HTTP/1.1[0m" 302 -
2023-04-22 20:24:55,374:INFO:127.0.0.1 - - [22/Apr/2023 20:24:55] "GET /login?next=%2Fsecurity%2Fadministracion_admin HTTP/1.1" 200 -
2023-04-22 20:25:01,216:INFO:127.0.0.1 - - [22/Apr/2023 20:25:01] "GET / HTTP/1.1" 200 -
2023-04-22 20:25:01,265:INFO:127.0.0.1 - - [22/Apr/2023 20:25:01] "[36mGET /static/bootstrap/css/bootstrap.min.css HTTP/1.1[0m" 304 -
2023-04-22 20:25:01,277:INFO:127.0.0.1 - - [22/Apr/2023 20:25:01] "[36mGET /static/bootstrap/css/bootstrap-responsive.min.css HTTP/1.1[0m" 304 -
2023-04-22 20:25:01,281:INFO:127.0.0.1 - - [22/Apr/2023 20:25:01] "[36mGET /static/bootstrap/css/styles.css HTTP/1.1[0m" 304 -
2023-04-22 20:25:01,297:INFO:127.0.0.1 - - [22/Apr/2023 20:25:01] "[36mGET /static/css/nav.css HTTP/1.1[0m" 304 -
2023-04-22 20:25:01,310:INFO:127.0.0.1 - - [22/Apr/2023 20:25:01] "[36mGET /static/js/carrusel.js HTTP/1.1[0m" 304 -
2023-04-22 20:25:01,317:INFO:127.0.0.1 - - [22/Apr/2023 20:25:01] "[36mGET /static/css/carrusel.css HTTP/1.1[0m" 304 -
2023-04-22 20:25:01,325:INFO:127.0.0.1 - - [22/Apr/2023 20:25:01] "[36mGET /static/img/mision2.jpg HTTP/1.1[0m" 304 -
2023-04-22 20:25:01,327:INFO:127.0.0.1 - - [22/Apr/2023 20:25:01] "[36mGET /static/img/vision.png HTTP/1.1[0m" 304 -
2023-04-22 20:25:01,356:INFO:127.0.0.1 - - [22/Apr/2023 20:25:01] "[36mGET /static/img/ej4.png HTTP/1.1[0m" 304 -
2023-04-22 20:25:01,370:INFO:127.0.0.1 - - [22/Apr/2023 20:25:01] "[36mGET /static/img/fondo5.jpg HTTP/1.1[0m" 304 -
2023-04-22 20:25:03,279:INFO:127.0.0.1 - - [22/Apr/2023 20:25:03] "GET /security/login HTTP/1.1" 200 -
2023-04-22 20:25:03,331:INFO:127.0.0.1 - - [22/Apr/2023 20:25:03] "[36mGET /static/bootstrap/css/bootstrap-responsive.min.css HTTP/1.1[0m" 304 -
2023-04-22 20:25:03,338:INFO:127.0.0.1 - - [22/Apr/2023 20:25:03] "[36mGET /static/bootstrap/css/bootstrap.min.css HTTP/1.1[0m" 304 -
2023-04-22 20:25:03,341:INFO:127.0.0.1 - - [22/Apr/2023 20:25:03] "[36mGET /static/bootstrap/css/styles.css HTTP/1.1[0m" 304 -
2023-04-22 20:25:03,347:INFO:127.0.0.1 - - [22/Apr/2023 20:25:03] "[36mGET /static/css/nav.css HTTP/1.1[0m" 304 -
2023-04-22 20:25:03,363:INFO:127.0.0.1 - - [22/Apr/2023 20:25:03] "[36mGET /static/css/carrusel.css HTTP/1.1[0m" 304 -
2023-04-22 20:25:03,366:INFO:127.0.0.1 - - [22/Apr/2023 20:25:03] "[36mGET /static/js/carrusel.js HTTP/1.1[0m" 304 -
2023-04-22 20:25:03,371:INFO:127.0.0.1 - - [22/Apr/2023 20:25:03] "[33mGET /security/static/estilos.css HTTP/1.1[0m" 404 -
2023-04-22 20:25:03,409:INFO:127.0.0.1 - - [22/Apr/2023 20:25:03] "[33mGET /security/static/estilos.css HTTP/1.1[0m" 404 -
2023-04-22 20:25:03,411:INFO:127.0.0.1 - - [22/Apr/2023 20:25:03] "[36mGET /static/img/ej4.png HTTP/1.1[0m" 304 -
2023-04-22 20:25:03,429:INFO:127.0.0.1 - - [22/Apr/2023 20:25:03] "[36mGET /static/img/fondo5.jpg HTTP/1.1[0m" 304 -
2023-04-22 20:25:08,302:WARNING:Acceso fallido
2023-04-22 20:25:08,304:INFO:127.0.0.1 - - [22/Apr/2023 20:25:08] "[32mPOST /security/login HTTP/1.1[0m" 302 -
2023-04-22 20:25:08,309:INFO:127.0.0.1 - - [22/Apr/2023 20:25:08] "GET /security/login HTTP/1.1" 200 -
2023-04-22 20:25:08,354:INFO:127.0.0.1 - - [22/Apr/2023 20:25:08] "[36mGET /static/bootstrap/css/bootstrap-responsive.min.css HTTP/1.1[0m" 304 -
2023-04-22 20:25:08,355:INFO:127.0.0.1 - - [22/Apr/2023 20:25:08] "[36mGET /static/bootstrap/css/bootstrap.min.css HTTP/1.1[0m" 304 -
2023-04-22 20:25:08,360:INFO:127.0.0.1 - - [22/Apr/2023 20:25:08] "[36mGET /static/bootstrap/css/styles.css HTTP/1.1[0m" 304 -
2023-04-22 20:25:08,362:INFO:127.0.0.1 - - [22/Apr/2023 20:25:08] "[36mGET /static/css/nav.css HTTP/1.1[0m" 304 -
2023-04-22 20:25:08,370:INFO:127.0.0.1 - - [22/Apr/2023 20:25:08] "[36mGET /static/css/carrusel.css HTTP/1.1[0m" 304 -
2023-04-22 20:25:08,382:INFO:127.0.0.1 - - [22/Apr/2023 20:25:08] "[36mGET /static/js/carrusel.js HTTP/1.1[0m" 304 -
2023-04-22 20:25:08,388:INFO:127.0.0.1 - - [22/Apr/2023 20:25:08] "[33mGET /security/static/estilos.css HTTP/1.1[0m" 404 -
2023-04-22 20:25:08,414:INFO:127.0.0.1 - - [22/Apr/2023 20:25:08] "[33mGET /security/static/estilos.css HTTP/1.1[0m" 404 -
2023-04-22 20:25:08,420:INFO:127.0.0.1 - - [22/Apr/2023 20:25:08] "[36mGET /static/img/ej4.png HTTP/1.1[0m" 304 -
2023-04-22 20:25:08,429:INFO:127.0.0.1 - - [22/Apr/2023 20:25:08] "[36mGET /static/img/fondo5.jpg HTTP/1.1[0m" 304 -
2023-04-22 20:25:14,282:DEBUG:El usuario FernandoLP.mx@outlook.com ingreso al sistema
2023-04-22 20:25:14,286:INFO:127.0.0.1 - - [22/Apr/2023 20:25:14] "[32mPOST /security/login HTTP/1.1[0m" 302 -
2023-04-22 20:25:14,296:INFO:127.0.0.1 - - [22/Apr/2023 20:25:14] "GET / HTTP/1.1" 200 -
2023-04-22 20:25:14,372:INFO:127.0.0.1 - - [22/Apr/2023 20:25:14] "[36mGET /static/bootstrap/css/bootstrap.min.css HTTP/1.1[0m" 304 -
2023-04-22 20:25:14,389:INFO:127.0.0.1 - - [22/Apr/2023 20:25:14] "[36mGET /static/bootstrap/css/bootstrap-responsive.min.css HTTP/1.1[0m" 304 -
2023-04-22 20:25:14,393:INFO:127.0.0.1 - - [22/Apr/2023 20:25:14] "[36mGET /static/bootstrap/css/styles.css HTTP/1.1[0m" 304 -
2023-04-22 20:25:14,401:INFO:127.0.0.1 - - [22/Apr/2023 20:25:14] "[36mGET /static/css/carrusel.css HTTP/1.1[0m" 304 -
2023-04-22 20:25:14,401:INFO:127.0.0.1 - - [22/Apr/2023 20:25:14] "[36mGET /static/css/nav.css HTTP/1.1[0m" 304 -
2023-04-22 20:25:14,405:INFO:127.0.0.1 - - [22/Apr/2023 20:25:14] "[36mGET /static/js/carrusel.js HTTP/1.1[0m" 304 -
2023-04-22 20:25:14,463:INFO:127.0.0.1 - - [22/Apr/2023 20:25:14] "[36mGET /static/img/ej4.png HTTP/1.1[0m" 304 -
2023-04-22 20:25:14,474:INFO:127.0.0.1 - - [22/Apr/2023 20:25:14] "[36mGET /static/img/vision.png HTTP/1.1[0m" 304 -
2023-04-22 20:25:14,474:INFO:127.0.0.1 - - [22/Apr/2023 20:25:14] "[36mGET /static/img/mision2.jpg HTTP/1.1[0m" 304 -
2023-04-22 20:25:14,482:INFO:127.0.0.1 - - [22/Apr/2023 20:25:14] "[36mGET /static/img/fondo5.jpg HTTP/1.1[0m" 304 -
2023-04-22 20:25:16,849:INFO:127.0.0.1 - - [22/Apr/2023 20:25:16] "GET /security/administracion_admin HTTP/1.1" 200 -
2023-04-22 20:25:16,936:INFO:127.0.0.1 - - [22/Apr/2023 20:25:16] "[36mGET /static/bootstrap/css/bootstrap-responsive.min.css HTTP/1.1[0m" 304 -
2023-04-22 20:25:16,937:INFO:127.0.0.1 - - [22/Apr/2023 20:25:16] "[36mGET /static/bootstrap/css/bootstrap.min.css HTTP/1.1[0m" 304 -
2023-04-22 20:25:16,939:INFO:127.0.0.1 - - [22/Apr/2023 20:25:16] "[36mGET /static/bootstrap/css/styles.css HTTP/1.1[0m" 304 -
2023-04-22 20:25:16,954:INFO:127.0.0.1 - - [22/Apr/2023 20:25:16] "[36mGET /static/css/nav.css HTTP/1.1[0m" 304 -
2023-04-22 20:25:16,958:INFO:127.0.0.1 - - [22/Apr/2023 20:25:16] "[36mGET /static/css/carrusel.css HTTP/1.1[0m" 304 -
2023-04-22 20:25:16,975:INFO:127.0.0.1 - - [22/Apr/2023 20:25:16] "[33mGET /security/static/sweetalert2/sweetalert2.min.css HTTP/1.1[0m" 404 -
2023-04-22 20:25:16,977:INFO:127.0.0.1 - - [22/Apr/2023 20:25:16] "[36mGET /static/js/carrusel.js HTTP/1.1[0m" 304 -
2023-04-22 20:25:16,994:INFO:127.0.0.1 - - [22/Apr/2023 20:25:16] "[33mGET /security/static/sweetalert2/sweetalert2.min.js HTTP/1.1[0m" 404 -
2023-04-22 20:25:16,998:INFO:127.0.0.1 - - [22/Apr/2023 20:25:16] "[33mGET /security/static/estilos.css HTTP/1.1[0m" 404 -
2023-04-22 20:25:17,014:INFO:127.0.0.1 - - [22/Apr/2023 20:25:17] "[33mGET /static/img/plot.png HTTP/1.1[0m" 404 -
2023-04-22 20:25:17,070:INFO:127.0.0.1 - - [22/Apr/2023 20:25:17] "[33mGET /security/static/sweetalert2/sweetalert2.min.css HTTP/1.1[0m" 404 -
2023-04-22 20:25:17,076:INFO:127.0.0.1 - - [22/Apr/2023 20:25:17] "[36mGET /static/img/ej4.png HTTP/1.1[0m" 304 -
2023-04-22 20:25:17,080:INFO:127.0.0.1 - - [22/Apr/2023 20:25:17] "[33mGET /security/static/estilos.css HTTP/1.1[0m" 404 -
2023-04-22 20:25:17,095:INFO:127.0.0.1 - - [22/Apr/2023 20:25:17] "[36mGET /static/img/fondo5.jpg HTTP/1.1[0m" 304 -
2023-04-22 20:25:17,106:INFO:127.0.0.1 - - [22/Apr/2023 20:25:17] "[36mGET /static/bootstrap/img/glyphicons-halflings-white.png HTTP/1.1[0m" 304 -
2023-04-22 20:25:18,542:INFO:127.0.0.1 - - [22/Apr/2023 20:25:18] "GET /security/modificar_administracion_admin?id=1 HTTP/1.1" 200 -
2023-04-22 20:25:18,607:INFO:127.0.0.1 - - [22/Apr/2023 20:25:18] "[36mGET /static/bootstrap/css/bootstrap.min.css HTTP/1.1[0m" 304 -
2023-04-22 20:25:18,653:INFO:127.0.0.1 - - [22/Apr/2023 20:25:18] "[36mGET /static/bootstrap/css/bootstrap-responsive.min.css HTTP/1.1[0m" 304 -
2023-04-22 20:25:18,656:INFO:127.0.0.1 - - [22/Apr/2023 20:25:18] "[36mGET /static/css/carrusel.css HTTP/1.1[0m" 304 -
2023-04-22 20:25:18,657:INFO:127.0.0.1 - - [22/Apr/2023 20:25:18] "[36mGET /static/bootstrap/css/styles.css HTTP/1.1[0m" 304 -
2023-04-22 20:25:18,657:INFO:127.0.0.1 - - [22/Apr/2023 20:25:18] "[36mGET /static/css/nav.css HTTP/1.1[0m" 304 -
2023-04-22 20:25:18,666:INFO:127.0.0.1 - - [22/Apr/2023 20:25:18] "[36mGET /static/js/carrusel.js HTTP/1.1[0m" 304 -
2023-04-22 20:25:18,723:INFO:127.0.0.1 - - [22/Apr/2023 20:25:18] "[36mGET /static/img/ej4.png HTTP/1.1[0m" 304 -
2023-04-22 20:25:18,726:INFO:127.0.0.1 - - [22/Apr/2023 20:25:18] "[36mGET /static/img/fondo5.jpg HTTP/1.1[0m" 304 -
2023-04-22 20:25:32,797:INFO:127.0.0.1 - - [22/Apr/2023 20:25:32] "[33mPOST /security/modificar HTTP/1.1[0m" 404 -
2023-04-22 20:25:51,845:INFO:127.0.0.1 - - [22/Apr/2023 20:25:51] "[33mPOST /security/modificar HTTP/1.1[0m" 404 -
2023-04-22 20:25:54,726:INFO:127.0.0.1 - - [22/Apr/2023 20:25:54] "GET /security/modificar_administracion_admin?id=1 HTTP/1.1" 200 -
2023-04-22 20:25:54,797:INFO:127.0.0.1 - - [22/Apr/2023 20:25:54] "[36mGET /static/bootstrap/css/bootstrap.min.css HTTP/1.1[0m" 304 -
2023-04-22 20:25:54,807:INFO:127.0.0.1 - - [22/Apr/2023 20:25:54] "[36mGET /static/bootstrap/css/bootstrap-responsive.min.css HTTP/1.1[0m" 304 -
2023-04-22 20:25:54,807:INFO:127.0.0.1 - - [22/Apr/2023 20:25:54] "[36mGET /static/bootstrap/css/styles.css HTTP/1.1[0m" 304 -
2023-04-22 20:25:54,823:INFO:127.0.0.1 - - [22/Apr/2023 20:25:54] "[36mGET /static/css/nav.css HTTP/1.1[0m" 304 -
2023-04-22 20:25:54,825:INFO:127.0.0.1 - - [22/Apr/2023 20:25:54] "[36mGET /static/css/carrusel.css HTTP/1.1[0m" 304 -
2023-04-22 20:25:54,828:INFO:127.0.0.1 - - [22/Apr/2023 20:25:54] "[36mGET /static/js/carrusel.js HTTP/1.1[0m" 304 -
2023-04-22 20:25:54,891:INFO:127.0.0.1 - - [22/Apr/2023 20:25:54] "[36mGET /static/img/ej4.png HTTP/1.1[0m" 304 -
2023-04-22 20:25:54,910:INFO:127.0.0.1 - - [22/Apr/2023 20:25:54] "[36mGET /static/img/fondo5.jpg HTTP/1.1[0m" 304 -
2023-04-22 20:26:02,033:INFO:127.0.0.1 - - [22/Apr/2023 20:26:02] "[35m[1mPOST /security/modificar_administracion_admin HTTP/1.1[0m" 500 -
2023-04-22 20:26:02,071:INFO:127.0.0.1 - - [22/Apr/2023 20:26:02] "GET /security/modificar_administracion_admin?__debugger__=yes&cmd=resource&f=style.css HTTP/1.1" 200 -
2023-04-22 20:26:02,073:INFO:127.0.0.1 - - [22/Apr/2023 20:26:02] "GET /security/modificar_administracion_admin?__debugger__=yes&cmd=resource&f=debugger.js HTTP/1.1" 200 -
2023-04-22 20:26:02,095:INFO:127.0.0.1 - - [22/Apr/2023 20:26:02] "GET /security/modificar_administracion_admin?__debugger__=yes&cmd=resource&f=console.png HTTP/1.1" 200 -
2023-04-22 20:26:02,098:INFO:127.0.0.1 - - [22/Apr/2023 20:26:02] "[36mGET /security/modificar_administracion_admin?__debugger__=yes&cmd=resource&f=console.png HTTP/1.1[0m" 304 -
2023-04-22 20:26:32,614:INFO:127.0.0.1 - - [22/Apr/2023 20:26:32] "GET /security/administracion_admin HTTP/1.1" 200 -
2023-04-22 20:26:32,659:INFO:127.0.0.1 - - [22/Apr/2023 20:26:32] "[36mGET /static/bootstrap/css/bootstrap.min.css HTTP/1.1[0m" 304 -
2023-04-22 20:26:32,691:INFO:127.0.0.1 - - [22/Apr/2023 20:26:32] "[36mGET /static/bootstrap/css/bootstrap-responsive.min.css HTTP/1.1[0m" 304 -
2023-04-22 20:26:32,694:INFO:127.0.0.1 - - [22/Apr/2023 20:26:32] "[36mGET /static/bootstrap/css/styles.css HTTP/1.1[0m" 304 -
2023-04-22 20:26:32,694:INFO:127.0.0.1 - - [22/Apr/2023 20:26:32] "[36mGET /static/css/nav.css HTTP/1.1[0m" 304 -
2023-04-22 20:26:32,708:INFO:127.0.0.1 - - [22/Apr/2023 20:26:32] "[36mGET /static/css/carrusel.css HTTP/1.1[0m" 304 -
2023-04-22 20:26:32,709:INFO:127.0.0.1 - - [22/Apr/2023 20:26:32] "[36mGET /static/js/carrusel.js HTTP/1.1[0m" 304 -
2023-04-22 20:26:32,722:INFO:127.0.0.1 - - [22/Apr/2023 20:26:32] "[33mGET /security/static/sweetalert2/sweetalert2.min.css HTTP/1.1[0m" 404 -
2023-04-22 20:26:32,729:INFO:127.0.0.1 - - [22/Apr/2023 20:26:32] "[33mGET /security/static/sweetalert2/sweetalert2.min.js HTTP/1.1[0m" 404 -
2023-04-22 20:26:32,738:INFO:127.0.0.1 - - [22/Apr/2023 20:26:32] "[33mGET /security/static/estilos.css HTTP/1.1[0m" 404 -
2023-04-22 20:26:32,757:INFO:127.0.0.1 - - [22/Apr/2023 20:26:32] "[33mGET /static/img/plot.png HTTP/1.1[0m" 404 -
2023-04-22 20:26:32,769:INFO:127.0.0.1 - - [22/Apr/2023 20:26:32] "[36mGET /static/img/ej4.png HTTP/1.1[0m" 304 -
2023-04-22 20:26:32,784:INFO:127.0.0.1 - - [22/Apr/2023 20:26:32] "[36mGET /static/img/fondo5.jpg HTTP/1.1[0m" 304 -
2023-04-22 20:26:32,803:INFO:127.0.0.1 - - [22/Apr/2023 20:26:32] "[36mGET /static/bootstrap/img/glyphicons-halflings-white.png HTTP/1.1[0m" 304 -
2023-04-22 20:26:37,475:INFO:127.0.0.1 - - [22/Apr/2023 20:26:37] "GET /security/modificar_administracion_admin?id=1 HTTP/1.1" 200 -
2023-04-22 20:26:37,542:INFO:127.0.0.1 - - [22/Apr/2023 20:26:37] "[36mGET /static/bootstrap/css/bootstrap.min.css HTTP/1.1[0m" 304 -
2023-04-22 20:26:37,551:INFO:127.0.0.1 - - [22/Apr/2023 20:26:37] "[36mGET /static/bootstrap/css/bootstrap-responsive.min.css HTTP/1.1[0m" 304 -
2023-04-22 20:26:37,554:INFO:127.0.0.1 - - [22/Apr/2023 20:26:37] "[36mGET /static/bootstrap/css/styles.css HTTP/1.1[0m" 304 -
2023-04-22 20:26:37,556:INFO:127.0.0.1 - - [22/Apr/2023 20:26:37] "[36mGET /static/css/nav.css HTTP/1.1[0m" 304 -
2023-04-22 20:26:37,568:INFO:127.0.0.1 - - [22/Apr/2023 20:26:37] "[36mGET /static/css/carrusel.css HTTP/1.1[0m" 304 -
2023-04-22 20:26:37,577:INFO:127.0.0.1 - - [22/Apr/2023 20:26:37] "[36mGET /static/js/carrusel.js HTTP/1.1[0m" 304 -
2023-04-22 20:26:37,611:INFO:127.0.0.1 - - [22/Apr/2023 20:26:37] "[36mGET /static/img/ej4.png HTTP/1.1[0m" 304 -
2023-04-22 20:26:37,631:INFO:127.0.0.1 - - [22/Apr/2023 20:26:37] "[36mGET /static/img/fondo5.jpg HTTP/1.1[0m" 304 -
2023-04-22 20:31:26,688:INFO:127.0.0.1 - - [22/Apr/2023 20:31:26] "GET /security/modificar_administracion_admin?id=1 HTTP/1.1" 200 -
2023-04-22 20:31:26,744:INFO:127.0.0.1 - - [22/Apr/2023 20:31:26] "[36mGET /static/bootstrap/css/bootstrap.min.css HTTP/1.1[0m" 304 -
2023-04-22 20:31:26,780:INFO:127.0.0.1 - - [22/Apr/2023 20:31:26] "[36mGET /static/bootstrap/css/bootstrap-responsive.min.css HTTP/1.1[0m" 304 -
2023-04-22 20:31:26,797:INFO:127.0.0.1 - - [22/Apr/2023 20:31:26] "[36mGET /static/bootstrap/css/styles.css HTTP/1.1[0m" 304 -
2023-04-22 20:31:26,813:INFO:127.0.0.1 - - [22/Apr/2023 20:31:26] "[36mGET /static/css/nav.css HTTP/1.1[0m" 304 -
2023-04-22 20:31:26,835:INFO:127.0.0.1 - - [22/Apr/2023 20:31:26] "[36mGET /static/css/carrusel.css HTTP/1.1[0m" 304 -
2023-04-22 20:31:26,852:INFO:127.0.0.1 - - [22/Apr/2023 20:31:26] "[36mGET /static/js/carrusel.js HTTP/1.1[0m" 304 -
2023-04-22 20:31:27,131:INFO:127.0.0.1 - - [22/Apr/2023 20:31:27] "[36mGET /static/img/ej4.png HTTP/1.1[0m" 304 -
2023-04-22 20:31:27,143:INFO:127.0.0.1 - - [22/Apr/2023 20:31:27] "[36mGET /static/img/fondo5.jpg HTTP/1.1[0m" 304 -
2023-04-22 20:32:42,718:INFO:127.0.0.1 - - [22/Apr/2023 20:32:42] "GET /security/modificar_administracion_admin?id=1 HTTP/1.1" 200 -
2023-04-22 20:32:42,757:INFO:127.0.0.1 - - [22/Apr/2023 20:32:42] "[36mGET /static/bootstrap/css/bootstrap.min.css HTTP/1.1[0m" 304 -
2023-04-22 20:32:42,798:INFO:127.0.0.1 - - [22/Apr/2023 20:32:42] "[36mGET /static/bootstrap/css/bootstrap-responsive.min.css HTTP/1.1[0m" 304 -
2023-04-22 20:32:42,819:INFO:127.0.0.1 - - [22/Apr/2023 20:32:42] "[36mGET /static/css/nav.css HTTP/1.1[0m" 304 -
2023-04-22 20:32:42,824:INFO:127.0.0.1 - - [22/Apr/2023 20:32:42] "[36mGET /static/bootstrap/css/styles.css HTTP/1.1[0m" 304 -
2023-04-22 20:32:42,827:INFO:127.0.0.1 - - [22/Apr/2023 20:32:42] "[36mGET /static/css/carrusel.css HTTP/1.1[0m" 304 -
2023-04-22 20:32:42,837:INFO:127.0.0.1 - - [22/Apr/2023 20:32:42] "[36mGET /static/js/carrusel.js HTTP/1.1[0m" 304 -
2023-04-22 20:32:42,854:INFO:127.0.0.1 - - [22/Apr/2023 20:32:42] "[33mGET /security/static/sweetalert2/sweetalert2.min.css HTTP/1.1[0m" 404 -
2023-04-22 20:32:42,869:INFO:127.0.0.1 - - [22/Apr/2023 20:32:42] "[33mGET /security/static/estilos.css HTTP/1.1[0m" 404 -
2023-04-22 20:32:42,869:INFO:127.0.0.1 - - [22/Apr/2023 20:32:42] "[33mGET /security/static/sweetalert2/sweetalert2.min.js HTTP/1.1[0m" 404 -
2023-04-22 20:32:42,921:INFO:127.0.0.1 - - [22/Apr/2023 20:32:42] "[36mGET /static/img/ej4.png HTTP/1.1[0m" 304 -
2023-04-22 20:32:42,924:INFO:127.0.0.1 - - [22/Apr/2023 20:32:42] "[36mGET /static/img/fondo5.jpg HTTP/1.1[0m" 304 -
2023-04-22 20:32:42,950:INFO:127.0.0.1 - - [22/Apr/2023 20:32:42] "[33mGET /security/static/estilos.css HTTP/1.1[0m" 404 -
2023-04-22 20:33:16,759:INFO:127.0.0.1 - - [22/Apr/2023 20:33:16] "GET /security/modificar_administracion_admin?id=1 HTTP/1.1" 200 -
2023-04-22 20:33:16,806:INFO:127.0.0.1 - - [22/Apr/2023 20:33:16] "[36mGET /static/bootstrap/css/bootstrap.min.css HTTP/1.1[0m" 304 -
2023-04-22 20:33:16,831:INFO:127.0.0.1 - - [22/Apr/2023 20:33:16] "[36mGET /static/bootstrap/css/bootstrap-responsive.min.css HTTP/1.1[0m" 304 -
2023-04-22 20:33:16,837:INFO:127.0.0.1 - - [22/Apr/2023 20:33:16] "[36mGET /static/bootstrap/css/styles.css HTTP/1.1[0m" 304 -
2023-04-22 20:33:16,854:INFO:127.0.0.1 - - [22/Apr/2023 20:33:16] "[36mGET /static/css/nav.css HTTP/1.1[0m" 304 -
2023-04-22 20:33:16,857:INFO:127.0.0.1 - - [22/Apr/2023 20:33:16] "[36mGET /static/css/carrusel.css HTTP/1.1[0m" 304 -
2023-04-22 20:33:16,875:INFO:127.0.0.1 - - [22/Apr/2023 20:33:16] "[36mGET /static/js/carrusel.js HTTP/1.1[0m" 304 -
2023-04-22 20:33:16,876:INFO:127.0.0.1 - - [22/Apr/2023 20:33:16] "[33mGET /security/static/sweetalert2/sweetalert2.min.css HTTP/1.1[0m" 404 -
2023-04-22 20:33:16,882:INFO:127.0.0.1 - - [22/Apr/2023 20:33:16] "[33mGET /security/static/sweetalert2/sweetalert2.min.js HTTP/1.1[0m" 404 -
2023-04-22 20:33:16,899:INFO:127.0.0.1 - - [22/Apr/2023 20:33:16] "[33mGET /security/static/estilos.css HTTP/1.1[0m" 404 -
2023-04-22 20:33:16,931:INFO:127.0.0.1 - - [22/Apr/2023 20:33:16] "[36mGET /static/img/ej4.png HTTP/1.1[0m" 304 -
2023-04-22 20:33:16,934:INFO:127.0.0.1 - - [22/Apr/2023 20:33:16] "[36mGET /static/img/fondo5.jpg HTTP/1.1[0m" 304 -
2023-04-22 20:33:16,950:INFO:127.0.0.1 - - [22/Apr/2023 20:33:16] "[33mGET /security/static/estilos.css HTTP/1.1[0m" 404 -
2023-04-22 20:38:09,234:INFO:127.0.0.1 - - [22/Apr/2023 20:38:09] "GET /security/modificar_administracion_admin?id=1 HTTP/1.1" 200 -
2023-04-22 20:38:09,302:INFO:127.0.0.1 - - [22/Apr/2023 20:38:09] "[36mGET /static/bootstrap/css/bootstrap.min.css HTTP/1.1[0m" 304 -
2023-04-22 20:38:09,335:INFO:127.0.0.1 - - [22/Apr/2023 20:38:09] "[36mGET /static/bootstrap/css/styles.css HTTP/1.1[0m" 304 -
2023-04-22 20:38:09,336:INFO:127.0.0.1 - - [22/Apr/2023 20:38:09] "[36mGET /static/bootstrap/css/bootstrap-responsive.min.css HTTP/1.1[0m" 304 -
2023-04-22 20:38:09,340:INFO:127.0.0.1 - - [22/Apr/2023 20:38:09] "[36mGET /static/css/nav.css HTTP/1.1[0m" 304 -
2023-04-22 20:38:09,351:INFO:127.0.0.1 - - [22/Apr/2023 20:38:09] "[36mGET /static/css/carrusel.css HTTP/1.1[0m" 304 -
2023-04-22 20:38:09,365:INFO:127.0.0.1 - - [22/Apr/2023 20:38:09] "[33mGET /security/static/sweetalert2/sweetalert2.min.css HTTP/1.1[0m" 404 -
2023-04-22 20:38:09,378:INFO:127.0.0.1 - - [22/Apr/2023 20:38:09] "[33mGET /security/static/sweetalert2/sweetalert2.min.js HTTP/1.1[0m" 404 -
2023-04-22 20:38:09,383:INFO:127.0.0.1 - - [22/Apr/2023 20:38:09] "[36mGET /static/js/carrusel.js HTTP/1.1[0m" 304 -
2023-04-22 20:38:09,398:INFO:127.0.0.1 - - [22/Apr/2023 20:38:09] "[33mGET /security/static/estilos.css HTTP/1.1[0m" 404 -
2023-04-22 20:38:09,582:INFO:127.0.0.1 - - [22/Apr/2023 20:38:09] "[33mGET /security/static/sweetalert2/sweetalert2.min.css HTTP/1.1[0m" 404 -
2023-04-22 20:38:09,587:INFO:127.0.0.1 - - [22/Apr/2023 20:38:09] "[33mGET /security/static/sweetalert2/sweetalert2.min.js HTTP/1.1[0m" 404 -
2023-04-22 20:38:09,604:INFO:127.0.0.1 - - [22/Apr/2023 20:38:09] "[36mGET /static/img/ej4.png HTTP/1.1[0m" 304 -
2023-04-22 20:38:09,621:INFO:127.0.0.1 - - [22/Apr/2023 20:38:09] "[33mGET /security/static/estilos.css HTTP/1.1[0m" 404 -
2023-04-22 20:38:09,626:INFO:127.0.0.1 - - [22/Apr/2023 20:38:09] "[36mGET /static/img/fondo5.jpg HTTP/1.1[0m" 304 -
2023-04-22 20:38:28,551:INFO:127.0.0.1 - - [22/Apr/2023 20:38:28] "GET /security/modificar_administracion_admin?id=1 HTTP/1.1" 200 -
2023-04-22 20:38:28,588:INFO:127.0.0.1 - - [22/Apr/2023 20:38:28] "[36mGET /static/bootstrap/css/bootstrap.min.css HTTP/1.1[0m" 304 -
2023-04-22 20:38:28,617:INFO:127.0.0.1 - - [22/Apr/2023 20:38:28] "[36mGET /static/css/nav.css HTTP/1.1[0m" 304 -
2023-04-22 20:38:28,623:INFO:127.0.0.1 - - [22/Apr/2023 20:38:28] "[36mGET /static/css/carrusel.css HTTP/1.1[0m" 304 -
2023-04-22 20:38:28,625:INFO:127.0.0.1 - - [22/Apr/2023 20:38:28] "[36mGET /static/bootstrap/css/styles.css HTTP/1.1[0m" 304 -
2023-04-22 20:38:28,626:INFO:127.0.0.1 - - [22/Apr/2023 20:38:28] "[36mGET /static/bootstrap/css/bootstrap-responsive.min.css HTTP/1.1[0m" 304 -
2023-04-22 20:38:28,633:INFO:127.0.0.1 - - [22/Apr/2023 20:38:28] "[36mGET /static/js/carrusel.js HTTP/1.1[0m" 304 -
2023-04-22 20:38:28,649:INFO:127.0.0.1 - - [22/Apr/2023 20:38:28] "[33mGET /security/static/sweetalert2/sweetalert2.min.css HTTP/1.1[0m" 404 -
2023-04-22 20:38:28,664:INFO:127.0.0.1 - - [22/Apr/2023 20:38:28] "[33mGET /security/static/sweetalert2/sweetalert2.min.js HTTP/1.1[0m" 404 -
2023-04-22 20:38:28,680:INFO:127.0.0.1 - - [22/Apr/2023 20:38:28] "[33mGET /security/static/estilos.css HTTP/1.1[0m" 404 -
2023-04-22 20:38:28,701:INFO:127.0.0.1 - - [22/Apr/2023 20:38:28] "[33mGET /security/static/sweetalert2/sweetalert2.min.css HTTP/1.1[0m" 404 -
2023-04-22 20:38:28,719:INFO:127.0.0.1 - - [22/Apr/2023 20:38:28] "[33mGET /security/static/sweetalert2/sweetalert2.min.js HTTP/1.1[0m" 404 -
2023-04-22 20:38:28,725:INFO:127.0.0.1 - - [22/Apr/2023 20:38:28] "[36mGET /static/img/ej4.png HTTP/1.1[0m" 304 -
2023-04-22 20:38:28,731:INFO:127.0.0.1 - - [22/Apr/2023 20:38:28] "[36mGET /static/img/fondo5.jpg HTTP/1.1[0m" 304 -
2023-04-22 20:38:28,753:INFO:127.0.0.1 - - [22/Apr/2023 20:38:28] "[33mGET /security/static/estilos.css HTTP/1.1[0m" 404 -
2023-04-22 20:39:35,409:INFO:127.0.0.1 - - [22/Apr/2023 20:39:35] "GET /security/modificar_administracion_admin?id=1 HTTP/1.1" 200 -
2023-04-22 20:39:35,460:INFO:127.0.0.1 - - [22/Apr/2023 20:39:35] "[36mGET /static/bootstrap/css/bootstrap.min.css HTTP/1.1[0m" 304 -
2023-04-22 20:39:35,477:INFO:127.0.0.1 - - [22/Apr/2023 20:39:35] "[36mGET /static/bootstrap/css/bootstrap-responsive.min.css HTTP/1.1[0m" 304 -
2023-04-22 20:39:35,493:INFO:127.0.0.1 - - [22/Apr/2023 20:39:35] "[36mGET /static/bootstrap/css/styles.css HTTP/1.1[0m" 304 -
2023-04-22 20:39:35,494:INFO:127.0.0.1 - - [22/Apr/2023 20:39:35] "[36mGET /static/css/nav.css HTTP/1.1[0m" 304 -
2023-04-22 20:39:35,501:INFO:127.0.0.1 - - [22/Apr/2023 20:39:35] "[36mGET /static/css/carrusel.css HTTP/1.1[0m" 304 -
2023-04-22 20:39:35,506:INFO:127.0.0.1 - - [22/Apr/2023 20:39:35] "[36mGET /static/js/carrusel.js HTTP/1.1[0m" 304 -
2023-04-22 20:39:35,510:INFO:127.0.0.1 - - [22/Apr/2023 20:39:35] "[33mGET /security/static/sweetalert2/sweetalert2.min.css HTTP/1.1[0m" 404 -
2023-04-22 20:39:35,516:INFO:127.0.0.1 - - [22/Apr/2023 20:39:35] "[33mGET /security/static/sweetalert2/sweetalert2.min.js HTTP/1.1[0m" 404 -
2023-04-22 20:39:35,525:INFO:127.0.0.1 - - [22/Apr/2023 20:39:35] "[33mGET /security/static/estilos.css HTTP/1.1[0m" 404 -
2023-04-22 20:39:35,616:INFO:127.0.0.1 - - [22/Apr/2023 20:39:35] "[33mGET /security/static/sweetalert2/sweetalert2.min.css HTTP/1.1[0m" 404 -
2023-04-22 20:39:35,616:INFO:127.0.0.1 - - [22/Apr/2023 20:39:35] "[36mGET /static/img/ej4.png HTTP/1.1[0m" 304 -
2023-04-22 20:39:35,626:INFO:127.0.0.1 - - [22/Apr/2023 20:39:35] "[33mGET /security/static/sweetalert2/sweetalert2.min.js HTTP/1.1[0m" 404 -
2023-04-22 20:39:35,633:INFO:127.0.0.1 - - [22/Apr/2023 20:39:35] "[36mGET /static/img/fondo5.jpg HTTP/1.1[0m" 304 -
2023-04-22 20:39:35,648:INFO:127.0.0.1 - - [22/Apr/2023 20:39:35] "[33mGET /security/static/estilos.css HTTP/1.1[0m" 404 -
2023-04-22 20:39:48,941:INFO:127.0.0.1 - - [22/Apr/2023 20:39:48] "GET /security/modificar_administracion_admin?id=1 HTTP/1.1" 200 -
2023-04-22 20:39:48,983:INFO:127.0.0.1 - - [22/Apr/2023 20:39:48] "[36mGET /static/bootstrap/css/bootstrap.min.css HTTP/1.1[0m" 304 -
2023-04-22 20:39:49,009:INFO:127.0.0.1 - - [22/Apr/2023 20:39:49] "[36mGET /static/bootstrap/css/styles.css HTTP/1.1[0m" 304 -
2023-04-22 20:39:49,013:INFO:127.0.0.1 - - [22/Apr/2023 20:39:49] "[36mGET /static/bootstrap/css/bootstrap-responsive.min.css HTTP/1.1[0m" 304 -
2023-04-22 20:39:49,023:INFO:127.0.0.1 - - [22/Apr/2023 20:39:49] "[36mGET /static/css/nav.css HTTP/1.1[0m" 304 -
2023-04-22 20:39:49,029:INFO:127.0.0.1 - - [22/Apr/2023 20:39:49] "[36mGET /static/css/carrusel.css HTTP/1.1[0m" 304 -
2023-04-22 20:39:49,046:INFO:127.0.0.1 - - [22/Apr/2023 20:39:49] "[33mGET /security/static/sweetalert2/sweetalert2.min.css HTTP/1.1[0m" 404 -
2023-04-22 20:39:49,052:INFO:127.0.0.1 - - [22/Apr/2023 20:39:49] "[33mGET /security/static/sweetalert2/sweetalert2.min.js HTTP/1.1[0m" 404 -
2023-04-22 20:39:49,056:INFO:127.0.0.1 - - [22/Apr/2023 20:39:49] "[36mGET /static/js/carrusel.js HTTP/1.1[0m" 304 -
2023-04-22 20:39:49,061:INFO:127.0.0.1 - - [22/Apr/2023 20:39:49] "[33mGET /security/static/estilos.css HTTP/1.1[0m" 404 -
2023-04-22 20:39:49,163:INFO:127.0.0.1 - - [22/Apr/2023 20:39:49] "[36mGET /static/img/ej4.png HTTP/1.1[0m" 304 -
2023-04-22 20:39:49,169:INFO:127.0.0.1 - - [22/Apr/2023 20:39:49] "[33mGET /security/static/sweetalert2/sweetalert2.min.css HTTP/1.1[0m" 404 -
2023-04-22 20:39:49,181:INFO:127.0.0.1 - - [22/Apr/2023 20:39:49] "[33mGET /security/static/sweetalert2/sweetalert2.min.js HTTP/1.1[0m" 404 -
2023-04-22 20:39:49,184:INFO:127.0.0.1 - - [22/Apr/2023 20:39:49] "[36mGET /static/img/fondo5.jpg HTTP/1.1[0m" 304 -
2023-04-22 20:39:49,202:INFO:127.0.0.1 - - [22/Apr/2023 20:39:49] "[33mGET /security/static/estilos.css HTTP/1.1[0m" 404 -
2023-04-22 20:40:23,406:INFO:127.0.0.1 - - [22/Apr/2023 20:40:23] "GET /security/modificar_administracion_admin?id=1 HTTP/1.1" 200 -
2023-04-22 20:40:23,450:INFO:127.0.0.1 - - [22/Apr/2023 20:40:23] "[36mGET /static/bootstrap/css/bootstrap.min.css HTTP/1.1[0m" 304 -
2023-04-22 20:40:23,475:INFO:127.0.0.1 - - [22/Apr/2023 20:40:23] "[36mGET /static/bootstrap/css/bootstrap-responsive.min.css HTTP/1.1[0m" 304 -
2023-04-22 20:40:23,478:INFO:127.0.0.1 - - [22/Apr/2023 20:40:23] "[36mGET /static/bootstrap/css/styles.css HTTP/1.1[0m" 304 -
2023-04-22 20:40:23,478:INFO:127.0.0.1 - - [22/Apr/2023 20:40:23] "[36mGET /static/css/nav.css HTTP/1.1[0m" 304 -
2023-04-22 20:40:23,492:INFO:127.0.0.1 - - [22/Apr/2023 20:40:23] "[36mGET /static/css/carrusel.css HTTP/1.1[0m" 304 -
2023-04-22 20:40:23,510:INFO:127.0.0.1 - - [22/Apr/2023 20:40:23] "[33mGET /security/static/sweetalert2/sweetalert2.min.css HTTP/1.1[0m" 404 -
2023-04-22 20:40:23,518:INFO:127.0.0.1 - - [22/Apr/2023 20:40:23] "[36mGET /static/js/carrusel.js HTTP/1.1[0m" 304 -
2023-04-22 20:40:23,518:INFO:127.0.0.1 - - [22/Apr/2023 20:40:23] "[33mGET /security/static/sweetalert2/sweetalert2.min.js HTTP/1.1[0m" 404 -
2023-04-22 20:40:23,518:INFO:127.0.0.1 - - [22/Apr/2023 20:40:23] "[33mGET /security/static/estilos.css HTTP/1.1[0m" 404 -
2023-04-22 20:40:23,567:INFO:127.0.0.1 - - [22/Apr/2023 20:40:23] "[36mGET /static/img/ej4.png HTTP/1.1[0m" 304 -
2023-04-22 20:40:23,574:INFO:127.0.0.1 - - [22/Apr/2023 20:40:23] "[33mGET /security/static/sweetalert2/sweetalert2.min.css HTTP/1.1[0m" 404 -
2023-04-22 20:40:23,585:INFO:127.0.0.1 - - [22/Apr/2023 20:40:23] "[33mGET /security/static/sweetalert2/sweetalert2.min.js HTTP/1.1[0m" 404 -
2023-04-22 20:40:23,586:INFO:127.0.0.1 - - [22/Apr/2023 20:40:23] "[36mGET /static/img/fondo5.jpg HTTP/1.1[0m" 304 -
2023-04-22 20:40:23,615:INFO:127.0.0.1 - - [22/Apr/2023 20:40:23] "[33mGET /security/static/estilos.css HTTP/1.1[0m" 404 -
2023-04-22 20:41:00,383:INFO:127.0.0.1 - - [22/Apr/2023 20:41:00] "GET /security/modificar_administracion_admin?id=1 HTTP/1.1" 200 -
2023-04-22 20:41:00,430:INFO:127.0.0.1 - - [22/Apr/2023 20:41:00] "[36mGET /static/bootstrap/css/bootstrap.min.css HTTP/1.1[0m" 304 -
2023-04-22 20:41:00,440:INFO:127.0.0.1 - - [22/Apr/2023 20:41:00] "[36mGET /static/bootstrap/css/bootstrap-responsive.min.css HTTP/1.1[0m" 304 -
2023-04-22 20:41:00,457:INFO:127.0.0.1 - - [22/Apr/2023 20:41:00] "[36mGET /static/bootstrap/css/styles.css HTTP/1.1[0m" 304 -
2023-04-22 20:41:00,473:INFO:127.0.0.1 - - [22/Apr/2023 20:41:00] "[36mGET /static/css/nav.css HTTP/1.1[0m" 304 -
2023-04-22 20:41:00,474:INFO:127.0.0.1 - - [22/Apr/2023 20:41:00] "[33mGET /security/static/sweetalert2/sweetalert2.min.css HTTP/1.1[0m" 404 -
2023-04-22 20:41:00,474:INFO:127.0.0.1 - - [22/Apr/2023 20:41:00] "[36mGET /static/css/carrusel.css HTTP/1.1[0m" 304 -
2023-04-22 20:41:00,482:INFO:127.0.0.1 - - [22/Apr/2023 20:41:00] "[36mGET /static/js/carrusel.js HTTP/1.1[0m" 304 -
2023-04-22 20:41:00,489:INFO:127.0.0.1 - - [22/Apr/2023 20:41:00] "[33mGET /security/static/sweetalert2/sweetalert2.min.js HTTP/1.1[0m" 404 -
2023-04-22 20:41:00,497:INFO:127.0.0.1 - - [22/Apr/2023 20:41:00] "[33mGET /security/static/estilos.css HTTP/1.1[0m" 404 -
2023-04-22 20:41:00,597:INFO:127.0.0.1 - - [22/Apr/2023 20:41:00] "[36mGET /static/img/ej4.png HTTP/1.1[0m" 304 -
2023-04-22 20:41:00,602:INFO:127.0.0.1 - - [22/Apr/2023 20:41:00] "[33mGET /security/static/sweetalert2/sweetalert2.min.css HTTP/1.1[0m" 404 -
2023-04-22 20:41:00,619:INFO:127.0.0.1 - - [22/Apr/2023 20:41:00] "[33mGET /security/static/sweetalert2/sweetalert2.min.js HTTP/1.1[0m" 404 -
2023-04-22 20:41:00,644:INFO:127.0.0.1 - - [22/Apr/2023 20:41:00] "[36mGET /static/img/fondo5.jpg HTTP/1.1[0m" 304 -
2023-04-22 20:41:00,665:INFO:127.0.0.1 - - [22/Apr/2023 20:41:00] "[33mGET /security/static/estilos.css HTTP/1.1[0m" 404 -
2023-04-22 20:41:07,875:INFO:127.0.0.1 - - [22/Apr/2023 20:41:07] "[35m[1mPOST /security/modificar_administracion_admin HTTP/1.1[0m" 500 -
2023-04-22 20:41:07,933:INFO:127.0.0.1 - - [22/Apr/2023 20:41:07] "[36mGET /security/modificar_administracion_admin?__debugger__=yes&cmd=resource&f=style.css HTTP/1.1[0m" 304 -
2023-04-22 20:41:07,943:INFO:127.0.0.1 - - [22/Apr/2023 20:41:07] "[36mGET /security/modificar_administracion_admin?__debugger__=yes&cmd=resource&f=debugger.js HTTP/1.1[0m" 304 -
2023-04-22 20:41:07,955:INFO:127.0.0.1 - - [22/Apr/2023 20:41:07] "[36mGET /security/modificar_administracion_admin?__debugger__=yes&cmd=resource&f=console.png HTTP/1.1[0m" 304 -
2023-04-22 20:41:34,863:INFO: * Detected change in 'C:\\curso_python\\Proyecto Final\\The_World_of_cakes\\project\\auth.py', reloading
2023-04-22 20:41:35,463:INFO: * Restarting with stat
2023-04-22 20:41:44,055:INFO:Se inicio la aplicacion
2023-04-22 20:41:44,081:WARNING: * Debugger is active!
2023-04-22 20:41:44,105:INFO: * Debugger PIN: 577-661-229
2023-04-22 20:41:52,257:INFO:127.0.0.1 - - [22/Apr/2023 20:41:52] "[32mGET /security/modificar_administracion_admin?id=1 HTTP/1.1[0m" 302 -
2023-04-22 20:41:52,330:INFO:127.0.0.1 - - [22/Apr/2023 20:41:52] "GET /login?next=%2Fsecurity%2Fmodificar_administracion_admin%3Fid%3D1 HTTP/1.1" 200 -
2023-04-22 20:41:57,179:INFO:127.0.0.1 - - [22/Apr/2023 20:41:57] "GET / HTTP/1.1" 200 -
2023-04-22 20:41:57,218:INFO:127.0.0.1 - - [22/Apr/2023 20:41:57] "[36mGET /static/bootstrap/css/bootstrap.min.css HTTP/1.1[0m" 304 -
2023-04-22 20:41:57,227:INFO:127.0.0.1 - - [22/Apr/2023 20:41:57] "[36mGET /static/bootstrap/css/bootstrap-responsive.min.css HTTP/1.1[0m" 304 -
2023-04-22 20:41:57,234:INFO:127.0.0.1 - - [22/Apr/2023 20:41:57] "[36mGET /static/bootstrap/css/styles.css HTTP/1.1[0m" 304 -
2023-04-22 20:41:57,238:INFO:127.0.0.1 - - [22/Apr/2023 20:41:57] "[36mGET /static/css/nav.css HTTP/1.1[0m" 304 -
2023-04-22 20:41:57,247:INFO:127.0.0.1 - - [22/Apr/2023 20:41:57] "[36mGET /static/css/carrusel.css HTTP/1.1[0m" 304 -
2023-04-22 20:41:57,267:INFO:127.0.0.1 - - [22/Apr/2023 20:41:57] "[36mGET /static/js/carrusel.js HTTP/1.1[0m" 304 -
2023-04-22 20:41:57,324:INFO:127.0.0.1 - - [22/Apr/2023 20:41:57] "[36mGET /static/img/ej4.png HTTP/1.1[0m" 304 -
2023-04-22 20:41:57,345:INFO:127.0.0.1 - - [22/Apr/2023 20:41:57] "[36mGET /static/img/fondo5.jpg HTTP/1.1[0m" 304 -
2023-04-22 20:41:57,361:INFO:127.0.0.1 - - [22/Apr/2023 20:41:57] "[36mGET /static/img/mision2.jpg HTTP/1.1[0m" 304 -
2023-04-22 20:41:57,364:INFO:127.0.0.1 - - [22/Apr/2023 20:41:57] "[36mGET /static/img/vision.png HTTP/1.1[0m" 304 -
2023-04-22 20:42:00,086:INFO:127.0.0.1 - - [22/Apr/2023 20:42:00] "GET /security/login HTTP/1.1" 200 -
2023-04-22 20:42:00,144:INFO:127.0.0.1 - - [22/Apr/2023 20:42:00] "[36mGET /static/bootstrap/css/bootstrap.min.css HTTP/1.1[0m" 304 -
2023-04-22 20:42:00,146:INFO:127.0.0.1 - - [22/Apr/2023 20:42:00] "[36mGET /static/bootstrap/css/bootstrap-responsive.min.css HTTP/1.1[0m" 304 -
2023-04-22 20:42:00,160:INFO:127.0.0.1 - - [22/Apr/2023 20:42:00] "[36mGET /static/bootstrap/css/styles.css HTTP/1.1[0m" 304 -
2023-04-22 20:42:00,174:INFO:127.0.0.1 - - [22/Apr/2023 20:42:00] "[36mGET /static/css/nav.css HTTP/1.1[0m" 304 -
2023-04-22 20:42:00,181:INFO:127.0.0.1 - - [22/Apr/2023 20:42:00] "[36mGET /static/css/carrusel.css HTTP/1.1[0m" 304 -
2023-04-22 20:42:00,190:INFO:127.0.0.1 - - [22/Apr/2023 20:42:00] "[36mGET /static/js/carrusel.js HTTP/1.1[0m" 304 -
2023-04-22 20:42:00,195:INFO:127.0.0.1 - - [22/Apr/2023 20:42:00] "[33mGET /security/static/estilos.css HTTP/1.1[0m" 404 -
2023-04-22 20:42:00,221:INFO:127.0.0.1 - - [22/Apr/2023 20:42:00] "[36mGET /static/img/ej4.png HTTP/1.1[0m" 304 -
2023-04-22 20:42:00,244:INFO:127.0.0.1 - - [22/Apr/2023 20:42:00] "[36mGET /static/img/fondo5.jpg HTTP/1.1[0m" 304 -
2023-04-22 20:42:03,973:DEBUG:El usuario FernandoLP.mx@outlook.com ingreso al sistema
2023-04-22 20:42:03,974:INFO:127.0.0.1 - - [22/Apr/2023 20:42:03] "[32mPOST /security/login HTTP/1.1[0m" 302 -
2023-04-22 20:42:03,985:INFO:127.0.0.1 - - [22/Apr/2023 20:42:03] "GET / HTTP/1.1" 200 -
2023-04-22 20:42:04,040:INFO:127.0.0.1 - - [22/Apr/2023 20:42:04] "[36mGET /static/bootstrap/css/bootstrap.min.css HTTP/1.1[0m" 304 -
2023-04-22 20:42:04,055:INFO:127.0.0.1 - - [22/Apr/2023 20:42:04] "[36mGET /static/bootstrap/css/bootstrap-responsive.min.css HTTP/1.1[0m" 304 -
2023-04-22 20:42:04,057:INFO:127.0.0.1 - - [22/Apr/2023 20:42:04] "[36mGET /static/css/nav.css HTTP/1.1[0m" 304 -
2023-04-22 20:42:04,066:INFO:127.0.0.1 - - [22/Apr/2023 20:42:04] "[36mGET /static/bootstrap/css/styles.css HTTP/1.1[0m" 304 -
2023-04-22 20:42:04,073:INFO:127.0.0.1 - - [22/Apr/2023 20:42:04] "[36mGET /static/css/carrusel.css HTTP/1.1[0m" 304 -
2023-04-22 20:42:04,081:INFO:127.0.0.1 - - [22/Apr/2023 20:42:04] "[36mGET /static/js/carrusel.js HTTP/1.1[0m" 304 -
2023-04-22 20:42:04,143:INFO:127.0.0.1 - - [22/Apr/2023 20:42:04] "[36mGET /static/img/ej4.png HTTP/1.1[0m" 304 -
2023-04-22 20:42:04,143:INFO:127.0.0.1 - - [22/Apr/2023 20:42:04] "[36mGET /static/img/mision2.jpg HTTP/1.1[0m" 304 -
2023-04-22 20:42:04,157:INFO:127.0.0.1 - - [22/Apr/2023 20:42:04] "[36mGET /static/img/vision.png HTTP/1.1[0m" 304 -
2023-04-22 20:42:04,163:INFO:127.0.0.1 - - [22/Apr/2023 20:42:04] "[36mGET /static/img/fondo5.jpg HTTP/1.1[0m" 304 -
2023-04-22 20:42:06,768:INFO:127.0.0.1 - - [22/Apr/2023 20:42:06] "GET /security/administracion_admin HTTP/1.1" 200 -
2023-04-22 20:42:06,838:INFO:127.0.0.1 - - [22/Apr/2023 20:42:06] "[36mGET /static/bootstrap/css/styles.css HTTP/1.1[0m" 304 -
2023-04-22 20:42:06,842:INFO:127.0.0.1 - - [22/Apr/2023 20:42:06] "[36mGET /static/bootstrap/css/bootstrap-responsive.min.css HTTP/1.1[0m" 304 -
2023-04-22 20:42:06,846:INFO:127.0.0.1 - - [22/Apr/2023 20:42:06] "[36mGET /static/bootstrap/css/bootstrap.min.css HTTP/1.1[0m" 304 -
2023-04-22 20:42:06,862:INFO:127.0.0.1 - - [22/Apr/2023 20:42:06] "[36mGET /static/css/nav.css HTTP/1.1[0m" 304 -
2023-04-22 20:42:06,895:INFO:127.0.0.1 - - [22/Apr/2023 20:42:06] "[36mGET /static/js/carrusel.js HTTP/1.1[0m" 304 -
2023-04-22 20:42:06,896:INFO:127.0.0.1 - - [22/Apr/2023 20:42:06] "[36mGET /static/css/carrusel.css HTTP/1.1[0m" 304 -
2023-04-22 20:42:06,897:INFO:127.0.0.1 - - [22/Apr/2023 20:42:06] "[33mGET /security/static/sweetalert2/sweetalert2.min.css HTTP/1.1[0m" 404 -
2023-04-22 20:42:06,914:INFO:127.0.0.1 - - [22/Apr/2023 20:42:06] "[33mGET /security/static/sweetalert2/sweetalert2.min.js HTTP/1.1[0m" 404 -
2023-04-22 20:42:06,930:INFO:127.0.0.1 - - [22/Apr/2023 20:42:06] "[33mGET /security/static/estilos.css HTTP/1.1[0m" 404 -
2023-04-22 20:42:06,979:INFO:127.0.0.1 - - [22/Apr/2023 20:42:06] "[33mGET /security/static/sweetalert2/sweetalert2.min.js HTTP/1.1[0m" 404 -
2023-04-22 20:42:06,982:INFO:127.0.0.1 - - [22/Apr/2023 20:42:06] "[33mGET /security/static/sweetalert2/sweetalert2.min.css HTTP/1.1[0m" 404 -
2023-04-22 20:42:06,983:INFO:127.0.0.1 - - [22/Apr/2023 20:42:06] "[36mGET /static/img/ej4.png HTTP/1.1[0m" 304 -
2023-04-22 20:42:06,999:INFO:127.0.0.1 - - [22/Apr/2023 20:42:06] "[36mGET /static/img/fondo5.jpg HTTP/1.1[0m" 304 -
2023-04-22 20:42:07,052:INFO:127.0.0.1 - - [22/Apr/2023 20:42:07] "[33mGET /security/static/estilos.css HTTP/1.1[0m" 404 -
2023-04-22 20:42:07,090:INFO:127.0.0.1 - - [22/Apr/2023 20:42:07] "[36mGET /static/bootstrap/img/glyphicons-halflings-white.png HTTP/1.1[0m" 304 -
2023-04-22 20:42:09,047:INFO:127.0.0.1 - - [22/Apr/2023 20:42:09] "GET /security/modificar_administracion_admin?id=1 HTTP/1.1" 200 -
2023-04-22 20:42:09,096:INFO:127.0.0.1 - - [22/Apr/2023 20:42:09] "[36mGET /static/bootstrap/css/bootstrap.min.css HTTP/1.1[0m" 304 -
2023-04-22 20:42:09,140:INFO:127.0.0.1 - - [22/Apr/2023 20:42:09] "[36mGET /static/bootstrap/css/bootstrap-responsive.min.css HTTP/1.1[0m" 304 -
2023-04-22 20:42:09,142:INFO:127.0.0.1 - - [22/Apr/2023 20:42:09] "[36mGET /static/bootstrap/css/styles.css HTTP/1.1[0m" 304 -
2023-04-22 20:42:09,149:INFO:127.0.0.1 - - [22/Apr/2023 20:42:09] "[36mGET /static/css/nav.css HTTP/1.1[0m" 304 -
2023-04-22 20:42:09,159:INFO:127.0.0.1 - - [22/Apr/2023 20:42:09] "[36mGET /static/css/carrusel.css HTTP/1.1[0m" 304 -
2023-04-22 20:42:09,179:INFO:127.0.0.1 - - [22/Apr/2023 20:42:09] "[36mGET /static/js/carrusel.js HTTP/1.1[0m" 304 -
2023-04-22 20:42:09,181:INFO:127.0.0.1 - - [22/Apr/2023 20:42:09] "[33mGET /security/static/sweetalert2/sweetalert2.min.css HTTP/1.1[0m" 404 -
2023-04-22 20:42:09,195:INFO:127.0.0.1 - - [22/Apr/2023 20:42:09] "[33mGET /security/static/sweetalert2/sweetalert2.min.js HTTP/1.1[0m" 404 -
2023-04-22 20:42:09,207:INFO:127.0.0.1 - - [22/Apr/2023 20:42:09] "[33mGET /security/static/estilos.css HTTP/1.1[0m" 404 -
2023-04-22 20:42:09,240:INFO:127.0.0.1 - - [22/Apr/2023 20:42:09] "[36mGET /static/img/ej4.png HTTP/1.1[0m" 304 -
2023-04-22 20:42:09,250:INFO:127.0.0.1 - - [22/Apr/2023 20:42:09] "[36mGET /static/img/fondo5.jpg HTTP/1.1[0m" 304 -
2023-04-22 20:42:18,199:INFO:127.0.0.1 - - [22/Apr/2023 20:42:18] "[35m[1mPOST /security/modificar_administracion_admin HTTP/1.1[0m" 500 -
2023-04-22 20:42:18,246:INFO:127.0.0.1 - - [22/Apr/2023 20:42:18] "[36mGET /security/modificar_administracion_admin?__debugger__=yes&cmd=resource&f=style.css HTTP/1.1[0m" 304 -
2023-04-22 20:42:18,251:INFO:127.0.0.1 - - [22/Apr/2023 20:42:18] "[36mGET /security/modificar_administracion_admin?__debugger__=yes&cmd=resource&f=debugger.js HTTP/1.1[0m" 304 -
2023-04-22 20:42:18,268:INFO:127.0.0.1 - - [22/Apr/2023 20:42:18] "[36mGET /security/modificar_administracion_admin?__debugger__=yes&cmd=resource&f=console.png HTTP/1.1[0m" 304 -
2023-04-22 20:42:34,062:INFO: * Detected change in 'C:\\curso_python\\Proyecto Final\\The_World_of_cakes\\project\\auth.py', reloading
2023-04-22 20:42:34,447:INFO: * Restarting with stat
2023-04-22 20:42:37,741:INFO:Se inicio la aplicacion
2023-04-22 20:42:37,754:WARNING: * Debugger is active!
2023-04-22 20:42:37,762:INFO: * Debugger PIN: 577-661-229
2023-04-22 20:43:33,994:INFO: * Detected change in 'C:\\curso_python\\Proyecto Final\\The_World_of_cakes\\project\\auth.py', reloading
2023-04-22 20:43:34,190:INFO: * Restarting with stat
2023-04-22 20:43:37,304:INFO:Se inicio la aplicacion
2023-04-22 20:43:37,316:WARNING: * Debugger is active!
2023-04-22 20:43:37,322:INFO: * Debugger PIN: 577-661-229
2023-04-22 20:44:14,603:INFO:127.0.0.1 - - [22/Apr/2023 20:44:14] "[32mPOST /security/modificar_administracion_admin HTTP/1.1[0m" 302 -
2023-04-22 20:44:14,641:INFO:127.0.0.1 - - [22/Apr/2023 20:44:14] "GET /login?next=%2Fsecurity%2Fmodificar_administracion_admin HTTP/1.1" 200 -
2023-04-22 20:44:21,212:INFO:127.0.0.1 - - [22/Apr/2023 20:44:21] "GET / HTTP/1.1" 200 -
2023-04-22 20:44:21,288:INFO:127.0.0.1 - - [22/Apr/2023 20:44:21] "[36mGET /static/bootstrap/css/bootstrap.min.css HTTP/1.1[0m" 304 -
2023-04-22 20:44:21,295:INFO:127.0.0.1 - - [22/Apr/2023 20:44:21] "[36mGET /static/bootstrap/css/bootstrap-responsive.min.css HTTP/1.1[0m" 304 -
2023-04-22 20:44:21,297:INFO:127.0.0.1 - - [22/Apr/2023 20:44:21] "[36mGET /static/bootstrap/css/styles.css HTTP/1.1[0m" 304 -
2023-04-22 20:44:21,304:INFO:127.0.0.1 - - [22/Apr/2023 20:44:21] "[36mGET /static/css/nav.css HTTP/1.1[0m" 304 -
2023-04-22 20:44:21,321:INFO:127.0.0.1 - - [22/Apr/2023 20:44:21] "[36mGET /static/css/carrusel.css HTTP/1.1[0m" 304 -
2023-04-22 20:44:21,325:INFO:127.0.0.1 - - [22/Apr/2023 20:44:21] "[36mGET /static/js/carrusel.js HTTP/1.1[0m" 304 -
2023-04-22 20:44:21,365:INFO:127.0.0.1 - - [22/Apr/2023 20:44:21] "[36mGET /static/img/mision2.jpg HTTP/1.1[0m" 304 -
2023-04-22 20:44:21,376:INFO:127.0.0.1 - - [22/Apr/2023 20:44:21] "[36mGET /static/img/ej4.png HTTP/1.1[0m" 304 -
2023-04-22 20:44:21,378:INFO:127.0.0.1 - - [22/Apr/2023 20:44:21] "[36mGET /static/img/vision.png HTTP/1.1[0m" 304 -
2023-04-22 20:44:21,382:INFO:127.0.0.1 - - [22/Apr/2023 20:44:21] "[36mGET /static/img/fondo5.jpg HTTP/1.1[0m" 304 -
2023-04-22 20:44:24,084:INFO:127.0.0.1 - - [22/Apr/2023 20:44:24] "GET /security/login HTTP/1.1" 200 -
2023-04-22 20:44:24,124:INFO:127.0.0.1 - - [22/Apr/2023 20:44:24] "[36mGET /static/bootstrap/css/bootstrap.min.css HTTP/1.1[0m" 304 -
2023-04-22 20:44:24,129:INFO:127.0.0.1 - - [22/Apr/2023 20:44:24] "[36mGET /static/bootstrap/css/bootstrap-responsive.min.css HTTP/1.1[0m" 304 -
2023-04-22 20:44:24,133:INFO:127.0.0.1 - - [22/Apr/2023 20:44:24] "[36mGET /static/bootstrap/css/styles.css HTTP/1.1[0m" 304 -
2023-04-22 20:44:24,146:INFO:127.0.0.1 - - [22/Apr/2023 20:44:24] "[36mGET /static/css/nav.css HTTP/1.1[0m" 304 -
2023-04-22 20:44:24,150:INFO:127.0.0.1 - - [22/Apr/2023 20:44:24] "[36mGET /static/css/carrusel.css HTTP/1.1[0m" 304 -
2023-04-22 20:44:24,169:INFO:127.0.0.1 - - [22/Apr/2023 20:44:24] "[36mGET /static/js/carrusel.js HTTP/1.1[0m" 304 -
2023-04-22 20:44:24,173:INFO:127.0.0.1 - - [22/Apr/2023 20:44:24] "[33mGET /security/static/estilos.css HTTP/1.1[0m" 404 -
2023-04-22 20:44:24,200:INFO:127.0.0.1 - - [22/Apr/2023 20:44:24] "[33mGET /security/static/estilos.css HTTP/1.1[0m" 404 -
2023-04-22 20:44:24,205:INFO:127.0.0.1 - - [22/Apr/2023 20:44:24] "[36mGET /static/img/ej4.png HTTP/1.1[0m" 304 -
2023-04-22 20:44:24,225:INFO:127.0.0.1 - - [22/Apr/2023 20:44:24] "[36mGET /static/img/fondo5.jpg HTTP/1.1[0m" 304 -
2023-04-22 20:44:30,122:DEBUG:El usuario FernandoLP.mx@outlook.com ingreso al sistema
2023-04-22 20:44:30,123:INFO:127.0.0.1 - - [22/Apr/2023 20:44:30] "[32mPOST /security/login HTTP/1.1[0m" 302 -
2023-04-22 20:44:30,133:INFO:127.0.0.1 - - [22/Apr/2023 20:44:30] "GET / HTTP/1.1" 200 -
2023-04-22 20:44:30,187:INFO:127.0.0.1 - - [22/Apr/2023 20:44:30] "[36mGET /static/bootstrap/css/bootstrap-responsive.min.css HTTP/1.1[0m" 304 -
2023-04-22 20:44:30,195:INFO:127.0.0.1 - - [22/Apr/2023 20:44:30] "[36mGET /static/bootstrap/css/bootstrap.min.css HTTP/1.1[0m" 304 -
2023-04-22 20:44:30,210:INFO:127.0.0.1 - - [22/Apr/2023 20:44:30] "[36mGET /static/bootstrap/css/styles.css HTTP/1.1[0m" 304 -
2023-04-22 20:44:30,215:INFO:127.0.0.1 - - [22/Apr/2023 20:44:30] "[36mGET /static/css/nav.css HTTP/1.1[0m" 304 -
2023-04-22 20:44:30,221:INFO:127.0.0.1 - - [22/Apr/2023 20:44:30] "[36mGET /static/css/carrusel.css HTTP/1.1[0m" 304 -
2023-04-22 20:44:30,229:INFO:127.0.0.1 - - [22/Apr/2023 20:44:30] "[36mGET /static/js/carrusel.js HTTP/1.1[0m" 304 -
2023-04-22 20:44:30,306:INFO:127.0.0.1 - - [22/Apr/2023 20:44:30] "[36mGET /static/img/ej4.png HTTP/1.1[0m" 304 -
2023-04-22 20:44:30,307:INFO:127.0.0.1 - - [22/Apr/2023 20:44:30] "[36mGET /static/img/mision2.jpg HTTP/1.1[0m" 304 -
2023-04-22 20:44:30,320:INFO:127.0.0.1 - - [22/Apr/2023 20:44:30] "[36mGET /static/img/fondo5.jpg HTTP/1.1[0m" 304 -
2023-04-22 20:44:30,321:INFO:127.0.0.1 - - [22/Apr/2023 20:44:30] "[36mGET /static/img/vision.png HTTP/1.1[0m" 304 -
2023-04-22 20:44:33,348:INFO:127.0.0.1 - - [22/Apr/2023 20:44:33] "GET /security/administracion_admin HTTP/1.1" 200 -
2023-04-22 20:44:33,424:INFO:127.0.0.1 - - [22/Apr/2023 20:44:33] "[36mGET /static/bootstrap/css/bootstrap.min.css HTTP/1.1[0m" 304 -
2023-04-22 20:44:33,424:INFO:127.0.0.1 - - [22/Apr/2023 20:44:33] "[36mGET /static/bootstrap/css/bootstrap-responsive.min.css HTTP/1.1[0m" 304 -
2023-04-22 20:44:33,433:INFO:127.0.0.1 - - [22/Apr/2023 20:44:33] "[36mGET /static/bootstrap/css/styles.css HTTP/1.1[0m" 304 -
2023-04-22 20:44:33,433:INFO:127.0.0.1 - - [22/Apr/2023 20:44:33] "[36mGET /static/css/nav.css HTTP/1.1[0m" 304 -
2023-04-22 20:44:33,454:INFO:127.0.0.1 - - [22/Apr/2023 20:44:33] "[36mGET /static/css/carrusel.css HTTP/1.1[0m" 304 -
2023-04-22 20:44:33,456:INFO:127.0.0.1 - - [22/Apr/2023 20:44:33] "[36mGET /static/js/carrusel.js HTTP/1.1[0m" 304 -
2023-04-22 20:44:33,470:INFO:127.0.0.1 - - [22/Apr/2023 20:44:33] "[33mGET /security/static/sweetalert2/sweetalert2.min.css HTTP/1.1[0m" 404 -
2023-04-22 20:44:33,471:INFO:127.0.0.1 - - [22/Apr/2023 20:44:33] "[33mGET /security/static/sweetalert2/sweetalert2.min.js HTTP/1.1[0m" 404 -
2023-04-22 20:44:33,474:INFO:127.0.0.1 - - [22/Apr/2023 20:44:33] "[33mGET /security/static/estilos.css HTTP/1.1[0m" 404 -
2023-04-22 20:44:33,579:INFO:127.0.0.1 - - [22/Apr/2023 20:44:33] "[33mGET /security/static/sweetalert2/sweetalert2.min.css HTTP/1.1[0m" 404 -
2023-04-22 20:44:33,580:INFO:127.0.0.1 - - [22/Apr/2023 20:44:33] "[36mGET /static/img/ej4.png HTTP/1.1[0m" 304 -
2023-04-22 20:44:33,606:INFO:127.0.0.1 - - [22/Apr/2023 20:44:33] "[33mGET /security/static/sweetalert2/sweetalert2.min.js HTTP/1.1[0m" 404 -
2023-04-22 20:44:33,628:INFO:127.0.0.1 - - [22/Apr/2023 20:44:33] "[36mGET /static/img/fondo5.jpg HTTP/1.1[0m" 304 -
2023-04-22 20:44:33,643:INFO:127.0.0.1 - - [22/Apr/2023 20:44:33] "[33mGET /security/static/estilos.css HTTP/1.1[0m" 404 -
2023-04-22 20:44:33,653:INFO:127.0.0.1 - - [22/Apr/2023 20:44:33] "[36mGET /static/bootstrap/img/glyphicons-halflings-white.png HTTP/1.1[0m" 304 -
2023-04-22 20:44:35,114:INFO:127.0.0.1 - - [22/Apr/2023 20:44:35] "GET /security/modificar_administracion_admin?id=2 HTTP/1.1" 200 -
2023-04-22 20:44:35,180:INFO:127.0.0.1 - - [22/Apr/2023 20:44:35] "[36mGET /static/bootstrap/css/bootstrap.min.css HTTP/1.1[0m" 304 -
2023-04-22 20:44:35,208:INFO:127.0.0.1 - - [22/Apr/2023 20:44:35] "[36mGET /static/bootstrap/css/bootstrap-responsive.min.css HTTP/1.1[0m" 304 -
2023-04-22 20:44:35,213:INFO:127.0.0.1 - - [22/Apr/2023 20:44:35] "[36mGET /static/bootstrap/css/styles.css HTTP/1.1[0m" 304 -
2023-04-22 20:44:35,220:INFO:127.0.0.1 - - [22/Apr/2023 20:44:35] "[36mGET /static/css/nav.css HTTP/1.1[0m" 304 -
2023-04-22 20:44:35,234:INFO:127.0.0.1 - - [22/Apr/2023 20:44:35] "[36mGET /static/css/carrusel.css HTTP/1.1[0m" 304 -
2023-04-22 20:44:35,260:INFO:127.0.0.1 - - [22/Apr/2023 20:44:35] "[36mGET /static/js/carrusel.js HTTP/1.1[0m" 304 -
2023-04-22 20:44:35,261:INFO:127.0.0.1 - - [22/Apr/2023 20:44:35] "[33mGET /security/static/sweetalert2/sweetalert2.min.css HTTP/1.1[0m" 404 -
2023-04-22 20:44:35,277:INFO:127.0.0.1 - - [22/Apr/2023 20:44:35] "[33mGET /security/static/sweetalert2/sweetalert2.min.js HTTP/1.1[0m" 404 -
2023-04-22 20:44:35,297:INFO:127.0.0.1 - - [22/Apr/2023 20:44:35] "[33mGET /security/static/estilos.css HTTP/1.1[0m" 404 -
2023-04-22 20:44:35,327:INFO:127.0.0.1 - - [22/Apr/2023 20:44:35] "[36mGET /static/img/ej4.png HTTP/1.1[0m" 304 -
2023-04-22 20:44:35,356:INFO:127.0.0.1 - - [22/Apr/2023 20:44:35] "[36mGET /static/img/fondo5.jpg HTTP/1.1[0m" 304 -
2023-04-22 20:44:39,920:INFO:127.0.0.1 - - [22/Apr/2023 20:44:39] "[35m[1mPOST /security/modificar_administracion_admin HTTP/1.1[0m" 500 -
2023-04-22 20:44:39,974:INFO:127.0.0.1 - - [22/Apr/2023 20:44:39] "[36mGET /security/modificar_administracion_admin?__debugger__=yes&cmd=resource&f=style.css HTTP/1.1[0m" 304 -
2023-04-22 20:44:39,979:INFO:127.0.0.1 - - [22/Apr/2023 20:44:39] "[36mGET /security/modificar_administracion_admin?__debugger__=yes&cmd=resource&f=debugger.js HTTP/1.1[0m" 304 -
2023-04-22 20:44:40,002:INFO:127.0.0.1 - - [22/Apr/2023 20:44:40] "[36mGET /security/modificar_administracion_admin?__debugger__=yes&cmd=resource&f=console.png HTTP/1.1[0m" 304 -
2023-04-22 20:44:49,080:INFO: * Detected change in 'C:\\curso_python\\Proyecto Final\\The_World_of_cakes\\project\\auth.py', reloading
2023-04-22 20:44:49,343:INFO: * Restarting with stat
2023-04-22 20:44:52,523:INFO:Se inicio la aplicacion
2023-04-22 20:44:52,539:WARNING: * Debugger is active!
2023-04-22 20:44:52,546:INFO: * Debugger PIN: 577-661-229
2023-04-22 20:45:20,481:INFO: * Detected change in 'C:\\curso_python\\Proyecto Final\\The_World_of_cakes\\project\\auth.py', reloading
2023-04-22 20:45:20,691:INFO: * Restarting with stat
2023-04-22 20:45:24,259:INFO:Se inicio la aplicacion
2023-04-22 20:45:24,271:WARNING: * Debugger is active!
2023-04-22 20:45:24,276:INFO: * Debugger PIN: 577-661-229
2023-04-22 20:45:24,402:INFO:127.0.0.1 - - [22/Apr/2023 20:45:24] "[32mGET /security/modificar_administracion_admin HTTP/1.1[0m" 302 -
2023-04-22 20:45:24,440:INFO:127.0.0.1 - - [22/Apr/2023 20:45:24] "GET /login?next=%2Fsecurity%2Fmodificar_administracion_admin HTTP/1.1" 200 -
2023-04-22 20:45:29,608:INFO:127.0.0.1 - - [22/Apr/2023 20:45:29] "GET / HTTP/1.1" 200 -
2023-04-22 20:45:29,659:INFO:127.0.0.1 - - [22/Apr/2023 20:45:29] "[36mGET /static/bootstrap/css/bootstrap.min.css HTTP/1.1[0m" 304 -
2023-04-22 20:45:29,662:INFO:127.0.0.1 - - [22/Apr/2023 20:45:29] "[36mGET /static/bootstrap/css/bootstrap-responsive.min.css HTTP/1.1[0m" 304 -
2023-04-22 20:45:29,664:INFO:127.0.0.1 - - [22/Apr/2023 20:45:29] "[36mGET /static/bootstrap/css/styles.css HTTP/1.1[0m" 304 -
2023-04-22 20:45:29,670:INFO:127.0.0.1 - - [22/Apr/2023 20:45:29] "[36mGET /static/css/nav.css HTTP/1.1[0m" 304 -
2023-04-22 20:45:29,677:INFO:127.0.0.1 - - [22/Apr/2023 20:45:29] "[36mGET /static/css/carrusel.css HTTP/1.1[0m" 304 -
2023-04-22 20:45:29,685:INFO:127.0.0.1 - - [22/Apr/2023 20:45:29] "[36mGET /static/js/carrusel.js HTTP/1.1[0m" 304 -
2023-04-22 20:45:29,716:INFO:127.0.0.1 - - [22/Apr/2023 20:45:29] "[36mGET /static/img/ej4.png HTTP/1.1[0m" 304 -
2023-04-22 20:45:29,725:INFO:127.0.0.1 - - [22/Apr/2023 20:45:29] "[36mGET /static/img/mision2.jpg HTTP/1.1[0m" 304 -
2023-04-22 20:45:29,729:INFO:127.0.0.1 - - [22/Apr/2023 20:45:29] "[36mGET /static/img/vision.png HTTP/1.1[0m" 304 -
2023-04-22 20:45:29,731:INFO:127.0.0.1 - - [22/Apr/2023 20:45:29] "[36mGET /static/img/fondo5.jpg HTTP/1.1[0m" 304 -
2023-04-22 20:45:48,215:INFO:127.0.0.1 - - [22/Apr/2023 20:45:48] "GET /security/login HTTP/1.1" 200 -
2023-04-22 20:45:48,305:INFO:127.0.0.1 - - [22/Apr/2023 20:45:48] "[36mGET /static/bootstrap/css/bootstrap.min.css HTTP/1.1[0m" 304 -
2023-04-22 20:45:48,331:INFO:127.0.0.1 - - [22/Apr/2023 20:45:48] "[36mGET /static/bootstrap/css/styles.css HTTP/1.1[0m" 304 -
2023-04-22 20:45:48,335:INFO:127.0.0.1 - - [22/Apr/2023 20:45:48] "[36mGET /static/css/nav.css HTTP/1.1[0m" 304 -
2023-04-22 20:45:48,335:INFO:127.0.0.1 - - [22/Apr/2023 20:45:48] "[36mGET /static/bootstrap/css/bootstrap-responsive.min.css HTTP/1.1[0m" 304 -
2023-04-22 20:45:48,347:INFO:127.0.0.1 - - [22/Apr/2023 20:45:48] "[36mGET /static/css/carrusel.css HTTP/1.1[0m" 304 -
2023-04-22 20:45:48,356:INFO:127.0.0.1 - - [22/Apr/2023 20:45:48] "[33mGET /security/static/estilos.css HTTP/1.1[0m" 404 -
2023-04-22 20:45:48,357:INFO:127.0.0.1 - - [22/Apr/2023 20:45:48] "[36mGET /static/js/carrusel.js HTTP/1.1[0m" 304 -
2023-04-22 20:45:48,392:INFO:127.0.0.1 - - [22/Apr/2023 20:45:48] "[33mGET /security/static/estilos.css HTTP/1.1[0m" 404 -
2023-04-22 20:45:48,409:INFO:127.0.0.1 - - [22/Apr/2023 20:45:48] "[36mGET /static/img/ej4.png HTTP/1.1[0m" 304 -
2023-04-22 20:45:48,450:INFO:127.0.0.1 - - [22/Apr/2023 20:45:48] "[36mGET /static/img/fondo5.jpg HTTP/1.1[0m" 304 -
2023-04-22 20:45:53,967:WARNING:Acceso fallido
2023-04-22 20:45:53,969:INFO:127.0.0.1 - - [22/Apr/2023 20:45:53] "[32mPOST /security/login HTTP/1.1[0m" 302 -
2023-04-22 20:45:53,975:INFO:127.0.0.1 - - [22/Apr/2023 20:45:53] "GET /security/login HTTP/1.1" 200 -
2023-04-22 20:45:54,029:INFO:127.0.0.1 - - [22/Apr/2023 20:45:54] "[36mGET /static/bootstrap/css/bootstrap.min.css HTTP/1.1[0m" 304 -
2023-04-22 20:45:54,045:INFO:127.0.0.1 - - [22/Apr/2023 20:45:54] "[36mGET /static/bootstrap/css/styles.css HTTP/1.1[0m" 304 -
2023-04-22 20:45:54,046:INFO:127.0.0.1 - - [22/Apr/2023 20:45:54] "[36mGET /static/bootstrap/css/bootstrap-responsive.min.css HTTP/1.1[0m" 304 -
2023-04-22 20:45:54,053:INFO:127.0.0.1 - - [22/Apr/2023 20:45:54] "[36mGET /static/css/nav.css HTTP/1.1[0m" 304 -
2023-04-22 20:45:54,055:INFO:127.0.0.1 - - [22/Apr/2023 20:45:54] "[36mGET /static/css/carrusel.css HTTP/1.1[0m" 304 -
2023-04-22 20:45:54,069:INFO:127.0.0.1 - - [22/Apr/2023 20:45:54] "[36mGET /static/js/carrusel.js HTTP/1.1[0m" 304 -
2023-04-22 20:45:54,073:INFO:127.0.0.1 - - [22/Apr/2023 20:45:54] "[33mGET /security/static/estilos.css HTTP/1.1[0m" 404 -
2023-04-22 20:45:54,096:INFO:127.0.0.1 - - [22/Apr/2023 20:45:54] "[36mGET /static/img/ej4.png HTTP/1.1[0m" 304 -
2023-04-22 20:45:54,155:INFO:127.0.0.1 - - [22/Apr/2023 20:45:54] "[36mGET /static/img/fondo5.jpg HTTP/1.1[0m" 304 -
2023-04-22 20:45:58,226:DEBUG:El usuario FernandoLP.mx@outlook.com ingreso al sistema
2023-04-22 20:45:58,228:INFO:127.0.0.1 - - [22/Apr/2023 20:45:58] "[32mPOST /security/login HTTP/1.1[0m" 302 -
2023-04-22 20:45:58,238:INFO:127.0.0.1 - - [22/Apr/2023 20:45:58] "GET / HTTP/1.1" 200 -
2023-04-22 20:45:58,302:INFO:127.0.0.1 - - [22/Apr/2023 20:45:58] "[36mGET /static/bootstrap/css/bootstrap.min.css HTTP/1.1[0m" 304 -
2023-04-22 20:45:58,319:INFO:127.0.0.1 - - [22/Apr/2023 20:45:58] "[36mGET /static/bootstrap/css/bootstrap-responsive.min.css HTTP/1.1[0m" 304 -
2023-04-22 20:45:58,321:INFO:127.0.0.1 - - [22/Apr/2023 20:45:58] "[36mGET /static/bootstrap/css/styles.css HTTP/1.1[0m" 304 -
2023-04-22 20:45:58,328:INFO:127.0.0.1 - - [22/Apr/2023 20:45:58] "[36mGET /static/css/nav.css HTTP/1.1[0m" 304 -
2023-04-22 20:45:58,334:INFO:127.0.0.1 - - [22/Apr/2023 20:45:58] "[36mGET /static/css/carrusel.css HTTP/1.1[0m" 304 -
2023-04-22 20:45:58,338:INFO:127.0.0.1 - - [22/Apr/2023 20:45:58] "[36mGET /static/js/carrusel.js HTTP/1.1[0m" 304 -
2023-04-22 20:45:58,379:INFO:127.0.0.1 - - [22/Apr/2023 20:45:58] "[36mGET /static/img/mision2.jpg HTTP/1.1[0m" 304 -
2023-04-22 20:45:58,382:INFO:127.0.0.1 - - [22/Apr/2023 20:45:58] "[36mGET /static/img/ej4.png HTTP/1.1[0m" 304 -
2023-04-22 20:45:58,403:INFO:127.0.0.1 - - [22/Apr/2023 20:45:58] "[36mGET /static/img/vision.png HTTP/1.1[0m" 304 -
2023-04-22 20:45:58,403:INFO:127.0.0.1 - - [22/Apr/2023 20:45:58] "[36mGET /static/img/fondo5.jpg HTTP/1.1[0m" 304 -
2023-04-22 20:45:59,892:INFO:127.0.0.1 - - [22/Apr/2023 20:45:59] "GET /security/administracion_admin HTTP/1.1" 200 -
2023-04-22 20:45:59,962:INFO:127.0.0.1 - - [22/Apr/2023 20:45:59] "[36mGET /static/bootstrap/css/bootstrap.min.css HTTP/1.1[0m" 304 -
2023-04-22 20:45:59,970:INFO:127.0.0.1 - - [22/Apr/2023 20:45:59] "[36mGET /static/bootstrap/css/bootstrap-responsive.min.css HTTP/1.1[0m" 304 -
2023-04-22 20:45:59,972:INFO:127.0.0.1 - - [22/Apr/2023 20:45:59] "[36mGET /static/bootstrap/css/styles.css HTTP/1.1[0m" 304 -
2023-04-22 20:45:59,976:INFO:127.0.0.1 - - [22/Apr/2023 20:45:59] "[36mGET /static/css/nav.css HTTP/1.1[0m" 304 -
2023-04-22 20:45:59,997:INFO:127.0.0.1 - - [22/Apr/2023 20:45:59] "[36mGET /static/css/carrusel.css HTTP/1.1[0m" 304 -
2023-04-22 20:46:00,002:INFO:127.0.0.1 - - [22/Apr/2023 20:46:00] "[33mGET /security/static/sweetalert2/sweetalert2.min.js HTTP/1.1[0m" 404 -
2023-04-22 20:46:00,006:INFO:127.0.0.1 - - [22/Apr/2023 20:46:00] "[36mGET /static/js/carrusel.js HTTP/1.1[0m" 304 -
2023-04-22 20:46:00,006:INFO:127.0.0.1 - - [22/Apr/2023 20:46:00] "[33mGET /security/static/sweetalert2/sweetalert2.min.css HTTP/1.1[0m" 404 -
2023-04-22 20:46:00,015:INFO:127.0.0.1 - - [22/Apr/2023 20:46:00] "[33mGET /security/static/estilos.css HTTP/1.1[0m" 404 -
2023-04-22 20:46:00,055:INFO:127.0.0.1 - - [22/Apr/2023 20:46:00] "[36mGET /static/img/ej4.png HTTP/1.1[0m" 304 -
2023-04-22 20:46:00,066:INFO:127.0.0.1 - - [22/Apr/2023 20:46:00] "[33mGET /security/static/sweetalert2/sweetalert2.min.css HTTP/1.1[0m" 404 -
2023-04-22 20:46:00,072:INFO:127.0.0.1 - - [22/Apr/2023 20:46:00] "[33mGET /security/static/sweetalert2/sweetalert2.min.js HTTP/1.1[0m" 404 -
2023-04-22 20:46:00,080:INFO:127.0.0.1 - - [22/Apr/2023 20:46:00] "[36mGET /static/img/fondo5.jpg HTTP/1.1[0m" 304 -
2023-04-22 20:46:00,094:INFO:127.0.0.1 - - [22/Apr/2023 20:46:00] "[33mGET /security/static/estilos.css HTTP/1.1[0m" 404 -
2023-04-22 20:46:00,109:INFO:127.0.0.1 - - [22/Apr/2023 20:46:00] "[36mGET /static/bootstrap/img/glyphicons-halflings-white.png HTTP/1.1[0m" 304 -
2023-04-22 20:47:25,398:INFO:127.0.0.1 - - [22/Apr/2023 20:47:25] "[35m[1mPOST /security/administracion_admin HTTP/1.1[0m" 500 -
2023-04-22 20:47:25,430:INFO:127.0.0.1 - - [22/Apr/2023 20:47:25] "GET /security/administracion_admin?__debugger__=yes&cmd=resource&f=style.css HTTP/1.1" 200 -
2023-04-22 20:47:25,444:INFO:127.0.0.1 - - [22/Apr/2023 20:47:25] "GET /security/administracion_admin?__debugger__=yes&cmd=resource&f=debugger.js HTTP/1.1" 200 -
2023-04-22 20:47:25,463:INFO:127.0.0.1 - - [22/Apr/2023 20:47:25] "GET /security/administracion_admin?__debugger__=yes&cmd=resource&f=console.png HTTP/1.1" 200 -
2023-04-22 20:47:25,463:INFO:127.0.0.1 - - [22/Apr/2023 20:47:25] "GET /security/administracion_admin?__debugger__=yes&cmd=resource&f=console.png HTTP/1.1" 200 -
2023-04-22 20:47:34,325:INFO: * Detected change in 'C:\\curso_python\\Proyecto Final\\The_World_of_cakes\\project\\auth.py', reloading
2023-04-22 20:47:34,506:INFO: * Restarting with stat
2023-04-22 20:47:37,609:INFO:Se inicio la aplicacion
2023-04-22 20:47:37,640:WARNING: * Debugger is active!
2023-04-22 20:47:37,651:INFO: * Debugger PIN: 577-661-229
2023-04-22 20:48:05,098:INFO: * Detected change in 'C:\\curso_python\\Proyecto Final\\The_World_of_cakes\\project\\auth.py', reloading
2023-04-22 20:48:05,299:INFO: * Restarting with stat
2023-04-22 20:48:08,163:INFO:Se inicio la aplicacion
2023-04-22 20:48:08,175:WARNING: * Debugger is active!
2023-04-22 20:48:08,181:INFO: * Debugger PIN: 577-661-229
2023-04-22 20:48:42,897:INFO:127.0.0.1 - - [22/Apr/2023 20:48:42] "[32mGET /security/administracion_admin HTTP/1.1[0m" 302 -
2023-04-22 20:48:42,935:INFO:127.0.0.1 - - [22/Apr/2023 20:48:42] "GET /login?next=%2Fsecurity%2Fadministracion_admin HTTP/1.1" 200 -
2023-04-22 20:48:50,940:INFO:127.0.0.1 - - [22/Apr/2023 20:48:50] "GET / HTTP/1.1" 200 -
2023-04-22 20:48:50,993:INFO:127.0.0.1 - - [22/Apr/2023 20:48:50] "[36mGET /static/bootstrap/css/bootstrap.min.css HTTP/1.1[0m" 304 -
2023-04-22 20:48:51,001:INFO:127.0.0.1 - - [22/Apr/2023 20:48:51] "[36mGET /static/bootstrap/css/bootstrap-responsive.min.css HTTP/1.1[0m" 304 -
2023-04-22 20:48:51,002:INFO:127.0.0.1 - - [22/Apr/2023 20:48:51] "[36mGET /static/bootstrap/css/styles.css HTTP/1.1[0m" 304 -
2023-04-22 20:48:51,004:INFO:127.0.0.1 - - [22/Apr/2023 20:48:51] "[36mGET /static/css/nav.css HTTP/1.1[0m" 304 -
2023-04-22 20:48:51,013:INFO:127.0.0.1 - - [22/Apr/2023 20:48:51] "[36mGET /static/css/carrusel.css HTTP/1.1[0m" 304 -
2023-04-22 20:48:51,024:INFO:127.0.0.1 - - [22/Apr/2023 20:48:51] "[36mGET /static/js/carrusel.js HTTP/1.1[0m" 304 -
2023-04-22 20:48:51,111:INFO:127.0.0.1 - - [22/Apr/2023 20:48:51] "[36mGET /static/img/mision2.jpg HTTP/1.1[0m" 304 -
2023-04-22 20:48:51,117:INFO:127.0.0.1 - - [22/Apr/2023 20:48:51] "[36mGET /static/img/ej4.png HTTP/1.1[0m" 304 -
2023-04-22 20:48:51,122:INFO:127.0.0.1 - - [22/Apr/2023 20:48:51] "[36mGET /static/img/fondo5.jpg HTTP/1.1[0m" 304 -
2023-04-22 20:48:51,122:INFO:127.0.0.1 - - [22/Apr/2023 20:48:51] "[36mGET /static/img/vision.png HTTP/1.1[0m" 304 -
2023-04-22 20:48:52,571:INFO:127.0.0.1 - - [22/Apr/2023 20:48:52] "GET /security/login HTTP/1.1" 200 -
2023-04-22 20:48:52,610:INFO:127.0.0.1 - - [22/Apr/2023 20:48:52] "[36mGET /static/bootstrap/css/bootstrap.min.css HTTP/1.1[0m" 304 -
2023-04-22 20:48:52,618:INFO:127.0.0.1 - - [22/Apr/2023 20:48:52] "[36mGET /static/bootstrap/css/bootstrap-responsive.min.css HTTP/1.1[0m" 304 -
2023-04-22 20:48:52,628:INFO:127.0.0.1 - - [22/Apr/2023 20:48:52] "[36mGET /static/css/nav.css HTTP/1.1[0m" 304 -
2023-04-22 20:48:52,651:INFO:127.0.0.1 - - [22/Apr/2023 20:48:52] "[36mGET /static/bootstrap/css/styles.css HTTP/1.1[0m" 304 -
2023-04-22 20:48:52,656:INFO:127.0.0.1 - - [22/Apr/2023 20:48:52] "[36mGET /static/css/carrusel.css HTTP/1.1[0m" 304 -
2023-04-22 20:48:52,660:INFO:127.0.0.1 - - [22/Apr/2023 20:48:52] "[36mGET /static/js/carrusel.js HTTP/1.1[0m" 304 -
2023-04-22 20:48:52,664:INFO:127.0.0.1 - - [22/Apr/2023 20:48:52] "[33mGET /security/static/estilos.css HTTP/1.1[0m" 404 -
2023-04-22 20:48:52,692:INFO:127.0.0.1 - - [22/Apr/2023 20:48:52] "[36mGET /static/img/ej4.png HTTP/1.1[0m" 304 -
2023-04-22 20:48:52,703:INFO:127.0.0.1 - - [22/Apr/2023 20:48:52] "[33mGET /security/static/estilos.css HTTP/1.1[0m" 404 -
2023-04-22 20:48:52,707:INFO:127.0.0.1 - - [22/Apr/2023 20:48:52] "[36mGET /static/img/fondo5.jpg HTTP/1.1[0m" 304 -
2023-04-22 20:48:57,584:DEBUG:El usuario FernandoLP.mx@outlook.com ingreso al sistema
2023-04-22 20:48:57,586:INFO:127.0.0.1 - - [22/Apr/2023 20:48:57] "[32mPOST /security/login HTTP/1.1[0m" 302 -
2023-04-22 20:48:57,599:INFO:127.0.0.1 - - [22/Apr/2023 20:48:57] "GET / HTTP/1.1" 200 -
2023-04-22 20:48:57,660:INFO:127.0.0.1 - - [22/Apr/2023 20:48:57] "[36mGET /static/bootstrap/css/bootstrap.min.css HTTP/1.1[0m" 304 -
2023-04-22 20:48:57,668:INFO:127.0.0.1 - - [22/Apr/2023 20:48:57] "[36mGET /static/bootstrap/css/bootstrap-responsive.min.css HTTP/1.1[0m" 304 -
2023-04-22 20:48:57,683:INFO:127.0.0.1 - - [22/Apr/2023 20:48:57] "[36mGET /static/css/carrusel.css HTTP/1.1[0m" 304 -
2023-04-22 20:48:57,683:INFO:127.0.0.1 - - [22/Apr/2023 20:48:57] "[36mGET /static/css/nav.css HTTP/1.1[0m" 304 -
2023-04-22 20:48:57,684:INFO:127.0.0.1 - - [22/Apr/2023 20:48:57] "[36mGET /static/bootstrap/css/styles.css HTTP/1.1[0m" 304 -
2023-04-22 20:48:57,693:INFO:127.0.0.1 - - [22/Apr/2023 20:48:57] "[36mGET /static/js/carrusel.js HTTP/1.1[0m" 304 -
2023-04-22 20:48:57,744:INFO:127.0.0.1 - - [22/Apr/2023 20:48:57] "[36mGET /static/img/ej4.png HTTP/1.1[0m" 304 -
2023-04-22 20:48:57,756:INFO:127.0.0.1 - - [22/Apr/2023 20:48:57] "[36mGET /static/img/mision2.jpg HTTP/1.1[0m" 304 -
2023-04-22 20:48:57,774:INFO:127.0.0.1 - - [22/Apr/2023 20:48:57] "[36mGET /static/img/vision.png HTTP/1.1[0m" 304 -
2023-04-22 20:48:57,776:INFO:127.0.0.1 - - [22/Apr/2023 20:48:57] "[36mGET /static/img/fondo5.jpg HTTP/1.1[0m" 304 -
2023-04-22 20:48:59,621:INFO:127.0.0.1 - - [22/Apr/2023 20:48:59] "GET /security/administracion_admin HTTP/1.1" 200 -
2023-04-22 20:48:59,699:INFO:127.0.0.1 - - [22/Apr/2023 20:48:59] "[36mGET /static/bootstrap/css/bootstrap.min.css HTTP/1.1[0m" 304 -
2023-04-22 20:48:59,705:INFO:127.0.0.1 - - [22/Apr/2023 20:48:59] "[36mGET /static/bootstrap/css/bootstrap-responsive.min.css HTTP/1.1[0m" 304 -
2023-04-22 20:48:59,713:INFO:127.0.0.1 - - [22/Apr/2023 20:48:59] "[36mGET /static/bootstrap/css/styles.css HTTP/1.1[0m" 304 -
2023-04-22 20:48:59,718:INFO:127.0.0.1 - - [22/Apr/2023 20:48:59] "[36mGET /static/css/nav.css HTTP/1.1[0m" 304 -
2023-04-22 20:48:59,723:INFO:127.0.0.1 - - [22/Apr/2023 20:48:59] "[36mGET /static/css/carrusel.css HTTP/1.1[0m" 304 -
2023-04-22 20:48:59,724:INFO:127.0.0.1 - - [22/Apr/2023 20:48:59] "[36mGET /static/js/carrusel.js HTTP/1.1[0m" 304 -
2023-04-22 20:48:59,734:INFO:127.0.0.1 - - [22/Apr/2023 20:48:59] "[33mGET /security/static/sweetalert2/sweetalert2.min.css HTTP/1.1[0m" 404 -
2023-04-22 20:48:59,745:INFO:127.0.0.1 - - [22/Apr/2023 20:48:59] "[33mGET /security/static/sweetalert2/sweetalert2.min.js HTTP/1.1[0m" 404 -
2023-04-22 20:48:59,761:INFO:127.0.0.1 - - [22/Apr/2023 20:48:59] "[33mGET /security/static/estilos.css HTTP/1.1[0m" 404 -
2023-04-22 20:48:59,796:INFO:127.0.0.1 - - [22/Apr/2023 20:48:59] "[36mGET /static/img/ej4.png HTTP/1.1[0m" 304 -
2023-04-22 20:48:59,811:INFO:127.0.0.1 - - [22/Apr/2023 20:48:59] "[33mGET /security/static/sweetalert2/sweetalert2.min.css HTTP/1.1[0m" 404 -
2023-04-22 20:48:59,815:INFO:127.0.0.1 - - [22/Apr/2023 20:48:59] "[33mGET /security/static/sweetalert2/sweetalert2.min.js HTTP/1.1[0m" 404 -
2023-04-22 20:48:59,829:INFO:127.0.0.1 - - [22/Apr/2023 20:48:59] "[36mGET /static/img/fondo5.jpg HTTP/1.1[0m" 304 -
2023-04-22 20:48:59,838:INFO:127.0.0.1 - - [22/Apr/2023 20:48:59] "[33mGET /security/static/estilos.css HTTP/1.1[0m" 404 -
2023-04-22 20:48:59,860:INFO:127.0.0.1 - - [22/Apr/2023 20:48:59] "[36mGET /static/bootstrap/img/glyphicons-halflings-white.png HTTP/1.1[0m" 304 -
2023-04-22 20:49:25,094:INFO:127.0.0.1 - - [22/Apr/2023 20:49:25] "[35m[1mPOST /security/administracion_admin HTTP/1.1[0m" 500 -
2023-04-22 20:49:25,140:INFO:127.0.0.1 - - [22/Apr/2023 20:49:25] "[36mGET /security/administracion_admin?__debugger__=yes&cmd=resource&f=style.css HTTP/1.1[0m" 304 -
2023-04-22 20:49:25,141:INFO:127.0.0.1 - - [22/Apr/2023 20:49:25] "[36mGET /security/administracion_admin?__debugger__=yes&cmd=resource&f=debugger.js HTTP/1.1[0m" 304 -
2023-04-22 20:49:25,176:INFO:127.0.0.1 - - [22/Apr/2023 20:49:25] "[36mGET /security/administracion_admin?__debugger__=yes&cmd=resource&f=console.png HTTP/1.1[0m" 304 -
2023-04-22 20:51:31,369:INFO: * Detected change in 'C:\\curso_python\\Proyecto Final\\The_World_of_cakes\\project\\models.py', reloading
2023-04-22 20:51:31,696:INFO: * Restarting with stat
2023-04-22 20:51:34,302:INFO:Se inicio la aplicacion
2023-04-22 20:51:34,311:WARNING: * Debugger is active!
2023-04-22 20:51:34,317:INFO: * Debugger PIN: 577-661-229
2023-04-22 20:55:55,097:INFO: * Detected change in 'C:\\curso_python\\Proyecto Final\\The_World_of_cakes\\project\\models.py', reloading
2023-04-22 20:55:55,407:INFO: * Restarting with stat
2023-04-22 20:56:12,437:INFO: * Restarting with stat
2023-04-22 20:57:23,053:INFO: * Restarting with stat
2023-04-22 20:59:10,473:INFO:Se inicio la aplicacion
2023-04-22 20:59:10,491:INFO:[31m[1mWARNING: This is a development server. Do not use it in a production deployment. Use a production WSGI server instead.[0m
 * Running on http://127.0.0.1:5000
2023-04-22 20:59:10,491:INFO:[33mPress CTRL+C to quit[0m
2023-04-22 20:59:10,493:INFO: * Restarting with stat
2023-04-22 20:59:13,152:INFO:Se inicio la aplicacion
2023-04-22 20:59:13,163:WARNING: * Debugger is active!
2023-04-22 20:59:13,170:INFO: * Debugger PIN: 577-661-229
2023-04-22 20:59:21,782:INFO:127.0.0.1 - - [22/Apr/2023 20:59:21] "GET / HTTP/1.1" 200 -
2023-04-22 20:59:21,847:INFO:127.0.0.1 - - [22/Apr/2023 20:59:21] "[36mGET /static/bootstrap/css/bootstrap.min.css HTTP/1.1[0m" 304 -
2023-04-22 20:59:21,852:INFO:127.0.0.1 - - [22/Apr/2023 20:59:21] "[36mGET /static/bootstrap/css/bootstrap-responsive.min.css HTTP/1.1[0m" 304 -
2023-04-22 20:59:21,861:INFO:127.0.0.1 - - [22/Apr/2023 20:59:21] "[36mGET /static/bootstrap/css/styles.css HTTP/1.1[0m" 304 -
2023-04-22 20:59:21,873:INFO:127.0.0.1 - - [22/Apr/2023 20:59:21] "[36mGET /static/css/nav.css HTTP/1.1[0m" 304 -
2023-04-22 20:59:21,879:INFO:127.0.0.1 - - [22/Apr/2023 20:59:21] "[36mGET /static/css/carrusel.css HTTP/1.1[0m" 304 -
2023-04-22 20:59:21,882:INFO:127.0.0.1 - - [22/Apr/2023 20:59:21] "[36mGET /static/js/carrusel.js HTTP/1.1[0m" 304 -
2023-04-22 20:59:21,995:INFO:127.0.0.1 - - [22/Apr/2023 20:59:21] "[36mGET /static/img/ej4.png HTTP/1.1[0m" 304 -
2023-04-22 20:59:21,997:INFO:127.0.0.1 - - [22/Apr/2023 20:59:21] "[36mGET /static/img/vision.png HTTP/1.1[0m" 304 -
2023-04-22 20:59:22,001:INFO:127.0.0.1 - - [22/Apr/2023 20:59:22] "[36mGET /static/img/mision2.jpg HTTP/1.1[0m" 304 -
2023-04-22 20:59:22,002:INFO:127.0.0.1 - - [22/Apr/2023 20:59:22] "[36mGET /static/img/fondo5.jpg HTTP/1.1[0m" 304 -
2023-04-22 20:59:23,142:INFO:127.0.0.1 - - [22/Apr/2023 20:59:23] "GET / HTTP/1.1" 200 -
2023-04-22 20:59:23,187:INFO:127.0.0.1 - - [22/Apr/2023 20:59:23] "[36mGET /static/bootstrap/css/bootstrap.min.css HTTP/1.1[0m" 304 -
2023-04-22 20:59:23,208:INFO:127.0.0.1 - - [22/Apr/2023 20:59:23] "[36mGET /static/bootstrap/css/bootstrap-responsive.min.css HTTP/1.1[0m" 304 -
2023-04-22 20:59:23,214:INFO:127.0.0.1 - - [22/Apr/2023 20:59:23] "[36mGET /static/bootstrap/css/styles.css HTTP/1.1[0m" 304 -
2023-04-22 20:59:23,229:INFO:127.0.0.1 - - [22/Apr/2023 20:59:23] "[36mGET /static/css/nav.css HTTP/1.1[0m" 304 -
2023-04-22 20:59:23,236:INFO:127.0.0.1 - - [22/Apr/2023 20:59:23] "[36mGET /static/css/carrusel.css HTTP/1.1[0m" 304 -
2023-04-22 20:59:23,241:INFO:127.0.0.1 - - [22/Apr/2023 20:59:23] "[36mGET /static/js/carrusel.js HTTP/1.1[0m" 304 -
2023-04-22 20:59:23,280:INFO:127.0.0.1 - - [22/Apr/2023 20:59:23] "[36mGET /static/img/ej4.png HTTP/1.1[0m" 304 -
2023-04-22 20:59:23,288:INFO:127.0.0.1 - - [22/Apr/2023 20:59:23] "[36mGET /static/img/mision2.jpg HTTP/1.1[0m" 304 -
2023-04-22 20:59:23,292:INFO:127.0.0.1 - - [22/Apr/2023 20:59:23] "[36mGET /static/img/fondo5.jpg HTTP/1.1[0m" 304 -
2023-04-22 20:59:23,296:INFO:127.0.0.1 - - [22/Apr/2023 20:59:23] "[36mGET /static/img/vision.png HTTP/1.1[0m" 304 -
2023-04-22 21:00:12,757:INFO: * Detected change in 'C:\\curso_python\\Proyecto Final\\The_World_of_cakes\\project\\models.py', reloading
2023-04-22 21:00:12,965:INFO: * Restarting with stat
2023-04-22 21:02:24,800:INFO:Se inicio la aplicacion
2023-04-22 21:02:24,828:INFO:[31m[1mWARNING: This is a development server. Do not use it in a production deployment. Use a production WSGI server instead.[0m
 * Running on http://127.0.0.1:5000
2023-04-22 21:02:24,828:INFO:[33mPress CTRL+C to quit[0m
2023-04-22 21:02:24,831:INFO: * Restarting with stat
2023-04-22 21:02:27,659:INFO:Se inicio la aplicacion
2023-04-22 21:02:27,671:WARNING: * Debugger is active!
2023-04-22 21:02:27,677:INFO: * Debugger PIN: 577-661-229
2023-04-22 21:02:33,863:INFO:127.0.0.1 - - [22/Apr/2023 21:02:33] "GET / HTTP/1.1" 200 -
2023-04-22 21:02:33,899:INFO:127.0.0.1 - - [22/Apr/2023 21:02:33] "[36mGET /static/bootstrap/css/bootstrap.min.css HTTP/1.1[0m" 304 -
2023-04-22 21:02:33,909:INFO:127.0.0.1 - - [22/Apr/2023 21:02:33] "[36mGET /static/bootstrap/css/bootstrap-responsive.min.css HTTP/1.1[0m" 304 -
2023-04-22 21:02:33,913:INFO:127.0.0.1 - - [22/Apr/2023 21:02:33] "[36mGET /static/bootstrap/css/styles.css HTTP/1.1[0m" 304 -
2023-04-22 21:02:33,919:INFO:127.0.0.1 - - [22/Apr/2023 21:02:33] "[36mGET /static/css/nav.css HTTP/1.1[0m" 304 -
2023-04-22 21:02:33,931:INFO:127.0.0.1 - - [22/Apr/2023 21:02:33] "[36mGET /static/js/carrusel.js HTTP/1.1[0m" 304 -
2023-04-22 21:02:33,931:INFO:127.0.0.1 - - [22/Apr/2023 21:02:33] "[36mGET /static/css/carrusel.css HTTP/1.1[0m" 304 -
2023-04-22 21:02:34,029:INFO:127.0.0.1 - - [22/Apr/2023 21:02:34] "[36mGET /static/img/ej4.png HTTP/1.1[0m" 304 -
2023-04-22 21:02:34,043:INFO:127.0.0.1 - - [22/Apr/2023 21:02:34] "[36mGET /static/img/mision2.jpg HTTP/1.1[0m" 304 -
2023-04-22 21:02:34,044:INFO:127.0.0.1 - - [22/Apr/2023 21:02:34] "[36mGET /static/img/vision.png HTTP/1.1[0m" 304 -
2023-04-22 21:02:34,052:INFO:127.0.0.1 - - [22/Apr/2023 21:02:34] "[36mGET /static/img/fondo5.jpg HTTP/1.1[0m" 304 -
2023-04-22 21:03:18,714:INFO:127.0.0.1 - - [22/Apr/2023 21:03:18] "GET /security/register HTTP/1.1" 200 -
2023-04-22 21:03:18,777:INFO:127.0.0.1 - - [22/Apr/2023 21:03:18] "[36mGET /static/bootstrap/css/bootstrap.min.css HTTP/1.1[0m" 304 -
2023-04-22 21:03:18,777:INFO:127.0.0.1 - - [22/Apr/2023 21:03:18] "[36mGET /static/bootstrap/css/bootstrap-responsive.min.css HTTP/1.1[0m" 304 -
2023-04-22 21:03:18,783:INFO:127.0.0.1 - - [22/Apr/2023 21:03:18] "[36mGET /static/bootstrap/css/styles.css HTTP/1.1[0m" 304 -
2023-04-22 21:03:18,783:INFO:127.0.0.1 - - [22/Apr/2023 21:03:18] "[36mGET /static/css/nav.css HTTP/1.1[0m" 304 -
2023-04-22 21:03:18,791:INFO:127.0.0.1 - - [22/Apr/2023 21:03:18] "[36mGET /static/css/carrusel.css HTTP/1.1[0m" 304 -
2023-04-22 21:03:18,813:INFO:127.0.0.1 - - [22/Apr/2023 21:03:18] "[36mGET /static/js/carrusel.js HTTP/1.1[0m" 304 -
2023-04-22 21:03:18,841:INFO:127.0.0.1 - - [22/Apr/2023 21:03:18] "[36mGET /static/img/ej4.png HTTP/1.1[0m" 304 -
2023-04-22 21:03:18,864:INFO:127.0.0.1 - - [22/Apr/2023 21:03:18] "[36mGET /static/img/fondo5.jpg HTTP/1.1[0m" 304 -
2023-04-22 21:04:03,130:DEBUG:Se registro un usuario con el correo: ('FernandoLP.mx@outlook.com',)
2023-04-22 21:04:03,130:INFO:127.0.0.1 - - [22/Apr/2023 21:04:03] "[32mPOST /security/register HTTP/1.1[0m" 302 -
2023-04-22 21:04:03,139:INFO:127.0.0.1 - - [22/Apr/2023 21:04:03] "GET /security/login HTTP/1.1" 200 -
2023-04-22 21:04:03,199:INFO:127.0.0.1 - - [22/Apr/2023 21:04:03] "[36mGET /static/bootstrap/css/bootstrap.min.css HTTP/1.1[0m" 304 -
2023-04-22 21:04:03,204:INFO:127.0.0.1 - - [22/Apr/2023 21:04:03] "[36mGET /static/bootstrap/css/bootstrap-responsive.min.css HTTP/1.1[0m" 304 -
2023-04-22 21:04:03,208:INFO:127.0.0.1 - - [22/Apr/2023 21:04:03] "[36mGET /static/bootstrap/css/styles.css HTTP/1.1[0m" 304 -
2023-04-22 21:04:03,213:INFO:127.0.0.1 - - [22/Apr/2023 21:04:03] "[36mGET /static/css/nav.css HTTP/1.1[0m" 304 -
2023-04-22 21:04:03,233:INFO:127.0.0.1 - - [22/Apr/2023 21:04:03] "[33mGET /security/static/estilos.css HTTP/1.1[0m" 404 -
2023-04-22 21:04:03,233:INFO:127.0.0.1 - - [22/Apr/2023 21:04:03] "[36mGET /static/css/carrusel.css HTTP/1.1[0m" 304 -
2023-04-22 21:04:03,234:INFO:127.0.0.1 - - [22/Apr/2023 21:04:03] "[36mGET /static/js/carrusel.js HTTP/1.1[0m" 304 -
2023-04-22 21:04:03,267:INFO:127.0.0.1 - - [22/Apr/2023 21:04:03] "[36mGET /static/img/ej4.png HTTP/1.1[0m" 304 -
2023-04-22 21:04:03,283:INFO:127.0.0.1 - - [22/Apr/2023 21:04:03] "[33mGET /security/static/estilos.css HTTP/1.1[0m" 404 -
2023-04-22 21:04:03,305:INFO:127.0.0.1 - - [22/Apr/2023 21:04:03] "[36mGET /static/img/fondo5.jpg HTTP/1.1[0m" 304 -
2023-04-22 21:04:51,181:DEBUG:El usuario FernandoLP.mx@outlook.com ingreso al sistema
2023-04-22 21:04:51,182:INFO:127.0.0.1 - - [22/Apr/2023 21:04:51] "[32mPOST /security/login HTTP/1.1[0m" 302 -
2023-04-22 21:04:51,196:INFO:127.0.0.1 - - [22/Apr/2023 21:04:51] "GET / HTTP/1.1" 200 -
2023-04-22 21:04:51,261:INFO:127.0.0.1 - - [22/Apr/2023 21:04:51] "[36mGET /static/bootstrap/css/bootstrap.min.css HTTP/1.1[0m" 304 -
2023-04-22 21:04:51,274:INFO:127.0.0.1 - - [22/Apr/2023 21:04:51] "[36mGET /static/bootstrap/css/bootstrap-responsive.min.css HTTP/1.1[0m" 304 -
2023-04-22 21:04:51,275:INFO:127.0.0.1 - - [22/Apr/2023 21:04:51] "[36mGET /static/bootstrap/css/styles.css HTTP/1.1[0m" 304 -
2023-04-22 21:04:51,306:INFO:127.0.0.1 - - [22/Apr/2023 21:04:51] "[36mGET /static/css/nav.css HTTP/1.1[0m" 304 -
2023-04-22 21:04:51,309:INFO:127.0.0.1 - - [22/Apr/2023 21:04:51] "[36mGET /static/css/carrusel.css HTTP/1.1[0m" 304 -
2023-04-22 21:04:51,310:INFO:127.0.0.1 - - [22/Apr/2023 21:04:51] "[36mGET /static/js/carrusel.js HTTP/1.1[0m" 304 -
2023-04-22 21:04:51,342:INFO:127.0.0.1 - - [22/Apr/2023 21:04:51] "[36mGET /static/img/ej4.png HTTP/1.1[0m" 304 -
2023-04-22 21:04:51,357:INFO:127.0.0.1 - - [22/Apr/2023 21:04:51] "[36mGET /static/img/mision2.jpg HTTP/1.1[0m" 304 -
2023-04-22 21:04:51,377:INFO:127.0.0.1 - - [22/Apr/2023 21:04:51] "[36mGET /static/img/vision.png HTTP/1.1[0m" 304 -
2023-04-22 21:04:51,398:INFO:127.0.0.1 - - [22/Apr/2023 21:04:51] "[36mGET /static/img/fondo5.jpg HTTP/1.1[0m" 304 -
2023-04-22 21:04:53,461:INFO:127.0.0.1 - - [22/Apr/2023 21:04:53] "GET /security/administracion_admin HTTP/1.1" 200 -
2023-04-22 21:04:53,524:INFO:127.0.0.1 - - [22/Apr/2023 21:04:53] "[36mGET /static/bootstrap/css/bootstrap.min.css HTTP/1.1[0m" 304 -
2023-04-22 21:04:53,538:INFO:127.0.0.1 - - [22/Apr/2023 21:04:53] "[36mGET /static/bootstrap/css/bootstrap-responsive.min.css HTTP/1.1[0m" 304 -
2023-04-22 21:04:53,559:INFO:127.0.0.1 - - [22/Apr/2023 21:04:53] "[36mGET /static/bootstrap/css/styles.css HTTP/1.1[0m" 304 -
2023-04-22 21:04:53,566:INFO:127.0.0.1 - - [22/Apr/2023 21:04:53] "[36mGET /static/css/nav.css HTTP/1.1[0m" 304 -
2023-04-22 21:04:53,572:INFO:127.0.0.1 - - [22/Apr/2023 21:04:53] "[36mGET /static/css/carrusel.css HTTP/1.1[0m" 304 -
2023-04-22 21:04:53,572:INFO:127.0.0.1 - - [22/Apr/2023 21:04:53] "[36mGET /static/js/carrusel.js HTTP/1.1[0m" 304 -
2023-04-22 21:04:53,588:INFO:127.0.0.1 - - [22/Apr/2023 21:04:53] "[33mGET /security/static/sweetalert2/sweetalert2.min.css HTTP/1.1[0m" 404 -
2023-04-22 21:04:53,595:INFO:127.0.0.1 - - [22/Apr/2023 21:04:53] "[33mGET /security/static/estilos.css HTTP/1.1[0m" 404 -
2023-04-22 21:04:53,611:INFO:127.0.0.1 - - [22/Apr/2023 21:04:53] "[33mGET /security/static/sweetalert2/sweetalert2.min.js HTTP/1.1[0m" 404 -
2023-04-22 21:04:53,639:INFO:127.0.0.1 - - [22/Apr/2023 21:04:53] "[36mGET /static/img/ej4.png HTTP/1.1[0m" 304 -
2023-04-22 21:04:53,649:INFO:127.0.0.1 - - [22/Apr/2023 21:04:53] "[33mGET /security/static/estilos.css HTTP/1.1[0m" 404 -
2023-04-22 21:04:53,663:INFO:127.0.0.1 - - [22/Apr/2023 21:04:53] "[36mGET /static/img/fondo5.jpg HTTP/1.1[0m" 304 -
2023-04-22 21:05:23,558:INFO:127.0.0.1 - - [22/Apr/2023 21:05:23] "[32mPOST /security/administracion_admin HTTP/1.1[0m" 302 -
2023-04-22 21:05:23,574:INFO:127.0.0.1 - - [22/Apr/2023 21:05:23] "GET /security/administracion_admin HTTP/1.1" 200 -
2023-04-22 21:05:23,641:INFO:127.0.0.1 - - [22/Apr/2023 21:05:23] "[36mGET /static/bootstrap/css/bootstrap.min.css HTTP/1.1[0m" 304 -
2023-04-22 21:05:23,673:INFO:127.0.0.1 - - [22/Apr/2023 21:05:23] "[36mGET /static/bootstrap/css/bootstrap-responsive.min.css HTTP/1.1[0m" 304 -
2023-04-22 21:05:23,713:INFO:127.0.0.1 - - [22/Apr/2023 21:05:23] "[36mGET /static/css/nav.css HTTP/1.1[0m" 304 -
2023-04-22 21:05:23,713:INFO:127.0.0.1 - - [22/Apr/2023 21:05:23] "[36mGET /static/bootstrap/css/styles.css HTTP/1.1[0m" 304 -
2023-04-22 21:05:23,722:INFO:127.0.0.1 - - [22/Apr/2023 21:05:23] "[36mGET /static/css/carrusel.css HTTP/1.1[0m" 304 -
2023-04-22 21:05:23,724:INFO:127.0.0.1 - - [22/Apr/2023 21:05:23] "[36mGET /static/js/carrusel.js HTTP/1.1[0m" 304 -
2023-04-22 21:05:23,737:INFO:127.0.0.1 - - [22/Apr/2023 21:05:23] "[33mGET /security/static/sweetalert2/sweetalert2.min.css HTTP/1.1[0m" 404 -
2023-04-22 21:05:23,753:INFO:127.0.0.1 - - [22/Apr/2023 21:05:23] "[33mGET /security/static/sweetalert2/sweetalert2.min.js HTTP/1.1[0m" 404 -
2023-04-22 21:05:23,770:INFO:127.0.0.1 - - [22/Apr/2023 21:05:23] "[33mGET /security/static/estilos.css HTTP/1.1[0m" 404 -
2023-04-22 21:05:23,808:INFO:127.0.0.1 - - [22/Apr/2023 21:05:23] "[33mGET /security/static/sweetalert2/sweetalert2.min.css HTTP/1.1[0m" 404 -
2023-04-22 21:05:23,824:INFO:127.0.0.1 - - [22/Apr/2023 21:05:23] "[36mGET /static/img/ej4.png HTTP/1.1[0m" 304 -
2023-04-22 21:05:23,843:INFO:127.0.0.1 - - [22/Apr/2023 21:05:23] "[36mGET /static/img/fondo5.jpg HTTP/1.1[0m" 304 -
2023-04-22 21:05:23,843:INFO:127.0.0.1 - - [22/Apr/2023 21:05:23] "[36mGET /static/bootstrap/img/glyphicons-halflings-white.png HTTP/1.1[0m" 304 -
2023-04-22 21:06:53,089:INFO:127.0.0.1 - - [22/Apr/2023 21:06:53] "GET /security/administracion_admin HTTP/1.1" 200 -
2023-04-22 21:06:53,139:INFO:127.0.0.1 - - [22/Apr/2023 21:06:53] "[36mGET /static/bootstrap/css/bootstrap.min.css HTTP/1.1[0m" 304 -
2023-04-22 21:06:53,160:INFO:127.0.0.1 - - [22/Apr/2023 21:06:53] "[36mGET /static/bootstrap/css/bootstrap-responsive.min.css HTTP/1.1[0m" 304 -
2023-04-22 21:06:53,169:INFO:127.0.0.1 - - [22/Apr/2023 21:06:53] "[36mGET /static/bootstrap/css/styles.css HTTP/1.1[0m" 304 -
2023-04-22 21:06:53,174:INFO:127.0.0.1 - - [22/Apr/2023 21:06:53] "[36mGET /static/css/nav.css HTTP/1.1[0m" 304 -
2023-04-22 21:06:53,177:INFO:127.0.0.1 - - [22/Apr/2023 21:06:53] "[36mGET /static/css/carrusel.css HTTP/1.1[0m" 304 -
2023-04-22 21:06:53,191:INFO:127.0.0.1 - - [22/Apr/2023 21:06:53] "[36mGET /static/js/carrusel.js HTTP/1.1[0m" 304 -
2023-04-22 21:06:53,197:INFO:127.0.0.1 - - [22/Apr/2023 21:06:53] "[33mGET /security/static/sweetalert2/sweetalert2.min.css HTTP/1.1[0m" 404 -
2023-04-22 21:06:53,208:INFO:127.0.0.1 - - [22/Apr/2023 21:06:53] "[33mGET /security/static/sweetalert2/sweetalert2.min.js HTTP/1.1[0m" 404 -
2023-04-22 21:06:53,209:INFO:127.0.0.1 - - [22/Apr/2023 21:06:53] "[33mGET /security/static/estilos.css HTTP/1.1[0m" 404 -
2023-04-22 21:06:53,285:INFO:127.0.0.1 - - [22/Apr/2023 21:06:53] "[33mGET /security/static/sweetalert2/sweetalert2.min.css HTTP/1.1[0m" 404 -
2023-04-22 21:06:53,291:INFO:127.0.0.1 - - [22/Apr/2023 21:06:53] "[36mGET /static/img/ej4.png HTTP/1.1[0m" 304 -
2023-04-22 21:06:53,304:INFO:127.0.0.1 - - [22/Apr/2023 21:06:53] "[33mGET /security/static/sweetalert2/sweetalert2.min.js HTTP/1.1[0m" 404 -
2023-04-22 21:06:53,315:INFO:127.0.0.1 - - [22/Apr/2023 21:06:53] "[36mGET /static/img/fondo5.jpg HTTP/1.1[0m" 304 -
2023-04-22 21:06:53,343:INFO:127.0.0.1 - - [22/Apr/2023 21:06:53] "[33mGET /security/static/estilos.css HTTP/1.1[0m" 404 -
2023-04-22 21:06:53,380:INFO:127.0.0.1 - - [22/Apr/2023 21:06:53] "[36mGET /static/bootstrap/img/glyphicons-halflings-white.png HTTP/1.1[0m" 304 -
2023-04-22 21:07:25,832:INFO:127.0.0.1 - - [22/Apr/2023 21:07:25] "GET /security/productos HTTP/1.1" 200 -
2023-04-22 21:07:25,958:INFO:127.0.0.1 - - [22/Apr/2023 21:07:25] "[36mGET /static/bootstrap/css/bootstrap.min.css HTTP/1.1[0m" 304 -
2023-04-22 21:07:25,967:INFO:127.0.0.1 - - [22/Apr/2023 21:07:25] "[36mGET /static/bootstrap/css/bootstrap-responsive.min.css HTTP/1.1[0m" 304 -
2023-04-22 21:07:25,994:INFO:127.0.0.1 - - [22/Apr/2023 21:07:25] "[36mGET /static/bootstrap/css/styles.css HTTP/1.1[0m" 304 -
2023-04-22 21:07:26,007:INFO:127.0.0.1 - - [22/Apr/2023 21:07:26] "[36mGET /static/css/nav.css HTTP/1.1[0m" 304 -
2023-04-22 21:07:26,025:INFO:127.0.0.1 - - [22/Apr/2023 21:07:26] "[36mGET /static/css/carrusel.css HTTP/1.1[0m" 304 -
2023-04-22 21:07:26,037:INFO:127.0.0.1 - - [22/Apr/2023 21:07:26] "[36mGET /static/js/carrusel.js HTTP/1.1[0m" 304 -
2023-04-22 21:07:26,076:INFO:127.0.0.1 - - [22/Apr/2023 21:07:26] "[36mGET /static/img/ej4.png HTTP/1.1[0m" 304 -
2023-04-22 21:07:26,091:INFO:127.0.0.1 - - [22/Apr/2023 21:07:26] "[36mGET /static/img/fondo5.jpg HTTP/1.1[0m" 304 -
2023-04-22 21:07:28,668:INFO:127.0.0.1 - - [22/Apr/2023 21:07:28] "GET /security/administracion_admin HTTP/1.1" 200 -
2023-04-22 21:07:28,723:INFO:127.0.0.1 - - [22/Apr/2023 21:07:28] "[36mGET /static/bootstrap/css/bootstrap.min.css HTTP/1.1[0m" 304 -
2023-04-22 21:07:28,743:INFO:127.0.0.1 - - [22/Apr/2023 21:07:28] "[36mGET /static/bootstrap/css/bootstrap-responsive.min.css HTTP/1.1[0m" 304 -
2023-04-22 21:07:28,745:INFO:127.0.0.1 - - [22/Apr/2023 21:07:28] "[36mGET /static/bootstrap/css/styles.css HTTP/1.1[0m" 304 -
2023-04-22 21:07:28,762:INFO:127.0.0.1 - - [22/Apr/2023 21:07:28] "[36mGET /static/css/nav.css HTTP/1.1[0m" 304 -
2023-04-22 21:07:28,764:INFO:127.0.0.1 - - [22/Apr/2023 21:07:28] "[36mGET /static/css/carrusel.css HTTP/1.1[0m" 304 -
2023-04-22 21:07:28,779:INFO:127.0.0.1 - - [22/Apr/2023 21:07:28] "[33mGET /security/static/sweetalert2/sweetalert2.min.css HTTP/1.1[0m" 404 -
2023-04-22 21:07:28,786:INFO:127.0.0.1 - - [22/Apr/2023 21:07:28] "[33mGET /security/static/sweetalert2/sweetalert2.min.js HTTP/1.1[0m" 404 -
2023-04-22 21:07:28,787:INFO:127.0.0.1 - - [22/Apr/2023 21:07:28] "[36mGET /static/js/carrusel.js HTTP/1.1[0m" 304 -
2023-04-22 21:07:28,793:INFO:127.0.0.1 - - [22/Apr/2023 21:07:28] "[33mGET /security/static/estilos.css HTTP/1.1[0m" 404 -
2023-04-22 21:07:28,848:INFO:127.0.0.1 - - [22/Apr/2023 21:07:28] "[33mGET /security/static/sweetalert2/sweetalert2.min.css HTTP/1.1[0m" 404 -
2023-04-22 21:07:28,860:INFO:127.0.0.1 - - [22/Apr/2023 21:07:28] "[36mGET /static/img/ej4.png HTTP/1.1[0m" 304 -
2023-04-22 21:07:28,861:INFO:127.0.0.1 - - [22/Apr/2023 21:07:28] "[33mGET /security/static/sweetalert2/sweetalert2.min.js HTTP/1.1[0m" 404 -
2023-04-22 21:07:28,867:INFO:127.0.0.1 - - [22/Apr/2023 21:07:28] "[36mGET /static/img/fondo5.jpg HTTP/1.1[0m" 304 -
2023-04-22 21:07:28,884:INFO:127.0.0.1 - - [22/Apr/2023 21:07:28] "[33mGET /security/static/estilos.css HTTP/1.1[0m" 404 -
2023-04-22 21:07:28,932:INFO:127.0.0.1 - - [22/Apr/2023 21:07:28] "[36mGET /static/bootstrap/img/glyphicons-halflings-white.png HTTP/1.1[0m" 304 -
2023-04-22 21:07:30,395:INFO:127.0.0.1 - - [22/Apr/2023 21:07:30] "GET /security/productos HTTP/1.1" 200 -
2023-04-22 21:07:30,457:INFO:127.0.0.1 - - [22/Apr/2023 21:07:30] "[36mGET /static/bootstrap/css/bootstrap.min.css HTTP/1.1[0m" 304 -
2023-04-22 21:07:30,461:INFO:127.0.0.1 - - [22/Apr/2023 21:07:30] "[36mGET /static/bootstrap/css/bootstrap-responsive.min.css HTTP/1.1[0m" 304 -
2023-04-22 21:07:30,503:INFO:127.0.0.1 - - [22/Apr/2023 21:07:30] "[36mGET /static/bootstrap/css/styles.css HTTP/1.1[0m" 304 -
2023-04-22 21:07:30,508:INFO:127.0.0.1 - - [22/Apr/2023 21:07:30] "[36mGET /static/css/nav.css HTTP/1.1[0m" 304 -
2023-04-22 21:07:30,508:INFO:127.0.0.1 - - [22/Apr/2023 21:07:30] "[36mGET /static/css/carrusel.css HTTP/1.1[0m" 304 -
2023-04-22 21:07:30,513:INFO:127.0.0.1 - - [22/Apr/2023 21:07:30] "[36mGET /static/js/carrusel.js HTTP/1.1[0m" 304 -
2023-04-22 21:07:30,574:INFO:127.0.0.1 - - [22/Apr/2023 21:07:30] "[36mGET /static/img/ej4.png HTTP/1.1[0m" 304 -
2023-04-22 21:07:30,579:INFO:127.0.0.1 - - [22/Apr/2023 21:07:30] "[36mGET /static/img/fondo5.jpg HTTP/1.1[0m" 304 -
2023-04-22 21:07:46,956:INFO:127.0.0.1 - - [22/Apr/2023 21:07:46] "GET /security/productos HTTP/1.1" 200 -
2023-04-22 21:07:46,999:INFO:127.0.0.1 - - [22/Apr/2023 21:07:46] "[36mGET /static/bootstrap/css/bootstrap.min.css HTTP/1.1[0m" 304 -
2023-04-22 21:07:47,025:INFO:127.0.0.1 - - [22/Apr/2023 21:07:47] "[36mGET /static/bootstrap/css/bootstrap-responsive.min.css HTTP/1.1[0m" 304 -
2023-04-22 21:07:47,035:INFO:127.0.0.1 - - [22/Apr/2023 21:07:47] "[36mGET /static/bootstrap/css/styles.css HTTP/1.1[0m" 304 -
2023-04-22 21:07:47,059:INFO:127.0.0.1 - - [22/Apr/2023 21:07:47] "[36mGET /static/css/nav.css HTTP/1.1[0m" 304 -
2023-04-22 21:07:47,061:INFO:127.0.0.1 - - [22/Apr/2023 21:07:47] "[36mGET /static/js/carrusel.js HTTP/1.1[0m" 304 -
2023-04-22 21:07:47,064:INFO:127.0.0.1 - - [22/Apr/2023 21:07:47] "[36mGET /static/css/carrusel.css HTTP/1.1[0m" 304 -
2023-04-22 21:07:47,124:INFO:127.0.0.1 - - [22/Apr/2023 21:07:47] "[36mGET /static/img/ej4.png HTTP/1.1[0m" 304 -
2023-04-22 21:07:47,128:INFO:127.0.0.1 - - [22/Apr/2023 21:07:47] "[36mGET /static/img/fondo5.jpg HTTP/1.1[0m" 304 -
2023-04-22 21:08:06,324:INFO:127.0.0.1 - - [22/Apr/2023 21:08:06] "GET /security/productos HTTP/1.1" 200 -
2023-04-22 21:08:06,365:INFO:127.0.0.1 - - [22/Apr/2023 21:08:06] "[36mGET /static/bootstrap/css/bootstrap.min.css HTTP/1.1[0m" 304 -
2023-04-22 21:08:06,398:INFO:127.0.0.1 - - [22/Apr/2023 21:08:06] "[36mGET /static/bootstrap/css/bootstrap-responsive.min.css HTTP/1.1[0m" 304 -
2023-04-22 21:08:06,410:INFO:127.0.0.1 - - [22/Apr/2023 21:08:06] "[36mGET /static/css/carrusel.css HTTP/1.1[0m" 304 -
2023-04-22 21:08:06,411:INFO:127.0.0.1 - - [22/Apr/2023 21:08:06] "[36mGET /static/css/nav.css HTTP/1.1[0m" 304 -
2023-04-22 21:08:06,411:INFO:127.0.0.1 - - [22/Apr/2023 21:08:06] "[36mGET /static/bootstrap/css/styles.css HTTP/1.1[0m" 304 -
2023-04-22 21:08:06,425:INFO:127.0.0.1 - - [22/Apr/2023 21:08:06] "[36mGET /static/js/carrusel.js HTTP/1.1[0m" 304 -
2023-04-22 21:08:06,464:INFO:127.0.0.1 - - [22/Apr/2023 21:08:06] "[36mGET /static/img/ej4.png HTTP/1.1[0m" 304 -
2023-04-22 21:08:06,473:INFO:127.0.0.1 - - [22/Apr/2023 21:08:06] "[36mGET /static/img/fondo5.jpg HTTP/1.1[0m" 304 -
2023-04-22 21:08:08,949:INFO:127.0.0.1 - - [22/Apr/2023 21:08:08] "GET /security/administracion_admin HTTP/1.1" 200 -
2023-04-22 21:08:09,004:INFO:127.0.0.1 - - [22/Apr/2023 21:08:09] "[36mGET /static/bootstrap/css/bootstrap.min.css HTTP/1.1[0m" 304 -
2023-04-22 21:08:09,018:INFO:127.0.0.1 - - [22/Apr/2023 21:08:09] "[36mGET /static/bootstrap/css/styles.css HTTP/1.1[0m" 304 -
2023-04-22 21:08:09,019:INFO:127.0.0.1 - - [22/Apr/2023 21:08:09] "[36mGET /static/bootstrap/css/bootstrap-responsive.min.css HTTP/1.1[0m" 304 -
2023-04-22 21:08:09,046:INFO:127.0.0.1 - - [22/Apr/2023 21:08:09] "[36mGET /static/css/carrusel.css HTTP/1.1[0m" 304 -
2023-04-22 21:08:09,048:INFO:127.0.0.1 - - [22/Apr/2023 21:08:09] "[36mGET /static/css/nav.css HTTP/1.1[0m" 304 -
2023-04-22 21:08:09,054:INFO:127.0.0.1 - - [22/Apr/2023 21:08:09] "[36mGET /static/js/carrusel.js HTTP/1.1[0m" 304 -
2023-04-22 21:08:09,061:INFO:127.0.0.1 - - [22/Apr/2023 21:08:09] "[33mGET /security/static/sweetalert2/sweetalert2.min.js HTTP/1.1[0m" 404 -
2023-04-22 21:08:09,063:INFO:127.0.0.1 - - [22/Apr/2023 21:08:09] "[33mGET /security/static/sweetalert2/sweetalert2.min.css HTTP/1.1[0m" 404 -
2023-04-22 21:08:09,071:INFO:127.0.0.1 - - [22/Apr/2023 21:08:09] "[33mGET /security/static/estilos.css HTTP/1.1[0m" 404 -
2023-04-22 21:08:09,109:INFO:127.0.0.1 - - [22/Apr/2023 21:08:09] "[36mGET /static/img/ej4.png HTTP/1.1[0m" 304 -
2023-04-22 21:08:09,112:INFO:127.0.0.1 - - [22/Apr/2023 21:08:09] "[33mGET /security/static/estilos.css HTTP/1.1[0m" 404 -
2023-04-22 21:08:09,128:INFO:127.0.0.1 - - [22/Apr/2023 21:08:09] "[36mGET /static/img/fondo5.jpg HTTP/1.1[0m" 304 -
2023-04-22 21:08:09,213:INFO:127.0.0.1 - - [22/Apr/2023 21:08:09] "[36mGET /static/bootstrap/img/glyphicons-halflings-white.png HTTP/1.1[0m" 304 -
2023-04-22 21:08:18,507:INFO:127.0.0.1 - - [22/Apr/2023 21:08:18] "GET /security/modificar_administracion_admin?id=1 HTTP/1.1" 200 -
2023-04-22 21:08:18,597:INFO:127.0.0.1 - - [22/Apr/2023 21:08:18] "[36mGET /static/bootstrap/css/bootstrap.min.css HTTP/1.1[0m" 304 -
2023-04-22 21:08:18,607:INFO:127.0.0.1 - - [22/Apr/2023 21:08:18] "[36mGET /static/bootstrap/css/bootstrap-responsive.min.css HTTP/1.1[0m" 304 -
2023-04-22 21:08:18,611:INFO:127.0.0.1 - - [22/Apr/2023 21:08:18] "[36mGET /static/css/nav.css HTTP/1.1[0m" 304 -
2023-04-22 21:08:18,611:INFO:127.0.0.1 - - [22/Apr/2023 21:08:18] "[36mGET /static/bootstrap/css/styles.css HTTP/1.1[0m" 304 -
2023-04-22 21:08:18,634:INFO:127.0.0.1 - - [22/Apr/2023 21:08:18] "[36mGET /static/css/carrusel.css HTTP/1.1[0m" 304 -
2023-04-22 21:08:18,637:INFO:127.0.0.1 - - [22/Apr/2023 21:08:18] "[36mGET /static/js/carrusel.js HTTP/1.1[0m" 304 -
2023-04-22 21:08:18,637:INFO:127.0.0.1 - - [22/Apr/2023 21:08:18] "[33mGET /security/static/sweetalert2/sweetalert2.min.css HTTP/1.1[0m" 404 -
2023-04-22 21:08:18,662:INFO:127.0.0.1 - - [22/Apr/2023 21:08:18] "[33mGET /security/static/sweetalert2/sweetalert2.min.js HTTP/1.1[0m" 404 -
2023-04-22 21:08:18,674:INFO:127.0.0.1 - - [22/Apr/2023 21:08:18] "[33mGET /security/static/estilos.css HTTP/1.1[0m" 404 -
2023-04-22 21:08:18,715:INFO:127.0.0.1 - - [22/Apr/2023 21:08:18] "[36mGET /static/img/ej4.png HTTP/1.1[0m" 304 -
2023-04-22 21:08:18,717:INFO:127.0.0.1 - - [22/Apr/2023 21:08:18] "[33mGET /security/static/sweetalert2/sweetalert2.min.css HTTP/1.1[0m" 404 -
2023-04-22 21:08:18,719:INFO:127.0.0.1 - - [22/Apr/2023 21:08:18] "[33mGET /security/static/sweetalert2/sweetalert2.min.js HTTP/1.1[0m" 404 -
2023-04-22 21:08:18,731:INFO:127.0.0.1 - - [22/Apr/2023 21:08:18] "[36mGET /static/img/fondo5.jpg HTTP/1.1[0m" 304 -
2023-04-22 21:08:18,759:INFO:127.0.0.1 - - [22/Apr/2023 21:08:18] "[33mGET /security/static/estilos.css HTTP/1.1[0m" 404 -
2023-04-22 21:08:28,748:INFO:127.0.0.1 - - [22/Apr/2023 21:08:28] "[35m[1mPOST /security/modificar_administracion_admin HTTP/1.1[0m" 500 -
2023-04-22 21:08:28,817:INFO:127.0.0.1 - - [22/Apr/2023 21:08:28] "[36mGET /security/modificar_administracion_admin?__debugger__=yes&cmd=resource&f=style.css HTTP/1.1[0m" 304 -
2023-04-22 21:08:28,824:INFO:127.0.0.1 - - [22/Apr/2023 21:08:28] "[36mGET /security/modificar_administracion_admin?__debugger__=yes&cmd=resource&f=debugger.js HTTP/1.1[0m" 304 -
2023-04-22 21:08:28,847:INFO:127.0.0.1 - - [22/Apr/2023 21:08:28] "[36mGET /security/modificar_administracion_admin?__debugger__=yes&cmd=resource&f=console.png HTTP/1.1[0m" 304 -
2023-04-22 21:11:07,641:INFO:127.0.0.1 - - [22/Apr/2023 21:11:07] "GET /security/modificar_administracion_admin?id=1 HTTP/1.1" 200 -
2023-04-22 21:11:07,699:INFO:127.0.0.1 - - [22/Apr/2023 21:11:07] "[36mGET /static/bootstrap/css/bootstrap.min.css HTTP/1.1[0m" 304 -
2023-04-22 21:11:07,719:INFO:127.0.0.1 - - [22/Apr/2023 21:11:07] "[36mGET /static/bootstrap/css/bootstrap-responsive.min.css HTTP/1.1[0m" 304 -
2023-04-22 21:11:07,724:INFO:127.0.0.1 - - [22/Apr/2023 21:11:07] "[36mGET /static/bootstrap/css/styles.css HTTP/1.1[0m" 304 -
2023-04-22 21:11:07,739:INFO:127.0.0.1 - - [22/Apr/2023 21:11:07] "[36mGET /static/css/nav.css HTTP/1.1[0m" 304 -
2023-04-22 21:11:07,750:INFO:127.0.0.1 - - [22/Apr/2023 21:11:07] "[36mGET /static/css/carrusel.css HTTP/1.1[0m" 304 -
2023-04-22 21:11:07,754:INFO:127.0.0.1 - - [22/Apr/2023 21:11:07] "[36mGET /static/js/carrusel.js HTTP/1.1[0m" 304 -
2023-04-22 21:11:07,755:INFO:127.0.0.1 - - [22/Apr/2023 21:11:07] "[33mGET /security/static/sweetalert2/sweetalert2.min.css HTTP/1.1[0m" 404 -
2023-04-22 21:11:07,761:INFO:127.0.0.1 - - [22/Apr/2023 21:11:07] "[33mGET /security/static/sweetalert2/sweetalert2.min.js HTTP/1.1[0m" 404 -
2023-04-22 21:11:07,770:INFO:127.0.0.1 - - [22/Apr/2023 21:11:07] "[33mGET /security/static/estilos.css HTTP/1.1[0m" 404 -
2023-04-22 21:11:07,838:INFO:127.0.0.1 - - [22/Apr/2023 21:11:07] "[36mGET /static/img/ej4.png HTTP/1.1[0m" 304 -
2023-04-22 21:11:07,853:INFO:127.0.0.1 - - [22/Apr/2023 21:11:07] "[33mGET /security/static/sweetalert2/sweetalert2.min.css HTTP/1.1[0m" 404 -
2023-04-22 21:11:07,862:INFO:127.0.0.1 - - [22/Apr/2023 21:11:07] "[33mGET /security/static/sweetalert2/sweetalert2.min.js HTTP/1.1[0m" 404 -
2023-04-22 21:11:07,875:INFO:127.0.0.1 - - [22/Apr/2023 21:11:07] "[36mGET /static/img/fondo5.jpg HTTP/1.1[0m" 304 -
2023-04-22 21:11:07,911:INFO:127.0.0.1 - - [22/Apr/2023 21:11:07] "[33mGET /security/static/estilos.css HTTP/1.1[0m" 404 -
2023-04-22 21:11:11,194:INFO:127.0.0.1 - - [22/Apr/2023 21:11:11] "GET /security/administracion_admin HTTP/1.1" 200 -
2023-04-22 21:11:11,269:INFO:127.0.0.1 - - [22/Apr/2023 21:11:11] "[36mGET /static/bootstrap/css/bootstrap.min.css HTTP/1.1[0m" 304 -
2023-04-22 21:11:11,274:INFO:127.0.0.1 - - [22/Apr/2023 21:11:11] "[36mGET /static/bootstrap/css/bootstrap-responsive.min.css HTTP/1.1[0m" 304 -
2023-04-22 21:11:11,274:INFO:127.0.0.1 - - [22/Apr/2023 21:11:11] "[36mGET /static/bootstrap/css/styles.css HTTP/1.1[0m" 304 -
2023-04-22 21:11:11,289:INFO:127.0.0.1 - - [22/Apr/2023 21:11:11] "[36mGET /static/css/nav.css HTTP/1.1[0m" 304 -
2023-04-22 21:11:11,318:INFO:127.0.0.1 - - [22/Apr/2023 21:11:11] "[36mGET /static/css/carrusel.css HTTP/1.1[0m" 304 -
2023-04-22 21:11:11,319:INFO:127.0.0.1 - - [22/Apr/2023 21:11:11] "[36mGET /static/js/carrusel.js HTTP/1.1[0m" 304 -
2023-04-22 21:11:11,326:INFO:127.0.0.1 - - [22/Apr/2023 21:11:11] "[33mGET /security/static/sweetalert2/sweetalert2.min.css HTTP/1.1[0m" 404 -
2023-04-22 21:11:11,342:INFO:127.0.0.1 - - [22/Apr/2023 21:11:11] "[33mGET /security/static/sweetalert2/sweetalert2.min.js HTTP/1.1[0m" 404 -
2023-04-22 21:11:11,365:INFO:127.0.0.1 - - [22/Apr/2023 21:11:11] "[33mGET /security/static/estilos.css HTTP/1.1[0m" 404 -
2023-04-22 21:11:11,375:INFO:127.0.0.1 - - [22/Apr/2023 21:11:11] "[36mGET /static/img/ej4.png HTTP/1.1[0m" 304 -
2023-04-22 21:11:11,414:INFO:127.0.0.1 - - [22/Apr/2023 21:11:11] "[36mGET /static/img/fondo5.jpg HTTP/1.1[0m" 304 -
2023-04-22 21:11:11,427:INFO:127.0.0.1 - - [22/Apr/2023 21:11:11] "[36mGET /static/bootstrap/img/glyphicons-halflings-white.png HTTP/1.1[0m" 304 -
2023-04-22 21:11:20,789:INFO:127.0.0.1 - - [22/Apr/2023 21:11:20] "GET /security/administracion_admin HTTP/1.1" 200 -
2023-04-22 21:11:20,840:INFO:127.0.0.1 - - [22/Apr/2023 21:11:20] "[36mGET /static/bootstrap/css/bootstrap.min.css HTTP/1.1[0m" 304 -
2023-04-22 21:11:20,868:INFO:127.0.0.1 - - [22/Apr/2023 21:11:20] "[36mGET /static/bootstrap/css/styles.css HTTP/1.1[0m" 304 -
2023-04-22 21:11:20,868:INFO:127.0.0.1 - - [22/Apr/2023 21:11:20] "[36mGET /static/bootstrap/css/bootstrap-responsive.min.css HTTP/1.1[0m" 304 -
2023-04-22 21:11:20,874:INFO:127.0.0.1 - - [22/Apr/2023 21:11:20] "[36mGET /static/css/nav.css HTTP/1.1[0m" 304 -
2023-04-22 21:11:20,882:INFO:127.0.0.1 - - [22/Apr/2023 21:11:20] "[36mGET /static/css/carrusel.css HTTP/1.1[0m" 304 -
2023-04-22 21:11:20,896:INFO:127.0.0.1 - - [22/Apr/2023 21:11:20] "[36mGET /static/js/carrusel.js HTTP/1.1[0m" 304 -
2023-04-22 21:11:20,898:INFO:127.0.0.1 - - [22/Apr/2023 21:11:20] "[33mGET /security/static/sweetalert2/sweetalert2.min.css HTTP/1.1[0m" 404 -
2023-04-22 21:11:20,911:INFO:127.0.0.1 - - [22/Apr/2023 21:11:20] "[33mGET /security/static/sweetalert2/sweetalert2.min.js HTTP/1.1[0m" 404 -
2023-04-22 21:11:20,922:INFO:127.0.0.1 - - [22/Apr/2023 21:11:20] "[33mGET /security/static/estilos.css HTTP/1.1[0m" 404 -
2023-04-22 21:11:20,953:INFO:127.0.0.1 - - [22/Apr/2023 21:11:20] "[36mGET /static/img/ej4.png HTTP/1.1[0m" 304 -
2023-04-22 21:11:20,960:INFO:127.0.0.1 - - [22/Apr/2023 21:11:20] "[33mGET /security/static/sweetalert2/sweetalert2.min.css HTTP/1.1[0m" 404 -
2023-04-22 21:11:20,979:INFO:127.0.0.1 - - [22/Apr/2023 21:11:20] "[33mGET /security/static/sweetalert2/sweetalert2.min.js HTTP/1.1[0m" 404 -
2023-04-22 21:11:20,984:INFO:127.0.0.1 - - [22/Apr/2023 21:11:20] "[36mGET /static/img/fondo5.jpg HTTP/1.1[0m" 304 -
2023-04-22 21:11:21,004:INFO:127.0.0.1 - - [22/Apr/2023 21:11:21] "[33mGET /security/static/estilos.css HTTP/1.1[0m" 404 -
2023-04-22 21:11:21,024:INFO:127.0.0.1 - - [22/Apr/2023 21:11:21] "[36mGET /static/bootstrap/img/glyphicons-halflings-white.png HTTP/1.1[0m" 304 -
2023-04-22 21:11:29,603:INFO:127.0.0.1 - - [22/Apr/2023 21:11:29] "GET /security/administracion_admin HTTP/1.1" 200 -
2023-04-22 21:11:29,654:INFO:127.0.0.1 - - [22/Apr/2023 21:11:29] "[36mGET /static/bootstrap/css/bootstrap.min.css HTTP/1.1[0m" 304 -
2023-04-22 21:11:29,682:INFO:127.0.0.1 - - [22/Apr/2023 21:11:29] "[36mGET /static/bootstrap/css/bootstrap-responsive.min.css HTTP/1.1[0m" 304 -
2023-04-22 21:11:29,685:INFO:127.0.0.1 - - [22/Apr/2023 21:11:29] "[36mGET /static/bootstrap/css/styles.css HTTP/1.1[0m" 304 -
2023-04-22 21:11:29,685:INFO:127.0.0.1 - - [22/Apr/2023 21:11:29] "[36mGET /static/css/nav.css HTTP/1.1[0m" 304 -
2023-04-22 21:11:29,691:INFO:127.0.0.1 - - [22/Apr/2023 21:11:29] "[36mGET /static/css/carrusel.css HTTP/1.1[0m" 304 -
2023-04-22 21:11:29,701:INFO:127.0.0.1 - - [22/Apr/2023 21:11:29] "[36mGET /static/js/carrusel.js HTTP/1.1[0m" 304 -
2023-04-22 21:11:29,715:INFO:127.0.0.1 - - [22/Apr/2023 21:11:29] "[33mGET /security/static/sweetalert2/sweetalert2.min.css HTTP/1.1[0m" 404 -
2023-04-22 21:11:29,718:INFO:127.0.0.1 - - [22/Apr/2023 21:11:29] "[33mGET /security/static/sweetalert2/sweetalert2.min.js HTTP/1.1[0m" 404 -
2023-04-22 21:11:29,723:INFO:127.0.0.1 - - [22/Apr/2023 21:11:29] "[33mGET /security/static/estilos.css HTTP/1.1[0m" 404 -
2023-04-22 21:11:29,781:INFO:127.0.0.1 - - [22/Apr/2023 21:11:29] "[33mGET /security/static/estilos.css HTTP/1.1[0m" 404 -
2023-04-22 21:11:29,789:INFO:127.0.0.1 - - [22/Apr/2023 21:11:29] "[36mGET /static/img/ej4.png HTTP/1.1[0m" 304 -
2023-04-22 21:11:29,796:INFO:127.0.0.1 - - [22/Apr/2023 21:11:29] "[36mGET /static/img/fondo5.jpg HTTP/1.1[0m" 304 -
2023-04-22 21:11:29,828:INFO:127.0.0.1 - - [22/Apr/2023 21:11:29] "[36mGET /static/bootstrap/img/glyphicons-halflings-white.png HTTP/1.1[0m" 304 -
2023-04-22 21:11:53,140:INFO:127.0.0.1 - - [22/Apr/2023 21:11:53] "GET /security/administracion_admin HTTP/1.1" 200 -
2023-04-22 21:11:53,185:INFO:127.0.0.1 - - [22/Apr/2023 21:11:53] "[36mGET /static/bootstrap/css/bootstrap.min.css HTTP/1.1[0m" 304 -
2023-04-22 21:11:53,204:INFO:127.0.0.1 - - [22/Apr/2023 21:11:53] "[36mGET /static/bootstrap/css/bootstrap-responsive.min.css HTTP/1.1[0m" 304 -
2023-04-22 21:11:53,239:INFO:127.0.0.1 - - [22/Apr/2023 21:11:53] "[36mGET /static/bootstrap/css/styles.css HTTP/1.1[0m" 304 -
2023-04-22 21:11:53,239:INFO:127.0.0.1 - - [22/Apr/2023 21:11:53] "[36mGET /static/css/nav.css HTTP/1.1[0m" 304 -
2023-04-22 21:11:53,242:INFO:127.0.0.1 - - [22/Apr/2023 21:11:53] "[36mGET /static/css/carrusel.css HTTP/1.1[0m" 304 -
2023-04-22 21:11:53,244:INFO:127.0.0.1 - - [22/Apr/2023 21:11:53] "[36mGET /static/js/carrusel.js HTTP/1.1[0m" 304 -
2023-04-22 21:11:53,249:INFO:127.0.0.1 - - [22/Apr/2023 21:11:53] "[33mGET /security/static/sweetalert2/sweetalert2.min.css HTTP/1.1[0m" 404 -
2023-04-22 21:11:53,259:INFO:127.0.0.1 - - [22/Apr/2023 21:11:53] "[33mGET /security/static/sweetalert2/sweetalert2.min.js HTTP/1.1[0m" 404 -
2023-04-22 21:11:53,279:INFO:127.0.0.1 - - [22/Apr/2023 21:11:53] "[33mGET /security/static/estilos.css HTTP/1.1[0m" 404 -
2023-04-22 21:11:53,316:INFO:127.0.0.1 - - [22/Apr/2023 21:11:53] "[33mGET /security/static/sweetalert2/sweetalert2.min.css HTTP/1.1[0m" 404 -
2023-04-22 21:11:53,319:INFO:127.0.0.1 - - [22/Apr/2023 21:11:53] "[36mGET /static/img/ej4.png HTTP/1.1[0m" 304 -
2023-04-22 21:11:53,359:INFO:127.0.0.1 - - [22/Apr/2023 21:11:53] "[33mGET /security/static/estilos.css HTTP/1.1[0m" 404 -
2023-04-22 21:11:53,372:INFO:127.0.0.1 - - [22/Apr/2023 21:11:53] "[36mGET /static/img/fondo5.jpg HTTP/1.1[0m" 304 -
2023-04-22 21:11:53,394:INFO:127.0.0.1 - - [22/Apr/2023 21:11:53] "[36mGET /static/bootstrap/img/glyphicons-halflings-white.png HTTP/1.1[0m" 304 -
2023-04-22 21:12:08,148:INFO:127.0.0.1 - - [22/Apr/2023 21:12:08] "GET /security/administracion_admin HTTP/1.1" 200 -
2023-04-22 21:12:08,207:INFO:127.0.0.1 - - [22/Apr/2023 21:12:08] "[36mGET /static/bootstrap/css/bootstrap.min.css HTTP/1.1[0m" 304 -
2023-04-22 21:12:08,242:INFO:127.0.0.1 - - [22/Apr/2023 21:12:08] "[36mGET /static/bootstrap/css/styles.css HTTP/1.1[0m" 304 -
2023-04-22 21:12:08,254:INFO:127.0.0.1 - - [22/Apr/2023 21:12:08] "[36mGET /static/bootstrap/css/bootstrap-responsive.min.css HTTP/1.1[0m" 304 -
2023-04-22 21:12:08,268:INFO:127.0.0.1 - - [22/Apr/2023 21:12:08] "[36mGET /static/css/nav.css HTTP/1.1[0m" 304 -
2023-04-22 21:12:08,294:INFO:127.0.0.1 - - [22/Apr/2023 21:12:08] "[36mGET /static/css/carrusel.css HTTP/1.1[0m" 304 -
2023-04-22 21:12:08,315:INFO:127.0.0.1 - - [22/Apr/2023 21:12:08] "[36mGET /static/js/carrusel.js HTTP/1.1[0m" 304 -
2023-04-22 21:12:08,328:INFO:127.0.0.1 - - [22/Apr/2023 21:12:08] "[33mGET /security/static/sweetalert2/sweetalert2.min.css HTTP/1.1[0m" 404 -
2023-04-22 21:12:08,344:INFO:127.0.0.1 - - [22/Apr/2023 21:12:08] "[33mGET /security/static/sweetalert2/sweetalert2.min.js HTTP/1.1[0m" 404 -
2023-04-22 21:12:08,383:INFO:127.0.0.1 - - [22/Apr/2023 21:12:08] "[33mGET /security/static/estilos.css HTTP/1.1[0m" 404 -
2023-04-22 21:12:08,412:INFO:127.0.0.1 - - [22/Apr/2023 21:12:08] "[36mGET /static/img/ej4.png HTTP/1.1[0m" 304 -
2023-04-22 21:12:08,422:INFO:127.0.0.1 - - [22/Apr/2023 21:12:08] "[36mGET /static/img/fondo5.jpg HTTP/1.1[0m" 304 -
2023-04-22 21:12:08,451:INFO:127.0.0.1 - - [22/Apr/2023 21:12:08] "[33mGET /security/static/estilos.css HTTP/1.1[0m" 404 -
2023-04-22 21:12:08,463:INFO:127.0.0.1 - - [22/Apr/2023 21:12:08] "[36mGET /static/bootstrap/img/glyphicons-halflings-white.png HTTP/1.1[0m" 304 -
2023-04-22 21:12:17,009:INFO:127.0.0.1 - - [22/Apr/2023 21:12:17] "GET /security/administracion_admin HTTP/1.1" 200 -
2023-04-22 21:12:17,067:INFO:127.0.0.1 - - [22/Apr/2023 21:12:17] "[36mGET /static/bootstrap/css/bootstrap.min.css HTTP/1.1[0m" 304 -
2023-04-22 21:12:17,126:INFO:127.0.0.1 - - [22/Apr/2023 21:12:17] "[36mGET /static/bootstrap/css/bootstrap-responsive.min.css HTTP/1.1[0m" 304 -
2023-04-22 21:12:17,127:INFO:127.0.0.1 - - [22/Apr/2023 21:12:17] "[36mGET /static/bootstrap/css/styles.css HTTP/1.1[0m" 304 -
2023-04-22 21:12:17,131:INFO:127.0.0.1 - - [22/Apr/2023 21:12:17] "[36mGET /static/css/nav.css HTTP/1.1[0m" 304 -
2023-04-22 21:12:17,143:INFO:127.0.0.1 - - [22/Apr/2023 21:12:17] "[36mGET /static/css/carrusel.css HTTP/1.1[0m" 304 -
2023-04-22 21:12:17,168:INFO:127.0.0.1 - - [22/Apr/2023 21:12:17] "[36mGET /static/js/carrusel.js HTTP/1.1[0m" 304 -
2023-04-22 21:12:17,178:INFO:127.0.0.1 - - [22/Apr/2023 21:12:17] "[33mGET /security/static/sweetalert2/sweetalert2.min.css HTTP/1.1[0m" 404 -
2023-04-22 21:12:17,193:INFO:127.0.0.1 - - [22/Apr/2023 21:12:17] "[33mGET /security/static/sweetalert2/sweetalert2.min.js HTTP/1.1[0m" 404 -
2023-04-22 21:12:17,226:INFO:127.0.0.1 - - [22/Apr/2023 21:12:17] "[33mGET /security/static/estilos.css HTTP/1.1[0m" 404 -
2023-04-22 21:12:17,263:INFO:127.0.0.1 - - [22/Apr/2023 21:12:17] "[33mGET /security/static/sweetalert2/sweetalert2.min.css HTTP/1.1[0m" 404 -
2023-04-22 21:12:17,276:INFO:127.0.0.1 - - [22/Apr/2023 21:12:17] "[33mGET /security/static/sweetalert2/sweetalert2.min.js HTTP/1.1[0m" 404 -
2023-04-22 21:12:17,308:INFO:127.0.0.1 - - [22/Apr/2023 21:12:17] "[36mGET /static/img/ej4.png HTTP/1.1[0m" 304 -
2023-04-22 21:12:17,309:INFO:127.0.0.1 - - [22/Apr/2023 21:12:17] "[36mGET /static/img/fondo5.jpg HTTP/1.1[0m" 304 -
2023-04-22 21:12:17,311:INFO:127.0.0.1 - - [22/Apr/2023 21:12:17] "[33mGET /security/static/estilos.css HTTP/1.1[0m" 404 -
2023-04-22 21:12:17,350:INFO:127.0.0.1 - - [22/Apr/2023 21:12:17] "[36mGET /static/bootstrap/img/glyphicons-halflings-white.png HTTP/1.1[0m" 304 -
2023-04-22 21:12:25,467:INFO:127.0.0.1 - - [22/Apr/2023 21:12:25] "GET /security/administracion_admin HTTP/1.1" 200 -
2023-04-22 21:12:25,512:INFO:127.0.0.1 - - [22/Apr/2023 21:12:25] "[36mGET /static/bootstrap/css/bootstrap.min.css HTTP/1.1[0m" 304 -
2023-04-22 21:12:25,540:INFO:127.0.0.1 - - [22/Apr/2023 21:12:25] "[36mGET /static/bootstrap/css/bootstrap-responsive.min.css HTTP/1.1[0m" 304 -
2023-04-22 21:12:25,574:INFO:127.0.0.1 - - [22/Apr/2023 21:12:25] "[36mGET /static/bootstrap/css/styles.css HTTP/1.1[0m" 304 -
2023-04-22 21:12:25,577:INFO:127.0.0.1 - - [22/Apr/2023 21:12:25] "[36mGET /static/css/nav.css HTTP/1.1[0m" 304 -
2023-04-22 21:12:25,579:INFO:127.0.0.1 - - [22/Apr/2023 21:12:25] "[36mGET /static/css/carrusel.css HTTP/1.1[0m" 304 -
2023-04-22 21:12:25,585:INFO:127.0.0.1 - - [22/Apr/2023 21:12:25] "[36mGET /static/js/carrusel.js HTTP/1.1[0m" 304 -
2023-04-22 21:12:25,637:INFO:127.0.0.1 - - [22/Apr/2023 21:12:25] "[33mGET /security/static/sweetalert2/sweetalert2.min.css HTTP/1.1[0m" 404 -
2023-04-22 21:12:25,639:INFO:127.0.0.1 - - [22/Apr/2023 21:12:25] "[33mGET /security/static/sweetalert2/sweetalert2.min.js HTTP/1.1[0m" 404 -
2023-04-22 21:12:25,670:INFO:127.0.0.1 - - [22/Apr/2023 21:12:25] "[33mGET /security/static/estilos.css HTTP/1.1[0m" 404 -
2023-04-22 21:12:25,682:INFO:127.0.0.1 - - [22/Apr/2023 21:12:25] "[36mGET /static/img/ej4.png HTTP/1.1[0m" 304 -
2023-04-22 21:12:25,708:INFO:127.0.0.1 - - [22/Apr/2023 21:12:25] "[36mGET /static/img/fondo5.jpg HTTP/1.1[0m" 304 -
2023-04-22 21:12:25,789:INFO:127.0.0.1 - - [22/Apr/2023 21:12:25] "[36mGET /static/bootstrap/img/glyphicons-halflings-white.png HTTP/1.1[0m" 304 -
2023-04-22 21:12:32,721:INFO:127.0.0.1 - - [22/Apr/2023 21:12:32] "GET /security/administracion_admin HTTP/1.1" 200 -
2023-04-22 21:12:32,767:INFO:127.0.0.1 - - [22/Apr/2023 21:12:32] "[36mGET /static/bootstrap/css/bootstrap.min.css HTTP/1.1[0m" 304 -
2023-04-22 21:12:32,789:INFO:127.0.0.1 - - [22/Apr/2023 21:12:32] "[36mGET /static/bootstrap/css/bootstrap-responsive.min.css HTTP/1.1[0m" 304 -
2023-04-22 21:12:32,794:INFO:127.0.0.1 - - [22/Apr/2023 21:12:32] "[36mGET /static/bootstrap/css/styles.css HTTP/1.1[0m" 304 -
2023-04-22 21:12:32,803:INFO:127.0.0.1 - - [22/Apr/2023 21:12:32] "[36mGET /static/css/nav.css HTTP/1.1[0m" 304 -
2023-04-22 21:12:32,819:INFO:127.0.0.1 - - [22/Apr/2023 21:12:32] "[36mGET /static/css/carrusel.css HTTP/1.1[0m" 304 -
2023-04-22 21:12:32,828:INFO:127.0.0.1 - - [22/Apr/2023 21:12:32] "[33mGET /security/static/sweetalert2/sweetalert2.min.css HTTP/1.1[0m" 404 -
2023-04-22 21:12:32,832:INFO:127.0.0.1 - - [22/Apr/2023 21:12:32] "[36mGET /static/js/carrusel.js HTTP/1.1[0m" 304 -
2023-04-22 21:12:32,834:INFO:127.0.0.1 - - [22/Apr/2023 21:12:32] "[33mGET /security/static/sweetalert2/sweetalert2.min.js HTTP/1.1[0m" 404 -
2023-04-22 21:12:32,839:INFO:127.0.0.1 - - [22/Apr/2023 21:12:32] "[33mGET /security/static/estilos.css HTTP/1.1[0m" 404 -
2023-04-22 21:12:32,875:INFO:127.0.0.1 - - [22/Apr/2023 21:12:32] "[36mGET /static/img/ej4.png HTTP/1.1[0m" 304 -
2023-04-22 21:12:32,895:INFO:127.0.0.1 - - [22/Apr/2023 21:12:32] "[33mGET /security/static/sweetalert2/sweetalert2.min.css HTTP/1.1[0m" 404 -
2023-04-22 21:12:32,904:INFO:127.0.0.1 - - [22/Apr/2023 21:12:32] "[33mGET /security/static/sweetalert2/sweetalert2.min.js HTTP/1.1[0m" 404 -
2023-04-22 21:12:32,909:INFO:127.0.0.1 - - [22/Apr/2023 21:12:32] "[36mGET /static/img/fondo5.jpg HTTP/1.1[0m" 304 -
2023-04-22 21:12:32,928:INFO:127.0.0.1 - - [22/Apr/2023 21:12:32] "[33mGET /security/static/estilos.css HTTP/1.1[0m" 404 -
2023-04-22 21:12:32,939:INFO:127.0.0.1 - - [22/Apr/2023 21:12:32] "[36mGET /static/bootstrap/img/glyphicons-halflings-white.png HTTP/1.1[0m" 304 -
2023-04-22 21:12:40,098:INFO:127.0.0.1 - - [22/Apr/2023 21:12:40] "GET /security/administracion_admin HTTP/1.1" 200 -
2023-04-22 21:12:40,146:INFO:127.0.0.1 - - [22/Apr/2023 21:12:40] "[36mGET /static/bootstrap/css/bootstrap.min.css HTTP/1.1[0m" 304 -
2023-04-22 21:12:40,170:INFO:127.0.0.1 - - [22/Apr/2023 21:12:40] "[36mGET /static/bootstrap/css/bootstrap-responsive.min.css HTTP/1.1[0m" 304 -
2023-04-22 21:12:40,176:INFO:127.0.0.1 - - [22/Apr/2023 21:12:40] "[36mGET /static/bootstrap/css/styles.css HTTP/1.1[0m" 304 -
2023-04-22 21:12:40,176:INFO:127.0.0.1 - - [22/Apr/2023 21:12:40] "[36mGET /static/css/nav.css HTTP/1.1[0m" 304 -
2023-04-22 21:12:40,197:INFO:127.0.0.1 - - [22/Apr/2023 21:12:40] "[33mGET /security/static/sweetalert2/sweetalert2.min.css HTTP/1.1[0m" 404 -
2023-04-22 21:12:40,199:INFO:127.0.0.1 - - [22/Apr/2023 21:12:40] "[36mGET /static/js/carrusel.js HTTP/1.1[0m" 304 -
2023-04-22 21:12:40,205:INFO:127.0.0.1 - - [22/Apr/2023 21:12:40] "[36mGET /static/css/carrusel.css HTTP/1.1[0m" 304 -
2023-04-22 21:12:40,211:INFO:127.0.0.1 - - [22/Apr/2023 21:12:40] "[33mGET /security/static/sweetalert2/sweetalert2.min.js HTTP/1.1[0m" 404 -
2023-04-22 21:12:40,220:INFO:127.0.0.1 - - [22/Apr/2023 21:12:40] "[33mGET /security/static/estilos.css HTTP/1.1[0m" 404 -
2023-04-22 21:12:40,271:INFO:127.0.0.1 - - [22/Apr/2023 21:12:40] "[36mGET /static/img/ej4.png HTTP/1.1[0m" 304 -
2023-04-22 21:12:40,289:INFO:127.0.0.1 - - [22/Apr/2023 21:12:40] "[33mGET /security/static/sweetalert2/sweetalert2.min.css HTTP/1.1[0m" 404 -
2023-04-22 21:12:40,291:INFO:127.0.0.1 - - [22/Apr/2023 21:12:40] "[33mGET /security/static/estilos.css HTTP/1.1[0m" 404 -
2023-04-22 21:12:40,305:INFO:127.0.0.1 - - [22/Apr/2023 21:12:40] "[36mGET /static/img/fondo5.jpg HTTP/1.1[0m" 304 -
2023-04-22 21:12:40,322:INFO:127.0.0.1 - - [22/Apr/2023 21:12:40] "[36mGET /static/bootstrap/img/glyphicons-halflings-white.png HTTP/1.1[0m" 304 -
2023-04-22 21:12:49,925:INFO:127.0.0.1 - - [22/Apr/2023 21:12:49] "GET /security/administracion_admin HTTP/1.1" 200 -
2023-04-22 21:12:49,967:INFO:127.0.0.1 - - [22/Apr/2023 21:12:49] "[36mGET /static/bootstrap/css/bootstrap.min.css HTTP/1.1[0m" 304 -
2023-04-22 21:12:49,999:INFO:127.0.0.1 - - [22/Apr/2023 21:12:49] "[36mGET /static/bootstrap/css/bootstrap-responsive.min.css HTTP/1.1[0m" 304 -
2023-04-22 21:12:50,004:INFO:127.0.0.1 - - [22/Apr/2023 21:12:50] "[36mGET /static/css/nav.css HTTP/1.1[0m" 304 -
2023-04-22 21:12:50,006:INFO:127.0.0.1 - - [22/Apr/2023 21:12:50] "[36mGET /static/bootstrap/css/styles.css HTTP/1.1[0m" 304 -
2023-04-22 21:12:50,008:INFO:127.0.0.1 - - [22/Apr/2023 21:12:50] "[36mGET /static/css/carrusel.css HTTP/1.1[0m" 304 -
2023-04-22 21:12:50,026:INFO:127.0.0.1 - - [22/Apr/2023 21:12:50] "[36mGET /static/js/carrusel.js HTTP/1.1[0m" 304 -
2023-04-22 21:12:50,032:INFO:127.0.0.1 - - [22/Apr/2023 21:12:50] "[33mGET /security/static/sweetalert2/sweetalert2.min.css HTTP/1.1[0m" 404 -
2023-04-22 21:12:50,032:INFO:127.0.0.1 - - [22/Apr/2023 21:12:50] "[33mGET /security/static/sweetalert2/sweetalert2.min.js HTTP/1.1[0m" 404 -
2023-04-22 21:12:50,040:INFO:127.0.0.1 - - [22/Apr/2023 21:12:50] "[33mGET /security/static/estilos.css HTTP/1.1[0m" 404 -
2023-04-22 21:12:50,072:INFO:127.0.0.1 - - [22/Apr/2023 21:12:50] "[36mGET /static/img/ej4.png HTTP/1.1[0m" 304 -
2023-04-22 21:12:50,076:INFO:127.0.0.1 - - [22/Apr/2023 21:12:50] "[33mGET /security/static/estilos.css HTTP/1.1[0m" 404 -
2023-04-22 21:12:50,087:INFO:127.0.0.1 - - [22/Apr/2023 21:12:50] "[36mGET /static/img/fondo5.jpg HTTP/1.1[0m" 304 -
2023-04-22 21:12:50,111:INFO:127.0.0.1 - - [22/Apr/2023 21:12:50] "[36mGET /static/bootstrap/img/glyphicons-halflings-white.png HTTP/1.1[0m" 304 -
2023-04-22 21:12:57,307:INFO:127.0.0.1 - - [22/Apr/2023 21:12:57] "GET /security/administracion_admin HTTP/1.1" 200 -
2023-04-22 21:12:57,348:INFO:127.0.0.1 - - [22/Apr/2023 21:12:57] "[36mGET /static/bootstrap/css/bootstrap.min.css HTTP/1.1[0m" 304 -
2023-04-22 21:12:57,366:INFO:127.0.0.1 - - [22/Apr/2023 21:12:57] "[36mGET /static/bootstrap/css/bootstrap-responsive.min.css HTTP/1.1[0m" 304 -
2023-04-22 21:12:57,374:INFO:127.0.0.1 - - [22/Apr/2023 21:12:57] "[36mGET /static/bootstrap/css/styles.css HTTP/1.1[0m" 304 -
2023-04-22 21:12:57,383:INFO:127.0.0.1 - - [22/Apr/2023 21:12:57] "[36mGET /static/css/nav.css HTTP/1.1[0m" 304 -
2023-04-22 21:12:57,404:INFO:127.0.0.1 - - [22/Apr/2023 21:12:57] "[36mGET /static/css/carrusel.css HTTP/1.1[0m" 304 -
2023-04-22 21:12:57,408:INFO:127.0.0.1 - - [22/Apr/2023 21:12:57] "[33mGET /security/static/sweetalert2/sweetalert2.min.css HTTP/1.1[0m" 404 -
2023-04-22 21:12:57,408:INFO:127.0.0.1 - - [22/Apr/2023 21:12:57] "[36mGET /static/js/carrusel.js HTTP/1.1[0m" 304 -
2023-04-22 21:12:57,418:INFO:127.0.0.1 - - [22/Apr/2023 21:12:57] "[33mGET /security/static/sweetalert2/sweetalert2.min.js HTTP/1.1[0m" 404 -
2023-04-22 21:12:57,426:INFO:127.0.0.1 - - [22/Apr/2023 21:12:57] "[33mGET /security/static/estilos.css HTTP/1.1[0m" 404 -
2023-04-22 21:12:57,465:INFO:127.0.0.1 - - [22/Apr/2023 21:12:57] "[33mGET /security/static/sweetalert2/sweetalert2.min.css HTTP/1.1[0m" 404 -
2023-04-22 21:12:57,469:INFO:127.0.0.1 - - [22/Apr/2023 21:12:57] "[36mGET /static/img/ej4.png HTTP/1.1[0m" 304 -
2023-04-22 21:12:57,476:INFO:127.0.0.1 - - [22/Apr/2023 21:12:57] "[33mGET /security/static/sweetalert2/sweetalert2.min.js HTTP/1.1[0m" 404 -
2023-04-22 21:12:57,502:INFO:127.0.0.1 - - [22/Apr/2023 21:12:57] "[36mGET /static/img/fondo5.jpg HTTP/1.1[0m" 304 -
2023-04-22 21:12:57,508:INFO:127.0.0.1 - - [22/Apr/2023 21:12:57] "[33mGET /security/static/estilos.css HTTP/1.1[0m" 404 -
2023-04-22 21:12:57,519:INFO:127.0.0.1 - - [22/Apr/2023 21:12:57] "[36mGET /static/bootstrap/img/glyphicons-halflings-white.png HTTP/1.1[0m" 304 -
2023-04-22 21:13:17,059:INFO:127.0.0.1 - - [22/Apr/2023 21:13:17] "GET /security/administracion_admin HTTP/1.1" 200 -
2023-04-22 21:13:17,113:INFO:127.0.0.1 - - [22/Apr/2023 21:13:17] "[36mGET /static/bootstrap/css/bootstrap.min.css HTTP/1.1[0m" 304 -
2023-04-22 21:13:17,135:INFO:127.0.0.1 - - [22/Apr/2023 21:13:17] "[36mGET /static/bootstrap/css/bootstrap-responsive.min.css HTTP/1.1[0m" 304 -
2023-04-22 21:13:17,139:INFO:127.0.0.1 - - [22/Apr/2023 21:13:17] "[36mGET /static/bootstrap/css/styles.css HTTP/1.1[0m" 304 -
2023-04-22 21:13:17,161:INFO:127.0.0.1 - - [22/Apr/2023 21:13:17] "GET /static/css/nav.css HTTP/1.1" 200 -
2023-04-22 21:13:17,165:INFO:127.0.0.1 - - [22/Apr/2023 21:13:17] "[36mGET /static/css/carrusel.css HTTP/1.1[0m" 304 -
2023-04-22 21:13:17,185:INFO:127.0.0.1 - - [22/Apr/2023 21:13:17] "[36mGET /static/js/carrusel.js HTTP/1.1[0m" 304 -
2023-04-22 21:13:17,185:INFO:127.0.0.1 - - [22/Apr/2023 21:13:17] "[33mGET /security/static/sweetalert2/sweetalert2.min.css HTTP/1.1[0m" 404 -
2023-04-22 21:13:17,186:INFO:127.0.0.1 - - [22/Apr/2023 21:13:17] "[33mGET /security/static/sweetalert2/sweetalert2.min.js HTTP/1.1[0m" 404 -
2023-04-22 21:13:17,200:INFO:127.0.0.1 - - [22/Apr/2023 21:13:17] "[33mGET /security/static/estilos.css HTTP/1.1[0m" 404 -
2023-04-22 21:13:17,239:INFO:127.0.0.1 - - [22/Apr/2023 21:13:17] "[36mGET /static/img/ej4.png HTTP/1.1[0m" 304 -
2023-04-22 21:13:17,245:INFO:127.0.0.1 - - [22/Apr/2023 21:13:17] "[33mGET /security/static/estilos.css HTTP/1.1[0m" 404 -
2023-04-22 21:13:17,256:INFO:127.0.0.1 - - [22/Apr/2023 21:13:17] "[36mGET /static/img/fondo5.jpg HTTP/1.1[0m" 304 -
2023-04-22 21:13:17,273:INFO:127.0.0.1 - - [22/Apr/2023 21:13:17] "[36mGET /static/bootstrap/img/glyphicons-halflings-white.png HTTP/1.1[0m" 304 -
2023-04-22 21:13:28,344:INFO:127.0.0.1 - - [22/Apr/2023 21:13:28] "GET /security/administracion_admin HTTP/1.1" 200 -
2023-04-22 21:13:28,393:INFO:127.0.0.1 - - [22/Apr/2023 21:13:28] "[36mGET /static/bootstrap/css/bootstrap.min.css HTTP/1.1[0m" 304 -
2023-04-22 21:13:28,432:INFO:127.0.0.1 - - [22/Apr/2023 21:13:28] "[36mGET /static/bootstrap/css/bootstrap-responsive.min.css HTTP/1.1[0m" 304 -
2023-04-22 21:13:28,433:INFO:127.0.0.1 - - [22/Apr/2023 21:13:28] "[36mGET /static/bootstrap/css/styles.css HTTP/1.1[0m" 304 -
2023-04-22 21:13:28,436:INFO:127.0.0.1 - - [22/Apr/2023 21:13:28] "[36mGET /static/css/nav.css HTTP/1.1[0m" 304 -
2023-04-22 21:13:28,444:INFO:127.0.0.1 - - [22/Apr/2023 21:13:28] "[36mGET /static/css/carrusel.css HTTP/1.1[0m" 304 -
2023-04-22 21:13:28,458:INFO:127.0.0.1 - - [22/Apr/2023 21:13:28] "[36mGET /static/js/carrusel.js HTTP/1.1[0m" 304 -
2023-04-22 21:13:28,465:INFO:127.0.0.1 - - [22/Apr/2023 21:13:28] "[33mGET /security/static/sweetalert2/sweetalert2.min.css HTTP/1.1[0m" 404 -
2023-04-22 21:13:28,467:INFO:127.0.0.1 - - [22/Apr/2023 21:13:28] "[33mGET /security/static/sweetalert2/sweetalert2.min.js HTTP/1.1[0m" 404 -
2023-04-22 21:13:28,482:INFO:127.0.0.1 - - [22/Apr/2023 21:13:28] "[33mGET /security/static/estilos.css HTTP/1.1[0m" 404 -
2023-04-22 21:13:28,543:INFO:127.0.0.1 - - [22/Apr/2023 21:13:28] "[36mGET /static/img/ej4.png HTTP/1.1[0m" 304 -
2023-04-22 21:13:28,550:INFO:127.0.0.1 - - [22/Apr/2023 21:13:28] "[33mGET /security/static/sweetalert2/sweetalert2.min.css HTTP/1.1[0m" 404 -
2023-04-22 21:13:28,551:INFO:127.0.0.1 - - [22/Apr/2023 21:13:28] "[33mGET /security/static/sweetalert2/sweetalert2.min.js HTTP/1.1[0m" 404 -
2023-04-22 21:13:28,564:INFO:127.0.0.1 - - [22/Apr/2023 21:13:28] "[36mGET /static/img/fondo5.jpg HTTP/1.1[0m" 304 -
2023-04-22 21:13:28,601:INFO:127.0.0.1 - - [22/Apr/2023 21:13:28] "[33mGET /security/static/estilos.css HTTP/1.1[0m" 404 -
2023-04-22 21:13:28,625:INFO:127.0.0.1 - - [22/Apr/2023 21:13:28] "[36mGET /static/bootstrap/img/glyphicons-halflings-white.png HTTP/1.1[0m" 304 -
2023-04-22 21:13:39,344:INFO:127.0.0.1 - - [22/Apr/2023 21:13:39] "GET /security/administracion_admin HTTP/1.1" 200 -
2023-04-22 21:13:39,395:INFO:127.0.0.1 - - [22/Apr/2023 21:13:39] "[36mGET /static/bootstrap/css/bootstrap.min.css HTTP/1.1[0m" 304 -
2023-04-22 21:13:39,449:INFO:127.0.0.1 - - [22/Apr/2023 21:13:39] "[36mGET /static/bootstrap/css/bootstrap-responsive.min.css HTTP/1.1[0m" 304 -
2023-04-22 21:13:39,456:INFO:127.0.0.1 - - [22/Apr/2023 21:13:39] "[36mGET /static/bootstrap/css/styles.css HTTP/1.1[0m" 304 -
2023-04-22 21:13:39,464:INFO:127.0.0.1 - - [22/Apr/2023 21:13:39] "[36mGET /static/css/nav.css HTTP/1.1[0m" 304 -
2023-04-22 21:13:39,467:INFO:127.0.0.1 - - [22/Apr/2023 21:13:39] "[36mGET /static/css/carrusel.css HTTP/1.1[0m" 304 -
2023-04-22 21:13:39,481:INFO:127.0.0.1 - - [22/Apr/2023 21:13:39] "[36mGET /static/js/carrusel.js HTTP/1.1[0m" 304 -
2023-04-22 21:13:39,494:INFO:127.0.0.1 - - [22/Apr/2023 21:13:39] "[33mGET /security/static/sweetalert2/sweetalert2.min.css HTTP/1.1[0m" 404 -
2023-04-22 21:13:39,502:INFO:127.0.0.1 - - [22/Apr/2023 21:13:39] "[33mGET /security/static/sweetalert2/sweetalert2.min.js HTTP/1.1[0m" 404 -
2023-04-22 21:13:39,507:INFO:127.0.0.1 - - [22/Apr/2023 21:13:39] "[33mGET /security/static/estilos.css HTTP/1.1[0m" 404 -
2023-04-22 21:13:39,536:INFO:127.0.0.1 - - [22/Apr/2023 21:13:39] "[36mGET /static/img/ej4.png HTTP/1.1[0m" 304 -
2023-04-22 21:13:39,558:INFO:127.0.0.1 - - [22/Apr/2023 21:13:39] "[33mGET /security/static/estilos.css HTTP/1.1[0m" 404 -
2023-04-22 21:13:39,577:INFO:127.0.0.1 - - [22/Apr/2023 21:13:39] "[36mGET /static/img/fondo5.jpg HTTP/1.1[0m" 304 -
2023-04-22 21:13:39,597:INFO:127.0.0.1 - - [22/Apr/2023 21:13:39] "[36mGET /static/bootstrap/img/glyphicons-halflings-white.png HTTP/1.1[0m" 304 -
2023-04-22 21:13:46,270:INFO:127.0.0.1 - - [22/Apr/2023 21:13:46] "GET /security/administracion_admin HTTP/1.1" 200 -
2023-04-22 21:13:46,331:INFO:127.0.0.1 - - [22/Apr/2023 21:13:46] "[36mGET /static/bootstrap/css/bootstrap.min.css HTTP/1.1[0m" 304 -
2023-04-22 21:13:46,366:INFO:127.0.0.1 - - [22/Apr/2023 21:13:46] "[36mGET /static/bootstrap/css/bootstrap-responsive.min.css HTTP/1.1[0m" 304 -
2023-04-22 21:13:46,369:INFO:127.0.0.1 - - [22/Apr/2023 21:13:46] "[36mGET /static/bootstrap/css/styles.css HTTP/1.1[0m" 304 -
2023-04-22 21:13:46,374:INFO:127.0.0.1 - - [22/Apr/2023 21:13:46] "[36mGET /static/css/carrusel.css HTTP/1.1[0m" 304 -
2023-04-22 21:13:46,375:INFO:127.0.0.1 - - [22/Apr/2023 21:13:46] "[36mGET /static/css/nav.css HTTP/1.1[0m" 304 -
2023-04-22 21:13:46,375:INFO:127.0.0.1 - - [22/Apr/2023 21:13:46] "[36mGET /static/js/carrusel.js HTTP/1.1[0m" 304 -
2023-04-22 21:13:46,399:INFO:127.0.0.1 - - [22/Apr/2023 21:13:46] "[33mGET /security/static/sweetalert2/sweetalert2.min.css HTTP/1.1[0m" 404 -
2023-04-22 21:13:46,403:INFO:127.0.0.1 - - [22/Apr/2023 21:13:46] "[33mGET /security/static/sweetalert2/sweetalert2.min.js HTTP/1.1[0m" 404 -
2023-04-22 21:13:46,414:INFO:127.0.0.1 - - [22/Apr/2023 21:13:46] "[33mGET /security/static/estilos.css HTTP/1.1[0m" 404 -
2023-04-22 21:13:46,451:INFO:127.0.0.1 - - [22/Apr/2023 21:13:46] "[36mGET /static/img/ej4.png HTTP/1.1[0m" 304 -
2023-04-22 21:13:46,463:INFO:127.0.0.1 - - [22/Apr/2023 21:13:46] "[33mGET /security/static/sweetalert2/sweetalert2.min.css HTTP/1.1[0m" 404 -
2023-04-22 21:13:46,475:INFO:127.0.0.1 - - [22/Apr/2023 21:13:46] "[33mGET /security/static/sweetalert2/sweetalert2.min.js HTTP/1.1[0m" 404 -
2023-04-22 21:13:46,477:INFO:127.0.0.1 - - [22/Apr/2023 21:13:46] "[36mGET /static/img/fondo5.jpg HTTP/1.1[0m" 304 -
2023-04-22 21:13:46,502:INFO:127.0.0.1 - - [22/Apr/2023 21:13:46] "[33mGET /security/static/estilos.css HTTP/1.1[0m" 404 -
2023-04-22 21:13:46,529:INFO:127.0.0.1 - - [22/Apr/2023 21:13:46] "[36mGET /static/bootstrap/img/glyphicons-halflings-white.png HTTP/1.1[0m" 304 -
2023-04-22 21:13:54,280:INFO:127.0.0.1 - - [22/Apr/2023 21:13:54] "GET /security/administracion_admin HTTP/1.1" 200 -
2023-04-22 21:13:54,330:INFO:127.0.0.1 - - [22/Apr/2023 21:13:54] "[36mGET /static/bootstrap/css/bootstrap.min.css HTTP/1.1[0m" 304 -
2023-04-22 21:13:54,348:INFO:127.0.0.1 - - [22/Apr/2023 21:13:54] "[36mGET /static/bootstrap/css/bootstrap-responsive.min.css HTTP/1.1[0m" 304 -
2023-04-22 21:13:54,366:INFO:127.0.0.1 - - [22/Apr/2023 21:13:54] "[36mGET /static/css/carrusel.css HTTP/1.1[0m" 304 -
2023-04-22 21:13:54,367:INFO:127.0.0.1 - - [22/Apr/2023 21:13:54] "[36mGET /static/bootstrap/css/styles.css HTTP/1.1[0m" 304 -
2023-04-22 21:13:54,372:INFO:127.0.0.1 - - [22/Apr/2023 21:13:54] "[36mGET /static/css/nav.css HTTP/1.1[0m" 304 -
2023-04-22 21:13:54,392:INFO:127.0.0.1 - - [22/Apr/2023 21:13:54] "[33mGET /security/static/sweetalert2/sweetalert2.min.css HTTP/1.1[0m" 404 -
2023-04-22 21:13:54,392:INFO:127.0.0.1 - - [22/Apr/2023 21:13:54] "[33mGET /security/static/sweetalert2/sweetalert2.min.js HTTP/1.1[0m" 404 -
2023-04-22 21:13:54,397:INFO:127.0.0.1 - - [22/Apr/2023 21:13:54] "[36mGET /static/js/carrusel.js HTTP/1.1[0m" 304 -
2023-04-22 21:13:54,403:INFO:127.0.0.1 - - [22/Apr/2023 21:13:54] "[33mGET /security/static/estilos.css HTTP/1.1[0m" 404 -
2023-04-22 21:13:54,451:INFO:127.0.0.1 - - [22/Apr/2023 21:13:54] "[36mGET /static/img/ej4.png HTTP/1.1[0m" 304 -
2023-04-22 21:13:54,456:INFO:127.0.0.1 - - [22/Apr/2023 21:13:54] "[33mGET /security/static/sweetalert2/sweetalert2.min.css HTTP/1.1[0m" 404 -
2023-04-22 21:13:54,467:INFO:127.0.0.1 - - [22/Apr/2023 21:13:54] "[33mGET /security/static/sweetalert2/sweetalert2.min.js HTTP/1.1[0m" 404 -
2023-04-22 21:13:54,470:INFO:127.0.0.1 - - [22/Apr/2023 21:13:54] "[36mGET /static/img/fondo5.jpg HTTP/1.1[0m" 304 -
2023-04-22 21:13:54,492:INFO:127.0.0.1 - - [22/Apr/2023 21:13:54] "[33mGET /security/static/estilos.css HTTP/1.1[0m" 404 -
2023-04-22 21:13:54,520:INFO:127.0.0.1 - - [22/Apr/2023 21:13:54] "[36mGET /static/bootstrap/img/glyphicons-halflings-white.png HTTP/1.1[0m" 304 -
2023-04-22 21:15:05,576:INFO:127.0.0.1 - - [22/Apr/2023 21:15:05] "GET /security/administracion_admin HTTP/1.1" 200 -
2023-04-22 21:15:05,633:INFO:127.0.0.1 - - [22/Apr/2023 21:15:05] "[36mGET /static/bootstrap/css/bootstrap.min.css HTTP/1.1[0m" 304 -
2023-04-22 21:15:05,653:INFO:127.0.0.1 - - [22/Apr/2023 21:15:05] "[36mGET /static/bootstrap/css/bootstrap-responsive.min.css HTTP/1.1[0m" 304 -
2023-04-22 21:15:05,663:INFO:127.0.0.1 - - [22/Apr/2023 21:15:05] "[36mGET /static/bootstrap/css/styles.css HTTP/1.1[0m" 304 -
2023-04-22 21:15:05,671:INFO:127.0.0.1 - - [22/Apr/2023 21:15:05] "[36mGET /static/css/nav.css HTTP/1.1[0m" 304 -
2023-04-22 21:15:05,689:INFO:127.0.0.1 - - [22/Apr/2023 21:15:05] "[36mGET /static/css/carrusel.css HTTP/1.1[0m" 304 -
2023-04-22 21:15:05,705:INFO:127.0.0.1 - - [22/Apr/2023 21:15:05] "[36mGET /static/js/carrusel.js HTTP/1.1[0m" 304 -
2023-04-22 21:15:05,716:INFO:127.0.0.1 - - [22/Apr/2023 21:15:05] "[33mGET /security/static/sweetalert2/sweetalert2.min.css HTTP/1.1[0m" 404 -
2023-04-22 21:15:05,731:INFO:127.0.0.1 - - [22/Apr/2023 21:15:05] "[33mGET /security/static/sweetalert2/sweetalert2.min.js HTTP/1.1[0m" 404 -
2023-04-22 21:15:05,776:INFO:127.0.0.1 - - [22/Apr/2023 21:15:05] "[33mGET /security/static/estilos.css HTTP/1.1[0m" 404 -
2023-04-22 21:15:05,815:INFO:127.0.0.1 - - [22/Apr/2023 21:15:05] "[36mGET /static/img/ej4.png HTTP/1.1[0m" 304 -
2023-04-22 21:15:05,836:INFO:127.0.0.1 - - [22/Apr/2023 21:15:05] "[36mGET /static/img/fondo5.jpg HTTP/1.1[0m" 304 -
2023-04-22 21:15:05,854:INFO:127.0.0.1 - - [22/Apr/2023 21:15:05] "[36mGET /static/bootstrap/img/glyphicons-halflings-white.png HTTP/1.1[0m" 304 -
2023-04-22 21:15:16,765:INFO:127.0.0.1 - - [22/Apr/2023 21:15:16] "GET /security/administracion_admin HTTP/1.1" 200 -
2023-04-22 21:15:16,821:INFO:127.0.0.1 - - [22/Apr/2023 21:15:16] "[36mGET /static/bootstrap/css/bootstrap.min.css HTTP/1.1[0m" 304 -
2023-04-22 21:15:16,849:INFO:127.0.0.1 - - [22/Apr/2023 21:15:16] "[36mGET /static/bootstrap/css/bootstrap-responsive.min.css HTTP/1.1[0m" 304 -
2023-04-22 21:15:16,883:INFO:127.0.0.1 - - [22/Apr/2023 21:15:16] "[36mGET /static/css/carrusel.css HTTP/1.1[0m" 304 -
2023-04-22 21:15:16,888:INFO:127.0.0.1 - - [22/Apr/2023 21:15:16] "[36mGET /static/bootstrap/css/styles.css HTTP/1.1[0m" 304 -
2023-04-22 21:15:16,918:INFO:127.0.0.1 - - [22/Apr/2023 21:15:16] "GET /static/css/nav.css HTTP/1.1" 200 -
2023-04-22 21:15:16,933:INFO:127.0.0.1 - - [22/Apr/2023 21:15:16] "[36mGET /static/js/carrusel.js HTTP/1.1[0m" 304 -
2023-04-22 21:15:16,954:INFO:127.0.0.1 - - [22/Apr/2023 21:15:16] "[33mGET /security/static/sweetalert2/sweetalert2.min.css HTTP/1.1[0m" 404 -
2023-04-22 21:15:17,000:INFO:127.0.0.1 - - [22/Apr/2023 21:15:17] "[33mGET /security/static/sweetalert2/sweetalert2.min.js HTTP/1.1[0m" 404 -
2023-04-22 21:15:17,034:INFO:127.0.0.1 - - [22/Apr/2023 21:15:17] "[33mGET /security/static/estilos.css HTTP/1.1[0m" 404 -
2023-04-22 21:15:17,048:INFO:127.0.0.1 - - [22/Apr/2023 21:15:17] "[36mGET /static/img/ej4.png HTTP/1.1[0m" 304 -
2023-04-22 21:15:17,100:INFO:127.0.0.1 - - [22/Apr/2023 21:15:17] "[36mGET /static/img/fondo5.jpg HTTP/1.1[0m" 304 -
2023-04-22 21:15:17,116:INFO:127.0.0.1 - - [22/Apr/2023 21:15:17] "[36mGET /static/bootstrap/img/glyphicons-halflings-white.png HTTP/1.1[0m" 304 -
2023-04-22 21:15:58,917:INFO:127.0.0.1 - - [22/Apr/2023 21:15:58] "GET /security/administracion_admin HTTP/1.1" 200 -
2023-04-22 21:15:58,962:INFO:127.0.0.1 - - [22/Apr/2023 21:15:58] "[36mGET /static/bootstrap/css/bootstrap.min.css HTTP/1.1[0m" 304 -
2023-04-22 21:15:58,990:INFO:127.0.0.1 - - [22/Apr/2023 21:15:58] "[36mGET /static/bootstrap/css/bootstrap-responsive.min.css HTTP/1.1[0m" 304 -
2023-04-22 21:15:58,994:INFO:127.0.0.1 - - [22/Apr/2023 21:15:58] "[36mGET /static/bootstrap/css/styles.css HTTP/1.1[0m" 304 -
2023-04-22 21:15:58,998:INFO:127.0.0.1 - - [22/Apr/2023 21:15:58] "[36mGET /static/css/nav.css HTTP/1.1[0m" 304 -
2023-04-22 21:15:59,004:INFO:127.0.0.1 - - [22/Apr/2023 21:15:59] "[36mGET /static/css/carrusel.css HTTP/1.1[0m" 304 -
2023-04-22 21:15:59,019:INFO:127.0.0.1 - - [22/Apr/2023 21:15:59] "[33mGET /security/static/sweetalert2/sweetalert2.min.css HTTP/1.1[0m" 404 -
2023-04-22 21:15:59,021:INFO:127.0.0.1 - - [22/Apr/2023 21:15:59] "[36mGET /static/js/carrusel.js HTTP/1.1[0m" 304 -
2023-04-22 21:15:59,035:INFO:127.0.0.1 - - [22/Apr/2023 21:15:59] "[33mGET /security/static/sweetalert2/sweetalert2.min.js HTTP/1.1[0m" 404 -
2023-04-22 21:15:59,036:INFO:127.0.0.1 - - [22/Apr/2023 21:15:59] "[33mGET /security/static/estilos.css HTTP/1.1[0m" 404 -
2023-04-22 21:15:59,080:INFO:127.0.0.1 - - [22/Apr/2023 21:15:59] "[36mGET /static/img/ej4.png HTTP/1.1[0m" 304 -
2023-04-22 21:15:59,094:INFO:127.0.0.1 - - [22/Apr/2023 21:15:59] "[33mGET /security/static/sweetalert2/sweetalert2.min.css HTTP/1.1[0m" 404 -
2023-04-22 21:15:59,106:INFO:127.0.0.1 - - [22/Apr/2023 21:15:59] "[33mGET /security/static/estilos.css HTTP/1.1[0m" 404 -
2023-04-22 21:15:59,118:INFO:127.0.0.1 - - [22/Apr/2023 21:15:59] "[36mGET /static/img/fondo5.jpg HTTP/1.1[0m" 304 -
2023-04-22 21:15:59,136:INFO:127.0.0.1 - - [22/Apr/2023 21:15:59] "[36mGET /static/bootstrap/img/glyphicons-halflings-white.png HTTP/1.1[0m" 304 -
2023-04-22 21:16:10,132:INFO:127.0.0.1 - - [22/Apr/2023 21:16:10] "GET /security/administracion_admin HTTP/1.1" 200 -
2023-04-22 21:16:10,204:INFO:127.0.0.1 - - [22/Apr/2023 21:16:10] "[36mGET /static/bootstrap/css/bootstrap.min.css HTTP/1.1[0m" 304 -
2023-04-22 21:16:10,206:INFO:127.0.0.1 - - [22/Apr/2023 21:16:10] "[36mGET /static/bootstrap/css/bootstrap-responsive.min.css HTTP/1.1[0m" 304 -
2023-04-22 21:16:10,207:INFO:127.0.0.1 - - [22/Apr/2023 21:16:10] "[36mGET /static/bootstrap/css/styles.css HTTP/1.1[0m" 304 -
2023-04-22 21:16:10,215:INFO:127.0.0.1 - - [22/Apr/2023 21:16:10] "[36mGET /static/css/nav.css HTTP/1.1[0m" 304 -
2023-04-22 21:16:10,217:INFO:127.0.0.1 - - [22/Apr/2023 21:16:10] "[36mGET /static/css/carrusel.css HTTP/1.1[0m" 304 -
2023-04-22 21:16:10,225:INFO:127.0.0.1 - - [22/Apr/2023 21:16:10] "[36mGET /static/js/carrusel.js HTTP/1.1[0m" 304 -
2023-04-22 21:16:10,242:INFO:127.0.0.1 - - [22/Apr/2023 21:16:10] "[33mGET /security/static/sweetalert2/sweetalert2.min.css HTTP/1.1[0m" 404 -
2023-04-22 21:16:10,253:INFO:127.0.0.1 - - [22/Apr/2023 21:16:10] "[33mGET /security/static/sweetalert2/sweetalert2.min.js HTTP/1.1[0m" 404 -
2023-04-22 21:16:10,255:INFO:127.0.0.1 - - [22/Apr/2023 21:16:10] "[33mGET /security/static/estilos.css HTTP/1.1[0m" 404 -
2023-04-22 21:16:10,302:INFO:127.0.0.1 - - [22/Apr/2023 21:16:10] "[36mGET /static/img/ej4.png HTTP/1.1[0m" 304 -
2023-04-22 21:16:10,306:INFO:127.0.0.1 - - [22/Apr/2023 21:16:10] "[33mGET /security/static/estilos.css HTTP/1.1[0m" 404 -
2023-04-22 21:16:10,308:INFO:127.0.0.1 - - [22/Apr/2023 21:16:10] "[36mGET /static/img/fondo5.jpg HTTP/1.1[0m" 304 -
2023-04-22 21:16:10,323:INFO:127.0.0.1 - - [22/Apr/2023 21:16:10] "[36mGET /static/bootstrap/img/glyphicons-halflings-white.png HTTP/1.1[0m" 304 -
2023-04-22 21:16:30,219:INFO:127.0.0.1 - - [22/Apr/2023 21:16:30] "GET /security/empleados HTTP/1.1" 200 -
2023-04-22 21:16:30,303:INFO:127.0.0.1 - - [22/Apr/2023 21:16:30] "[36mGET /static/bootstrap/css/bootstrap-responsive.min.css HTTP/1.1[0m" 304 -
2023-04-22 21:16:30,318:INFO:127.0.0.1 - - [22/Apr/2023 21:16:30] "[36mGET /static/bootstrap/css/bootstrap.min.css HTTP/1.1[0m" 304 -
2023-04-22 21:16:30,320:INFO:127.0.0.1 - - [22/Apr/2023 21:16:30] "[36mGET /static/css/nav.css HTTP/1.1[0m" 304 -
2023-04-22 21:16:30,320:INFO:127.0.0.1 - - [22/Apr/2023 21:16:30] "[36mGET /static/bootstrap/css/styles.css HTTP/1.1[0m" 304 -
2023-04-22 21:16:30,327:INFO:127.0.0.1 - - [22/Apr/2023 21:16:30] "[36mGET /static/js/carrusel.js HTTP/1.1[0m" 304 -
2023-04-22 21:16:30,334:INFO:127.0.0.1 - - [22/Apr/2023 21:16:30] "[33mGET /security/static/sweetalert2/sweetalert2.min.css HTTP/1.1[0m" 404 -
2023-04-22 21:16:30,339:INFO:127.0.0.1 - - [22/Apr/2023 21:16:30] "[36mGET /static/css/carrusel.css HTTP/1.1[0m" 304 -
2023-04-22 21:16:30,354:INFO:127.0.0.1 - - [22/Apr/2023 21:16:30] "[33mGET /security/static/sweetalert2/sweetalert2.min.js HTTP/1.1[0m" 404 -
2023-04-22 21:16:30,368:INFO:127.0.0.1 - - [22/Apr/2023 21:16:30] "[33mGET /security/static/estilos.css HTTP/1.1[0m" 404 -
2023-04-22 21:16:30,408:INFO:127.0.0.1 - - [22/Apr/2023 21:16:30] "[33mGET /security/static/sweetalert2/sweetalert2.min.css HTTP/1.1[0m" 404 -
2023-04-22 21:16:30,408:INFO:127.0.0.1 - - [22/Apr/2023 21:16:30] "[33mGET /security/static/sweetalert2/sweetalert2.min.js HTTP/1.1[0m" 404 -
2023-04-22 21:16:30,419:INFO:127.0.0.1 - - [22/Apr/2023 21:16:30] "[36mGET /static/img/ej4.png HTTP/1.1[0m" 304 -
2023-04-22 21:16:30,425:INFO:127.0.0.1 - - [22/Apr/2023 21:16:30] "[36mGET /static/img/fondo5.jpg HTTP/1.1[0m" 304 -
2023-04-22 21:16:30,441:INFO:127.0.0.1 - - [22/Apr/2023 21:16:30] "[33mGET /security/static/estilos.css HTTP/1.1[0m" 404 -
2023-04-22 21:16:35,849:INFO:127.0.0.1 - - [22/Apr/2023 21:16:35] "GET /security/administracion_admin HTTP/1.1" 200 -
2023-04-22 21:16:35,972:INFO:127.0.0.1 - - [22/Apr/2023 21:16:35] "[36mGET /static/bootstrap/css/bootstrap.min.css HTTP/1.1[0m" 304 -
2023-04-22 21:16:35,980:INFO:127.0.0.1 - - [22/Apr/2023 21:16:35] "[36mGET /static/bootstrap/css/bootstrap-responsive.min.css HTTP/1.1[0m" 304 -
2023-04-22 21:16:35,985:INFO:127.0.0.1 - - [22/Apr/2023 21:16:35] "[36mGET /static/bootstrap/css/styles.css HTTP/1.1[0m" 304 -
2023-04-22 21:16:36,014:INFO:127.0.0.1 - - [22/Apr/2023 21:16:36] "[36mGET /static/css/nav.css HTTP/1.1[0m" 304 -
2023-04-22 21:16:36,031:INFO:127.0.0.1 - - [22/Apr/2023 21:16:36] "[36mGET /static/css/carrusel.css HTTP/1.1[0m" 304 -
2023-04-22 21:16:36,034:INFO:127.0.0.1 - - [22/Apr/2023 21:16:36] "[36mGET /static/js/carrusel.js HTTP/1.1[0m" 304 -
2023-04-22 21:16:36,050:INFO:127.0.0.1 - - [22/Apr/2023 21:16:36] "[33mGET /security/static/sweetalert2/sweetalert2.min.css HTTP/1.1[0m" 404 -
2023-04-22 21:16:36,063:INFO:127.0.0.1 - - [22/Apr/2023 21:16:36] "[33mGET /security/static/sweetalert2/sweetalert2.min.js HTTP/1.1[0m" 404 -
2023-04-22 21:16:36,064:INFO:127.0.0.1 - - [22/Apr/2023 21:16:36] "[33mGET /security/static/estilos.css HTTP/1.1[0m" 404 -
2023-04-22 21:16:36,078:INFO:127.0.0.1 - - [22/Apr/2023 21:16:36] "[36mGET /static/img/ej4.png HTTP/1.1[0m" 304 -
2023-04-22 21:16:36,148:INFO:127.0.0.1 - - [22/Apr/2023 21:16:36] "[36mGET /static/img/fondo5.jpg HTTP/1.1[0m" 304 -
2023-04-22 21:16:36,164:INFO:127.0.0.1 - - [22/Apr/2023 21:16:36] "[33mGET /security/static/estilos.css HTTP/1.1[0m" 404 -
2023-04-22 21:16:36,255:INFO:127.0.0.1 - - [22/Apr/2023 21:16:36] "[36mGET /static/bootstrap/img/glyphicons-halflings-white.png HTTP/1.1[0m" 304 -
2023-04-22 21:16:40,465:INFO:127.0.0.1 - - [22/Apr/2023 21:16:40] "GET /security/compraMateria HTTP/1.1" 200 -
2023-04-22 21:16:40,531:INFO:127.0.0.1 - - [22/Apr/2023 21:16:40] "[36mGET /static/bootstrap/css/bootstrap.min.css HTTP/1.1[0m" 304 -
2023-04-22 21:16:40,543:INFO:127.0.0.1 - - [22/Apr/2023 21:16:40] "[36mGET /static/bootstrap/css/bootstrap-responsive.min.css HTTP/1.1[0m" 304 -
2023-04-22 21:16:40,549:INFO:127.0.0.1 - - [22/Apr/2023 21:16:40] "[36mGET /static/bootstrap/css/styles.css HTTP/1.1[0m" 304 -
2023-04-22 21:16:40,587:INFO:127.0.0.1 - - [22/Apr/2023 21:16:40] "[36mGET /static/css/nav.css HTTP/1.1[0m" 304 -
2023-04-22 21:16:40,597:INFO:127.0.0.1 - - [22/Apr/2023 21:16:40] "[36mGET /static/css/carrusel.css HTTP/1.1[0m" 304 -
2023-04-22 21:16:40,598:INFO:127.0.0.1 - - [22/Apr/2023 21:16:40] "[36mGET /static/js/carrusel.js HTTP/1.1[0m" 304 -
2023-04-22 21:16:40,599:INFO:127.0.0.1 - - [22/Apr/2023 21:16:40] "[33mGET /security/static/sweetalert2/sweetalert2.min.css HTTP/1.1[0m" 404 -
2023-04-22 21:16:40,611:INFO:127.0.0.1 - - [22/Apr/2023 21:16:40] "[33mGET /security/static/sweetalert2/sweetalert2.min.js HTTP/1.1[0m" 404 -
2023-04-22 21:16:40,628:INFO:127.0.0.1 - - [22/Apr/2023 21:16:40] "[33mGET /security/static/estilos.css HTTP/1.1[0m" 404 -
2023-04-22 21:16:40,643:INFO:127.0.0.1 - - [22/Apr/2023 21:16:40] "[33mGET /security/static/sweetalert2/sweetalert2.min.css HTTP/1.1[0m" 404 -
2023-04-22 21:16:40,652:INFO:127.0.0.1 - - [22/Apr/2023 21:16:40] "[36mGET /static/img/ej4.png HTTP/1.1[0m" 304 -
2023-04-22 21:16:40,716:INFO:127.0.0.1 - - [22/Apr/2023 21:16:40] "[36mGET /static/img/fondo5.jpg HTTP/1.1[0m" 304 -
2023-04-22 21:16:55,245:INFO:127.0.0.1 - - [22/Apr/2023 21:16:55] "GET /security/administracion_admin HTTP/1.1" 200 -
2023-04-22 21:16:55,312:INFO:127.0.0.1 - - [22/Apr/2023 21:16:55] "[36mGET /static/bootstrap/css/bootstrap.min.css HTTP/1.1[0m" 304 -
2023-04-22 21:16:55,324:INFO:127.0.0.1 - - [22/Apr/2023 21:16:55] "[36mGET /static/bootstrap/css/bootstrap-responsive.min.css HTTP/1.1[0m" 304 -
2023-04-22 21:16:55,344:INFO:127.0.0.1 - - [22/Apr/2023 21:16:55] "[36mGET /static/bootstrap/css/styles.css HTTP/1.1[0m" 304 -
2023-04-22 21:16:55,356:INFO:127.0.0.1 - - [22/Apr/2023 21:16:55] "[36mGET /static/css/nav.css HTTP/1.1[0m" 304 -
2023-04-22 21:16:55,383:INFO:127.0.0.1 - - [22/Apr/2023 21:16:55] "[36mGET /static/css/carrusel.css HTTP/1.1[0m" 304 -
2023-04-22 21:16:55,384:INFO:127.0.0.1 - - [22/Apr/2023 21:16:55] "[33mGET /security/static/sweetalert2/sweetalert2.min.css HTTP/1.1[0m" 404 -
2023-04-22 21:16:55,386:INFO:127.0.0.1 - - [22/Apr/2023 21:16:55] "[36mGET /static/js/carrusel.js HTTP/1.1[0m" 304 -
2023-04-22 21:16:55,397:INFO:127.0.0.1 - - [22/Apr/2023 21:16:55] "[33mGET /security/static/sweetalert2/sweetalert2.min.js HTTP/1.1[0m" 404 -
2023-04-22 21:16:55,416:INFO:127.0.0.1 - - [22/Apr/2023 21:16:55] "[33mGET /security/static/estilos.css HTTP/1.1[0m" 404 -
2023-04-22 21:16:55,447:INFO:127.0.0.1 - - [22/Apr/2023 21:16:55] "[36mGET /static/img/ej4.png HTTP/1.1[0m" 304 -
2023-04-22 21:16:55,465:INFO:127.0.0.1 - - [22/Apr/2023 21:16:55] "[33mGET /security/static/sweetalert2/sweetalert2.min.css HTTP/1.1[0m" 404 -
2023-04-22 21:16:55,499:INFO:127.0.0.1 - - [22/Apr/2023 21:16:55] "[36mGET /static/img/fondo5.jpg HTTP/1.1[0m" 304 -
2023-04-22 21:16:55,540:INFO:127.0.0.1 - - [22/Apr/2023 21:16:55] "[36mGET /static/bootstrap/img/glyphicons-halflings-white.png HTTP/1.1[0m" 304 -
2023-04-22 21:17:26,846:INFO:127.0.0.1 - - [22/Apr/2023 21:17:26] "GET /security/administracion_admin HTTP/1.1" 200 -
2023-04-22 21:17:26,888:INFO:127.0.0.1 - - [22/Apr/2023 21:17:26] "[36mGET /static/bootstrap/css/bootstrap.min.css HTTP/1.1[0m" 304 -
2023-04-22 21:17:26,903:INFO:127.0.0.1 - - [22/Apr/2023 21:17:26] "[36mGET /static/bootstrap/css/bootstrap-responsive.min.css HTTP/1.1[0m" 304 -
2023-04-22 21:17:26,920:INFO:127.0.0.1 - - [22/Apr/2023 21:17:26] "[36mGET /static/bootstrap/css/styles.css HTTP/1.1[0m" 304 -
2023-04-22 21:17:26,929:INFO:127.0.0.1 - - [22/Apr/2023 21:17:26] "[36mGET /static/css/nav.css HTTP/1.1[0m" 304 -
2023-04-22 21:17:26,946:INFO:127.0.0.1 - - [22/Apr/2023 21:17:26] "[33mGET /security/static/sweetalert2/sweetalert2.min.css HTTP/1.1[0m" 404 -
2023-04-22 21:17:26,957:INFO:127.0.0.1 - - [22/Apr/2023 21:17:26] "[36mGET /static/js/carrusel.js HTTP/1.1[0m" 304 -
2023-04-22 21:17:26,961:INFO:127.0.0.1 - - [22/Apr/2023 21:17:26] "[33mGET /security/static/sweetalert2/sweetalert2.min.js HTTP/1.1[0m" 404 -
2023-04-22 21:17:26,961:INFO:127.0.0.1 - - [22/Apr/2023 21:17:26] "[36mGET /static/css/carrusel.css HTTP/1.1[0m" 304 -
2023-04-22 21:17:26,961:INFO:127.0.0.1 - - [22/Apr/2023 21:17:26] "[33mGET /security/static/estilos.css HTTP/1.1[0m" 404 -
2023-04-22 21:17:27,052:INFO:127.0.0.1 - - [22/Apr/2023 21:17:27] "[36mGET /static/img/ej4.png HTTP/1.1[0m" 304 -
2023-04-22 21:17:27,058:INFO:127.0.0.1 - - [22/Apr/2023 21:17:27] "[33mGET /security/static/sweetalert2/sweetalert2.min.css HTTP/1.1[0m" 404 -
2023-04-22 21:17:27,065:INFO:127.0.0.1 - - [22/Apr/2023 21:17:27] "[33mGET /security/static/sweetalert2/sweetalert2.min.js HTTP/1.1[0m" 404 -
2023-04-22 21:17:27,080:INFO:127.0.0.1 - - [22/Apr/2023 21:17:27] "[36mGET /static/img/fondo5.jpg HTTP/1.1[0m" 304 -
2023-04-22 21:17:27,110:INFO:127.0.0.1 - - [22/Apr/2023 21:17:27] "[33mGET /security/static/estilos.css HTTP/1.1[0m" 404 -
2023-04-22 21:17:27,119:INFO:127.0.0.1 - - [22/Apr/2023 21:17:27] "[36mGET /static/bootstrap/img/glyphicons-halflings-white.png HTTP/1.1[0m" 304 -
2023-04-22 21:17:39,783:INFO:127.0.0.1 - - [22/Apr/2023 21:17:39] "GET /security/administracion_admin HTTP/1.1" 200 -
2023-04-22 21:17:39,829:INFO:127.0.0.1 - - [22/Apr/2023 21:17:39] "[36mGET /static/bootstrap/css/bootstrap.min.css HTTP/1.1[0m" 304 -
2023-04-22 21:17:39,852:INFO:127.0.0.1 - - [22/Apr/2023 21:17:39] "[36mGET /static/bootstrap/css/bootstrap-responsive.min.css HTTP/1.1[0m" 304 -
2023-04-22 21:17:39,861:INFO:127.0.0.1 - - [22/Apr/2023 21:17:39] "[36mGET /static/bootstrap/css/styles.css HTTP/1.1[0m" 304 -
2023-04-22 21:17:39,864:INFO:127.0.0.1 - - [22/Apr/2023 21:17:39] "[36mGET /static/css/nav.css HTTP/1.1[0m" 304 -
2023-04-22 21:17:39,866:INFO:127.0.0.1 - - [22/Apr/2023 21:17:39] "[36mGET /static/css/carrusel.css HTTP/1.1[0m" 304 -
2023-04-22 21:17:39,879:INFO:127.0.0.1 - - [22/Apr/2023 21:17:39] "[36mGET /static/js/carrusel.js HTTP/1.1[0m" 304 -
2023-04-22 21:17:39,893:INFO:127.0.0.1 - - [22/Apr/2023 21:17:39] "[33mGET /security/static/sweetalert2/sweetalert2.min.css HTTP/1.1[0m" 404 -
2023-04-22 21:17:39,899:INFO:127.0.0.1 - - [22/Apr/2023 21:17:39] "[33mGET /security/static/sweetalert2/sweetalert2.min.js HTTP/1.1[0m" 404 -
2023-04-22 21:17:39,903:INFO:127.0.0.1 - - [22/Apr/2023 21:17:39] "[33mGET /security/static/estilos.css HTTP/1.1[0m" 404 -
2023-04-22 21:17:39,933:INFO:127.0.0.1 - - [22/Apr/2023 21:17:39] "[36mGET /static/img/ej4.png HTTP/1.1[0m" 304 -
2023-04-22 21:17:39,935:INFO:127.0.0.1 - - [22/Apr/2023 21:17:39] "[36mGET /static/img/fondo5.jpg HTTP/1.1[0m" 304 -
2023-04-22 21:17:39,962:INFO:127.0.0.1 - - [22/Apr/2023 21:17:39] "[36mGET /static/bootstrap/img/glyphicons-halflings-white.png HTTP/1.1[0m" 304 -
2023-04-22 21:18:51,712:INFO:127.0.0.1 - - [22/Apr/2023 21:18:51] "GET /security/administracion_admin HTTP/1.1" 200 -
2023-04-22 21:18:51,777:INFO:127.0.0.1 - - [22/Apr/2023 21:18:51] "[36mGET /static/bootstrap/css/bootstrap.min.css HTTP/1.1[0m" 304 -
2023-04-22 21:18:51,804:INFO:127.0.0.1 - - [22/Apr/2023 21:18:51] "[36mGET /static/bootstrap/css/bootstrap-responsive.min.css HTTP/1.1[0m" 304 -
2023-04-22 21:18:51,821:INFO:127.0.0.1 - - [22/Apr/2023 21:18:51] "[36mGET /static/bootstrap/css/styles.css HTTP/1.1[0m" 304 -
2023-04-22 21:18:51,836:INFO:127.0.0.1 - - [22/Apr/2023 21:18:51] "[36mGET /static/css/nav.css HTTP/1.1[0m" 304 -
2023-04-22 21:18:51,883:INFO:127.0.0.1 - - [22/Apr/2023 21:18:51] "[36mGET /static/css/carrusel.css HTTP/1.1[0m" 304 -
2023-04-22 21:18:51,885:INFO:127.0.0.1 - - [22/Apr/2023 21:18:51] "[36mGET /static/js/carrusel.js HTTP/1.1[0m" 304 -
2023-04-22 21:18:51,978:INFO:127.0.0.1 - - [22/Apr/2023 21:18:51] "[33mGET /security/static/sweetalert2/sweetalert2.min.css HTTP/1.1[0m" 404 -
2023-04-22 21:18:52,010:INFO:127.0.0.1 - - [22/Apr/2023 21:18:52] "[33mGET /security/static/sweetalert2/sweetalert2.min.js HTTP/1.1[0m" 404 -
2023-04-22 21:18:52,021:INFO:127.0.0.1 - - [22/Apr/2023 21:18:52] "[33mGET /security/static/estilos.css HTTP/1.1[0m" 404 -
2023-04-22 21:18:52,060:INFO:127.0.0.1 - - [22/Apr/2023 21:18:52] "[36mGET /static/img/ej4.png HTTP/1.1[0m" 304 -
2023-04-22 21:18:52,081:INFO:127.0.0.1 - - [22/Apr/2023 21:18:52] "[36mGET /static/img/fondo5.jpg HTTP/1.1[0m" 304 -
2023-04-22 21:19:43,454:INFO:127.0.0.1 - - [22/Apr/2023 21:19:43] "GET /security/administracion_admin HTTP/1.1" 200 -
2023-04-22 21:19:43,525:INFO:127.0.0.1 - - [22/Apr/2023 21:19:43] "[36mGET /static/bootstrap/css/bootstrap.min.css HTTP/1.1[0m" 304 -
2023-04-22 21:19:43,529:INFO:127.0.0.1 - - [22/Apr/2023 21:19:43] "[36mGET /static/bootstrap/css/styles.css HTTP/1.1[0m" 304 -
2023-04-22 21:19:43,535:INFO:127.0.0.1 - - [22/Apr/2023 21:19:43] "[36mGET /static/bootstrap/css/bootstrap-responsive.min.css HTTP/1.1[0m" 304 -
2023-04-22 21:19:43,545:INFO:127.0.0.1 - - [22/Apr/2023 21:19:43] "[36mGET /static/css/carrusel.css HTTP/1.1[0m" 304 -
2023-04-22 21:19:43,553:INFO:127.0.0.1 - - [22/Apr/2023 21:19:43] "[36mGET /static/css/nav.css HTTP/1.1[0m" 304 -
2023-04-22 21:19:43,575:INFO:127.0.0.1 - - [22/Apr/2023 21:19:43] "[33mGET /security/static/sweetalert2/sweetalert2.min.css HTTP/1.1[0m" 404 -
2023-04-22 21:19:43,578:INFO:127.0.0.1 - - [22/Apr/2023 21:19:43] "[36mGET /static/js/carrusel.js HTTP/1.1[0m" 304 -
2023-04-22 21:19:43,588:INFO:127.0.0.1 - - [22/Apr/2023 21:19:43] "[33mGET /security/static/sweetalert2/sweetalert2.min.js HTTP/1.1[0m" 404 -
2023-04-22 21:19:43,593:INFO:127.0.0.1 - - [22/Apr/2023 21:19:43] "[33mGET /security/static/estilos.css HTTP/1.1[0m" 404 -
2023-04-22 21:19:43,622:INFO:127.0.0.1 - - [22/Apr/2023 21:19:43] "[33mGET /security/static/sweetalert2/sweetalert2.min.css HTTP/1.1[0m" 404 -
2023-04-22 21:19:43,635:INFO:127.0.0.1 - - [22/Apr/2023 21:19:43] "[36mGET /static/img/ej4.png HTTP/1.1[0m" 304 -
2023-04-22 21:19:43,655:INFO:127.0.0.1 - - [22/Apr/2023 21:19:43] "[33mGET /security/static/estilos.css HTTP/1.1[0m" 404 -
2023-04-22 21:19:43,655:INFO:127.0.0.1 - - [22/Apr/2023 21:19:43] "[36mGET /static/img/fondo5.jpg HTTP/1.1[0m" 304 -
2023-04-22 21:19:43,669:INFO:127.0.0.1 - - [22/Apr/2023 21:19:43] "[36mGET /static/bootstrap/img/glyphicons-halflings-white.png HTTP/1.1[0m" 304 -
2023-04-22 21:19:46,203:INFO:127.0.0.1 - - [22/Apr/2023 21:19:46] "GET /security/finanzas HTTP/1.1" 200 -
2023-04-22 21:19:46,271:INFO:127.0.0.1 - - [22/Apr/2023 21:19:46] "[36mGET /static/bootstrap/css/bootstrap.min.css HTTP/1.1[0m" 304 -
2023-04-22 21:19:46,272:INFO:127.0.0.1 - - [22/Apr/2023 21:19:46] "[36mGET /static/bootstrap/css/bootstrap-responsive.min.css HTTP/1.1[0m" 304 -
2023-04-22 21:19:46,289:INFO:127.0.0.1 - - [22/Apr/2023 21:19:46] "[36mGET /static/bootstrap/css/styles.css HTTP/1.1[0m" 304 -
2023-04-22 21:19:46,313:INFO:127.0.0.1 - - [22/Apr/2023 21:19:46] "[36mGET /static/css/nav.css HTTP/1.1[0m" 304 -
2023-04-22 21:19:46,379:INFO:127.0.0.1 - - [22/Apr/2023 21:19:46] "[36mGET /static/css/carrusel.css HTTP/1.1[0m" 304 -
2023-04-22 21:19:46,379:INFO:127.0.0.1 - - [22/Apr/2023 21:19:46] "[36mGET /static/js/carrusel.js HTTP/1.1[0m" 304 -
2023-04-22 21:19:46,393:INFO:127.0.0.1 - - [22/Apr/2023 21:19:46] "[33mGET /static/ HTTP/1.1[0m" 404 -
2023-04-22 21:19:46,470:INFO:127.0.0.1 - - [22/Apr/2023 21:19:46] "[36mGET /static/img/ej4.png HTTP/1.1[0m" 304 -
2023-04-22 21:19:46,476:INFO:127.0.0.1 - - [22/Apr/2023 21:19:46] "[36mGET /static/img/fondo5.jpg HTTP/1.1[0m" 304 -
2023-04-22 21:19:49,351:INFO:127.0.0.1 - - [22/Apr/2023 21:19:49] "GET /security/empleados HTTP/1.1" 200 -
2023-04-22 21:19:49,403:INFO:127.0.0.1 - - [22/Apr/2023 21:19:49] "[36mGET /static/bootstrap/css/bootstrap.min.css HTTP/1.1[0m" 304 -
2023-04-22 21:19:49,434:INFO:127.0.0.1 - - [22/Apr/2023 21:19:49] "[36mGET /static/bootstrap/css/bootstrap-responsive.min.css HTTP/1.1[0m" 304 -
2023-04-22 21:19:49,453:INFO:127.0.0.1 - - [22/Apr/2023 21:19:49] "[36mGET /static/css/nav.css HTTP/1.1[0m" 304 -
2023-04-22 21:19:49,458:INFO:127.0.0.1 - - [22/Apr/2023 21:19:49] "[36mGET /static/bootstrap/css/styles.css HTTP/1.1[0m" 304 -
2023-04-22 21:19:49,477:INFO:127.0.0.1 - - [22/Apr/2023 21:19:49] "[36mGET /static/js/carrusel.js HTTP/1.1[0m" 304 -
2023-04-22 21:19:49,478:INFO:127.0.0.1 - - [22/Apr/2023 21:19:49] "[36mGET /static/css/carrusel.css HTTP/1.1[0m" 304 -
2023-04-22 21:19:49,485:INFO:127.0.0.1 - - [22/Apr/2023 21:19:49] "[33mGET /security/static/sweetalert2/sweetalert2.min.css HTTP/1.1[0m" 404 -
2023-04-22 21:19:49,492:INFO:127.0.0.1 - - [22/Apr/2023 21:19:49] "[33mGET /security/static/sweetalert2/sweetalert2.min.js HTTP/1.1[0m" 404 -
2023-04-22 21:19:49,498:INFO:127.0.0.1 - - [22/Apr/2023 21:19:49] "[33mGET /security/static/estilos.css HTTP/1.1[0m" 404 -
2023-04-22 21:19:49,521:INFO:127.0.0.1 - - [22/Apr/2023 21:19:49] "[36mGET /static/img/ej4.png HTTP/1.1[0m" 304 -
2023-04-22 21:19:49,527:INFO:127.0.0.1 - - [22/Apr/2023 21:19:49] "[36mGET /static/img/fondo5.jpg HTTP/1.1[0m" 304 -
2023-04-22 21:19:52,855:INFO:127.0.0.1 - - [22/Apr/2023 21:19:52] "GET /security/administracion_admin HTTP/1.1" 200 -
2023-04-22 21:19:52,918:INFO:127.0.0.1 - - [22/Apr/2023 21:19:52] "[36mGET /static/bootstrap/css/bootstrap.min.css HTTP/1.1[0m" 304 -
2023-04-22 21:19:52,922:INFO:127.0.0.1 - - [22/Apr/2023 21:19:52] "[36mGET /static/bootstrap/css/bootstrap-responsive.min.css HTTP/1.1[0m" 304 -
2023-04-22 21:19:52,965:INFO:127.0.0.1 - - [22/Apr/2023 21:19:52] "[36mGET /static/css/nav.css HTTP/1.1[0m" 304 -
2023-04-22 21:19:52,979:INFO:127.0.0.1 - - [22/Apr/2023 21:19:52] "[33mGET /security/static/sweetalert2/sweetalert2.min.css HTTP/1.1[0m" 404 -
2023-04-22 21:19:52,980:INFO:127.0.0.1 - - [22/Apr/2023 21:19:52] "[36mGET /static/bootstrap/css/styles.css HTTP/1.1[0m" 304 -
2023-04-22 21:19:52,986:INFO:127.0.0.1 - - [22/Apr/2023 21:19:52] "[36mGET /static/css/carrusel.css HTTP/1.1[0m" 304 -
2023-04-22 21:19:52,986:INFO:127.0.0.1 - - [22/Apr/2023 21:19:52] "[36mGET /static/js/carrusel.js HTTP/1.1[0m" 304 -
2023-04-22 21:19:52,994:INFO:127.0.0.1 - - [22/Apr/2023 21:19:52] "[33mGET /security/static/sweetalert2/sweetalert2.min.js HTTP/1.1[0m" 404 -
2023-04-22 21:19:53,008:INFO:127.0.0.1 - - [22/Apr/2023 21:19:53] "[33mGET /security/static/estilos.css HTTP/1.1[0m" 404 -
2023-04-22 21:19:53,050:INFO:127.0.0.1 - - [22/Apr/2023 21:19:53] "[33mGET /security/static/sweetalert2/sweetalert2.min.css HTTP/1.1[0m" 404 -
2023-04-22 21:19:53,066:INFO:127.0.0.1 - - [22/Apr/2023 21:19:53] "[33mGET /security/static/sweetalert2/sweetalert2.min.js HTTP/1.1[0m" 404 -
2023-04-22 21:19:53,082:INFO:127.0.0.1 - - [22/Apr/2023 21:19:53] "[36mGET /static/img/ej4.png HTTP/1.1[0m" 304 -
2023-04-22 21:19:53,113:INFO:127.0.0.1 - - [22/Apr/2023 21:19:53] "[36mGET /static/img/fondo5.jpg HTTP/1.1[0m" 304 -
2023-04-22 21:19:53,149:INFO:127.0.0.1 - - [22/Apr/2023 21:19:53] "[33mGET /security/static/estilos.css HTTP/1.1[0m" 404 -
2023-04-22 21:19:53,159:INFO:127.0.0.1 - - [22/Apr/2023 21:19:53] "[36mGET /static/bootstrap/img/glyphicons-halflings-white.png HTTP/1.1[0m" 304 -
2023-04-22 21:20:10,637:INFO:127.0.0.1 - - [22/Apr/2023 21:20:10] "[35m[1mGET /security/administracion_admin HTTP/1.1[0m" 500 -
2023-04-22 21:20:10,669:INFO:127.0.0.1 - - [22/Apr/2023 21:20:10] "[36mGET /security/administracion_admin?__debugger__=yes&cmd=resource&f=style.css HTTP/1.1[0m" 304 -
2023-04-22 21:20:10,672:INFO:127.0.0.1 - - [22/Apr/2023 21:20:10] "[36mGET /security/administracion_admin?__debugger__=yes&cmd=resource&f=debugger.js HTTP/1.1[0m" 304 -
2023-04-22 21:20:10,694:INFO:127.0.0.1 - - [22/Apr/2023 21:20:10] "[36mGET /security/administracion_admin?__debugger__=yes&cmd=resource&f=console.png HTTP/1.1[0m" 304 -
2023-04-22 21:20:28,738:INFO:127.0.0.1 - - [22/Apr/2023 21:20:28] "GET /security/empleados HTTP/1.1" 200 -
2023-04-22 21:20:28,788:INFO:127.0.0.1 - - [22/Apr/2023 21:20:28] "[36mGET /static/bootstrap/css/bootstrap.min.css HTTP/1.1[0m" 304 -
2023-04-22 21:20:28,818:INFO:127.0.0.1 - - [22/Apr/2023 21:20:28] "[36mGET /static/bootstrap/css/bootstrap-responsive.min.css HTTP/1.1[0m" 304 -
2023-04-22 21:20:28,821:INFO:127.0.0.1 - - [22/Apr/2023 21:20:28] "[36mGET /static/bootstrap/css/styles.css HTTP/1.1[0m" 304 -
2023-04-22 21:20:28,837:INFO:127.0.0.1 - - [22/Apr/2023 21:20:28] "[36mGET /static/css/carrusel.css HTTP/1.1[0m" 304 -
2023-04-22 21:20:28,838:INFO:127.0.0.1 - - [22/Apr/2023 21:20:28] "[36mGET /static/css/nav.css HTTP/1.1[0m" 304 -
2023-04-22 21:20:28,857:INFO:127.0.0.1 - - [22/Apr/2023 21:20:28] "[36mGET /static/js/carrusel.js HTTP/1.1[0m" 304 -
2023-04-22 21:20:28,858:INFO:127.0.0.1 - - [22/Apr/2023 21:20:28] "[33mGET /security/static/sweetalert2/sweetalert2.min.css HTTP/1.1[0m" 404 -
2023-04-22 21:20:28,871:INFO:127.0.0.1 - - [22/Apr/2023 21:20:28] "[33mGET /security/static/sweetalert2/sweetalert2.min.js HTTP/1.1[0m" 404 -
2023-04-22 21:20:28,876:INFO:127.0.0.1 - - [22/Apr/2023 21:20:28] "[33mGET /security/static/estilos.css HTTP/1.1[0m" 404 -
2023-04-22 21:20:28,914:INFO:127.0.0.1 - - [22/Apr/2023 21:20:28] "[36mGET /static/img/ej4.png HTTP/1.1[0m" 304 -
2023-04-22 21:20:28,930:INFO:127.0.0.1 - - [22/Apr/2023 21:20:28] "[33mGET /security/static/sweetalert2/sweetalert2.min.css HTTP/1.1[0m" 404 -
2023-04-22 21:20:28,946:INFO:127.0.0.1 - - [22/Apr/2023 21:20:28] "[33mGET /security/static/estilos.css HTTP/1.1[0m" 404 -
2023-04-22 21:20:28,971:INFO:127.0.0.1 - - [22/Apr/2023 21:20:28] "[36mGET /static/img/fondo5.jpg HTTP/1.1[0m" 304 -
2023-04-22 21:20:30,576:INFO:127.0.0.1 - - [22/Apr/2023 21:20:30] "GET /security/administracion_admin HTTP/1.1" 200 -
2023-04-22 21:20:30,647:INFO:127.0.0.1 - - [22/Apr/2023 21:20:30] "[36mGET /static/bootstrap/css/bootstrap.min.css HTTP/1.1[0m" 304 -
2023-04-22 21:20:30,654:INFO:127.0.0.1 - - [22/Apr/2023 21:20:30] "[36mGET /static/bootstrap/css/bootstrap-responsive.min.css HTTP/1.1[0m" 304 -
2023-04-22 21:20:30,693:INFO:127.0.0.1 - - [22/Apr/2023 21:20:30] "[36mGET /static/bootstrap/css/styles.css HTTP/1.1[0m" 304 -
2023-04-22 21:20:30,695:INFO:127.0.0.1 - - [22/Apr/2023 21:20:30] "[36mGET /static/css/nav.css HTTP/1.1[0m" 304 -
2023-04-22 21:20:30,698:INFO:127.0.0.1 - - [22/Apr/2023 21:20:30] "[36mGET /static/css/carrusel.css HTTP/1.1[0m" 304 -
2023-04-22 21:20:30,711:INFO:127.0.0.1 - - [22/Apr/2023 21:20:30] "[33mGET /security/static/sweetalert2/sweetalert2.min.js HTTP/1.1[0m" 404 -
2023-04-22 21:20:30,719:INFO:127.0.0.1 - - [22/Apr/2023 21:20:30] "[36mGET /static/js/carrusel.js HTTP/1.1[0m" 304 -
2023-04-22 21:20:30,728:INFO:127.0.0.1 - - [22/Apr/2023 21:20:30] "[33mGET /security/static/sweetalert2/sweetalert2.min.css HTTP/1.1[0m" 404 -
2023-04-22 21:20:30,734:INFO:127.0.0.1 - - [22/Apr/2023 21:20:30] "[33mGET /security/static/estilos.css HTTP/1.1[0m" 404 -
2023-04-22 21:20:30,789:INFO:127.0.0.1 - - [22/Apr/2023 21:20:30] "[33mGET /security/static/sweetalert2/sweetalert2.min.css HTTP/1.1[0m" 404 -
2023-04-22 21:20:30,799:INFO:127.0.0.1 - - [22/Apr/2023 21:20:30] "[36mGET /static/img/ej4.png HTTP/1.1[0m" 304 -
2023-04-22 21:20:30,799:INFO:127.0.0.1 - - [22/Apr/2023 21:20:30] "[33mGET /security/static/sweetalert2/sweetalert2.min.js HTTP/1.1[0m" 404 -
2023-04-22 21:20:30,808:INFO:127.0.0.1 - - [22/Apr/2023 21:20:30] "[36mGET /static/img/fondo5.jpg HTTP/1.1[0m" 304 -
2023-04-22 21:20:30,852:INFO:127.0.0.1 - - [22/Apr/2023 21:20:30] "[33mGET /security/static/estilos.css HTTP/1.1[0m" 404 -
2023-04-22 21:20:30,876:INFO:127.0.0.1 - - [22/Apr/2023 21:20:30] "[36mGET /static/bootstrap/img/glyphicons-halflings-white.png HTTP/1.1[0m" 304 -
2023-04-22 21:20:35,268:INFO:127.0.0.1 - - [22/Apr/2023 21:20:35] "GET /security/modificar_administracion_admin?id=1 HTTP/1.1" 200 -
2023-04-22 21:20:35,347:INFO:127.0.0.1 - - [22/Apr/2023 21:20:35] "[36mGET /static/bootstrap/css/bootstrap.min.css HTTP/1.1[0m" 304 -
2023-04-22 21:20:35,371:INFO:127.0.0.1 - - [22/Apr/2023 21:20:35] "[36mGET /static/bootstrap/css/bootstrap-responsive.min.css HTTP/1.1[0m" 304 -
2023-04-22 21:20:35,402:INFO:127.0.0.1 - - [22/Apr/2023 21:20:35] "[36mGET /static/bootstrap/css/styles.css HTTP/1.1[0m" 304 -
2023-04-22 21:20:35,403:INFO:127.0.0.1 - - [22/Apr/2023 21:20:35] "[36mGET /static/css/nav.css HTTP/1.1[0m" 304 -
2023-04-22 21:20:35,410:INFO:127.0.0.1 - - [22/Apr/2023 21:20:35] "[36mGET /static/css/carrusel.css HTTP/1.1[0m" 304 -
2023-04-22 21:20:35,411:INFO:127.0.0.1 - - [22/Apr/2023 21:20:35] "[36mGET /static/js/carrusel.js HTTP/1.1[0m" 304 -
2023-04-22 21:20:35,419:INFO:127.0.0.1 - - [22/Apr/2023 21:20:35] "[33mGET /security/static/sweetalert2/sweetalert2.min.css HTTP/1.1[0m" 404 -
2023-04-22 21:20:35,436:INFO:127.0.0.1 - - [22/Apr/2023 21:20:35] "[33mGET /security/static/sweetalert2/sweetalert2.min.js HTTP/1.1[0m" 404 -
2023-04-22 21:20:35,449:INFO:127.0.0.1 - - [22/Apr/2023 21:20:35] "[33mGET /security/static/estilos.css HTTP/1.1[0m" 404 -
2023-04-22 21:20:35,468:INFO:127.0.0.1 - - [22/Apr/2023 21:20:35] "[36mGET /static/img/ej4.png HTTP/1.1[0m" 304 -
2023-04-22 21:20:35,478:INFO:127.0.0.1 - - [22/Apr/2023 21:20:35] "[33mGET /security/static/sweetalert2/sweetalert2.min.css HTTP/1.1[0m" 404 -
2023-04-22 21:20:35,495:INFO:127.0.0.1 - - [22/Apr/2023 21:20:35] "[36mGET /static/img/fondo5.jpg HTTP/1.1[0m" 304 -
2023-04-22 21:21:31,948:INFO:127.0.0.1 - - [22/Apr/2023 21:21:31] "GET /security/administracion_admin HTTP/1.1" 200 -
2023-04-22 21:21:31,994:INFO:127.0.0.1 - - [22/Apr/2023 21:21:31] "[36mGET /static/bootstrap/css/bootstrap.min.css HTTP/1.1[0m" 304 -
2023-04-22 21:21:32,037:INFO:127.0.0.1 - - [22/Apr/2023 21:21:32] "[36mGET /static/bootstrap/css/bootstrap-responsive.min.css HTTP/1.1[0m" 304 -
2023-04-22 21:21:32,062:INFO:127.0.0.1 - - [22/Apr/2023 21:21:32] "[36mGET /static/css/nav.css HTTP/1.1[0m" 304 -
2023-04-22 21:21:32,069:INFO:127.0.0.1 - - [22/Apr/2023 21:21:32] "[36mGET /static/bootstrap/css/styles.css HTTP/1.1[0m" 304 -
2023-04-22 21:21:32,069:INFO:127.0.0.1 - - [22/Apr/2023 21:21:32] "[36mGET /static/css/carrusel.css HTTP/1.1[0m" 304 -
2023-04-22 21:21:32,073:INFO:127.0.0.1 - - [22/Apr/2023 21:21:32] "[36mGET /static/js/carrusel.js HTTP/1.1[0m" 304 -
2023-04-22 21:21:32,085:INFO:127.0.0.1 - - [22/Apr/2023 21:21:32] "[33mGET /security/static/sweetalert2/sweetalert2.min.css HTTP/1.1[0m" 404 -
2023-04-22 21:21:32,094:INFO:127.0.0.1 - - [22/Apr/2023 21:21:32] "[33mGET /security/static/sweetalert2/sweetalert2.min.js HTTP/1.1[0m" 404 -
2023-04-22 21:21:32,119:INFO:127.0.0.1 - - [22/Apr/2023 21:21:32] "[33mGET /security/static/estilos.css HTTP/1.1[0m" 404 -
2023-04-22 21:21:32,141:INFO:127.0.0.1 - - [22/Apr/2023 21:21:32] "[36mGET /static/img/ej4.png HTTP/1.1[0m" 304 -
2023-04-22 21:21:32,151:INFO:127.0.0.1 - - [22/Apr/2023 21:21:32] "[33mGET /security/static/sweetalert2/sweetalert2.min.css HTTP/1.1[0m" 404 -
2023-04-22 21:21:32,157:INFO:127.0.0.1 - - [22/Apr/2023 21:21:32] "[33mGET /security/static/sweetalert2/sweetalert2.min.js HTTP/1.1[0m" 404 -
2023-04-22 21:21:32,175:INFO:127.0.0.1 - - [22/Apr/2023 21:21:32] "[36mGET /static/img/fondo5.jpg HTTP/1.1[0m" 304 -
2023-04-22 21:21:32,191:INFO:127.0.0.1 - - [22/Apr/2023 21:21:32] "[33mGET /security/static/estilos.css HTTP/1.1[0m" 404 -
2023-04-22 21:21:32,213:INFO:127.0.0.1 - - [22/Apr/2023 21:21:32] "[36mGET /static/bootstrap/img/glyphicons-halflings-white.png HTTP/1.1[0m" 304 -
2023-04-22 21:21:35,706:INFO:127.0.0.1 - - [22/Apr/2023 21:21:35] "GET /security/modificar_administracion_admin?id=1 HTTP/1.1" 200 -
2023-04-22 21:21:35,801:INFO:127.0.0.1 - - [22/Apr/2023 21:21:35] "[36mGET /static/bootstrap/css/bootstrap-responsive.min.css HTTP/1.1[0m" 304 -
2023-04-22 21:21:35,804:INFO:127.0.0.1 - - [22/Apr/2023 21:21:35] "[36mGET /static/bootstrap/css/bootstrap.min.css HTTP/1.1[0m" 304 -
2023-04-22 21:21:35,808:INFO:127.0.0.1 - - [22/Apr/2023 21:21:35] "[36mGET /static/bootstrap/css/styles.css HTTP/1.1[0m" 304 -
2023-04-22 21:21:35,815:INFO:127.0.0.1 - - [22/Apr/2023 21:21:35] "[36mGET /static/css/nav.css HTTP/1.1[0m" 304 -
2023-04-22 21:21:35,829:INFO:127.0.0.1 - - [22/Apr/2023 21:21:35] "[36mGET /static/css/carrusel.css HTTP/1.1[0m" 304 -
2023-04-22 21:21:35,844:INFO:127.0.0.1 - - [22/Apr/2023 21:21:35] "[36mGET /static/js/carrusel.js HTTP/1.1[0m" 304 -
2023-04-22 21:21:35,862:INFO:127.0.0.1 - - [22/Apr/2023 21:21:35] "[33mGET /security/static/sweetalert2/sweetalert2.min.css HTTP/1.1[0m" 404 -
2023-04-22 21:21:35,891:INFO:127.0.0.1 - - [22/Apr/2023 21:21:35] "[33mGET /security/static/sweetalert2/sweetalert2.min.js HTTP/1.1[0m" 404 -
2023-04-22 21:21:35,904:INFO:127.0.0.1 - - [22/Apr/2023 21:21:35] "[33mGET /security/static/estilos.css HTTP/1.1[0m" 404 -
2023-04-22 21:21:35,930:INFO:127.0.0.1 - - [22/Apr/2023 21:21:35] "[36mGET /static/img/ej4.png HTTP/1.1[0m" 304 -
2023-04-22 21:21:35,951:INFO:127.0.0.1 - - [22/Apr/2023 21:21:35] "[36mGET /static/img/fondo5.jpg HTTP/1.1[0m" 304 -
2023-04-22 21:22:20,534:INFO:127.0.0.1 - - [22/Apr/2023 21:22:20] "GET /security/administracion_admin HTTP/1.1" 200 -
2023-04-22 21:22:20,585:INFO:127.0.0.1 - - [22/Apr/2023 21:22:20] "[36mGET /static/bootstrap/css/bootstrap.min.css HTTP/1.1[0m" 304 -
2023-04-22 21:22:20,612:INFO:127.0.0.1 - - [22/Apr/2023 21:22:20] "[36mGET /static/bootstrap/css/bootstrap-responsive.min.css HTTP/1.1[0m" 304 -
2023-04-22 21:22:20,644:INFO:127.0.0.1 - - [22/Apr/2023 21:22:20] "[36mGET /static/css/nav.css HTTP/1.1[0m" 304 -
2023-04-22 21:22:20,645:INFO:127.0.0.1 - - [22/Apr/2023 21:22:20] "[36mGET /static/bootstrap/css/styles.css HTTP/1.1[0m" 304 -
2023-04-22 21:22:20,649:INFO:127.0.0.1 - - [22/Apr/2023 21:22:20] "[36mGET /static/css/carrusel.css HTTP/1.1[0m" 304 -
2023-04-22 21:22:20,657:INFO:127.0.0.1 - - [22/Apr/2023 21:22:20] "[36mGET /static/js/carrusel.js HTTP/1.1[0m" 304 -
2023-04-22 21:22:20,668:INFO:127.0.0.1 - - [22/Apr/2023 21:22:20] "[33mGET /security/static/sweetalert2/sweetalert2.min.css HTTP/1.1[0m" 404 -
2023-04-22 21:22:20,680:INFO:127.0.0.1 - - [22/Apr/2023 21:22:20] "[33mGET /security/static/sweetalert2/sweetalert2.min.js HTTP/1.1[0m" 404 -
2023-04-22 21:22:20,693:INFO:127.0.0.1 - - [22/Apr/2023 21:22:20] "[33mGET /security/static/estilos.css HTTP/1.1[0m" 404 -
2023-04-22 21:22:20,712:INFO:127.0.0.1 - - [22/Apr/2023 21:22:20] "[36mGET /static/img/ej4.png HTTP/1.1[0m" 304 -
2023-04-22 21:22:20,727:INFO:127.0.0.1 - - [22/Apr/2023 21:22:20] "[36mGET /static/img/fondo5.jpg HTTP/1.1[0m" 304 -
2023-04-22 21:22:20,755:INFO:127.0.0.1 - - [22/Apr/2023 21:22:20] "[36mGET /static/bootstrap/img/glyphicons-halflings-white.png HTTP/1.1[0m" 304 -
2023-04-22 21:22:50,298:INFO:127.0.0.1 - - [22/Apr/2023 21:22:50] "GET /security/administracion_admin HTTP/1.1" 200 -
2023-04-22 21:22:50,352:INFO:127.0.0.1 - - [22/Apr/2023 21:22:50] "[36mGET /static/bootstrap/css/bootstrap.min.css HTTP/1.1[0m" 304 -
2023-04-22 21:22:50,384:INFO:127.0.0.1 - - [22/Apr/2023 21:22:50] "[36mGET /static/bootstrap/css/bootstrap-responsive.min.css HTTP/1.1[0m" 304 -
2023-04-22 21:22:50,385:INFO:127.0.0.1 - - [22/Apr/2023 21:22:50] "[36mGET /static/bootstrap/css/styles.css HTTP/1.1[0m" 304 -
2023-04-22 21:22:50,402:INFO:127.0.0.1 - - [22/Apr/2023 21:22:50] "[36mGET /static/css/nav.css HTTP/1.1[0m" 304 -
2023-04-22 21:22:50,403:INFO:127.0.0.1 - - [22/Apr/2023 21:22:50] "[36mGET /static/css/carrusel.css HTTP/1.1[0m" 304 -
2023-04-22 21:22:50,408:INFO:127.0.0.1 - - [22/Apr/2023 21:22:50] "[36mGET /static/js/carrusel.js HTTP/1.1[0m" 304 -
2023-04-22 21:22:50,423:INFO:127.0.0.1 - - [22/Apr/2023 21:22:50] "[33mGET /security/static/sweetalert2/sweetalert2.min.css HTTP/1.1[0m" 404 -
2023-04-22 21:22:50,435:INFO:127.0.0.1 - - [22/Apr/2023 21:22:50] "[33mGET /security/static/sweetalert2/sweetalert2.min.js HTTP/1.1[0m" 404 -
2023-04-22 21:22:50,468:INFO:127.0.0.1 - - [22/Apr/2023 21:22:50] "[33mGET /security/static/estilos.css HTTP/1.1[0m" 404 -
2023-04-22 21:22:50,498:INFO:127.0.0.1 - - [22/Apr/2023 21:22:50] "[36mGET /static/img/ej4.png HTTP/1.1[0m" 304 -
2023-04-22 21:22:50,534:INFO:127.0.0.1 - - [22/Apr/2023 21:22:50] "[36mGET /static/img/fondo5.jpg HTTP/1.1[0m" 304 -
2023-04-22 21:22:50,564:INFO:127.0.0.1 - - [22/Apr/2023 21:22:50] "[36mGET /static/bootstrap/img/glyphicons-halflings-white.png HTTP/1.1[0m" 304 -
2023-04-22 21:23:52,518:INFO:127.0.0.1 - - [22/Apr/2023 21:23:52] "GET /security/administracion_admin HTTP/1.1" 200 -
2023-04-22 21:23:52,594:INFO:127.0.0.1 - - [22/Apr/2023 21:23:52] "[36mGET /static/bootstrap/css/bootstrap.min.css HTTP/1.1[0m" 304 -
2023-04-22 21:23:52,606:INFO:127.0.0.1 - - [22/Apr/2023 21:23:52] "[36mGET /static/bootstrap/css/styles.css HTTP/1.1[0m" 304 -
2023-04-22 21:23:52,607:INFO:127.0.0.1 - - [22/Apr/2023 21:23:52] "[36mGET /static/bootstrap/css/bootstrap-responsive.min.css HTTP/1.1[0m" 304 -
2023-04-22 21:23:52,609:INFO:127.0.0.1 - - [22/Apr/2023 21:23:52] "[36mGET /static/css/nav.css HTTP/1.1[0m" 304 -
2023-04-22 21:23:52,630:INFO:127.0.0.1 - - [22/Apr/2023 21:23:52] "[36mGET /static/css/carrusel.css HTTP/1.1[0m" 304 -
2023-04-22 21:23:52,645:INFO:127.0.0.1 - - [22/Apr/2023 21:23:52] "[36mGET /static/js/carrusel.js HTTP/1.1[0m" 304 -
2023-04-22 21:23:52,649:INFO:127.0.0.1 - - [22/Apr/2023 21:23:52] "[33mGET /security/static/sweetalert2/sweetalert2.min.css HTTP/1.1[0m" 404 -
2023-04-22 21:23:52,664:INFO:127.0.0.1 - - [22/Apr/2023 21:23:52] "[33mGET /security/static/sweetalert2/sweetalert2.min.js HTTP/1.1[0m" 404 -
2023-04-22 21:23:52,674:INFO:127.0.0.1 - - [22/Apr/2023 21:23:52] "[33mGET /security/static/estilos.css HTTP/1.1[0m" 404 -
2023-04-22 21:23:52,711:INFO:127.0.0.1 - - [22/Apr/2023 21:23:52] "[36mGET /static/img/ej4.png HTTP/1.1[0m" 304 -
2023-04-22 21:23:52,725:INFO:127.0.0.1 - - [22/Apr/2023 21:23:52] "[33mGET /security/static/sweetalert2/sweetalert2.min.css HTTP/1.1[0m" 404 -
2023-04-22 21:23:52,739:INFO:127.0.0.1 - - [22/Apr/2023 21:23:52] "[33mGET /security/static/sweetalert2/sweetalert2.min.js HTTP/1.1[0m" 404 -
2023-04-22 21:23:52,742:INFO:127.0.0.1 - - [22/Apr/2023 21:23:52] "[36mGET /static/img/fondo5.jpg HTTP/1.1[0m" 304 -
2023-04-22 21:23:52,767:INFO:127.0.0.1 - - [22/Apr/2023 21:23:52] "[33mGET /security/static/estilos.css HTTP/1.1[0m" 404 -
2023-04-22 21:23:52,786:INFO:127.0.0.1 - - [22/Apr/2023 21:23:52] "[36mGET /static/bootstrap/img/glyphicons-halflings-white.png HTTP/1.1[0m" 304 -
2023-04-22 21:23:54,856:INFO:127.0.0.1 - - [22/Apr/2023 21:23:54] "GET /security/modificar_administracion_admin?id=1 HTTP/1.1" 200 -
2023-04-22 21:23:54,956:INFO:127.0.0.1 - - [22/Apr/2023 21:23:54] "[36mGET /static/bootstrap/css/bootstrap.min.css HTTP/1.1[0m" 304 -
2023-04-22 21:23:54,957:INFO:127.0.0.1 - - [22/Apr/2023 21:23:54] "[36mGET /static/bootstrap/css/bootstrap-responsive.min.css HTTP/1.1[0m" 304 -
2023-04-22 21:23:54,961:INFO:127.0.0.1 - - [22/Apr/2023 21:23:54] "[36mGET /static/bootstrap/css/styles.css HTTP/1.1[0m" 304 -
2023-04-22 21:23:54,963:INFO:127.0.0.1 - - [22/Apr/2023 21:23:54] "[36mGET /static/css/nav.css HTTP/1.1[0m" 304 -
2023-04-22 21:23:54,976:INFO:127.0.0.1 - - [22/Apr/2023 21:23:54] "[36mGET /static/js/carrusel.js HTTP/1.1[0m" 304 -
2023-04-22 21:23:54,978:INFO:127.0.0.1 - - [22/Apr/2023 21:23:54] "[36mGET /static/css/carrusel.css HTTP/1.1[0m" 304 -
2023-04-22 21:23:55,002:INFO:127.0.0.1 - - [22/Apr/2023 21:23:55] "[33mGET /security/static/sweetalert2/sweetalert2.min.css HTTP/1.1[0m" 404 -
2023-04-22 21:23:55,035:INFO:127.0.0.1 - - [22/Apr/2023 21:23:55] "[33mGET /security/static/sweetalert2/sweetalert2.min.js HTTP/1.1[0m" 404 -
2023-04-22 21:23:55,036:INFO:127.0.0.1 - - [22/Apr/2023 21:23:55] "[33mGET /security/static/estilos.css HTTP/1.1[0m" 404 -
2023-04-22 21:23:55,052:INFO:127.0.0.1 - - [22/Apr/2023 21:23:55] "[36mGET /static/img/ej4.png HTTP/1.1[0m" 304 -
2023-04-22 21:23:55,067:INFO:127.0.0.1 - - [22/Apr/2023 21:23:55] "[36mGET /static/img/fondo5.jpg HTTP/1.1[0m" 304 -
2023-04-22 21:23:55,082:INFO:127.0.0.1 - - [22/Apr/2023 21:23:55] "[33mGET /security/static/estilos.css HTTP/1.1[0m" 404 -
2023-04-22 21:24:26,439:INFO:127.0.0.1 - - [22/Apr/2023 21:24:26] "GET /security/administracion_admin HTTP/1.1" 200 -
2023-04-22 21:24:26,487:INFO:127.0.0.1 - - [22/Apr/2023 21:24:26] "[36mGET /static/bootstrap/css/bootstrap.min.css HTTP/1.1[0m" 304 -
2023-04-22 21:24:26,499:INFO:127.0.0.1 - - [22/Apr/2023 21:24:26] "[36mGET /static/bootstrap/css/bootstrap-responsive.min.css HTTP/1.1[0m" 304 -
2023-04-22 21:24:26,518:INFO:127.0.0.1 - - [22/Apr/2023 21:24:26] "[36mGET /static/bootstrap/css/styles.css HTTP/1.1[0m" 304 -
2023-04-22 21:24:26,529:INFO:127.0.0.1 - - [22/Apr/2023 21:24:26] "[36mGET /static/css/nav.css HTTP/1.1[0m" 304 -
2023-04-22 21:24:26,530:INFO:127.0.0.1 - - [22/Apr/2023 21:24:26] "[36mGET /static/css/carrusel.css HTTP/1.1[0m" 304 -
2023-04-22 21:24:26,540:INFO:127.0.0.1 - - [22/Apr/2023 21:24:26] "[36mGET /static/js/carrusel.js HTTP/1.1[0m" 304 -
2023-04-22 21:24:26,550:INFO:127.0.0.1 - - [22/Apr/2023 21:24:26] "[33mGET /security/static/sweetalert2/sweetalert2.min.css HTTP/1.1[0m" 404 -
2023-04-22 21:24:26,563:INFO:127.0.0.1 - - [22/Apr/2023 21:24:26] "[33mGET /security/static/sweetalert2/sweetalert2.min.js HTTP/1.1[0m" 404 -
2023-04-22 21:24:26,582:INFO:127.0.0.1 - - [22/Apr/2023 21:24:26] "[33mGET /security/static/estilos.css HTTP/1.1[0m" 404 -
2023-04-22 21:24:26,597:INFO:127.0.0.1 - - [22/Apr/2023 21:24:26] "[36mGET /static/img/ej4.png HTTP/1.1[0m" 304 -
2023-04-22 21:24:26,625:INFO:127.0.0.1 - - [22/Apr/2023 21:24:26] "[36mGET /static/img/fondo5.jpg HTTP/1.1[0m" 304 -
2023-04-22 21:24:26,626:INFO:127.0.0.1 - - [22/Apr/2023 21:24:26] "[36mGET /static/bootstrap/img/glyphicons-halflings-white.png HTTP/1.1[0m" 304 -
2023-04-22 21:24:28,923:INFO:127.0.0.1 - - [22/Apr/2023 21:24:28] "GET /security/modificar_administracion_admin?id=1 HTTP/1.1" 200 -
2023-04-22 21:24:28,979:INFO:127.0.0.1 - - [22/Apr/2023 21:24:28] "[36mGET /static/bootstrap/css/bootstrap.min.css HTTP/1.1[0m" 304 -
2023-04-22 21:24:28,994:INFO:127.0.0.1 - - [22/Apr/2023 21:24:28] "[36mGET /static/bootstrap/css/bootstrap-responsive.min.css HTTP/1.1[0m" 304 -
2023-04-22 21:24:29,011:INFO:127.0.0.1 - - [22/Apr/2023 21:24:29] "[36mGET /static/bootstrap/css/styles.css HTTP/1.1[0m" 304 -
2023-04-22 21:24:29,024:INFO:127.0.0.1 - - [22/Apr/2023 21:24:29] "[36mGET /static/css/nav.css HTTP/1.1[0m" 304 -
2023-04-22 21:24:29,032:INFO:127.0.0.1 - - [22/Apr/2023 21:24:29] "[36mGET /static/css/carrusel.css HTTP/1.1[0m" 304 -
2023-04-22 21:24:29,034:INFO:127.0.0.1 - - [22/Apr/2023 21:24:29] "[33mGET /security/static/sweetalert2/sweetalert2.min.css HTTP/1.1[0m" 404 -
2023-04-22 21:24:29,040:INFO:127.0.0.1 - - [22/Apr/2023 21:24:29] "[36mGET /static/js/carrusel.js HTTP/1.1[0m" 304 -
2023-04-22 21:24:29,049:INFO:127.0.0.1 - - [22/Apr/2023 21:24:29] "[33mGET /security/static/sweetalert2/sweetalert2.min.js HTTP/1.1[0m" 404 -
2023-04-22 21:24:29,056:INFO:127.0.0.1 - - [22/Apr/2023 21:24:29] "[33mGET /security/static/estilos.css HTTP/1.1[0m" 404 -
2023-04-22 21:24:29,089:INFO:127.0.0.1 - - [22/Apr/2023 21:24:29] "[36mGET /static/img/ej4.png HTTP/1.1[0m" 304 -
2023-04-22 21:24:29,090:INFO:127.0.0.1 - - [22/Apr/2023 21:24:29] "[33mGET /security/static/sweetalert2/sweetalert2.min.css HTTP/1.1[0m" 404 -
2023-04-22 21:24:29,097:INFO:127.0.0.1 - - [22/Apr/2023 21:24:29] "[33mGET /security/static/estilos.css HTTP/1.1[0m" 404 -
2023-04-22 21:24:29,117:INFO:127.0.0.1 - - [22/Apr/2023 21:24:29] "[36mGET /static/img/fondo5.jpg HTTP/1.1[0m" 304 -
2023-04-22 21:25:04,016:INFO:127.0.0.1 - - [22/Apr/2023 21:25:04] "GET /security/administracion_admin HTTP/1.1" 200 -
2023-04-22 21:25:04,055:INFO:127.0.0.1 - - [22/Apr/2023 21:25:04] "[36mGET /static/bootstrap/css/bootstrap.min.css HTTP/1.1[0m" 304 -
2023-04-22 21:25:04,084:INFO:127.0.0.1 - - [22/Apr/2023 21:25:04] "[36mGET /static/bootstrap/css/styles.css HTTP/1.1[0m" 304 -
2023-04-22 21:25:04,084:INFO:127.0.0.1 - - [22/Apr/2023 21:25:04] "[36mGET /static/css/nav.css HTTP/1.1[0m" 304 -
2023-04-22 21:25:04,097:INFO:127.0.0.1 - - [22/Apr/2023 21:25:04] "[36mGET /static/bootstrap/css/bootstrap-responsive.min.css HTTP/1.1[0m" 304 -
2023-04-22 21:25:04,104:INFO:127.0.0.1 - - [22/Apr/2023 21:25:04] "[36mGET /static/css/carrusel.css HTTP/1.1[0m" 304 -
2023-04-22 21:25:04,115:INFO:127.0.0.1 - - [22/Apr/2023 21:25:04] "[33mGET /security/static/sweetalert2/sweetalert2.min.css HTTP/1.1[0m" 404 -
2023-04-22 21:25:04,129:INFO:127.0.0.1 - - [22/Apr/2023 21:25:04] "[33mGET /security/static/sweetalert2/sweetalert2.min.js HTTP/1.1[0m" 404 -
2023-04-22 21:25:04,129:INFO:127.0.0.1 - - [22/Apr/2023 21:25:04] "[33mGET /security/static/estilos.css HTTP/1.1[0m" 404 -
2023-04-22 21:25:04,129:INFO:127.0.0.1 - - [22/Apr/2023 21:25:04] "[36mGET /static/js/carrusel.js HTTP/1.1[0m" 304 -
2023-04-22 21:25:04,192:INFO:127.0.0.1 - - [22/Apr/2023 21:25:04] "[36mGET /static/img/ej4.png HTTP/1.1[0m" 304 -
2023-04-22 21:25:04,200:INFO:127.0.0.1 - - [22/Apr/2023 21:25:04] "[33mGET /security/static/sweetalert2/sweetalert2.min.css HTTP/1.1[0m" 404 -
2023-04-22 21:25:04,212:INFO:127.0.0.1 - - [22/Apr/2023 21:25:04] "[33mGET /security/static/sweetalert2/sweetalert2.min.js HTTP/1.1[0m" 404 -
2023-04-22 21:25:04,215:INFO:127.0.0.1 - - [22/Apr/2023 21:25:04] "[36mGET /static/img/fondo5.jpg HTTP/1.1[0m" 304 -
2023-04-22 21:25:04,233:INFO:127.0.0.1 - - [22/Apr/2023 21:25:04] "[33mGET /security/static/estilos.css HTTP/1.1[0m" 404 -
2023-04-22 21:25:04,260:INFO:127.0.0.1 - - [22/Apr/2023 21:25:04] "[36mGET /static/bootstrap/img/glyphicons-halflings-white.png HTTP/1.1[0m" 304 -
2023-04-22 21:25:22,614:INFO:127.0.0.1 - - [22/Apr/2023 21:25:22] "GET /security/administracion_admin HTTP/1.1" 200 -
2023-04-22 21:25:22,665:INFO:127.0.0.1 - - [22/Apr/2023 21:25:22] "[36mGET /static/bootstrap/css/bootstrap.min.css HTTP/1.1[0m" 304 -
2023-04-22 21:25:22,683:INFO:127.0.0.1 - - [22/Apr/2023 21:25:22] "[36mGET /static/bootstrap/css/bootstrap-responsive.min.css HTTP/1.1[0m" 304 -
2023-04-22 21:25:22,691:INFO:127.0.0.1 - - [22/Apr/2023 21:25:22] "[36mGET /static/bootstrap/css/styles.css HTTP/1.1[0m" 304 -
2023-04-22 21:25:22,700:INFO:127.0.0.1 - - [22/Apr/2023 21:25:22] "[36mGET /static/css/nav.css HTTP/1.1[0m" 304 -
2023-04-22 21:25:22,708:INFO:127.0.0.1 - - [22/Apr/2023 21:25:22] "[36mGET /static/css/carrusel.css HTTP/1.1[0m" 304 -
2023-04-22 21:25:22,721:INFO:127.0.0.1 - - [22/Apr/2023 21:25:22] "[36mGET /static/js/carrusel.js HTTP/1.1[0m" 304 -
2023-04-22 21:25:22,736:INFO:127.0.0.1 - - [22/Apr/2023 21:25:22] "[33mGET /security/static/sweetalert2/sweetalert2.min.css HTTP/1.1[0m" 404 -
2023-04-22 21:25:22,745:INFO:127.0.0.1 - - [22/Apr/2023 21:25:22] "[33mGET /security/static/estilos.css HTTP/1.1[0m" 404 -
2023-04-22 21:25:22,747:INFO:127.0.0.1 - - [22/Apr/2023 21:25:22] "[33mGET /security/static/sweetalert2/sweetalert2.min.js HTTP/1.1[0m" 404 -
2023-04-22 21:25:22,775:INFO:127.0.0.1 - - [22/Apr/2023 21:25:22] "[36mGET /static/img/ej4.png HTTP/1.1[0m" 304 -
2023-04-22 21:25:22,784:INFO:127.0.0.1 - - [22/Apr/2023 21:25:22] "[33mGET /security/static/estilos.css HTTP/1.1[0m" 404 -
2023-04-22 21:25:22,796:INFO:127.0.0.1 - - [22/Apr/2023 21:25:22] "[36mGET /static/img/fondo5.jpg HTTP/1.1[0m" 304 -
2023-04-22 21:25:22,814:INFO:127.0.0.1 - - [22/Apr/2023 21:25:22] "[36mGET /static/bootstrap/img/glyphicons-halflings-white.png HTTP/1.1[0m" 304 -
2023-04-22 21:25:24,844:INFO:127.0.0.1 - - [22/Apr/2023 21:25:24] "GET /security/modificar_administracion_admin?id=1 HTTP/1.1" 200 -
2023-04-22 21:25:24,916:INFO:127.0.0.1 - - [22/Apr/2023 21:25:24] "[36mGET /static/bootstrap/css/bootstrap.min.css HTTP/1.1[0m" 304 -
2023-04-22 21:25:24,922:INFO:127.0.0.1 - - [22/Apr/2023 21:25:24] "[36mGET /static/bootstrap/css/bootstrap-responsive.min.css HTTP/1.1[0m" 304 -
2023-04-22 21:25:24,928:INFO:127.0.0.1 - - [22/Apr/2023 21:25:24] "[36mGET /static/bootstrap/css/styles.css HTTP/1.1[0m" 304 -
2023-04-22 21:25:24,936:INFO:127.0.0.1 - - [22/Apr/2023 21:25:24] "[36mGET /static/css/nav.css HTTP/1.1[0m" 304 -
2023-04-22 21:25:24,943:INFO:127.0.0.1 - - [22/Apr/2023 21:25:24] "[36mGET /static/css/carrusel.css HTTP/1.1[0m" 304 -
2023-04-22 21:25:24,955:INFO:127.0.0.1 - - [22/Apr/2023 21:25:24] "[36mGET /static/js/carrusel.js HTTP/1.1[0m" 304 -
2023-04-22 21:25:24,963:INFO:127.0.0.1 - - [22/Apr/2023 21:25:24] "[33mGET /security/static/sweetalert2/sweetalert2.min.css HTTP/1.1[0m" 404 -
2023-04-22 21:25:24,964:INFO:127.0.0.1 - - [22/Apr/2023 21:25:24] "[33mGET /security/static/sweetalert2/sweetalert2.min.js HTTP/1.1[0m" 404 -
2023-04-22 21:25:24,973:INFO:127.0.0.1 - - [22/Apr/2023 21:25:24] "[33mGET /security/static/estilos.css HTTP/1.1[0m" 404 -
2023-04-22 21:25:25,009:INFO:127.0.0.1 - - [22/Apr/2023 21:25:25] "[36mGET /static/img/ej4.png HTTP/1.1[0m" 304 -
2023-04-22 21:25:25,011:INFO:127.0.0.1 - - [22/Apr/2023 21:25:25] "[36mGET /static/img/fondo5.jpg HTTP/1.1[0m" 304 -
2023-04-22 21:25:25,030:INFO:127.0.0.1 - - [22/Apr/2023 21:25:25] "[33mGET /security/static/estilos.css HTTP/1.1[0m" 404 -
2023-04-22 21:26:27,800:INFO:127.0.0.1 - - [22/Apr/2023 21:26:27] "GET /security/administracion_admin HTTP/1.1" 200 -
2023-04-22 21:26:27,849:INFO:127.0.0.1 - - [22/Apr/2023 21:26:27] "[36mGET /static/bootstrap/css/bootstrap.min.css HTTP/1.1[0m" 304 -
2023-04-22 21:26:27,876:INFO:127.0.0.1 - - [22/Apr/2023 21:26:27] "[36mGET /static/bootstrap/css/bootstrap-responsive.min.css HTTP/1.1[0m" 304 -
2023-04-22 21:26:27,887:INFO:127.0.0.1 - - [22/Apr/2023 21:26:27] "[36mGET /static/bootstrap/css/styles.css HTTP/1.1[0m" 304 -
2023-04-22 21:26:27,905:INFO:127.0.0.1 - - [22/Apr/2023 21:26:27] "[36mGET /static/css/nav.css HTTP/1.1[0m" 304 -
2023-04-22 21:26:27,907:INFO:127.0.0.1 - - [22/Apr/2023 21:26:27] "[36mGET /static/css/carrusel.css HTTP/1.1[0m" 304 -
2023-04-22 21:26:27,921:INFO:127.0.0.1 - - [22/Apr/2023 21:26:27] "[33mGET /security/static/sweetalert2/sweetalert2.min.css HTTP/1.1[0m" 404 -
2023-04-22 21:26:27,922:INFO:127.0.0.1 - - [22/Apr/2023 21:26:27] "[36mGET /static/js/carrusel.js HTTP/1.1[0m" 304 -
2023-04-22 21:26:27,929:INFO:127.0.0.1 - - [22/Apr/2023 21:26:27] "[33mGET /security/static/sweetalert2/sweetalert2.min.js HTTP/1.1[0m" 404 -
2023-04-22 21:26:27,943:INFO:127.0.0.1 - - [22/Apr/2023 21:26:27] "[33mGET /security/static/estilos.css HTTP/1.1[0m" 404 -
2023-04-22 21:26:27,970:INFO:127.0.0.1 - - [22/Apr/2023 21:26:27] "[36mGET /static/img/ej4.png HTTP/1.1[0m" 304 -
2023-04-22 21:26:27,986:INFO:127.0.0.1 - - [22/Apr/2023 21:26:27] "[33mGET /security/static/sweetalert2/sweetalert2.min.css HTTP/1.1[0m" 404 -
2023-04-22 21:26:27,992:INFO:127.0.0.1 - - [22/Apr/2023 21:26:27] "[33mGET /security/static/estilos.css HTTP/1.1[0m" 404 -
2023-04-22 21:26:28,033:INFO:127.0.0.1 - - [22/Apr/2023 21:26:28] "[36mGET /static/img/fondo5.jpg HTTP/1.1[0m" 304 -
2023-04-22 21:26:30,026:INFO:127.0.0.1 - - [22/Apr/2023 21:26:30] "[33mGET /security/eliminar_administracion_admin?id=1 HTTP/1.1[0m" 404 -
2023-04-22 21:26:33,221:INFO:127.0.0.1 - - [22/Apr/2023 21:26:33] "GET /security/modificar_administracion_admin?id=1 HTTP/1.1" 200 -
2023-04-22 21:26:33,307:INFO:127.0.0.1 - - [22/Apr/2023 21:26:33] "[36mGET /static/bootstrap/css/bootstrap.min.css HTTP/1.1[0m" 304 -
2023-04-22 21:26:33,308:INFO:127.0.0.1 - - [22/Apr/2023 21:26:33] "[36mGET /static/bootstrap/css/styles.css HTTP/1.1[0m" 304 -
2023-04-22 21:26:33,313:INFO:127.0.0.1 - - [22/Apr/2023 21:26:33] "[36mGET /static/bootstrap/css/bootstrap-responsive.min.css HTTP/1.1[0m" 304 -
2023-04-22 21:26:33,321:INFO:127.0.0.1 - - [22/Apr/2023 21:26:33] "[36mGET /static/css/nav.css HTTP/1.1[0m" 304 -
2023-04-22 21:26:33,343:INFO:127.0.0.1 - - [22/Apr/2023 21:26:33] "[36mGET /static/css/carrusel.css HTTP/1.1[0m" 304 -
2023-04-22 21:26:33,350:INFO:127.0.0.1 - - [22/Apr/2023 21:26:33] "[36mGET /static/js/carrusel.js HTTP/1.1[0m" 304 -
2023-04-22 21:26:33,356:INFO:127.0.0.1 - - [22/Apr/2023 21:26:33] "[33mGET /security/static/sweetalert2/sweetalert2.min.css HTTP/1.1[0m" 404 -
2023-04-22 21:26:33,358:INFO:127.0.0.1 - - [22/Apr/2023 21:26:33] "[33mGET /security/static/sweetalert2/sweetalert2.min.js HTTP/1.1[0m" 404 -
2023-04-22 21:26:33,369:INFO:127.0.0.1 - - [22/Apr/2023 21:26:33] "[33mGET /security/static/estilos.css HTTP/1.1[0m" 404 -
2023-04-22 21:26:33,433:INFO:127.0.0.1 - - [22/Apr/2023 21:26:33] "[36mGET /static/img/ej4.png HTTP/1.1[0m" 304 -
2023-04-22 21:26:33,471:INFO:127.0.0.1 - - [22/Apr/2023 21:26:33] "[33mGET /security/static/estilos.css HTTP/1.1[0m" 404 -
2023-04-22 21:26:33,472:INFO:127.0.0.1 - - [22/Apr/2023 21:26:33] "[36mGET /static/img/fondo5.jpg HTTP/1.1[0m" 304 -
2023-04-22 21:26:40,753:INFO:127.0.0.1 - - [22/Apr/2023 21:26:40] "[35m[1mPOST /security/modificar_administracion_admin HTTP/1.1[0m" 500 -
2023-04-22 21:26:40,795:INFO:127.0.0.1 - - [22/Apr/2023 21:26:40] "[36mGET /security/modificar_administracion_admin?__debugger__=yes&cmd=resource&f=style.css HTTP/1.1[0m" 304 -
2023-04-22 21:26:40,809:INFO:127.0.0.1 - - [22/Apr/2023 21:26:40] "[36mGET /security/modificar_administracion_admin?__debugger__=yes&cmd=resource&f=debugger.js HTTP/1.1[0m" 304 -
2023-04-22 21:26:40,825:INFO:127.0.0.1 - - [22/Apr/2023 21:26:40] "[36mGET /security/modificar_administracion_admin?__debugger__=yes&cmd=resource&f=console.png HTTP/1.1[0m" 304 -
2023-04-22 21:27:12,244:INFO: * Detected change in 'C:\\curso_python\\Proyecto Final\\The_World_of_cakes\\project\\forms.py', reloading
2023-04-22 21:27:12,455:INFO: * Restarting with stat
2023-04-22 21:27:16,207:INFO:Se inicio la aplicacion
2023-04-22 21:27:16,222:WARNING: * Debugger is active!
2023-04-22 21:27:16,229:INFO: * Debugger PIN: 577-661-229
2023-04-22 21:27:20,879:INFO: * Detected change in 'C:\\curso_python\\Proyecto Final\\The_World_of_cakes\\project\\forms.py', reloading
2023-04-22 21:27:21,089:INFO: * Restarting with stat
2023-04-22 21:27:25,470:INFO:Se inicio la aplicacion
2023-04-22 21:27:25,492:WARNING: * Debugger is active!
2023-04-22 21:27:25,503:INFO: * Debugger PIN: 577-661-229
2023-04-22 21:27:25,677:INFO:127.0.0.1 - - [22/Apr/2023 21:27:25] "[32mGET /security/modificar_administracion_admin?id=1 HTTP/1.1[0m" 302 -
2023-04-22 21:27:25,728:INFO:127.0.0.1 - - [22/Apr/2023 21:27:25] "GET /login?next=%2Fsecurity%2Fmodificar_administracion_admin%3Fid%3D1 HTTP/1.1" 200 -
2023-04-22 21:27:33,387:INFO:127.0.0.1 - - [22/Apr/2023 21:27:33] "GET / HTTP/1.1" 200 -
2023-04-22 21:27:33,428:INFO:127.0.0.1 - - [22/Apr/2023 21:27:33] "[36mGET /static/bootstrap/css/bootstrap.min.css HTTP/1.1[0m" 304 -
2023-04-22 21:27:33,435:INFO:127.0.0.1 - - [22/Apr/2023 21:27:33] "[36mGET /static/bootstrap/css/styles.css HTTP/1.1[0m" 304 -
2023-04-22 21:27:33,439:INFO:127.0.0.1 - - [22/Apr/2023 21:27:33] "[36mGET /static/bootstrap/css/bootstrap-responsive.min.css HTTP/1.1[0m" 304 -
2023-04-22 21:27:33,455:INFO:127.0.0.1 - - [22/Apr/2023 21:27:33] "[36mGET /static/css/carrusel.css HTTP/1.1[0m" 304 -
2023-04-22 21:27:33,457:INFO:127.0.0.1 - - [22/Apr/2023 21:27:33] "[36mGET /static/css/nav.css HTTP/1.1[0m" 304 -
2023-04-22 21:27:33,464:INFO:127.0.0.1 - - [22/Apr/2023 21:27:33] "[36mGET /static/js/carrusel.js HTTP/1.1[0m" 304 -
2023-04-22 21:27:33,498:INFO:127.0.0.1 - - [22/Apr/2023 21:27:33] "[36mGET /static/img/ej4.png HTTP/1.1[0m" 304 -
2023-04-22 21:27:33,502:INFO:127.0.0.1 - - [22/Apr/2023 21:27:33] "[36mGET /static/img/vision.png HTTP/1.1[0m" 304 -
2023-04-22 21:27:33,502:INFO:127.0.0.1 - - [22/Apr/2023 21:27:33] "[36mGET /static/img/mision2.jpg HTTP/1.1[0m" 304 -
2023-04-22 21:27:33,514:INFO:127.0.0.1 - - [22/Apr/2023 21:27:33] "[36mGET /static/img/fondo5.jpg HTTP/1.1[0m" 304 -
2023-04-22 21:27:39,682:INFO:127.0.0.1 - - [22/Apr/2023 21:27:39] "GET /security/login HTTP/1.1" 200 -
2023-04-22 21:27:39,740:INFO:127.0.0.1 - - [22/Apr/2023 21:27:39] "[36mGET /static/bootstrap/css/bootstrap.min.css HTTP/1.1[0m" 304 -
2023-04-22 21:27:39,745:INFO:127.0.0.1 - - [22/Apr/2023 21:27:39] "[36mGET /static/bootstrap/css/bootstrap-responsive.min.css HTTP/1.1[0m" 304 -
2023-04-22 21:27:39,745:INFO:127.0.0.1 - - [22/Apr/2023 21:27:39] "[36mGET /static/bootstrap/css/styles.css HTTP/1.1[0m" 304 -
2023-04-22 21:27:39,763:INFO:127.0.0.1 - - [22/Apr/2023 21:27:39] "[36mGET /static/css/nav.css HTTP/1.1[0m" 304 -
2023-04-22 21:27:39,771:INFO:127.0.0.1 - - [22/Apr/2023 21:27:39] "[36mGET /static/css/carrusel.css HTTP/1.1[0m" 304 -
2023-04-22 21:27:39,771:INFO:127.0.0.1 - - [22/Apr/2023 21:27:39] "[36mGET /static/js/carrusel.js HTTP/1.1[0m" 304 -
2023-04-22 21:27:39,773:INFO:127.0.0.1 - - [22/Apr/2023 21:27:39] "[33mGET /security/static/estilos.css HTTP/1.1[0m" 404 -
2023-04-22 21:27:39,795:INFO:127.0.0.1 - - [22/Apr/2023 21:27:39] "[33mGET /security/static/estilos.css HTTP/1.1[0m" 404 -
2023-04-22 21:27:39,830:INFO:127.0.0.1 - - [22/Apr/2023 21:27:39] "[36mGET /static/img/ej4.png HTTP/1.1[0m" 304 -
2023-04-22 21:27:39,836:INFO:127.0.0.1 - - [22/Apr/2023 21:27:39] "[36mGET /static/img/fondo5.jpg HTTP/1.1[0m" 304 -
2023-04-22 21:27:43,753:DEBUG:El usuario FernandoLP.mx@outlook.com ingreso al sistema
2023-04-22 21:27:43,755:INFO:127.0.0.1 - - [22/Apr/2023 21:27:43] "[32mPOST /security/login HTTP/1.1[0m" 302 -
2023-04-22 21:27:43,765:INFO:127.0.0.1 - - [22/Apr/2023 21:27:43] "GET / HTTP/1.1" 200 -
2023-04-22 21:27:43,823:INFO:127.0.0.1 - - [22/Apr/2023 21:27:43] "[36mGET /static/bootstrap/css/bootstrap.min.css HTTP/1.1[0m" 304 -
2023-04-22 21:27:43,829:INFO:127.0.0.1 - - [22/Apr/2023 21:27:43] "[36mGET /static/bootstrap/css/bootstrap-responsive.min.css HTTP/1.1[0m" 304 -
2023-04-22 21:27:43,852:INFO:127.0.0.1 - - [22/Apr/2023 21:27:43] "[36mGET /static/bootstrap/css/styles.css HTTP/1.1[0m" 304 -
2023-04-22 21:27:43,861:INFO:127.0.0.1 - - [22/Apr/2023 21:27:43] "[36mGET /static/css/nav.css HTTP/1.1[0m" 304 -
2023-04-22 21:27:43,874:INFO:127.0.0.1 - - [22/Apr/2023 21:27:43] "[36mGET /static/css/carrusel.css HTTP/1.1[0m" 304 -
2023-04-22 21:27:43,883:INFO:127.0.0.1 - - [22/Apr/2023 21:27:43] "[36mGET /static/js/carrusel.js HTTP/1.1[0m" 304 -
2023-04-22 21:27:43,954:INFO:127.0.0.1 - - [22/Apr/2023 21:27:43] "[36mGET /static/img/mision2.jpg HTTP/1.1[0m" 304 -
2023-04-22 21:27:43,958:INFO:127.0.0.1 - - [22/Apr/2023 21:27:43] "[36mGET /static/img/ej4.png HTTP/1.1[0m" 304 -
2023-04-22 21:27:43,970:INFO:127.0.0.1 - - [22/Apr/2023 21:27:43] "[36mGET /static/img/fondo5.jpg HTTP/1.1[0m" 304 -
2023-04-22 21:27:43,970:INFO:127.0.0.1 - - [22/Apr/2023 21:27:43] "[36mGET /static/img/vision.png HTTP/1.1[0m" 304 -
2023-04-22 21:27:47,264:INFO:127.0.0.1 - - [22/Apr/2023 21:27:47] "GET /security/administracion_admin HTTP/1.1" 200 -
2023-04-22 21:27:47,330:INFO:127.0.0.1 - - [22/Apr/2023 21:27:47] "[36mGET /static/bootstrap/css/bootstrap.min.css HTTP/1.1[0m" 304 -
2023-04-22 21:27:47,342:INFO:127.0.0.1 - - [22/Apr/2023 21:27:47] "[36mGET /static/bootstrap/css/bootstrap-responsive.min.css HTTP/1.1[0m" 304 -
2023-04-22 21:27:47,353:INFO:127.0.0.1 - - [22/Apr/2023 21:27:47] "[36mGET /static/css/nav.css HTTP/1.1[0m" 304 -
2023-04-22 21:27:47,364:INFO:127.0.0.1 - - [22/Apr/2023 21:27:47] "[36mGET /static/bootstrap/css/styles.css HTTP/1.1[0m" 304 -
2023-04-22 21:27:47,368:INFO:127.0.0.1 - - [22/Apr/2023 21:27:47] "[36mGET /static/js/carrusel.js HTTP/1.1[0m" 304 -
2023-04-22 21:27:47,385:INFO:127.0.0.1 - - [22/Apr/2023 21:27:47] "[33mGET /security/static/sweetalert2/sweetalert2.min.css HTTP/1.1[0m" 404 -
2023-04-22 21:27:47,387:INFO:127.0.0.1 - - [22/Apr/2023 21:27:47] "[33mGET /security/static/sweetalert2/sweetalert2.min.js HTTP/1.1[0m" 404 -
2023-04-22 21:27:47,387:INFO:127.0.0.1 - - [22/Apr/2023 21:27:47] "[36mGET /static/css/carrusel.css HTTP/1.1[0m" 304 -
2023-04-22 21:27:47,397:INFO:127.0.0.1 - - [22/Apr/2023 21:27:47] "[33mGET /security/static/estilos.css HTTP/1.1[0m" 404 -
2023-04-22 21:27:47,443:INFO:127.0.0.1 - - [22/Apr/2023 21:27:47] "[33mGET /security/static/sweetalert2/sweetalert2.min.css HTTP/1.1[0m" 404 -
2023-04-22 21:27:47,454:INFO:127.0.0.1 - - [22/Apr/2023 21:27:47] "[33mGET /security/static/sweetalert2/sweetalert2.min.js HTTP/1.1[0m" 404 -
2023-04-22 21:27:47,457:INFO:127.0.0.1 - - [22/Apr/2023 21:27:47] "[36mGET /static/img/ej4.png HTTP/1.1[0m" 304 -
2023-04-22 21:27:47,460:INFO:127.0.0.1 - - [22/Apr/2023 21:27:47] "[36mGET /static/img/fondo5.jpg HTTP/1.1[0m" 304 -
2023-04-22 21:27:47,488:INFO:127.0.0.1 - - [22/Apr/2023 21:27:47] "[33mGET /security/static/estilos.css HTTP/1.1[0m" 404 -
2023-04-22 21:27:55,680:INFO:127.0.0.1 - - [22/Apr/2023 21:27:55] "GET /security/modificar_administracion_admin?id=1 HTTP/1.1" 200 -
2023-04-22 21:27:55,808:INFO:127.0.0.1 - - [22/Apr/2023 21:27:55] "[36mGET /static/bootstrap/css/bootstrap.min.css HTTP/1.1[0m" 304 -
2023-04-22 21:27:55,821:INFO:127.0.0.1 - - [22/Apr/2023 21:27:55] "[36mGET /static/bootstrap/css/bootstrap-responsive.min.css HTTP/1.1[0m" 304 -
2023-04-22 21:27:55,826:INFO:127.0.0.1 - - [22/Apr/2023 21:27:55] "[36mGET /static/bootstrap/css/styles.css HTTP/1.1[0m" 304 -
2023-04-22 21:27:55,877:INFO:127.0.0.1 - - [22/Apr/2023 21:27:55] "[36mGET /static/css/nav.css HTTP/1.1[0m" 304 -
2023-04-22 21:27:55,881:INFO:127.0.0.1 - - [22/Apr/2023 21:27:55] "[36mGET /static/css/carrusel.css HTTP/1.1[0m" 304 -
2023-04-22 21:27:55,886:INFO:127.0.0.1 - - [22/Apr/2023 21:27:55] "[36mGET /static/js/carrusel.js HTTP/1.1[0m" 304 -
2023-04-22 21:27:55,893:INFO:127.0.0.1 - - [22/Apr/2023 21:27:55] "[33mGET /security/static/sweetalert2/sweetalert2.min.css HTTP/1.1[0m" 404 -
2023-04-22 21:27:55,924:INFO:127.0.0.1 - - [22/Apr/2023 21:27:55] "[33mGET /security/static/sweetalert2/sweetalert2.min.js HTTP/1.1[0m" 404 -
2023-04-22 21:27:56,008:INFO:127.0.0.1 - - [22/Apr/2023 21:27:56] "[33mGET /security/static/estilos.css HTTP/1.1[0m" 404 -
2023-04-22 21:27:56,042:INFO:127.0.0.1 - - [22/Apr/2023 21:27:56] "[36mGET /static/img/ej4.png HTTP/1.1[0m" 304 -
2023-04-22 21:27:56,045:INFO:127.0.0.1 - - [22/Apr/2023 21:27:56] "[36mGET /static/img/fondo5.jpg HTTP/1.1[0m" 304 -
2023-04-22 21:28:45,241:INFO:127.0.0.1 - - [22/Apr/2023 21:28:45] "GET /security/empleados HTTP/1.1" 200 -
2023-04-22 21:28:45,320:INFO:127.0.0.1 - - [22/Apr/2023 21:28:45] "[36mGET /static/bootstrap/css/bootstrap.min.css HTTP/1.1[0m" 304 -
2023-04-22 21:28:45,355:INFO:127.0.0.1 - - [22/Apr/2023 21:28:45] "[36mGET /static/bootstrap/css/bootstrap-responsive.min.css HTTP/1.1[0m" 304 -
2023-04-22 21:28:45,356:INFO:127.0.0.1 - - [22/Apr/2023 21:28:45] "[36mGET /static/bootstrap/css/styles.css HTTP/1.1[0m" 304 -
2023-04-22 21:28:45,356:INFO:127.0.0.1 - - [22/Apr/2023 21:28:45] "[36mGET /static/css/nav.css HTTP/1.1[0m" 304 -
2023-04-22 21:28:45,367:INFO:127.0.0.1 - - [22/Apr/2023 21:28:45] "[36mGET /static/css/carrusel.css HTTP/1.1[0m" 304 -
2023-04-22 21:28:45,386:INFO:127.0.0.1 - - [22/Apr/2023 21:28:45] "[33mGET /security/static/sweetalert2/sweetalert2.min.css HTTP/1.1[0m" 404 -
2023-04-22 21:28:45,386:INFO:127.0.0.1 - - [22/Apr/2023 21:28:45] "[36mGET /static/js/carrusel.js HTTP/1.1[0m" 304 -
2023-04-22 21:28:45,406:INFO:127.0.0.1 - - [22/Apr/2023 21:28:45] "[33mGET /security/static/sweetalert2/sweetalert2.min.js HTTP/1.1[0m" 404 -
2023-04-22 21:28:45,419:INFO:127.0.0.1 - - [22/Apr/2023 21:28:45] "[33mGET /security/static/estilos.css HTTP/1.1[0m" 404 -
2023-04-22 21:28:45,439:INFO:127.0.0.1 - - [22/Apr/2023 21:28:45] "[36mGET /static/img/ej4.png HTTP/1.1[0m" 304 -
2023-04-22 21:28:45,458:INFO:127.0.0.1 - - [22/Apr/2023 21:28:45] "[33mGET /security/static/sweetalert2/sweetalert2.min.css HTTP/1.1[0m" 404 -
2023-04-22 21:28:45,479:INFO:127.0.0.1 - - [22/Apr/2023 21:28:45] "[36mGET /static/img/fondo5.jpg HTTP/1.1[0m" 304 -
2023-04-22 21:29:14,156:INFO:127.0.0.1 - - [22/Apr/2023 21:29:14] "GET /security/empleados HTTP/1.1" 200 -
2023-04-22 21:29:14,223:INFO:127.0.0.1 - - [22/Apr/2023 21:29:14] "[36mGET /static/bootstrap/css/bootstrap.min.css HTTP/1.1[0m" 304 -
2023-04-22 21:29:14,225:INFO:127.0.0.1 - - [22/Apr/2023 21:29:14] "[36mGET /static/bootstrap/css/bootstrap-responsive.min.css HTTP/1.1[0m" 304 -
2023-04-22 21:29:14,236:INFO:127.0.0.1 - - [22/Apr/2023 21:29:14] "[36mGET /static/bootstrap/css/styles.css HTTP/1.1[0m" 304 -
2023-04-22 21:29:14,260:INFO:127.0.0.1 - - [22/Apr/2023 21:29:14] "[36mGET /static/css/nav.css HTTP/1.1[0m" 304 -
2023-04-22 21:29:14,267:INFO:127.0.0.1 - - [22/Apr/2023 21:29:14] "[36mGET /static/css/carrusel.css HTTP/1.1[0m" 304 -
2023-04-22 21:29:14,278:INFO:127.0.0.1 - - [22/Apr/2023 21:29:14] "[36mGET /static/js/carrusel.js HTTP/1.1[0m" 304 -
2023-04-22 21:29:14,279:INFO:127.0.0.1 - - [22/Apr/2023 21:29:14] "[33mGET /security/static/sweetalert2/sweetalert2.min.js HTTP/1.1[0m" 404 -
2023-04-22 21:29:14,288:INFO:127.0.0.1 - - [22/Apr/2023 21:29:14] "[33mGET /security/static/sweetalert2/sweetalert2.min.css HTTP/1.1[0m" 404 -
2023-04-22 21:29:14,304:INFO:127.0.0.1 - - [22/Apr/2023 21:29:14] "[33mGET /security/static/estilos.css HTTP/1.1[0m" 404 -
2023-04-22 21:29:14,340:INFO:127.0.0.1 - - [22/Apr/2023 21:29:14] "[36mGET /static/img/ej4.png HTTP/1.1[0m" 304 -
2023-04-22 21:29:14,344:INFO:127.0.0.1 - - [22/Apr/2023 21:29:14] "[36mGET /static/img/fondo5.jpg HTTP/1.1[0m" 304 -
2023-04-22 21:29:14,357:INFO:127.0.0.1 - - [22/Apr/2023 21:29:14] "[33mGET /security/static/estilos.css HTTP/1.1[0m" 404 -
2023-04-22 21:29:27,685:INFO:127.0.0.1 - - [22/Apr/2023 21:29:27] "GET /security/empleados HTTP/1.1" 200 -
2023-04-22 21:29:27,725:INFO:127.0.0.1 - - [22/Apr/2023 21:29:27] "[36mGET /static/bootstrap/css/bootstrap.min.css HTTP/1.1[0m" 304 -
2023-04-22 21:29:27,745:INFO:127.0.0.1 - - [22/Apr/2023 21:29:27] "[36mGET /static/bootstrap/css/bootstrap-responsive.min.css HTTP/1.1[0m" 304 -
2023-04-22 21:29:27,755:INFO:127.0.0.1 - - [22/Apr/2023 21:29:27] "[36mGET /static/bootstrap/css/styles.css HTTP/1.1[0m" 304 -
2023-04-22 21:29:27,764:INFO:127.0.0.1 - - [22/Apr/2023 21:29:27] "[36mGET /static/css/nav.css HTTP/1.1[0m" 304 -
2023-04-22 21:29:27,778:INFO:127.0.0.1 - - [22/Apr/2023 21:29:27] "[36mGET /static/css/carrusel.css HTTP/1.1[0m" 304 -
2023-04-22 21:29:27,789:INFO:127.0.0.1 - - [22/Apr/2023 21:29:27] "[33mGET /security/static/sweetalert2/sweetalert2.min.js HTTP/1.1[0m" 404 -
2023-04-22 21:29:27,790:INFO:127.0.0.1 - - [22/Apr/2023 21:29:27] "[33mGET /security/static/sweetalert2/sweetalert2.min.css HTTP/1.1[0m" 404 -
2023-04-22 21:29:27,792:INFO:127.0.0.1 - - [22/Apr/2023 21:29:27] "[36mGET /static/js/carrusel.js HTTP/1.1[0m" 304 -
2023-04-22 21:29:27,799:INFO:127.0.0.1 - - [22/Apr/2023 21:29:27] "[33mGET /security/static/estilos.css HTTP/1.1[0m" 404 -
2023-04-22 21:29:27,861:INFO:127.0.0.1 - - [22/Apr/2023 21:29:27] "[33mGET /security/static/sweetalert2/sweetalert2.min.css HTTP/1.1[0m" 404 -
2023-04-22 21:29:27,862:INFO:127.0.0.1 - - [22/Apr/2023 21:29:27] "[36mGET /static/img/ej4.png HTTP/1.1[0m" 304 -
2023-04-22 21:29:27,873:INFO:127.0.0.1 - - [22/Apr/2023 21:29:27] "[33mGET /security/static/sweetalert2/sweetalert2.min.js HTTP/1.1[0m" 404 -
2023-04-22 21:29:27,877:INFO:127.0.0.1 - - [22/Apr/2023 21:29:27] "[36mGET /static/img/fondo5.jpg HTTP/1.1[0m" 304 -
2023-04-22 21:29:27,911:INFO:127.0.0.1 - - [22/Apr/2023 21:29:27] "[33mGET /security/static/estilos.css HTTP/1.1[0m" 404 -
2023-04-22 21:29:58,325:INFO:127.0.0.1 - - [22/Apr/2023 21:29:58] "GET /security/empleados HTTP/1.1" 200 -
2023-04-22 21:29:58,368:INFO:127.0.0.1 - - [22/Apr/2023 21:29:58] "[36mGET /static/bootstrap/css/bootstrap.min.css HTTP/1.1[0m" 304 -
2023-04-22 21:29:58,404:INFO:127.0.0.1 - - [22/Apr/2023 21:29:58] "[36mGET /static/bootstrap/css/bootstrap-responsive.min.css HTTP/1.1[0m" 304 -
2023-04-22 21:29:58,424:INFO:127.0.0.1 - - [22/Apr/2023 21:29:58] "[36mGET /static/bootstrap/css/styles.css HTTP/1.1[0m" 304 -
2023-04-22 21:29:58,438:INFO:127.0.0.1 - - [22/Apr/2023 21:29:58] "[36mGET /static/css/nav.css HTTP/1.1[0m" 304 -
2023-04-22 21:29:58,453:INFO:127.0.0.1 - - [22/Apr/2023 21:29:58] "[36mGET /static/css/carrusel.css HTTP/1.1[0m" 304 -
2023-04-22 21:29:58,472:INFO:127.0.0.1 - - [22/Apr/2023 21:29:58] "[33mGET /security/static/sweetalert2/sweetalert2.min.css HTTP/1.1[0m" 404 -
2023-04-22 21:29:58,475:INFO:127.0.0.1 - - [22/Apr/2023 21:29:58] "[36mGET /static/js/carrusel.js HTTP/1.1[0m" 304 -
2023-04-22 21:29:58,486:INFO:127.0.0.1 - - [22/Apr/2023 21:29:58] "[33mGET /security/static/sweetalert2/sweetalert2.min.js HTTP/1.1[0m" 404 -
2023-04-22 21:29:58,500:INFO:127.0.0.1 - - [22/Apr/2023 21:29:58] "[33mGET /security/static/estilos.css HTTP/1.1[0m" 404 -
2023-04-22 21:29:58,535:INFO:127.0.0.1 - - [22/Apr/2023 21:29:58] "[36mGET /static/img/ej4.png HTTP/1.1[0m" 304 -
2023-04-22 21:29:58,546:INFO:127.0.0.1 - - [22/Apr/2023 21:29:58] "[33mGET /security/static/sweetalert2/sweetalert2.min.css HTTP/1.1[0m" 404 -
2023-04-22 21:29:58,563:INFO:127.0.0.1 - - [22/Apr/2023 21:29:58] "[36mGET /static/img/fondo5.jpg HTTP/1.1[0m" 304 -
2023-04-22 21:31:16,905:INFO:127.0.0.1 - - [22/Apr/2023 21:31:16] "[32mPOST /security/empleados HTTP/1.1[0m" 302 -
2023-04-22 21:31:16,920:INFO:127.0.0.1 - - [22/Apr/2023 21:31:16] "GET /security/empleados HTTP/1.1" 200 -
2023-04-22 21:31:16,993:INFO:127.0.0.1 - - [22/Apr/2023 21:31:16] "[36mGET /static/bootstrap/css/bootstrap.min.css HTTP/1.1[0m" 304 -
2023-04-22 21:31:16,996:INFO:127.0.0.1 - - [22/Apr/2023 21:31:16] "[36mGET /static/bootstrap/css/bootstrap-responsive.min.css HTTP/1.1[0m" 304 -
2023-04-22 21:31:17,013:INFO:127.0.0.1 - - [22/Apr/2023 21:31:17] "[36mGET /static/bootstrap/css/styles.css HTTP/1.1[0m" 304 -
2023-04-22 21:31:17,035:INFO:127.0.0.1 - - [22/Apr/2023 21:31:17] "[36mGET /static/css/nav.css HTTP/1.1[0m" 304 -
2023-04-22 21:31:17,043:INFO:127.0.0.1 - - [22/Apr/2023 21:31:17] "[36mGET /static/css/carrusel.css HTTP/1.1[0m" 304 -
2023-04-22 21:31:17,046:INFO:127.0.0.1 - - [22/Apr/2023 21:31:17] "[36mGET /static/js/carrusel.js HTTP/1.1[0m" 304 -
2023-04-22 21:31:17,062:INFO:127.0.0.1 - - [22/Apr/2023 21:31:17] "[33mGET /security/static/sweetalert2/sweetalert2.min.css HTTP/1.1[0m" 404 -
2023-04-22 21:31:17,077:INFO:127.0.0.1 - - [22/Apr/2023 21:31:17] "[33mGET /security/static/sweetalert2/sweetalert2.min.js HTTP/1.1[0m" 404 -
2023-04-22 21:31:17,088:INFO:127.0.0.1 - - [22/Apr/2023 21:31:17] "[33mGET /security/static/estilos.css HTTP/1.1[0m" 404 -
2023-04-22 21:31:17,105:INFO:127.0.0.1 - - [22/Apr/2023 21:31:17] "[36mGET /static/img/ej4.png HTTP/1.1[0m" 304 -
2023-04-22 21:31:17,119:INFO:127.0.0.1 - - [22/Apr/2023 21:31:17] "[36mGET /static/img/fondo5.jpg HTTP/1.1[0m" 304 -
2023-04-22 21:31:17,134:INFO:127.0.0.1 - - [22/Apr/2023 21:31:17] "[36mGET /static/bootstrap/img/glyphicons-halflings-white.png HTTP/1.1[0m" 304 -
2023-04-22 21:32:15,339:INFO:127.0.0.1 - - [22/Apr/2023 21:32:15] "GET /security/empleados HTTP/1.1" 200 -
2023-04-22 21:32:15,394:INFO:127.0.0.1 - - [22/Apr/2023 21:32:15] "[36mGET /static/bootstrap/css/bootstrap.min.css HTTP/1.1[0m" 304 -
2023-04-22 21:32:15,455:INFO:127.0.0.1 - - [22/Apr/2023 21:32:15] "[36mGET /static/bootstrap/css/styles.css HTTP/1.1[0m" 304 -
2023-04-22 21:32:15,456:INFO:127.0.0.1 - - [22/Apr/2023 21:32:15] "[36mGET /static/bootstrap/css/bootstrap-responsive.min.css HTTP/1.1[0m" 304 -
2023-04-22 21:32:15,474:INFO:127.0.0.1 - - [22/Apr/2023 21:32:15] "[36mGET /static/css/nav.css HTTP/1.1[0m" 304 -
2023-04-22 21:32:15,513:INFO:127.0.0.1 - - [22/Apr/2023 21:32:15] "[36mGET /static/css/carrusel.css HTTP/1.1[0m" 304 -
2023-04-22 21:32:15,517:INFO:127.0.0.1 - - [22/Apr/2023 21:32:15] "[36mGET /static/js/carrusel.js HTTP/1.1[0m" 304 -
2023-04-22 21:32:15,520:INFO:127.0.0.1 - - [22/Apr/2023 21:32:15] "[33mGET /security/static/sweetalert2/sweetalert2.min.css HTTP/1.1[0m" 404 -
2023-04-22 21:32:15,528:INFO:127.0.0.1 - - [22/Apr/2023 21:32:15] "[33mGET /security/static/sweetalert2/sweetalert2.min.js HTTP/1.1[0m" 404 -
2023-04-22 21:32:15,593:INFO:127.0.0.1 - - [22/Apr/2023 21:32:15] "[33mGET /security/static/estilos.css HTTP/1.1[0m" 404 -
2023-04-22 21:32:15,610:INFO:127.0.0.1 - - [22/Apr/2023 21:32:15] "[36mGET /static/img/ej4.png HTTP/1.1[0m" 304 -
2023-04-22 21:32:15,641:INFO:127.0.0.1 - - [22/Apr/2023 21:32:15] "[36mGET /static/img/fondo5.jpg HTTP/1.1[0m" 304 -
2023-04-22 21:32:39,801:INFO:127.0.0.1 - - [22/Apr/2023 21:32:39] "[35m[1mGET /security/empleados HTTP/1.1[0m" 500 -
2023-04-22 21:32:39,825:INFO:127.0.0.1 - - [22/Apr/2023 21:32:39] "GET /security/empleados?__debugger__=yes&cmd=resource&f=style.css HTTP/1.1" 200 -
2023-04-22 21:32:39,835:INFO:127.0.0.1 - - [22/Apr/2023 21:32:39] "GET /security/empleados?__debugger__=yes&cmd=resource&f=debugger.js HTTP/1.1" 200 -
2023-04-22 21:32:39,869:INFO:127.0.0.1 - - [22/Apr/2023 21:32:39] "GET /security/empleados?__debugger__=yes&cmd=resource&f=console.png HTTP/1.1" 200 -
2023-04-22 21:32:39,872:INFO:127.0.0.1 - - [22/Apr/2023 21:32:39] "[36mGET /security/empleados?__debugger__=yes&cmd=resource&f=console.png HTTP/1.1[0m" 304 -
2023-04-22 21:33:53,139:INFO:127.0.0.1 - - [22/Apr/2023 21:33:53] "GET /security/empleados HTTP/1.1" 200 -
2023-04-22 21:33:53,180:INFO:127.0.0.1 - - [22/Apr/2023 21:33:53] "[36mGET /static/bootstrap/css/bootstrap.min.css HTTP/1.1[0m" 304 -
2023-04-22 21:33:53,199:INFO:127.0.0.1 - - [22/Apr/2023 21:33:53] "[36mGET /static/bootstrap/css/bootstrap-responsive.min.css HTTP/1.1[0m" 304 -
2023-04-22 21:33:53,213:INFO:127.0.0.1 - - [22/Apr/2023 21:33:53] "[36mGET /static/bootstrap/css/styles.css HTTP/1.1[0m" 304 -
2023-04-22 21:33:53,219:INFO:127.0.0.1 - - [22/Apr/2023 21:33:53] "[36mGET /static/css/nav.css HTTP/1.1[0m" 304 -
2023-04-22 21:33:53,220:INFO:127.0.0.1 - - [22/Apr/2023 21:33:53] "[36mGET /static/css/carrusel.css HTTP/1.1[0m" 304 -
2023-04-22 21:33:53,224:INFO:127.0.0.1 - - [22/Apr/2023 21:33:53] "[36mGET /static/js/carrusel.js HTTP/1.1[0m" 304 -
2023-04-22 21:33:53,233:INFO:127.0.0.1 - - [22/Apr/2023 21:33:53] "[33mGET /security/static/sweetalert2/sweetalert2.min.css HTTP/1.1[0m" 404 -
2023-04-22 21:33:53,246:INFO:127.0.0.1 - - [22/Apr/2023 21:33:53] "[33mGET /security/static/sweetalert2/sweetalert2.min.js HTTP/1.1[0m" 404 -
2023-04-22 21:33:53,252:INFO:127.0.0.1 - - [22/Apr/2023 21:33:53] "[33mGET /security/static/estilos.css HTTP/1.1[0m" 404 -
2023-04-22 21:33:53,323:INFO:127.0.0.1 - - [22/Apr/2023 21:33:53] "[33mGET /security/static/sweetalert2/sweetalert2.min.css HTTP/1.1[0m" 404 -
2023-04-22 21:33:53,334:INFO:127.0.0.1 - - [22/Apr/2023 21:33:53] "[33mGET /security/static/sweetalert2/sweetalert2.min.js HTTP/1.1[0m" 404 -
2023-04-22 21:33:53,341:INFO:127.0.0.1 - - [22/Apr/2023 21:33:53] "[36mGET /static/img/ej4.png HTTP/1.1[0m" 304 -
2023-04-22 21:33:53,354:INFO:127.0.0.1 - - [22/Apr/2023 21:33:53] "[36mGET /static/img/fondo5.jpg HTTP/1.1[0m" 304 -
2023-04-22 21:33:53,372:INFO:127.0.0.1 - - [22/Apr/2023 21:33:53] "[33mGET /security/static/estilos.css HTTP/1.1[0m" 404 -
2023-04-22 21:33:55,006:INFO:127.0.0.1 - - [22/Apr/2023 21:33:55] "GET /security/empleados HTTP/1.1" 200 -
2023-04-22 21:33:55,063:INFO:127.0.0.1 - - [22/Apr/2023 21:33:55] "[36mGET /static/bootstrap/css/bootstrap.min.css HTTP/1.1[0m" 304 -
2023-04-22 21:33:55,070:INFO:127.0.0.1 - - [22/Apr/2023 21:33:55] "[36mGET /static/bootstrap/css/bootstrap-responsive.min.css HTTP/1.1[0m" 304 -
2023-04-22 21:33:55,102:INFO:127.0.0.1 - - [22/Apr/2023 21:33:55] "[36mGET /static/css/nav.css HTTP/1.1[0m" 304 -
2023-04-22 21:33:55,103:INFO:127.0.0.1 - - [22/Apr/2023 21:33:55] "[36mGET /static/bootstrap/css/styles.css HTTP/1.1[0m" 304 -
2023-04-22 21:33:55,109:INFO:127.0.0.1 - - [22/Apr/2023 21:33:55] "[36mGET /static/css/carrusel.css HTTP/1.1[0m" 304 -
2023-04-22 21:33:55,111:INFO:127.0.0.1 - - [22/Apr/2023 21:33:55] "[36mGET /static/js/carrusel.js HTTP/1.1[0m" 304 -
2023-04-22 21:33:55,126:INFO:127.0.0.1 - - [22/Apr/2023 21:33:55] "[33mGET /security/static/sweetalert2/sweetalert2.min.css HTTP/1.1[0m" 404 -
2023-04-22 21:33:55,176:INFO:127.0.0.1 - - [22/Apr/2023 21:33:55] "[33mGET /security/static/sweetalert2/sweetalert2.min.js HTTP/1.1[0m" 404 -
2023-04-22 21:33:55,197:INFO:127.0.0.1 - - [22/Apr/2023 21:33:55] "[33mGET /security/static/estilos.css HTTP/1.1[0m" 404 -
2023-04-22 21:33:55,228:INFO:127.0.0.1 - - [22/Apr/2023 21:33:55] "[33mGET /security/static/sweetalert2/sweetalert2.min.css HTTP/1.1[0m" 404 -
2023-04-22 21:33:55,274:INFO:127.0.0.1 - - [22/Apr/2023 21:33:55] "[36mGET /static/img/ej4.png HTTP/1.1[0m" 304 -
2023-04-22 21:33:55,309:INFO:127.0.0.1 - - [22/Apr/2023 21:33:55] "[36mGET /static/img/fondo5.jpg HTTP/1.1[0m" 304 -
2023-04-22 21:34:30,449:INFO:127.0.0.1 - - [22/Apr/2023 21:34:30] "GET /security/empleados HTTP/1.1" 200 -
2023-04-22 21:34:30,490:INFO:127.0.0.1 - - [22/Apr/2023 21:34:30] "[36mGET /static/bootstrap/css/bootstrap.min.css HTTP/1.1[0m" 304 -
2023-04-22 21:34:30,510:INFO:127.0.0.1 - - [22/Apr/2023 21:34:30] "[36mGET /static/bootstrap/css/bootstrap-responsive.min.css HTTP/1.1[0m" 304 -
2023-04-22 21:34:30,518:INFO:127.0.0.1 - - [22/Apr/2023 21:34:30] "[36mGET /static/bootstrap/css/styles.css HTTP/1.1[0m" 304 -
2023-04-22 21:34:30,533:INFO:127.0.0.1 - - [22/Apr/2023 21:34:30] "[36mGET /static/css/carrusel.css HTTP/1.1[0m" 304 -
2023-04-22 21:34:30,533:INFO:127.0.0.1 - - [22/Apr/2023 21:34:30] "[36mGET /static/css/nav.css HTTP/1.1[0m" 304 -
2023-04-22 21:34:30,555:INFO:127.0.0.1 - - [22/Apr/2023 21:34:30] "[36mGET /static/js/carrusel.js HTTP/1.1[0m" 304 -
2023-04-22 21:34:30,555:INFO:127.0.0.1 - - [22/Apr/2023 21:34:30] "[33mGET /security/static/sweetalert2/sweetalert2.min.css HTTP/1.1[0m" 404 -
2023-04-22 21:34:30,556:INFO:127.0.0.1 - - [22/Apr/2023 21:34:30] "[33mGET /security/static/estilos.css HTTP/1.1[0m" 404 -
2023-04-22 21:34:30,566:INFO:127.0.0.1 - - [22/Apr/2023 21:34:30] "[33mGET /security/static/sweetalert2/sweetalert2.min.js HTTP/1.1[0m" 404 -
2023-04-22 21:34:30,606:INFO:127.0.0.1 - - [22/Apr/2023 21:34:30] "[36mGET /static/img/ej4.png HTTP/1.1[0m" 304 -
2023-04-22 21:34:30,608:INFO:127.0.0.1 - - [22/Apr/2023 21:34:30] "[33mGET /security/static/sweetalert2/sweetalert2.min.css HTTP/1.1[0m" 404 -
2023-04-22 21:34:30,615:INFO:127.0.0.1 - - [22/Apr/2023 21:34:30] "[33mGET /security/static/estilos.css HTTP/1.1[0m" 404 -
2023-04-22 21:34:30,627:INFO:127.0.0.1 - - [22/Apr/2023 21:34:30] "[36mGET /static/img/fondo5.jpg HTTP/1.1[0m" 304 -
2023-04-22 21:34:31,850:INFO:127.0.0.1 - - [22/Apr/2023 21:34:31] "GET /security/administracion_admin HTTP/1.1" 200 -
2023-04-22 21:34:31,959:INFO:127.0.0.1 - - [22/Apr/2023 21:34:31] "GET /static/bootstrap/css/bootstrap.min.css HTTP/1.1" 200 -
2023-04-22 21:34:31,972:INFO:127.0.0.1 - - [22/Apr/2023 21:34:31] "GET /static/bootstrap/css/bootstrap-responsive.min.css HTTP/1.1" 200 -
2023-04-22 21:34:31,977:INFO:127.0.0.1 - - [22/Apr/2023 21:34:31] "GET /static/bootstrap/css/styles.css HTTP/1.1" 200 -
2023-04-22 21:34:31,997:INFO:127.0.0.1 - - [22/Apr/2023 21:34:31] "GET /static/css/nav.css HTTP/1.1" 200 -
2023-04-22 21:34:32,024:INFO:127.0.0.1 - - [22/Apr/2023 21:34:32] "GET /static/css/carrusel.css HTTP/1.1" 200 -
2023-04-22 21:34:32,026:INFO:127.0.0.1 - - [22/Apr/2023 21:34:32] "GET /static/js/carrusel.js HTTP/1.1" 200 -
2023-04-22 21:34:32,037:INFO:127.0.0.1 - - [22/Apr/2023 21:34:32] "[33mGET /security/static/sweetalert2/sweetalert2.min.css HTTP/1.1[0m" 404 -
2023-04-22 21:34:32,052:INFO:127.0.0.1 - - [22/Apr/2023 21:34:32] "[33mGET /security/static/sweetalert2/sweetalert2.min.js HTTP/1.1[0m" 404 -
2023-04-22 21:34:32,065:INFO:127.0.0.1 - - [22/Apr/2023 21:34:32] "[33mGET /security/static/estilos.css HTTP/1.1[0m" 404 -
2023-04-22 21:34:32,092:INFO:127.0.0.1 - - [22/Apr/2023 21:34:32] "GET /static/img/ej4.png HTTP/1.1" 200 -
2023-04-22 21:34:32,092:INFO:127.0.0.1 - - [22/Apr/2023 21:34:32] "[36mGET /static/img/fondo5.jpg HTTP/1.1[0m" 304 -
2023-04-22 21:43:15,959:INFO:127.0.0.1 - - [22/Apr/2023 21:43:15] "GET /security/administracion_admin HTTP/1.1" 200 -
2023-04-22 21:43:16,027:INFO:127.0.0.1 - - [22/Apr/2023 21:43:16] "[36mGET /static/bootstrap/css/bootstrap.min.css HTTP/1.1[0m" 304 -
2023-04-22 21:43:16,077:INFO:127.0.0.1 - - [22/Apr/2023 21:43:16] "[36mGET /static/bootstrap/css/bootstrap-responsive.min.css HTTP/1.1[0m" 304 -
2023-04-22 21:43:16,079:INFO:127.0.0.1 - - [22/Apr/2023 21:43:16] "[36mGET /static/bootstrap/css/styles.css HTTP/1.1[0m" 304 -
2023-04-22 21:43:16,082:INFO:127.0.0.1 - - [22/Apr/2023 21:43:16] "[36mGET /static/css/nav.css HTTP/1.1[0m" 304 -
2023-04-22 21:43:16,099:INFO:127.0.0.1 - - [22/Apr/2023 21:43:16] "[36mGET /static/css/carrusel.css HTTP/1.1[0m" 304 -
2023-04-22 21:43:16,141:INFO:127.0.0.1 - - [22/Apr/2023 21:43:16] "[36mGET /static/js/carrusel.js HTTP/1.1[0m" 304 -
2023-04-22 21:43:16,155:INFO:127.0.0.1 - - [22/Apr/2023 21:43:16] "[33mGET /security/static/sweetalert2/sweetalert2.min.css HTTP/1.1[0m" 404 -
2023-04-22 21:43:16,213:INFO:127.0.0.1 - - [22/Apr/2023 21:43:16] "[33mGET /security/static/sweetalert2/sweetalert2.min.js HTTP/1.1[0m" 404 -
2023-04-22 21:43:16,237:INFO:127.0.0.1 - - [22/Apr/2023 21:43:16] "[33mGET /security/static/estilos.css HTTP/1.1[0m" 404 -
2023-04-22 21:43:16,266:INFO:127.0.0.1 - - [22/Apr/2023 21:43:16] "[33mGET /security/static/sweetalert2/sweetalert2.min.css HTTP/1.1[0m" 404 -
2023-04-22 21:43:16,287:INFO:127.0.0.1 - - [22/Apr/2023 21:43:16] "[36mGET /static/img/ej4.png HTTP/1.1[0m" 304 -
2023-04-22 21:43:16,311:INFO:127.0.0.1 - - [22/Apr/2023 21:43:16] "[36mGET /static/img/fondo5.jpg HTTP/1.1[0m" 304 -
2023-04-22 21:43:17,497:INFO:127.0.0.1 - - [22/Apr/2023 21:43:17] "GET /security/empleados HTTP/1.1" 200 -
2023-04-22 21:43:17,611:INFO:127.0.0.1 - - [22/Apr/2023 21:43:17] "[36mGET /static/bootstrap/css/bootstrap.min.css HTTP/1.1[0m" 304 -
2023-04-22 21:43:17,612:INFO:127.0.0.1 - - [22/Apr/2023 21:43:17] "[36mGET /static/bootstrap/css/bootstrap-responsive.min.css HTTP/1.1[0m" 304 -
2023-04-22 21:43:17,627:INFO:127.0.0.1 - - [22/Apr/2023 21:43:17] "[36mGET /static/bootstrap/css/styles.css HTTP/1.1[0m" 304 -
2023-04-22 21:43:17,634:INFO:127.0.0.1 - - [22/Apr/2023 21:43:17] "[36mGET /static/css/nav.css HTTP/1.1[0m" 304 -
2023-04-22 21:43:17,660:INFO:127.0.0.1 - - [22/Apr/2023 21:43:17] "[36mGET /static/css/carrusel.css HTTP/1.1[0m" 304 -
2023-04-22 21:43:17,662:INFO:127.0.0.1 - - [22/Apr/2023 21:43:17] "[33mGET /security/static/sweetalert2/sweetalert2.min.css HTTP/1.1[0m" 404 -
2023-04-22 21:43:17,664:INFO:127.0.0.1 - - [22/Apr/2023 21:43:17] "[36mGET /static/js/carrusel.js HTTP/1.1[0m" 304 -
2023-04-22 21:43:17,680:INFO:127.0.0.1 - - [22/Apr/2023 21:43:17] "[33mGET /security/static/sweetalert2/sweetalert2.min.js HTTP/1.1[0m" 404 -
2023-04-22 21:43:17,680:INFO:127.0.0.1 - - [22/Apr/2023 21:43:17] "[33mGET /security/static/estilos.css HTTP/1.1[0m" 404 -
2023-04-22 21:43:17,720:INFO:127.0.0.1 - - [22/Apr/2023 21:43:17] "[36mGET /static/img/ej4.png HTTP/1.1[0m" 304 -
2023-04-22 21:43:17,746:INFO:127.0.0.1 - - [22/Apr/2023 21:43:17] "[33mGET /security/static/sweetalert2/sweetalert2.min.css HTTP/1.1[0m" 404 -
2023-04-22 21:43:17,746:INFO:127.0.0.1 - - [22/Apr/2023 21:43:17] "[33mGET /security/static/estilos.css HTTP/1.1[0m" 404 -
2023-04-22 21:43:17,766:INFO:127.0.0.1 - - [22/Apr/2023 21:43:17] "[36mGET /static/img/fondo5.jpg HTTP/1.1[0m" 304 -
2023-04-22 21:43:27,037:INFO:127.0.0.1 - - [22/Apr/2023 21:43:27] "GET /security/administracion_admin HTTP/1.1" 200 -
2023-04-22 21:43:27,114:INFO:127.0.0.1 - - [22/Apr/2023 21:43:27] "[36mGET /static/bootstrap/css/bootstrap.min.css HTTP/1.1[0m" 304 -
2023-04-22 21:43:27,141:INFO:127.0.0.1 - - [22/Apr/2023 21:43:27] "[36mGET /static/bootstrap/css/bootstrap-responsive.min.css HTTP/1.1[0m" 304 -
2023-04-22 21:43:27,149:INFO:127.0.0.1 - - [22/Apr/2023 21:43:27] "[36mGET /static/bootstrap/css/styles.css HTTP/1.1[0m" 304 -
2023-04-22 21:43:27,162:INFO:127.0.0.1 - - [22/Apr/2023 21:43:27] "[36mGET /static/css/nav.css HTTP/1.1[0m" 304 -
2023-04-22 21:43:27,174:INFO:127.0.0.1 - - [22/Apr/2023 21:43:27] "[36mGET /static/css/carrusel.css HTTP/1.1[0m" 304 -
2023-04-22 21:43:27,197:INFO:127.0.0.1 - - [22/Apr/2023 21:43:27] "[36mGET /static/js/carrusel.js HTTP/1.1[0m" 304 -
2023-04-22 21:43:27,209:INFO:127.0.0.1 - - [22/Apr/2023 21:43:27] "[33mGET /security/static/sweetalert2/sweetalert2.min.css HTTP/1.1[0m" 404 -
2023-04-22 21:43:27,211:INFO:127.0.0.1 - - [22/Apr/2023 21:43:27] "[33mGET /security/static/sweetalert2/sweetalert2.min.js HTTP/1.1[0m" 404 -
2023-04-22 21:43:27,217:INFO:127.0.0.1 - - [22/Apr/2023 21:43:27] "[33mGET /security/static/estilos.css HTTP/1.1[0m" 404 -
2023-04-22 21:43:27,296:INFO:127.0.0.1 - - [22/Apr/2023 21:43:27] "[36mGET /static/img/ej4.png HTTP/1.1[0m" 304 -
2023-04-22 21:43:27,319:INFO:127.0.0.1 - - [22/Apr/2023 21:43:27] "[36mGET /static/img/fondo5.jpg HTTP/1.1[0m" 304 -
2023-04-22 21:43:27,374:INFO:127.0.0.1 - - [22/Apr/2023 21:43:27] "[33mGET /security/static/estilos.css HTTP/1.1[0m" 404 -
2023-04-22 21:43:28,832:INFO:127.0.0.1 - - [22/Apr/2023 21:43:28] "GET /security/merma_admin HTTP/1.1" 200 -
2023-04-22 21:43:28,918:INFO:127.0.0.1 - - [22/Apr/2023 21:43:28] "[36mGET /static/bootstrap/css/bootstrap-responsive.min.css HTTP/1.1[0m" 304 -
2023-04-22 21:43:28,922:INFO:127.0.0.1 - - [22/Apr/2023 21:43:28] "[36mGET /static/bootstrap/css/bootstrap.min.css HTTP/1.1[0m" 304 -
2023-04-22 21:43:28,924:INFO:127.0.0.1 - - [22/Apr/2023 21:43:28] "[36mGET /static/bootstrap/css/styles.css HTTP/1.1[0m" 304 -
2023-04-22 21:43:28,935:INFO:127.0.0.1 - - [22/Apr/2023 21:43:28] "[36mGET /static/css/nav.css HTTP/1.1[0m" 304 -
2023-04-22 21:43:28,966:INFO:127.0.0.1 - - [22/Apr/2023 21:43:28] "[36mGET /static/css/carrusel.css HTTP/1.1[0m" 304 -
2023-04-22 21:43:28,967:INFO:127.0.0.1 - - [22/Apr/2023 21:43:28] "[33mGET /security/static/sweetalert2/sweetalert2.min.css HTTP/1.1[0m" 404 -
2023-04-22 21:43:28,977:INFO:127.0.0.1 - - [22/Apr/2023 21:43:28] "[33mGET /security/static/estilos.css HTTP/1.1[0m" 404 -
2023-04-22 21:43:28,979:INFO:127.0.0.1 - - [22/Apr/2023 21:43:28] "[36mGET /static/js/carrusel.js HTTP/1.1[0m" 304 -
2023-04-22 21:43:28,980:INFO:127.0.0.1 - - [22/Apr/2023 21:43:28] "[33mGET /security/static/sweetalert2/sweetalert2.min.js HTTP/1.1[0m" 404 -
2023-04-22 21:43:29,046:INFO:127.0.0.1 - - [22/Apr/2023 21:43:29] "[36mGET /static/img/ej4.png HTTP/1.1[0m" 304 -
2023-04-22 21:43:29,050:INFO:127.0.0.1 - - [22/Apr/2023 21:43:29] "[33mGET /security/static/sweetalert2/sweetalert2.min.css HTTP/1.1[0m" 404 -
2023-04-22 21:43:29,064:INFO:127.0.0.1 - - [22/Apr/2023 21:43:29] "[36mGET /static/img/fondo5.jpg HTTP/1.1[0m" 304 -
2023-04-22 21:43:29,065:INFO:127.0.0.1 - - [22/Apr/2023 21:43:29] "[33mGET /security/static/sweetalert2/sweetalert2.min.js HTTP/1.1[0m" 404 -
2023-04-22 21:43:29,121:INFO:127.0.0.1 - - [22/Apr/2023 21:43:29] "[33mGET /security/static/estilos.css HTTP/1.1[0m" 404 -
2023-04-22 21:43:30,830:INFO:127.0.0.1 - - [22/Apr/2023 21:43:30] "GET /security/compraMateria HTTP/1.1" 200 -
2023-04-22 21:43:30,987:INFO:127.0.0.1 - - [22/Apr/2023 21:43:30] "[36mGET /static/bootstrap/css/bootstrap.min.css HTTP/1.1[0m" 304 -
2023-04-22 21:43:30,997:INFO:127.0.0.1 - - [22/Apr/2023 21:43:30] "[36mGET /static/bootstrap/css/bootstrap-responsive.min.css HTTP/1.1[0m" 304 -
2023-04-22 21:43:31,010:INFO:127.0.0.1 - - [22/Apr/2023 21:43:31] "[36mGET /static/bootstrap/css/styles.css HTTP/1.1[0m" 304 -
2023-04-22 21:43:31,059:INFO:127.0.0.1 - - [22/Apr/2023 21:43:31] "[36mGET /static/css/nav.css HTTP/1.1[0m" 304 -
2023-04-22 21:43:31,062:INFO:127.0.0.1 - - [22/Apr/2023 21:43:31] "[36mGET /static/css/carrusel.css HTTP/1.1[0m" 304 -
2023-04-22 21:43:31,075:INFO:127.0.0.1 - - [22/Apr/2023 21:43:31] "[36mGET /static/js/carrusel.js HTTP/1.1[0m" 304 -
2023-04-22 21:43:31,112:INFO:127.0.0.1 - - [22/Apr/2023 21:43:31] "[33mGET /security/static/sweetalert2/sweetalert2.min.css HTTP/1.1[0m" 404 -
2023-04-22 21:43:31,135:INFO:127.0.0.1 - - [22/Apr/2023 21:43:31] "[33mGET /security/static/sweetalert2/sweetalert2.min.js HTTP/1.1[0m" 404 -
2023-04-22 21:43:31,175:INFO:127.0.0.1 - - [22/Apr/2023 21:43:31] "[33mGET /security/static/estilos.css HTTP/1.1[0m" 404 -
2023-04-22 21:43:31,197:INFO:127.0.0.1 - - [22/Apr/2023 21:43:31] "[36mGET /static/img/ej4.png HTTP/1.1[0m" 304 -
2023-04-22 21:43:31,217:INFO:127.0.0.1 - - [22/Apr/2023 21:43:31] "[36mGET /static/img/fondo5.jpg HTTP/1.1[0m" 304 -
2023-04-22 21:43:33,916:INFO:127.0.0.1 - - [22/Apr/2023 21:43:33] "GET /security/administracion_admin HTTP/1.1" 200 -
2023-04-22 21:43:33,979:INFO:127.0.0.1 - - [22/Apr/2023 21:43:33] "[36mGET /static/bootstrap/css/bootstrap.min.css HTTP/1.1[0m" 304 -
2023-04-22 21:43:33,989:INFO:127.0.0.1 - - [22/Apr/2023 21:43:33] "[36mGET /static/bootstrap/css/bootstrap-responsive.min.css HTTP/1.1[0m" 304 -
2023-04-22 21:43:34,018:INFO:127.0.0.1 - - [22/Apr/2023 21:43:34] "[36mGET /static/bootstrap/css/styles.css HTTP/1.1[0m" 304 -
2023-04-22 21:43:34,025:INFO:127.0.0.1 - - [22/Apr/2023 21:43:34] "[36mGET /static/css/nav.css HTTP/1.1[0m" 304 -
2023-04-22 21:43:34,026:INFO:127.0.0.1 - - [22/Apr/2023 21:43:34] "[36mGET /static/css/carrusel.css HTTP/1.1[0m" 304 -
2023-04-22 21:43:34,027:INFO:127.0.0.1 - - [22/Apr/2023 21:43:34] "[36mGET /static/js/carrusel.js HTTP/1.1[0m" 304 -
2023-04-22 21:43:34,036:INFO:127.0.0.1 - - [22/Apr/2023 21:43:34] "[33mGET /security/static/sweetalert2/sweetalert2.min.css HTTP/1.1[0m" 404 -
2023-04-22 21:43:34,042:INFO:127.0.0.1 - - [22/Apr/2023 21:43:34] "[33mGET /security/static/sweetalert2/sweetalert2.min.js HTTP/1.1[0m" 404 -
2023-04-22 21:43:34,052:INFO:127.0.0.1 - - [22/Apr/2023 21:43:34] "[33mGET /security/static/estilos.css HTTP/1.1[0m" 404 -
2023-04-22 21:43:34,092:INFO:127.0.0.1 - - [22/Apr/2023 21:43:34] "[36mGET /static/img/ej4.png HTTP/1.1[0m" 304 -
2023-04-22 21:43:34,096:INFO:127.0.0.1 - - [22/Apr/2023 21:43:34] "[36mGET /static/img/fondo5.jpg HTTP/1.1[0m" 304 -
2023-04-22 21:43:35,418:INFO:127.0.0.1 - - [22/Apr/2023 21:43:35] "GET /security/empleados HTTP/1.1" 200 -
2023-04-22 21:43:35,523:INFO:127.0.0.1 - - [22/Apr/2023 21:43:35] "[36mGET /static/bootstrap/css/bootstrap.min.css HTTP/1.1[0m" 304 -
2023-04-22 21:43:35,548:INFO:127.0.0.1 - - [22/Apr/2023 21:43:35] "[36mGET /static/bootstrap/css/styles.css HTTP/1.1[0m" 304 -
2023-04-22 21:43:35,548:INFO:127.0.0.1 - - [22/Apr/2023 21:43:35] "[36mGET /static/bootstrap/css/bootstrap-responsive.min.css HTTP/1.1[0m" 304 -
2023-04-22 21:43:35,557:INFO:127.0.0.1 - - [22/Apr/2023 21:43:35] "[36mGET /static/css/nav.css HTTP/1.1[0m" 304 -
2023-04-22 21:43:35,647:INFO:127.0.0.1 - - [22/Apr/2023 21:43:35] "[36mGET /static/css/carrusel.css HTTP/1.1[0m" 304 -
2023-04-22 21:43:35,652:INFO:127.0.0.1 - - [22/Apr/2023 21:43:35] "[36mGET /static/js/carrusel.js HTTP/1.1[0m" 304 -
2023-04-22 21:43:35,657:INFO:127.0.0.1 - - [22/Apr/2023 21:43:35] "[33mGET /security/static/sweetalert2/sweetalert2.min.css HTTP/1.1[0m" 404 -
2023-04-22 21:43:35,662:INFO:127.0.0.1 - - [22/Apr/2023 21:43:35] "[33mGET /security/static/sweetalert2/sweetalert2.min.js HTTP/1.1[0m" 404 -
2023-04-22 21:43:35,677:INFO:127.0.0.1 - - [22/Apr/2023 21:43:35] "[33mGET /security/static/estilos.css HTTP/1.1[0m" 404 -
2023-04-22 21:43:35,716:INFO:127.0.0.1 - - [22/Apr/2023 21:43:35] "[36mGET /static/img/ej4.png HTTP/1.1[0m" 304 -
2023-04-22 21:43:35,746:INFO:127.0.0.1 - - [22/Apr/2023 21:43:35] "[36mGET /static/img/fondo5.jpg HTTP/1.1[0m" 304 -
2023-04-22 21:44:30,995:INFO:127.0.0.1 - - [22/Apr/2023 21:44:30] "GET /security/proveedor_admin HTTP/1.1" 200 -
2023-04-22 21:44:31,066:INFO:127.0.0.1 - - [22/Apr/2023 21:44:31] "[36mGET /static/bootstrap/css/bootstrap.min.css HTTP/1.1[0m" 304 -
2023-04-22 21:44:31,091:INFO:127.0.0.1 - - [22/Apr/2023 21:44:31] "[36mGET /static/bootstrap/css/bootstrap-responsive.min.css HTTP/1.1[0m" 304 -
2023-04-22 21:44:31,101:INFO:127.0.0.1 - - [22/Apr/2023 21:44:31] "[36mGET /static/bootstrap/css/styles.css HTTP/1.1[0m" 304 -
2023-04-22 21:44:31,127:INFO:127.0.0.1 - - [22/Apr/2023 21:44:31] "[36mGET /static/css/nav.css HTTP/1.1[0m" 304 -
2023-04-22 21:44:31,130:INFO:127.0.0.1 - - [22/Apr/2023 21:44:31] "[36mGET /static/js/carrusel.js HTTP/1.1[0m" 304 -
2023-04-22 21:44:31,132:INFO:127.0.0.1 - - [22/Apr/2023 21:44:31] "[36mGET /static/css/carrusel.css HTTP/1.1[0m" 304 -
2023-04-22 21:44:31,146:INFO:127.0.0.1 - - [22/Apr/2023 21:44:31] "[33mGET /security/static/sweetalert2/sweetalert2.min.css HTTP/1.1[0m" 404 -
2023-04-22 21:44:31,172:INFO:127.0.0.1 - - [22/Apr/2023 21:44:31] "[33mGET /security/static/sweetalert2/sweetalert2.min.js HTTP/1.1[0m" 404 -
2023-04-22 21:44:31,199:INFO:127.0.0.1 - - [22/Apr/2023 21:44:31] "[33mGET /security/static/estilos.css HTTP/1.1[0m" 404 -
2023-04-22 21:44:31,212:INFO:127.0.0.1 - - [22/Apr/2023 21:44:31] "[36mGET /static/img/ej4.png HTTP/1.1[0m" 304 -
2023-04-22 21:44:31,252:INFO:127.0.0.1 - - [22/Apr/2023 21:44:31] "[36mGET /static/img/fondo5.jpg HTTP/1.1[0m" 304 -
2023-04-22 21:46:27,367:INFO:127.0.0.1 - - [22/Apr/2023 21:46:27] "GET /security/proveedor_admin HTTP/1.1" 200 -
2023-04-22 21:46:27,417:INFO:127.0.0.1 - - [22/Apr/2023 21:46:27] "[36mGET /static/bootstrap/css/bootstrap.min.css HTTP/1.1[0m" 304 -
2023-04-22 21:46:27,449:INFO:127.0.0.1 - - [22/Apr/2023 21:46:27] "[36mGET /static/bootstrap/css/bootstrap-responsive.min.css HTTP/1.1[0m" 304 -
2023-04-22 21:46:27,458:INFO:127.0.0.1 - - [22/Apr/2023 21:46:27] "[36mGET /static/bootstrap/css/styles.css HTTP/1.1[0m" 304 -
2023-04-22 21:46:27,463:INFO:127.0.0.1 - - [22/Apr/2023 21:46:27] "[36mGET /static/css/carrusel.css HTTP/1.1[0m" 304 -
2023-04-22 21:46:27,463:INFO:127.0.0.1 - - [22/Apr/2023 21:46:27] "[36mGET /static/css/nav.css HTTP/1.1[0m" 304 -
2023-04-22 21:46:27,472:INFO:127.0.0.1 - - [22/Apr/2023 21:46:27] "[33mGET /security/static/sweetalert2/sweetalert2.min.css HTTP/1.1[0m" 404 -
2023-04-22 21:46:27,475:INFO:127.0.0.1 - - [22/Apr/2023 21:46:27] "[36mGET /static/js/carrusel.js HTTP/1.1[0m" 304 -
2023-04-22 21:46:27,487:INFO:127.0.0.1 - - [22/Apr/2023 21:46:27] "[33mGET /security/static/sweetalert2/sweetalert2.min.js HTTP/1.1[0m" 404 -
2023-04-22 21:46:27,500:INFO:127.0.0.1 - - [22/Apr/2023 21:46:27] "[33mGET /security/static/estilos.css HTTP/1.1[0m" 404 -
2023-04-22 21:46:27,556:INFO:127.0.0.1 - - [22/Apr/2023 21:46:27] "[36mGET /static/img/ej4.png HTTP/1.1[0m" 304 -
2023-04-22 21:46:27,566:INFO:127.0.0.1 - - [22/Apr/2023 21:46:27] "[33mGET /security/static/sweetalert2/sweetalert2.min.js HTTP/1.1[0m" 404 -
2023-04-22 21:46:27,567:INFO:127.0.0.1 - - [22/Apr/2023 21:46:27] "[33mGET /security/static/sweetalert2/sweetalert2.min.css HTTP/1.1[0m" 404 -
2023-04-22 21:46:27,581:INFO:127.0.0.1 - - [22/Apr/2023 21:46:27] "[36mGET /static/img/fondo5.jpg HTTP/1.1[0m" 304 -
2023-04-22 21:46:27,596:INFO:127.0.0.1 - - [22/Apr/2023 21:46:27] "[33mGET /security/static/estilos.css HTTP/1.1[0m" 404 -
2023-04-22 21:46:28,617:INFO:127.0.0.1 - - [22/Apr/2023 21:46:28] "GET /security/empleados HTTP/1.1" 200 -
2023-04-22 21:46:28,733:INFO:127.0.0.1 - - [22/Apr/2023 21:46:28] "[36mGET /static/bootstrap/css/bootstrap.min.css HTTP/1.1[0m" 304 -
2023-04-22 21:46:28,735:INFO:127.0.0.1 - - [22/Apr/2023 21:46:28] "[36mGET /static/bootstrap/css/bootstrap-responsive.min.css HTTP/1.1[0m" 304 -
2023-04-22 21:46:28,740:INFO:127.0.0.1 - - [22/Apr/2023 21:46:28] "[36mGET /static/bootstrap/css/styles.css HTTP/1.1[0m" 304 -
2023-04-22 21:46:28,746:INFO:127.0.0.1 - - [22/Apr/2023 21:46:28] "[36mGET /static/css/nav.css HTTP/1.1[0m" 304 -
2023-04-22 21:46:28,764:INFO:127.0.0.1 - - [22/Apr/2023 21:46:28] "[36mGET /static/css/carrusel.css HTTP/1.1[0m" 304 -
2023-04-22 21:46:28,777:INFO:127.0.0.1 - - [22/Apr/2023 21:46:28] "[36mGET /static/js/carrusel.js HTTP/1.1[0m" 304 -
2023-04-22 21:46:28,781:INFO:127.0.0.1 - - [22/Apr/2023 21:46:28] "[33mGET /security/static/sweetalert2/sweetalert2.min.css HTTP/1.1[0m" 404 -
2023-04-22 21:46:28,784:INFO:127.0.0.1 - - [22/Apr/2023 21:46:28] "[33mGET /security/static/sweetalert2/sweetalert2.min.js HTTP/1.1[0m" 404 -
2023-04-22 21:46:28,792:INFO:127.0.0.1 - - [22/Apr/2023 21:46:28] "[33mGET /security/static/estilos.css HTTP/1.1[0m" 404 -
2023-04-22 21:46:28,835:INFO:127.0.0.1 - - [22/Apr/2023 21:46:28] "[36mGET /static/img/ej4.png HTTP/1.1[0m" 304 -
2023-04-22 21:46:28,843:INFO:127.0.0.1 - - [22/Apr/2023 21:46:28] "[36mGET /static/img/fondo5.jpg HTTP/1.1[0m" 304 -
2023-04-22 21:46:28,844:INFO:127.0.0.1 - - [22/Apr/2023 21:46:28] "[33mGET /security/static/estilos.css HTTP/1.1[0m" 404 -
2023-04-22 21:46:31,806:INFO:127.0.0.1 - - [22/Apr/2023 21:46:31] "[33mGET /security/modificar_empleado_admin?id= HTTP/1.1[0m" 404 -
2023-04-22 21:46:51,609:INFO: * Detected change in 'C:\\curso_python\\Proyecto Final\\The_World_of_cakes\\project\\auth.py', reloading
2023-04-22 21:46:52,180:INFO: * Restarting with stat
2023-04-22 21:46:58,179:INFO:Se inicio la aplicacion
2023-04-22 21:46:58,200:WARNING: * Debugger is active!
2023-04-22 21:46:58,213:INFO: * Debugger PIN: 577-661-229
2023-04-22 21:47:53,367:INFO: * Detected change in 'C:\\curso_python\\Proyecto Final\\The_World_of_cakes\\project\\auth.py', reloading
2023-04-22 21:47:53,558:INFO: * Restarting with stat
2023-04-22 21:47:57,207:INFO:Se inicio la aplicacion
2023-04-22 21:47:57,238:WARNING: * Debugger is active!
2023-04-22 21:47:57,247:INFO: * Debugger PIN: 577-661-229
2023-04-22 21:47:58,088:INFO:127.0.0.1 - - [22/Apr/2023 21:47:58] "[32mGET /security/empleados HTTP/1.1[0m" 302 -
2023-04-22 21:47:58,137:INFO:127.0.0.1 - - [22/Apr/2023 21:47:58] "GET /login?next=%2Fsecurity%2Fempleados HTTP/1.1" 200 -
2023-04-22 21:48:02,709:INFO:127.0.0.1 - - [22/Apr/2023 21:48:02] "GET / HTTP/1.1" 200 -
2023-04-22 21:48:02,804:INFO:127.0.0.1 - - [22/Apr/2023 21:48:02] "[36mGET /static/bootstrap/css/bootstrap.min.css HTTP/1.1[0m" 304 -
2023-04-22 21:48:02,809:INFO:127.0.0.1 - - [22/Apr/2023 21:48:02] "[36mGET /static/bootstrap/css/bootstrap-responsive.min.css HTTP/1.1[0m" 304 -
2023-04-22 21:48:02,813:INFO:127.0.0.1 - - [22/Apr/2023 21:48:02] "[36mGET /static/bootstrap/css/styles.css HTTP/1.1[0m" 304 -
2023-04-22 21:48:02,829:INFO:127.0.0.1 - - [22/Apr/2023 21:48:02] "[36mGET /static/css/nav.css HTTP/1.1[0m" 304 -
2023-04-22 21:48:02,830:INFO:127.0.0.1 - - [22/Apr/2023 21:48:02] "[36mGET /static/css/carrusel.css HTTP/1.1[0m" 304 -
2023-04-22 21:48:02,831:INFO:127.0.0.1 - - [22/Apr/2023 21:48:02] "[36mGET /static/js/carrusel.js HTTP/1.1[0m" 304 -
2023-04-22 21:48:02,872:INFO:127.0.0.1 - - [22/Apr/2023 21:48:02] "[36mGET /static/img/ej4.png HTTP/1.1[0m" 304 -
2023-04-22 21:48:02,884:INFO:127.0.0.1 - - [22/Apr/2023 21:48:02] "GET /static/img/vision.png HTTP/1.1" 200 -
2023-04-22 21:48:02,892:INFO:127.0.0.1 - - [22/Apr/2023 21:48:02] "GET /static/img/mision2.jpg HTTP/1.1" 200 -
2023-04-22 21:48:02,892:INFO:127.0.0.1 - - [22/Apr/2023 21:48:02] "[36mGET /static/img/fondo5.jpg HTTP/1.1[0m" 304 -
2023-04-22 21:48:04,730:INFO:127.0.0.1 - - [22/Apr/2023 21:48:04] "GET /security/login HTTP/1.1" 200 -
2023-04-22 21:48:04,780:INFO:127.0.0.1 - - [22/Apr/2023 21:48:04] "[36mGET /static/bootstrap/css/bootstrap.min.css HTTP/1.1[0m" 304 -
2023-04-22 21:48:04,798:INFO:127.0.0.1 - - [22/Apr/2023 21:48:04] "[36mGET /static/bootstrap/css/bootstrap-responsive.min.css HTTP/1.1[0m" 304 -
2023-04-22 21:48:04,807:INFO:127.0.0.1 - - [22/Apr/2023 21:48:04] "[36mGET /static/css/nav.css HTTP/1.1[0m" 304 -
2023-04-22 21:48:04,808:INFO:127.0.0.1 - - [22/Apr/2023 21:48:04] "[36mGET /static/bootstrap/css/styles.css HTTP/1.1[0m" 304 -
2023-04-22 21:48:04,817:INFO:127.0.0.1 - - [22/Apr/2023 21:48:04] "[36mGET /static/css/carrusel.css HTTP/1.1[0m" 304 -
2023-04-22 21:48:04,827:INFO:127.0.0.1 - - [22/Apr/2023 21:48:04] "[36mGET /static/js/carrusel.js HTTP/1.1[0m" 304 -
2023-04-22 21:48:04,828:INFO:127.0.0.1 - - [22/Apr/2023 21:48:04] "[33mGET /security/static/estilos.css HTTP/1.1[0m" 404 -
2023-04-22 21:48:04,857:INFO:127.0.0.1 - - [22/Apr/2023 21:48:04] "[33mGET /security/static/estilos.css HTTP/1.1[0m" 404 -
2023-04-22 21:48:04,864:INFO:127.0.0.1 - - [22/Apr/2023 21:48:04] "[36mGET /static/img/ej4.png HTTP/1.1[0m" 304 -
2023-04-22 21:48:04,878:INFO:127.0.0.1 - - [22/Apr/2023 21:48:04] "[36mGET /static/img/fondo5.jpg HTTP/1.1[0m" 304 -
2023-04-22 21:48:08,842:DEBUG:El usuario FernandoLP.mx@outlook.com ingreso al sistema
2023-04-22 21:48:08,844:INFO:127.0.0.1 - - [22/Apr/2023 21:48:08] "[32mPOST /security/login HTTP/1.1[0m" 302 -
2023-04-22 21:48:08,854:INFO:127.0.0.1 - - [22/Apr/2023 21:48:08] "GET / HTTP/1.1" 200 -
2023-04-22 21:48:08,919:INFO:127.0.0.1 - - [22/Apr/2023 21:48:08] "[36mGET /static/bootstrap/css/bootstrap.min.css HTTP/1.1[0m" 304 -
2023-04-22 21:48:08,927:INFO:127.0.0.1 - - [22/Apr/2023 21:48:08] "[36mGET /static/bootstrap/css/bootstrap-responsive.min.css HTTP/1.1[0m" 304 -
2023-04-22 21:48:08,946:INFO:127.0.0.1 - - [22/Apr/2023 21:48:08] "[36mGET /static/bootstrap/css/styles.css HTTP/1.1[0m" 304 -
2023-04-22 21:48:08,951:INFO:127.0.0.1 - - [22/Apr/2023 21:48:08] "[36mGET /static/css/nav.css HTTP/1.1[0m" 304 -
2023-04-22 21:48:08,959:INFO:127.0.0.1 - - [22/Apr/2023 21:48:08] "[36mGET /static/css/carrusel.css HTTP/1.1[0m" 304 -
2023-04-22 21:48:08,967:INFO:127.0.0.1 - - [22/Apr/2023 21:48:08] "[36mGET /static/js/carrusel.js HTTP/1.1[0m" 304 -
2023-04-22 21:48:09,031:INFO:127.0.0.1 - - [22/Apr/2023 21:48:09] "[36mGET /static/img/ej4.png HTTP/1.1[0m" 304 -
2023-04-22 21:48:09,031:INFO:127.0.0.1 - - [22/Apr/2023 21:48:09] "[36mGET /static/img/mision2.jpg HTTP/1.1[0m" 304 -
2023-04-22 21:48:09,041:INFO:127.0.0.1 - - [22/Apr/2023 21:48:09] "[36mGET /static/img/vision.png HTTP/1.1[0m" 304 -
2023-04-22 21:48:09,041:INFO:127.0.0.1 - - [22/Apr/2023 21:48:09] "[36mGET /static/img/fondo5.jpg HTTP/1.1[0m" 304 -
2023-04-22 21:48:11,446:INFO:127.0.0.1 - - [22/Apr/2023 21:48:11] "GET /security/empleados HTTP/1.1" 200 -
2023-04-22 21:48:11,516:INFO:127.0.0.1 - - [22/Apr/2023 21:48:11] "[36mGET /static/bootstrap/css/bootstrap.min.css HTTP/1.1[0m" 304 -
2023-04-22 21:48:11,521:INFO:127.0.0.1 - - [22/Apr/2023 21:48:11] "[36mGET /static/bootstrap/css/bootstrap-responsive.min.css HTTP/1.1[0m" 304 -
2023-04-22 21:48:11,523:INFO:127.0.0.1 - - [22/Apr/2023 21:48:11] "[36mGET /static/bootstrap/css/styles.css HTTP/1.1[0m" 304 -
2023-04-22 21:48:11,531:INFO:127.0.0.1 - - [22/Apr/2023 21:48:11] "[36mGET /static/css/nav.css HTTP/1.1[0m" 304 -
2023-04-22 21:48:11,543:INFO:127.0.0.1 - - [22/Apr/2023 21:48:11] "[36mGET /static/css/carrusel.css HTTP/1.1[0m" 304 -
2023-04-22 21:48:11,561:INFO:127.0.0.1 - - [22/Apr/2023 21:48:11] "[36mGET /static/js/carrusel.js HTTP/1.1[0m" 304 -
2023-04-22 21:48:11,563:INFO:127.0.0.1 - - [22/Apr/2023 21:48:11] "[33mGET /security/static/sweetalert2/sweetalert2.min.css HTTP/1.1[0m" 404 -
2023-04-22 21:48:11,573:INFO:127.0.0.1 - - [22/Apr/2023 21:48:11] "[33mGET /security/static/estilos.css HTTP/1.1[0m" 404 -
2023-04-22 21:48:11,576:INFO:127.0.0.1 - - [22/Apr/2023 21:48:11] "[33mGET /security/static/sweetalert2/sweetalert2.min.js HTTP/1.1[0m" 404 -
2023-04-22 21:48:11,638:INFO:127.0.0.1 - - [22/Apr/2023 21:48:11] "[33mGET /security/static/estilos.css HTTP/1.1[0m" 404 -
2023-04-22 21:48:11,645:INFO:127.0.0.1 - - [22/Apr/2023 21:48:11] "[36mGET /static/img/ej4.png HTTP/1.1[0m" 304 -
2023-04-22 21:48:11,654:INFO:127.0.0.1 - - [22/Apr/2023 21:48:11] "[36mGET /static/img/fondo5.jpg HTTP/1.1[0m" 304 -
2023-04-22 21:48:14,479:INFO:127.0.0.1 - - [22/Apr/2023 21:48:14] "[35m[1mGET /security/modificar_empleado_admin?id= HTTP/1.1[0m" 500 -
2023-04-22 21:48:14,525:INFO:127.0.0.1 - - [22/Apr/2023 21:48:14] "GET /security/modificar_empleado_admin?__debugger__=yes&cmd=resource&f=style.css HTTP/1.1" 200 -
2023-04-22 21:48:14,530:INFO:127.0.0.1 - - [22/Apr/2023 21:48:14] "GET /security/modificar_empleado_admin?__debugger__=yes&cmd=resource&f=debugger.js HTTP/1.1" 200 -
2023-04-22 21:48:14,555:INFO:127.0.0.1 - - [22/Apr/2023 21:48:14] "GET /security/modificar_empleado_admin?__debugger__=yes&cmd=resource&f=console.png HTTP/1.1" 200 -
2023-04-22 21:48:14,558:INFO:127.0.0.1 - - [22/Apr/2023 21:48:14] "[36mGET /security/modificar_empleado_admin?__debugger__=yes&cmd=resource&f=console.png HTTP/1.1[0m" 304 -
2023-04-22 21:49:20,833:INFO:127.0.0.1 - - [22/Apr/2023 21:49:20] "GET /security/empleados HTTP/1.1" 200 -
2023-04-22 21:49:20,880:INFO:127.0.0.1 - - [22/Apr/2023 21:49:20] "[36mGET /static/bootstrap/css/bootstrap.min.css HTTP/1.1[0m" 304 -
2023-04-22 21:49:20,897:INFO:127.0.0.1 - - [22/Apr/2023 21:49:20] "[36mGET /static/bootstrap/css/bootstrap-responsive.min.css HTTP/1.1[0m" 304 -
2023-04-22 21:49:20,924:INFO:127.0.0.1 - - [22/Apr/2023 21:49:20] "[36mGET /static/bootstrap/css/styles.css HTTP/1.1[0m" 304 -
2023-04-22 21:49:20,933:INFO:127.0.0.1 - - [22/Apr/2023 21:49:20] "[36mGET /static/css/nav.css HTTP/1.1[0m" 304 -
2023-04-22 21:49:20,947:INFO:127.0.0.1 - - [22/Apr/2023 21:49:20] "[36mGET /static/css/carrusel.css HTTP/1.1[0m" 304 -
2023-04-22 21:49:20,959:INFO:127.0.0.1 - - [22/Apr/2023 21:49:20] "[36mGET /static/js/carrusel.js HTTP/1.1[0m" 304 -
2023-04-22 21:49:20,961:INFO:127.0.0.1 - - [22/Apr/2023 21:49:20] "[33mGET /security/static/sweetalert2/sweetalert2.min.css HTTP/1.1[0m" 404 -
2023-04-22 21:49:20,977:INFO:127.0.0.1 - - [22/Apr/2023 21:49:20] "[33mGET /security/static/sweetalert2/sweetalert2.min.js HTTP/1.1[0m" 404 -
2023-04-22 21:49:21,005:INFO:127.0.0.1 - - [22/Apr/2023 21:49:21] "[33mGET /security/static/estilos.css HTTP/1.1[0m" 404 -
2023-04-22 21:49:21,025:INFO:127.0.0.1 - - [22/Apr/2023 21:49:21] "[36mGET /static/img/fondo5.jpg HTTP/1.1[0m" 304 -
2023-04-22 21:49:21,028:INFO:127.0.0.1 - - [22/Apr/2023 21:49:21] "[36mGET /static/img/ej4.png HTTP/1.1[0m" 304 -
2023-04-22 21:49:24,383:INFO:127.0.0.1 - - [22/Apr/2023 21:49:24] "[35m[1mGET /security/modificar_empleado_admin?id= HTTP/1.1[0m" 500 -
2023-04-22 21:49:24,426:INFO:127.0.0.1 - - [22/Apr/2023 21:49:24] "[36mGET /security/modificar_empleado_admin?__debugger__=yes&cmd=resource&f=style.css HTTP/1.1[0m" 304 -
2023-04-22 21:49:24,429:INFO:127.0.0.1 - - [22/Apr/2023 21:49:24] "[36mGET /security/modificar_empleado_admin?__debugger__=yes&cmd=resource&f=debugger.js HTTP/1.1[0m" 304 -
2023-04-22 21:49:24,449:INFO:127.0.0.1 - - [22/Apr/2023 21:49:24] "[36mGET /security/modificar_empleado_admin?__debugger__=yes&cmd=resource&f=console.png HTTP/1.1[0m" 304 -
2023-04-22 21:51:32,364:INFO:127.0.0.1 - - [22/Apr/2023 21:51:32] "[33mGET /security/eliminar_empleado_admin?id= HTTP/1.1[0m" 404 -
2023-04-22 21:51:35,870:INFO:127.0.0.1 - - [22/Apr/2023 21:51:35] "[35m[1mGET /security/modificar_empleado_admin?id= HTTP/1.1[0m" 500 -
2023-04-22 21:51:35,923:INFO:127.0.0.1 - - [22/Apr/2023 21:51:35] "[36mGET /security/modificar_empleado_admin?__debugger__=yes&cmd=resource&f=style.css HTTP/1.1[0m" 304 -
2023-04-22 21:51:35,929:INFO:127.0.0.1 - - [22/Apr/2023 21:51:35] "[36mGET /security/modificar_empleado_admin?__debugger__=yes&cmd=resource&f=debugger.js HTTP/1.1[0m" 304 -
2023-04-22 21:51:35,950:INFO:127.0.0.1 - - [22/Apr/2023 21:51:35] "[36mGET /security/modificar_empleado_admin?__debugger__=yes&cmd=resource&f=console.png HTTP/1.1[0m" 304 -
2023-04-22 21:52:52,099:INFO:127.0.0.1 - - [22/Apr/2023 21:52:52] "GET /security/finanzas HTTP/1.1" 200 -
2023-04-22 21:52:52,169:INFO:127.0.0.1 - - [22/Apr/2023 21:52:52] "[36mGET /static/bootstrap/css/bootstrap.min.css HTTP/1.1[0m" 304 -
2023-04-22 21:52:52,173:INFO:127.0.0.1 - - [22/Apr/2023 21:52:52] "[36mGET /static/bootstrap/css/bootstrap-responsive.min.css HTTP/1.1[0m" 304 -
2023-04-22 21:52:52,175:INFO:127.0.0.1 - - [22/Apr/2023 21:52:52] "[36mGET /static/bootstrap/css/styles.css HTTP/1.1[0m" 304 -
2023-04-22 21:52:52,202:INFO:127.0.0.1 - - [22/Apr/2023 21:52:52] "[36mGET /static/css/nav.css HTTP/1.1[0m" 304 -
2023-04-22 21:52:52,203:INFO:127.0.0.1 - - [22/Apr/2023 21:52:52] "[36mGET /static/css/carrusel.css HTTP/1.1[0m" 304 -
2023-04-22 21:52:52,203:INFO:127.0.0.1 - - [22/Apr/2023 21:52:52] "[36mGET /static/js/carrusel.js HTTP/1.1[0m" 304 -
2023-04-22 21:52:52,272:INFO:127.0.0.1 - - [22/Apr/2023 21:52:52] "[33mGET /static/ HTTP/1.1[0m" 404 -
2023-04-22 21:52:52,292:INFO:127.0.0.1 - - [22/Apr/2023 21:52:52] "[36mGET /static/img/ej4.png HTTP/1.1[0m" 304 -
2023-04-22 21:52:52,300:INFO:127.0.0.1 - - [22/Apr/2023 21:52:52] "[36mGET /static/img/fondo5.jpg HTTP/1.1[0m" 304 -
2023-04-22 21:52:54,877:INFO:127.0.0.1 - - [22/Apr/2023 21:52:54] "GET /security/empleados HTTP/1.1" 200 -
2023-04-22 21:52:54,945:INFO:127.0.0.1 - - [22/Apr/2023 21:52:54] "[36mGET /static/bootstrap/css/bootstrap.min.css HTTP/1.1[0m" 304 -
2023-04-22 21:52:54,957:INFO:127.0.0.1 - - [22/Apr/2023 21:52:54] "[36mGET /static/bootstrap/css/bootstrap-responsive.min.css HTTP/1.1[0m" 304 -
2023-04-22 21:52:54,966:INFO:127.0.0.1 - - [22/Apr/2023 21:52:54] "[36mGET /static/bootstrap/css/styles.css HTTP/1.1[0m" 304 -
2023-04-22 21:52:54,980:INFO:127.0.0.1 - - [22/Apr/2023 21:52:54] "[36mGET /static/css/nav.css HTTP/1.1[0m" 304 -
2023-04-22 21:52:54,986:INFO:127.0.0.1 - - [22/Apr/2023 21:52:54] "[36mGET /static/css/carrusel.css HTTP/1.1[0m" 304 -
2023-04-22 21:52:54,998:INFO:127.0.0.1 - - [22/Apr/2023 21:52:54] "[33mGET /security/static/sweetalert2/sweetalert2.min.css HTTP/1.1[0m" 404 -
2023-04-22 21:52:55,002:INFO:127.0.0.1 - - [22/Apr/2023 21:52:55] "[33mGET /security/static/sweetalert2/sweetalert2.min.js HTTP/1.1[0m" 404 -
2023-04-22 21:52:55,003:INFO:127.0.0.1 - - [22/Apr/2023 21:52:55] "[36mGET /static/js/carrusel.js HTTP/1.1[0m" 304 -
2023-04-22 21:52:55,012:INFO:127.0.0.1 - - [22/Apr/2023 21:52:55] "[33mGET /security/static/estilos.css HTTP/1.1[0m" 404 -
2023-04-22 21:52:55,050:INFO:127.0.0.1 - - [22/Apr/2023 21:52:55] "[36mGET /static/img/ej4.png HTTP/1.1[0m" 304 -
2023-04-22 21:52:55,056:INFO:127.0.0.1 - - [22/Apr/2023 21:52:55] "[33mGET /security/static/sweetalert2/sweetalert2.min.js HTTP/1.1[0m" 404 -
2023-04-22 21:52:55,061:INFO:127.0.0.1 - - [22/Apr/2023 21:52:55] "[33mGET /security/static/sweetalert2/sweetalert2.min.css HTTP/1.1[0m" 404 -
2023-04-22 21:52:55,074:INFO:127.0.0.1 - - [22/Apr/2023 21:52:55] "[36mGET /static/img/fondo5.jpg HTTP/1.1[0m" 304 -
2023-04-22 21:52:55,141:INFO:127.0.0.1 - - [22/Apr/2023 21:52:55] "[33mGET /security/static/estilos.css HTTP/1.1[0m" 404 -
2023-04-22 21:52:57,419:INFO:127.0.0.1 - - [22/Apr/2023 21:52:57] "GET /security/proveedor_admin HTTP/1.1" 200 -
2023-04-22 21:52:57,472:INFO:127.0.0.1 - - [22/Apr/2023 21:52:57] "[36mGET /static/bootstrap/css/bootstrap.min.css HTTP/1.1[0m" 304 -
2023-04-22 21:52:57,478:INFO:127.0.0.1 - - [22/Apr/2023 21:52:57] "[36mGET /static/bootstrap/css/bootstrap-responsive.min.css HTTP/1.1[0m" 304 -
2023-04-22 21:52:57,511:INFO:127.0.0.1 - - [22/Apr/2023 21:52:57] "[36mGET /static/bootstrap/css/styles.css HTTP/1.1[0m" 304 -
2023-04-22 21:52:57,515:INFO:127.0.0.1 - - [22/Apr/2023 21:52:57] "[36mGET /static/css/nav.css HTTP/1.1[0m" 304 -
2023-04-22 21:52:57,524:INFO:127.0.0.1 - - [22/Apr/2023 21:52:57] "[36mGET /static/css/carrusel.css HTTP/1.1[0m" 304 -
2023-04-22 21:52:57,539:INFO:127.0.0.1 - - [22/Apr/2023 21:52:57] "[33mGET /security/static/sweetalert2/sweetalert2.min.css HTTP/1.1[0m" 404 -
2023-04-22 21:52:57,543:INFO:127.0.0.1 - - [22/Apr/2023 21:52:57] "[36mGET /static/js/carrusel.js HTTP/1.1[0m" 304 -
2023-04-22 21:52:57,548:INFO:127.0.0.1 - - [22/Apr/2023 21:52:57] "[33mGET /security/static/sweetalert2/sweetalert2.min.js HTTP/1.1[0m" 404 -
2023-04-22 21:52:57,555:INFO:127.0.0.1 - - [22/Apr/2023 21:52:57] "[33mGET /security/static/estilos.css HTTP/1.1[0m" 404 -
2023-04-22 21:52:57,602:INFO:127.0.0.1 - - [22/Apr/2023 21:52:57] "[36mGET /static/img/ej4.png HTTP/1.1[0m" 304 -
2023-04-22 21:52:57,603:INFO:127.0.0.1 - - [22/Apr/2023 21:52:57] "[33mGET /security/static/sweetalert2/sweetalert2.min.js HTTP/1.1[0m" 404 -
2023-04-22 21:52:57,603:INFO:127.0.0.1 - - [22/Apr/2023 21:52:57] "[33mGET /security/static/sweetalert2/sweetalert2.min.css HTTP/1.1[0m" 404 -
2023-04-22 21:52:57,615:INFO:127.0.0.1 - - [22/Apr/2023 21:52:57] "[36mGET /static/img/fondo5.jpg HTTP/1.1[0m" 304 -
2023-04-22 21:52:57,632:INFO:127.0.0.1 - - [22/Apr/2023 21:52:57] "[33mGET /security/static/estilos.css HTTP/1.1[0m" 404 -
2023-04-22 21:53:06,850:INFO:127.0.0.1 - - [22/Apr/2023 21:53:06] "[32mPOST /security/proveedor_admin HTTP/1.1[0m" 302 -
2023-04-22 21:53:06,861:INFO:127.0.0.1 - - [22/Apr/2023 21:53:06] "GET /security/proveedor_admin HTTP/1.1" 200 -
2023-04-22 21:53:06,918:INFO:127.0.0.1 - - [22/Apr/2023 21:53:06] "[36mGET /static/bootstrap/css/bootstrap.min.css HTTP/1.1[0m" 304 -
2023-04-22 21:53:06,921:INFO:127.0.0.1 - - [22/Apr/2023 21:53:06] "[36mGET /static/bootstrap/css/bootstrap-responsive.min.css HTTP/1.1[0m" 304 -
2023-04-22 21:53:06,925:INFO:127.0.0.1 - - [22/Apr/2023 21:53:06] "[36mGET /static/bootstrap/css/styles.css HTTP/1.1[0m" 304 -
2023-04-22 21:53:06,934:INFO:127.0.0.1 - - [22/Apr/2023 21:53:06] "[36mGET /static/css/nav.css HTTP/1.1[0m" 304 -
2023-04-22 21:53:06,945:INFO:127.0.0.1 - - [22/Apr/2023 21:53:06] "[36mGET /static/css/carrusel.css HTTP/1.1[0m" 304 -
2023-04-22 21:53:06,960:INFO:127.0.0.1 - - [22/Apr/2023 21:53:06] "[36mGET /static/js/carrusel.js HTTP/1.1[0m" 304 -
2023-04-22 21:53:06,981:INFO:127.0.0.1 - - [22/Apr/2023 21:53:06] "[33mGET /security/static/sweetalert2/sweetalert2.min.css HTTP/1.1[0m" 404 -
2023-04-22 21:53:06,993:INFO:127.0.0.1 - - [22/Apr/2023 21:53:06] "[33mGET /security/static/sweetalert2/sweetalert2.min.js HTTP/1.1[0m" 404 -
2023-04-22 21:53:07,009:INFO:127.0.0.1 - - [22/Apr/2023 21:53:07] "[33mGET /security/static/estilos.css HTTP/1.1[0m" 404 -
2023-04-22 21:53:07,035:INFO:127.0.0.1 - - [22/Apr/2023 21:53:07] "[36mGET /static/img/ej4.png HTTP/1.1[0m" 304 -
2023-04-22 21:53:07,052:INFO:127.0.0.1 - - [22/Apr/2023 21:53:07] "[36mGET /static/img/fondo5.jpg HTTP/1.1[0m" 304 -
2023-04-22 21:53:07,056:INFO:127.0.0.1 - - [22/Apr/2023 21:53:07] "GET /static/bootstrap/img/glyphicons-halflings-white.png HTTP/1.1" 200 -
2023-04-22 21:53:11,254:INFO:127.0.0.1 - - [22/Apr/2023 21:53:11] "[35m[1mGET /security/eliminar?id=1 HTTP/1.1[0m" 500 -
2023-04-22 21:53:11,302:INFO:127.0.0.1 - - [22/Apr/2023 21:53:11] "GET /security/eliminar?__debugger__=yes&cmd=resource&f=style.css HTTP/1.1" 200 -
2023-04-22 21:53:11,306:INFO:127.0.0.1 - - [22/Apr/2023 21:53:11] "GET /security/eliminar?__debugger__=yes&cmd=resource&f=debugger.js HTTP/1.1" 200 -
2023-04-22 21:53:11,320:INFO:127.0.0.1 - - [22/Apr/2023 21:53:11] "GET /security/eliminar?__debugger__=yes&cmd=resource&f=console.png HTTP/1.1" 200 -
2023-04-22 21:53:11,321:INFO:127.0.0.1 - - [22/Apr/2023 21:53:11] "GET /security/eliminar?__debugger__=yes&cmd=resource&f=console.png HTTP/1.1" 200 -
2023-04-22 21:55:00,202:INFO:127.0.0.1 - - [22/Apr/2023 21:55:00] "[32mPOST /security/proveedor_admin HTTP/1.1[0m" 302 -
2023-04-22 21:55:00,217:INFO:127.0.0.1 - - [22/Apr/2023 21:55:00] "GET /security/proveedor_admin HTTP/1.1" 200 -
2023-04-22 21:55:00,265:INFO:127.0.0.1 - - [22/Apr/2023 21:55:00] "[36mGET /static/bootstrap/css/bootstrap.min.css HTTP/1.1[0m" 304 -
2023-04-22 21:55:00,290:INFO:127.0.0.1 - - [22/Apr/2023 21:55:00] "[36mGET /static/bootstrap/css/bootstrap-responsive.min.css HTTP/1.1[0m" 304 -
2023-04-22 21:55:00,300:INFO:127.0.0.1 - - [22/Apr/2023 21:55:00] "[36mGET /static/css/nav.css HTTP/1.1[0m" 304 -
2023-04-22 21:55:00,308:INFO:127.0.0.1 - - [22/Apr/2023 21:55:00] "[36mGET /static/bootstrap/css/styles.css HTTP/1.1[0m" 304 -
2023-04-22 21:55:00,317:INFO:127.0.0.1 - - [22/Apr/2023 21:55:00] "[36mGET /static/css/carrusel.css HTTP/1.1[0m" 304 -
2023-04-22 21:55:00,327:INFO:127.0.0.1 - - [22/Apr/2023 21:55:00] "[36mGET /static/js/carrusel.js HTTP/1.1[0m" 304 -
2023-04-22 21:55:00,339:INFO:127.0.0.1 - - [22/Apr/2023 21:55:00] "[33mGET /security/static/sweetalert2/sweetalert2.min.css HTTP/1.1[0m" 404 -
2023-04-22 21:55:00,349:INFO:127.0.0.1 - - [22/Apr/2023 21:55:00] "[33mGET /security/static/sweetalert2/sweetalert2.min.js HTTP/1.1[0m" 404 -
2023-04-22 21:55:00,358:INFO:127.0.0.1 - - [22/Apr/2023 21:55:00] "[33mGET /security/static/estilos.css HTTP/1.1[0m" 404 -
2023-04-22 21:55:00,378:INFO:127.0.0.1 - - [22/Apr/2023 21:55:00] "[36mGET /static/img/ej4.png HTTP/1.1[0m" 304 -
2023-04-22 21:55:00,404:INFO:127.0.0.1 - - [22/Apr/2023 21:55:00] "[36mGET /static/img/fondo5.jpg HTTP/1.1[0m" 304 -
2023-04-22 21:55:00,407:INFO:127.0.0.1 - - [22/Apr/2023 21:55:00] "[36mGET /static/bootstrap/img/glyphicons-halflings-white.png HTTP/1.1[0m" 304 -
2023-04-22 21:56:05,505:INFO: * Detected change in 'C:\\curso_python\\Proyecto Final\\The_World_of_cakes\\project\\auth.py', reloading
2023-04-22 21:56:05,750:INFO: * Restarting with stat
2023-04-22 21:56:26,379:INFO: * Restarting with stat
2023-04-22 21:57:59,886:INFO: * Restarting with stat
2023-04-22 21:58:46,058:INFO: * Restarting with stat
2023-04-22 21:59:24,728:INFO: * Restarting with stat
2023-04-22 21:59:53,290:INFO: * Restarting with stat
2023-04-22 22:00:14,545:INFO: * Restarting with stat
2023-04-22 22:01:00,486:INFO: * Restarting with stat
2023-04-22 22:01:50,696:INFO: * Restarting with stat
2023-04-22 22:01:57,844:INFO: * Restarting with stat
2023-04-22 22:02:43,222:INFO: * Restarting with stat
2023-04-22 22:02:52,760:INFO: * Restarting with stat
2023-04-22 22:03:55,334:INFO: * Restarting with stat
2023-04-22 22:03:59,449:INFO:Se inicio la aplicacion
2023-04-22 22:03:59,470:WARNING: * Debugger is active!
2023-04-22 22:03:59,482:INFO: * Debugger PIN: 577-661-229
2023-04-22 22:04:28,083:INFO:127.0.0.1 - - [22/Apr/2023 22:04:28] "[32mGET /security/proveedor_admin HTTP/1.1[0m" 302 -
2023-04-22 22:04:28,117:INFO:127.0.0.1 - - [22/Apr/2023 22:04:28] "GET /login?next=%2Fsecurity%2Fproveedor_admin HTTP/1.1" 200 -
2023-04-22 22:04:33,432:INFO:127.0.0.1 - - [22/Apr/2023 22:04:33] "GET / HTTP/1.1" 200 -
2023-04-22 22:04:33,513:INFO:127.0.0.1 - - [22/Apr/2023 22:04:33] "[36mGET /static/bootstrap/css/bootstrap.min.css HTTP/1.1[0m" 304 -
2023-04-22 22:04:33,515:INFO:127.0.0.1 - - [22/Apr/2023 22:04:33] "[36mGET /static/bootstrap/css/bootstrap-responsive.min.css HTTP/1.1[0m" 304 -
2023-04-22 22:04:33,517:INFO:127.0.0.1 - - [22/Apr/2023 22:04:33] "[36mGET /static/bootstrap/css/styles.css HTTP/1.1[0m" 304 -
2023-04-22 22:04:33,525:INFO:127.0.0.1 - - [22/Apr/2023 22:04:33] "[36mGET /static/css/nav.css HTTP/1.1[0m" 304 -
2023-04-22 22:04:33,532:INFO:127.0.0.1 - - [22/Apr/2023 22:04:33] "[36mGET /static/css/carrusel.css HTTP/1.1[0m" 304 -
2023-04-22 22:04:33,540:INFO:127.0.0.1 - - [22/Apr/2023 22:04:33] "[36mGET /static/js/carrusel.js HTTP/1.1[0m" 304 -
2023-04-22 22:04:33,629:INFO:127.0.0.1 - - [22/Apr/2023 22:04:33] "[36mGET /static/img/mision2.jpg HTTP/1.1[0m" 304 -
2023-04-22 22:04:33,635:INFO:127.0.0.1 - - [22/Apr/2023 22:04:33] "[36mGET /static/img/vision.png HTTP/1.1[0m" 304 -
2023-04-22 22:04:33,641:INFO:127.0.0.1 - - [22/Apr/2023 22:04:33] "[36mGET /static/img/ej4.png HTTP/1.1[0m" 304 -
2023-04-22 22:04:33,666:INFO:127.0.0.1 - - [22/Apr/2023 22:04:33] "[36mGET /static/img/fondo5.jpg HTTP/1.1[0m" 304 -
2023-04-22 22:04:35,618:INFO:127.0.0.1 - - [22/Apr/2023 22:04:35] "GET /security/login HTTP/1.1" 200 -
2023-04-22 22:04:35,676:INFO:127.0.0.1 - - [22/Apr/2023 22:04:35] "[36mGET /static/bootstrap/css/bootstrap.min.css HTTP/1.1[0m" 304 -
2023-04-22 22:04:35,707:INFO:127.0.0.1 - - [22/Apr/2023 22:04:35] "[36mGET /static/bootstrap/css/bootstrap-responsive.min.css HTTP/1.1[0m" 304 -
2023-04-22 22:04:35,707:INFO:127.0.0.1 - - [22/Apr/2023 22:04:35] "[36mGET /static/bootstrap/css/styles.css HTTP/1.1[0m" 304 -
2023-04-22 22:04:35,711:INFO:127.0.0.1 - - [22/Apr/2023 22:04:35] "[36mGET /static/css/nav.css HTTP/1.1[0m" 304 -
2023-04-22 22:04:35,717:INFO:127.0.0.1 - - [22/Apr/2023 22:04:35] "[36mGET /static/css/carrusel.css HTTP/1.1[0m" 304 -
2023-04-22 22:04:35,725:INFO:127.0.0.1 - - [22/Apr/2023 22:04:35] "[36mGET /static/js/carrusel.js HTTP/1.1[0m" 304 -
2023-04-22 22:04:35,730:INFO:127.0.0.1 - - [22/Apr/2023 22:04:35] "[33mGET /security/static/estilos.css HTTP/1.1[0m" 404 -
2023-04-22 22:04:35,752:INFO:127.0.0.1 - - [22/Apr/2023 22:04:35] "[36mGET /static/img/ej4.png HTTP/1.1[0m" 304 -
2023-04-22 22:04:35,770:INFO:127.0.0.1 - - [22/Apr/2023 22:04:35] "[36mGET /static/img/fondo5.jpg HTTP/1.1[0m" 304 -
2023-04-22 22:04:39,584:DEBUG:El usuario FernandoLP.mx@outlook.com ingreso al sistema
2023-04-22 22:04:39,585:INFO:127.0.0.1 - - [22/Apr/2023 22:04:39] "[32mPOST /security/login HTTP/1.1[0m" 302 -
2023-04-22 22:04:39,597:INFO:127.0.0.1 - - [22/Apr/2023 22:04:39] "GET / HTTP/1.1" 200 -
2023-04-22 22:04:39,653:INFO:127.0.0.1 - - [22/Apr/2023 22:04:39] "[36mGET /static/bootstrap/css/bootstrap.min.css HTTP/1.1[0m" 304 -
2023-04-22 22:04:39,664:INFO:127.0.0.1 - - [22/Apr/2023 22:04:39] "[36mGET /static/bootstrap/css/bootstrap-responsive.min.css HTTP/1.1[0m" 304 -
2023-04-22 22:04:39,701:INFO:127.0.0.1 - - [22/Apr/2023 22:04:39] "[36mGET /static/bootstrap/css/styles.css HTTP/1.1[0m" 304 -
2023-04-22 22:04:39,714:INFO:127.0.0.1 - - [22/Apr/2023 22:04:39] "[36mGET /static/css/nav.css HTTP/1.1[0m" 304 -
2023-04-22 22:04:39,715:INFO:127.0.0.1 - - [22/Apr/2023 22:04:39] "[36mGET /static/css/carrusel.css HTTP/1.1[0m" 304 -
2023-04-22 22:04:39,732:INFO:127.0.0.1 - - [22/Apr/2023 22:04:39] "[36mGET /static/js/carrusel.js HTTP/1.1[0m" 304 -
2023-04-22 22:04:39,793:INFO:127.0.0.1 - - [22/Apr/2023 22:04:39] "[36mGET /static/img/ej4.png HTTP/1.1[0m" 304 -
2023-04-22 22:04:39,796:INFO:127.0.0.1 - - [22/Apr/2023 22:04:39] "[36mGET /static/img/mision2.jpg HTTP/1.1[0m" 304 -
2023-04-22 22:04:39,808:INFO:127.0.0.1 - - [22/Apr/2023 22:04:39] "[36mGET /static/img/vision.png HTTP/1.1[0m" 304 -
2023-04-22 22:04:39,811:INFO:127.0.0.1 - - [22/Apr/2023 22:04:39] "[36mGET /static/img/fondo5.jpg HTTP/1.1[0m" 304 -
2023-04-22 22:04:41,742:INFO:127.0.0.1 - - [22/Apr/2023 22:04:41] "GET /security/proveedor_admin HTTP/1.1" 200 -
2023-04-22 22:04:41,819:INFO:127.0.0.1 - - [22/Apr/2023 22:04:41] "[36mGET /static/bootstrap/css/bootstrap.min.css HTTP/1.1[0m" 304 -
2023-04-22 22:04:41,824:INFO:127.0.0.1 - - [22/Apr/2023 22:04:41] "[36mGET /static/bootstrap/css/bootstrap-responsive.min.css HTTP/1.1[0m" 304 -
2023-04-22 22:04:41,838:INFO:127.0.0.1 - - [22/Apr/2023 22:04:41] "[36mGET /static/bootstrap/css/styles.css HTTP/1.1[0m" 304 -
2023-04-22 22:04:41,845:INFO:127.0.0.1 - - [22/Apr/2023 22:04:41] "[36mGET /static/css/carrusel.css HTTP/1.1[0m" 304 -
2023-04-22 22:04:41,845:INFO:127.0.0.1 - - [22/Apr/2023 22:04:41] "[36mGET /static/css/nav.css HTTP/1.1[0m" 304 -
2023-04-22 22:04:41,858:INFO:127.0.0.1 - - [22/Apr/2023 22:04:41] "[33mGET /security/static/sweetalert2/sweetalert2.min.css HTTP/1.1[0m" 404 -
2023-04-22 22:04:41,859:INFO:127.0.0.1 - - [22/Apr/2023 22:04:41] "[36mGET /static/js/carrusel.js HTTP/1.1[0m" 304 -
2023-04-22 22:04:41,872:INFO:127.0.0.1 - - [22/Apr/2023 22:04:41] "[33mGET /security/static/sweetalert2/sweetalert2.min.js HTTP/1.1[0m" 404 -
2023-04-22 22:04:41,877:INFO:127.0.0.1 - - [22/Apr/2023 22:04:41] "[33mGET /security/static/estilos.css HTTP/1.1[0m" 404 -
2023-04-22 22:04:41,945:INFO:127.0.0.1 - - [22/Apr/2023 22:04:41] "[36mGET /static/img/ej4.png HTTP/1.1[0m" 304 -
2023-04-22 22:04:41,954:INFO:127.0.0.1 - - [22/Apr/2023 22:04:41] "[33mGET /security/static/sweetalert2/sweetalert2.min.css HTTP/1.1[0m" 404 -
2023-04-22 22:04:41,969:INFO:127.0.0.1 - - [22/Apr/2023 22:04:41] "[33mGET /security/static/sweetalert2/sweetalert2.min.js HTTP/1.1[0m" 404 -
2023-04-22 22:04:41,977:INFO:127.0.0.1 - - [22/Apr/2023 22:04:41] "[36mGET /static/img/fondo5.jpg HTTP/1.1[0m" 304 -
2023-04-22 22:04:42,011:INFO:127.0.0.1 - - [22/Apr/2023 22:04:42] "[33mGET /security/static/estilos.css HTTP/1.1[0m" 404 -
2023-04-22 22:04:42,048:INFO:127.0.0.1 - - [22/Apr/2023 22:04:42] "[36mGET /static/bootstrap/img/glyphicons-halflings-white.png HTTP/1.1[0m" 304 -
2023-04-22 22:05:18,558:INFO:127.0.0.1 - - [22/Apr/2023 22:05:18] "GET /security/proveedor_admin HTTP/1.1" 200 -
2023-04-22 22:05:18,609:INFO:127.0.0.1 - - [22/Apr/2023 22:05:18] "[36mGET /static/bootstrap/css/bootstrap.min.css HTTP/1.1[0m" 304 -
2023-04-22 22:05:18,621:INFO:127.0.0.1 - - [22/Apr/2023 22:05:18] "[36mGET /static/bootstrap/css/bootstrap-responsive.min.css HTTP/1.1[0m" 304 -
2023-04-22 22:05:18,631:INFO:127.0.0.1 - - [22/Apr/2023 22:05:18] "[36mGET /static/bootstrap/css/styles.css HTTP/1.1[0m" 304 -
2023-04-22 22:05:18,644:INFO:127.0.0.1 - - [22/Apr/2023 22:05:18] "[36mGET /static/css/nav.css HTTP/1.1[0m" 304 -
2023-04-22 22:05:18,659:INFO:127.0.0.1 - - [22/Apr/2023 22:05:18] "[36mGET /static/css/carrusel.css HTTP/1.1[0m" 304 -
2023-04-22 22:05:18,665:INFO:127.0.0.1 - - [22/Apr/2023 22:05:18] "[33mGET /security/static/sweetalert2/sweetalert2.min.css HTTP/1.1[0m" 404 -
2023-04-22 22:05:18,666:INFO:127.0.0.1 - - [22/Apr/2023 22:05:18] "[36mGET /static/js/carrusel.js HTTP/1.1[0m" 304 -
2023-04-22 22:05:18,675:INFO:127.0.0.1 - - [22/Apr/2023 22:05:18] "[33mGET /security/static/sweetalert2/sweetalert2.min.js HTTP/1.1[0m" 404 -
2023-04-22 22:05:18,677:INFO:127.0.0.1 - - [22/Apr/2023 22:05:18] "[33mGET /security/static/estilos.css HTTP/1.1[0m" 404 -
2023-04-22 22:05:18,712:INFO:127.0.0.1 - - [22/Apr/2023 22:05:18] "[36mGET /static/img/ej4.png HTTP/1.1[0m" 304 -
2023-04-22 22:05:18,731:INFO:127.0.0.1 - - [22/Apr/2023 22:05:18] "[33mGET /security/static/sweetalert2/sweetalert2.min.css HTTP/1.1[0m" 404 -
2023-04-22 22:05:18,748:INFO:127.0.0.1 - - [22/Apr/2023 22:05:18] "[33mGET /security/static/estilos.css HTTP/1.1[0m" 404 -
2023-04-22 22:05:18,759:INFO:127.0.0.1 - - [22/Apr/2023 22:05:18] "[36mGET /static/img/fondo5.jpg HTTP/1.1[0m" 304 -
2023-04-22 22:05:18,775:INFO:127.0.0.1 - - [22/Apr/2023 22:05:18] "[36mGET /static/bootstrap/img/glyphicons-halflings-white.png HTTP/1.1[0m" 304 -
2023-04-22 22:05:20,230:INFO:127.0.0.1 - - [22/Apr/2023 22:05:20] "GET /security/modificar_proveedor_admin?id=1 HTTP/1.1" 200 -
2023-04-22 22:05:20,314:INFO:127.0.0.1 - - [22/Apr/2023 22:05:20] "[36mGET /static/bootstrap/css/bootstrap.min.css HTTP/1.1[0m" 304 -
2023-04-22 22:05:20,324:INFO:127.0.0.1 - - [22/Apr/2023 22:05:20] "[36mGET /static/bootstrap/css/bootstrap-responsive.min.css HTTP/1.1[0m" 304 -
2023-04-22 22:05:20,325:INFO:127.0.0.1 - - [22/Apr/2023 22:05:20] "[36mGET /static/bootstrap/css/styles.css HTTP/1.1[0m" 304 -
2023-04-22 22:05:20,329:INFO:127.0.0.1 - - [22/Apr/2023 22:05:20] "[36mGET /static/css/nav.css HTTP/1.1[0m" 304 -
2023-04-22 22:05:20,338:INFO:127.0.0.1 - - [22/Apr/2023 22:05:20] "[36mGET /static/css/carrusel.css HTTP/1.1[0m" 304 -
2023-04-22 22:05:20,348:INFO:127.0.0.1 - - [22/Apr/2023 22:05:20] "[36mGET /static/js/carrusel.js HTTP/1.1[0m" 304 -
2023-04-22 22:05:20,356:INFO:127.0.0.1 - - [22/Apr/2023 22:05:20] "[33mGET /security/static/sweetalert2/sweetalert2.min.css HTTP/1.1[0m" 404 -
2023-04-22 22:05:20,360:INFO:127.0.0.1 - - [22/Apr/2023 22:05:20] "[33mGET /security/static/sweetalert2/sweetalert2.min.js HTTP/1.1[0m" 404 -
2023-04-22 22:05:20,382:INFO:127.0.0.1 - - [22/Apr/2023 22:05:20] "[33mGET /security/static/estilos.css HTTP/1.1[0m" 404 -
2023-04-22 22:05:20,398:INFO:127.0.0.1 - - [22/Apr/2023 22:05:20] "[36mGET /static/img/ej4.png HTTP/1.1[0m" 304 -
2023-04-22 22:05:20,420:INFO:127.0.0.1 - - [22/Apr/2023 22:05:20] "[36mGET /static/img/fondo5.jpg HTTP/1.1[0m" 304 -
2023-04-22 22:05:48,114:INFO:127.0.0.1 - - [22/Apr/2023 22:05:48] "GET /security/modificar_proveedor_admin?id=1 HTTP/1.1" 200 -
2023-04-22 22:05:48,173:INFO:127.0.0.1 - - [22/Apr/2023 22:05:48] "[36mGET /static/bootstrap/css/bootstrap.min.css HTTP/1.1[0m" 304 -
2023-04-22 22:05:48,207:INFO:127.0.0.1 - - [22/Apr/2023 22:05:48] "[36mGET /static/bootstrap/css/bootstrap-responsive.min.css HTTP/1.1[0m" 304 -
2023-04-22 22:05:48,213:INFO:127.0.0.1 - - [22/Apr/2023 22:05:48] "[36mGET /static/bootstrap/css/styles.css HTTP/1.1[0m" 304 -
2023-04-22 22:05:48,225:INFO:127.0.0.1 - - [22/Apr/2023 22:05:48] "[36mGET /static/css/nav.css HTTP/1.1[0m" 304 -
2023-04-22 22:05:48,242:INFO:127.0.0.1 - - [22/Apr/2023 22:05:48] "[36mGET /static/css/carrusel.css HTTP/1.1[0m" 304 -
2023-04-22 22:05:48,250:INFO:127.0.0.1 - - [22/Apr/2023 22:05:48] "[36mGET /static/js/carrusel.js HTTP/1.1[0m" 304 -
2023-04-22 22:05:48,258:INFO:127.0.0.1 - - [22/Apr/2023 22:05:48] "[33mGET /security/static/sweetalert2/sweetalert2.min.js HTTP/1.1[0m" 404 -
2023-04-22 22:05:48,261:INFO:127.0.0.1 - - [22/Apr/2023 22:05:48] "[33mGET /security/static/sweetalert2/sweetalert2.min.css HTTP/1.1[0m" 404 -
2023-04-22 22:05:48,275:INFO:127.0.0.1 - - [22/Apr/2023 22:05:48] "[33mGET /security/static/estilos.css HTTP/1.1[0m" 404 -
2023-04-22 22:05:48,322:INFO:127.0.0.1 - - [22/Apr/2023 22:05:48] "[36mGET /static/img/ej4.png HTTP/1.1[0m" 304 -
2023-04-22 22:05:48,327:INFO:127.0.0.1 - - [22/Apr/2023 22:05:48] "[33mGET /security/static/sweetalert2/sweetalert2.min.css HTTP/1.1[0m" 404 -
2023-04-22 22:05:48,342:INFO:127.0.0.1 - - [22/Apr/2023 22:05:48] "[33mGET /security/static/sweetalert2/sweetalert2.min.js HTTP/1.1[0m" 404 -
2023-04-22 22:05:48,346:INFO:127.0.0.1 - - [22/Apr/2023 22:05:48] "[36mGET /static/img/fondo5.jpg HTTP/1.1[0m" 304 -
2023-04-22 22:05:48,363:INFO:127.0.0.1 - - [22/Apr/2023 22:05:48] "[33mGET /security/static/estilos.css HTTP/1.1[0m" 404 -
2023-04-22 22:06:07,852:INFO:127.0.0.1 - - [22/Apr/2023 22:06:07] "GET /security/modificar_proveedor_admin?id=1 HTTP/1.1" 200 -
2023-04-22 22:06:07,898:INFO:127.0.0.1 - - [22/Apr/2023 22:06:07] "[36mGET /static/bootstrap/css/bootstrap.min.css HTTP/1.1[0m" 304 -
2023-04-22 22:06:07,926:INFO:127.0.0.1 - - [22/Apr/2023 22:06:07] "[36mGET /static/bootstrap/css/bootstrap-responsive.min.css HTTP/1.1[0m" 304 -
2023-04-22 22:06:07,927:INFO:127.0.0.1 - - [22/Apr/2023 22:06:07] "[36mGET /static/bootstrap/css/styles.css HTTP/1.1[0m" 304 -
2023-04-22 22:06:07,938:INFO:127.0.0.1 - - [22/Apr/2023 22:06:07] "[36mGET /static/css/nav.css HTTP/1.1[0m" 304 -
2023-04-22 22:06:07,950:INFO:127.0.0.1 - - [22/Apr/2023 22:06:07] "[36mGET /static/css/carrusel.css HTTP/1.1[0m" 304 -
2023-04-22 22:06:07,960:INFO:127.0.0.1 - - [22/Apr/2023 22:06:07] "[36mGET /static/js/carrusel.js HTTP/1.1[0m" 304 -
2023-04-22 22:06:07,960:INFO:127.0.0.1 - - [22/Apr/2023 22:06:07] "[33mGET /security/static/sweetalert2/sweetalert2.min.css HTTP/1.1[0m" 404 -
2023-04-22 22:06:07,971:INFO:127.0.0.1 - - [22/Apr/2023 22:06:07] "[33mGET /security/static/sweetalert2/sweetalert2.min.js HTTP/1.1[0m" 404 -
2023-04-22 22:06:07,979:INFO:127.0.0.1 - - [22/Apr/2023 22:06:07] "[33mGET /security/static/estilos.css HTTP/1.1[0m" 404 -
2023-04-22 22:06:08,006:INFO:127.0.0.1 - - [22/Apr/2023 22:06:08] "[33mGET /security/static/sweetalert2/sweetalert2.min.css HTTP/1.1[0m" 404 -
2023-04-22 22:06:08,016:INFO:127.0.0.1 - - [22/Apr/2023 22:06:08] "[36mGET /static/img/ej4.png HTTP/1.1[0m" 304 -
2023-04-22 22:06:08,033:INFO:127.0.0.1 - - [22/Apr/2023 22:06:08] "[33mGET /security/static/estilos.css HTTP/1.1[0m" 404 -
2023-04-22 22:06:08,036:INFO:127.0.0.1 - - [22/Apr/2023 22:06:08] "[36mGET /static/img/fondo5.jpg HTTP/1.1[0m" 304 -
2023-04-22 22:07:17,093:INFO:127.0.0.1 - - [22/Apr/2023 22:07:17] "[35m[1mGET /security/proveedor_admin HTTP/1.1[0m" 500 -
2023-04-22 22:07:17,159:INFO:127.0.0.1 - - [22/Apr/2023 22:07:17] "GET /security/proveedor_admin?__debugger__=yes&cmd=resource&f=style.css HTTP/1.1" 200 -
2023-04-22 22:07:17,164:INFO:127.0.0.1 - - [22/Apr/2023 22:07:17] "GET /security/proveedor_admin?__debugger__=yes&cmd=resource&f=debugger.js HTTP/1.1" 200 -
2023-04-22 22:07:17,182:INFO:127.0.0.1 - - [22/Apr/2023 22:07:17] "GET /security/proveedor_admin?__debugger__=yes&cmd=resource&f=console.png HTTP/1.1" 200 -
2023-04-22 22:07:17,190:INFO:127.0.0.1 - - [22/Apr/2023 22:07:17] "[36mGET /security/proveedor_admin?__debugger__=yes&cmd=resource&f=console.png HTTP/1.1[0m" 304 -
2023-04-22 22:07:20,473:INFO:127.0.0.1 - - [22/Apr/2023 22:07:20] "GET /security/finanzas HTTP/1.1" 200 -
2023-04-22 22:07:20,544:INFO:127.0.0.1 - - [22/Apr/2023 22:07:20] "[36mGET /static/bootstrap/css/bootstrap-responsive.min.css HTTP/1.1[0m" 304 -
2023-04-22 22:07:20,544:INFO:127.0.0.1 - - [22/Apr/2023 22:07:20] "[36mGET /static/bootstrap/css/bootstrap.min.css HTTP/1.1[0m" 304 -
2023-04-22 22:07:20,554:INFO:127.0.0.1 - - [22/Apr/2023 22:07:20] "[36mGET /static/bootstrap/css/styles.css HTTP/1.1[0m" 304 -
2023-04-22 22:07:20,558:INFO:127.0.0.1 - - [22/Apr/2023 22:07:20] "[36mGET /static/css/nav.css HTTP/1.1[0m" 304 -
2023-04-22 22:07:20,584:INFO:127.0.0.1 - - [22/Apr/2023 22:07:20] "[36mGET /static/css/carrusel.css HTTP/1.1[0m" 304 -
2023-04-22 22:07:20,595:INFO:127.0.0.1 - - [22/Apr/2023 22:07:20] "[36mGET /static/js/carrusel.js HTTP/1.1[0m" 304 -
2023-04-22 22:07:20,612:INFO:127.0.0.1 - - [22/Apr/2023 22:07:20] "[33mGET /static/ HTTP/1.1[0m" 404 -
2023-04-22 22:07:20,640:INFO:127.0.0.1 - - [22/Apr/2023 22:07:20] "[36mGET /static/img/ej4.png HTTP/1.1[0m" 304 -
2023-04-22 22:07:20,659:INFO:127.0.0.1 - - [22/Apr/2023 22:07:20] "[36mGET /static/img/fondo5.jpg HTTP/1.1[0m" 304 -
2023-04-22 22:07:21,401:INFO:127.0.0.1 - - [22/Apr/2023 22:07:21] "GET /security/empleados HTTP/1.1" 200 -
2023-04-22 22:07:21,489:INFO:127.0.0.1 - - [22/Apr/2023 22:07:21] "[36mGET /static/bootstrap/css/bootstrap.min.css HTTP/1.1[0m" 304 -
2023-04-22 22:07:21,520:INFO:127.0.0.1 - - [22/Apr/2023 22:07:21] "[36mGET /static/bootstrap/css/bootstrap-responsive.min.css HTTP/1.1[0m" 304 -
2023-04-22 22:07:21,523:INFO:127.0.0.1 - - [22/Apr/2023 22:07:21] "[36mGET /static/bootstrap/css/styles.css HTTP/1.1[0m" 304 -
2023-04-22 22:07:21,538:INFO:127.0.0.1 - - [22/Apr/2023 22:07:21] "[36mGET /static/css/carrusel.css HTTP/1.1[0m" 304 -
2023-04-22 22:07:21,546:INFO:127.0.0.1 - - [22/Apr/2023 22:07:21] "[36mGET /static/css/nav.css HTTP/1.1[0m" 304 -
2023-04-22 22:07:21,573:INFO:127.0.0.1 - - [22/Apr/2023 22:07:21] "[36mGET /static/js/carrusel.js HTTP/1.1[0m" 304 -
2023-04-22 22:07:21,593:INFO:127.0.0.1 - - [22/Apr/2023 22:07:21] "[33mGET /security/static/sweetalert2/sweetalert2.min.css HTTP/1.1[0m" 404 -
2023-04-22 22:07:21,618:INFO:127.0.0.1 - - [22/Apr/2023 22:07:21] "[33mGET /security/static/sweetalert2/sweetalert2.min.js HTTP/1.1[0m" 404 -
2023-04-22 22:07:21,641:INFO:127.0.0.1 - - [22/Apr/2023 22:07:21] "[33mGET /security/static/estilos.css HTTP/1.1[0m" 404 -
2023-04-22 22:07:21,668:INFO:127.0.0.1 - - [22/Apr/2023 22:07:21] "[36mGET /static/img/ej4.png HTTP/1.1[0m" 304 -
2023-04-22 22:07:21,684:INFO:127.0.0.1 - - [22/Apr/2023 22:07:21] "[36mGET /static/img/fondo5.jpg HTTP/1.1[0m" 304 -
2023-04-22 22:07:23,275:INFO:127.0.0.1 - - [22/Apr/2023 22:07:23] "[35m[1mGET /security/proveedor_admin HTTP/1.1[0m" 500 -
2023-04-22 22:07:23,332:INFO:127.0.0.1 - - [22/Apr/2023 22:07:23] "[36mGET /security/proveedor_admin?__debugger__=yes&cmd=resource&f=style.css HTTP/1.1[0m" 304 -
2023-04-22 22:07:23,340:INFO:127.0.0.1 - - [22/Apr/2023 22:07:23] "[36mGET /security/proveedor_admin?__debugger__=yes&cmd=resource&f=debugger.js HTTP/1.1[0m" 304 -
2023-04-22 22:07:23,358:INFO:127.0.0.1 - - [22/Apr/2023 22:07:23] "[36mGET /security/proveedor_admin?__debugger__=yes&cmd=resource&f=console.png HTTP/1.1[0m" 304 -
2023-04-22 22:07:44,114:INFO:127.0.0.1 - - [22/Apr/2023 22:07:44] "[35m[1mGET /security/modificar_empleado_admin?id= HTTP/1.1[0m" 500 -
2023-04-22 22:07:44,157:INFO:127.0.0.1 - - [22/Apr/2023 22:07:44] "[36mGET /security/modificar_empleado_admin?__debugger__=yes&cmd=resource&f=style.css HTTP/1.1[0m" 304 -
2023-04-22 22:07:44,159:INFO:127.0.0.1 - - [22/Apr/2023 22:07:44] "[36mGET /security/modificar_empleado_admin?__debugger__=yes&cmd=resource&f=debugger.js HTTP/1.1[0m" 304 -
2023-04-22 22:07:44,173:INFO:127.0.0.1 - - [22/Apr/2023 22:07:44] "[36mGET /security/modificar_empleado_admin?__debugger__=yes&cmd=resource&f=console.png HTTP/1.1[0m" 304 -
2023-04-22 22:08:19,663:INFO:127.0.0.1 - - [22/Apr/2023 22:08:19] "GET /security/empleados HTTP/1.1" 200 -
2023-04-22 22:08:19,717:INFO:127.0.0.1 - - [22/Apr/2023 22:08:19] "[36mGET /static/bootstrap/css/bootstrap.min.css HTTP/1.1[0m" 304 -
2023-04-22 22:08:19,737:INFO:127.0.0.1 - - [22/Apr/2023 22:08:19] "[36mGET /static/bootstrap/css/bootstrap-responsive.min.css HTTP/1.1[0m" 304 -
2023-04-22 22:08:19,748:INFO:127.0.0.1 - - [22/Apr/2023 22:08:19] "[36mGET /static/bootstrap/css/styles.css HTTP/1.1[0m" 304 -
2023-04-22 22:08:19,762:INFO:127.0.0.1 - - [22/Apr/2023 22:08:19] "[36mGET /static/css/nav.css HTTP/1.1[0m" 304 -
2023-04-22 22:08:19,770:INFO:127.0.0.1 - - [22/Apr/2023 22:08:19] "[36mGET /static/css/carrusel.css HTTP/1.1[0m" 304 -
2023-04-22 22:08:19,777:INFO:127.0.0.1 - - [22/Apr/2023 22:08:19] "[36mGET /static/js/carrusel.js HTTP/1.1[0m" 304 -
2023-04-22 22:08:19,783:INFO:127.0.0.1 - - [22/Apr/2023 22:08:19] "[33mGET /security/static/sweetalert2/sweetalert2.min.css HTTP/1.1[0m" 404 -
2023-04-22 22:08:19,793:INFO:127.0.0.1 - - [22/Apr/2023 22:08:19] "[33mGET /security/static/sweetalert2/sweetalert2.min.js HTTP/1.1[0m" 404 -
2023-04-22 22:08:19,813:INFO:127.0.0.1 - - [22/Apr/2023 22:08:19] "[33mGET /security/static/estilos.css HTTP/1.1[0m" 404 -
2023-04-22 22:08:19,866:INFO:127.0.0.1 - - [22/Apr/2023 22:08:19] "[33mGET /security/static/sweetalert2/sweetalert2.min.css HTTP/1.1[0m" 404 -
2023-04-22 22:08:19,878:INFO:127.0.0.1 - - [22/Apr/2023 22:08:19] "[33mGET /security/static/sweetalert2/sweetalert2.min.js HTTP/1.1[0m" 404 -
2023-04-22 22:08:19,882:INFO:127.0.0.1 - - [22/Apr/2023 22:08:19] "[36mGET /static/img/ej4.png HTTP/1.1[0m" 304 -
2023-04-22 22:08:19,905:INFO:127.0.0.1 - - [22/Apr/2023 22:08:19] "[36mGET /static/img/fondo5.jpg HTTP/1.1[0m" 304 -
2023-04-22 22:08:19,931:INFO:127.0.0.1 - - [22/Apr/2023 22:08:19] "[33mGET /security/static/estilos.css HTTP/1.1[0m" 404 -
2023-04-22 22:08:22,783:INFO:127.0.0.1 - - [22/Apr/2023 22:08:22] "[35m[1mGET /security/modificar_empleado_admin?id= HTTP/1.1[0m" 500 -
2023-04-22 22:08:22,827:INFO:127.0.0.1 - - [22/Apr/2023 22:08:22] "[36mGET /security/modificar_empleado_admin?__debugger__=yes&cmd=resource&f=style.css HTTP/1.1[0m" 304 -
2023-04-22 22:08:22,830:INFO:127.0.0.1 - - [22/Apr/2023 22:08:22] "[36mGET /security/modificar_empleado_admin?__debugger__=yes&cmd=resource&f=debugger.js HTTP/1.1[0m" 304 -
2023-04-22 22:08:22,855:INFO:127.0.0.1 - - [22/Apr/2023 22:08:22] "[36mGET /security/modificar_empleado_admin?__debugger__=yes&cmd=resource&f=console.png HTTP/1.1[0m" 304 -
2023-04-22 22:09:56,078:INFO:127.0.0.1 - - [22/Apr/2023 22:09:56] "GET /security/proveedor_admin HTTP/1.1" 200 -
2023-04-22 22:09:56,158:INFO:127.0.0.1 - - [22/Apr/2023 22:09:56] "[36mGET /static/bootstrap/css/bootstrap.min.css HTTP/1.1[0m" 304 -
2023-04-22 22:09:56,179:INFO:127.0.0.1 - - [22/Apr/2023 22:09:56] "[36mGET /static/bootstrap/css/bootstrap-responsive.min.css HTTP/1.1[0m" 304 -
2023-04-22 22:09:56,190:INFO:127.0.0.1 - - [22/Apr/2023 22:09:56] "[36mGET /static/bootstrap/css/styles.css HTTP/1.1[0m" 304 -
2023-04-22 22:09:56,211:INFO:127.0.0.1 - - [22/Apr/2023 22:09:56] "[36mGET /static/css/nav.css HTTP/1.1[0m" 304 -
2023-04-22 22:09:56,226:INFO:127.0.0.1 - - [22/Apr/2023 22:09:56] "[36mGET /static/css/carrusel.css HTTP/1.1[0m" 304 -
2023-04-22 22:09:56,249:INFO:127.0.0.1 - - [22/Apr/2023 22:09:56] "[36mGET /static/js/carrusel.js HTTP/1.1[0m" 304 -
2023-04-22 22:09:56,257:INFO:127.0.0.1 - - [22/Apr/2023 22:09:56] "[33mGET /security/static/sweetalert2/sweetalert2.min.css HTTP/1.1[0m" 404 -
2023-04-22 22:09:56,259:INFO:127.0.0.1 - - [22/Apr/2023 22:09:56] "[33mGET /security/static/sweetalert2/sweetalert2.min.js HTTP/1.1[0m" 404 -
2023-04-22 22:09:56,271:INFO:127.0.0.1 - - [22/Apr/2023 22:09:56] "[33mGET /security/static/estilos.css HTTP/1.1[0m" 404 -
2023-04-22 22:09:56,310:INFO:127.0.0.1 - - [22/Apr/2023 22:09:56] "[36mGET /static/img/ej4.png HTTP/1.1[0m" 304 -
2023-04-22 22:09:56,327:INFO:127.0.0.1 - - [22/Apr/2023 22:09:56] "[36mGET /static/img/fondo5.jpg HTTP/1.1[0m" 304 -
2023-04-22 22:09:56,341:INFO:127.0.0.1 - - [22/Apr/2023 22:09:56] "[33mGET /security/static/estilos.css HTTP/1.1[0m" 404 -
2023-04-22 22:09:59,860:INFO:127.0.0.1 - - [22/Apr/2023 22:09:59] "GET /security/modificar_proveedor_admin?id=1 HTTP/1.1" 200 -
2023-04-22 22:09:59,924:INFO:127.0.0.1 - - [22/Apr/2023 22:09:59] "[36mGET /static/bootstrap/css/bootstrap.min.css HTTP/1.1[0m" 304 -
2023-04-22 22:09:59,931:INFO:127.0.0.1 - - [22/Apr/2023 22:09:59] "[36mGET /static/bootstrap/css/bootstrap-responsive.min.css HTTP/1.1[0m" 304 -
2023-04-22 22:09:59,936:INFO:127.0.0.1 - - [22/Apr/2023 22:09:59] "[36mGET /static/bootstrap/css/styles.css HTTP/1.1[0m" 304 -
2023-04-22 22:09:59,944:INFO:127.0.0.1 - - [22/Apr/2023 22:09:59] "[36mGET /static/css/nav.css HTTP/1.1[0m" 304 -
2023-04-22 22:09:59,974:INFO:127.0.0.1 - - [22/Apr/2023 22:09:59] "[36mGET /static/css/carrusel.css HTTP/1.1[0m" 304 -
2023-04-22 22:09:59,982:INFO:127.0.0.1 - - [22/Apr/2023 22:09:59] "[33mGET /security/static/sweetalert2/sweetalert2.min.css HTTP/1.1[0m" 404 -
2023-04-22 22:09:59,982:INFO:127.0.0.1 - - [22/Apr/2023 22:09:59] "[36mGET /static/js/carrusel.js HTTP/1.1[0m" 304 -
2023-04-22 22:09:59,982:INFO:127.0.0.1 - - [22/Apr/2023 22:09:59] "[33mGET /security/static/sweetalert2/sweetalert2.min.js HTTP/1.1[0m" 404 -
2023-04-22 22:09:59,994:INFO:127.0.0.1 - - [22/Apr/2023 22:09:59] "[33mGET /security/static/estilos.css HTTP/1.1[0m" 404 -
2023-04-22 22:10:00,059:INFO:127.0.0.1 - - [22/Apr/2023 22:10:00] "[36mGET /static/img/ej4.png HTTP/1.1[0m" 304 -
2023-04-22 22:10:00,060:INFO:127.0.0.1 - - [22/Apr/2023 22:10:00] "[33mGET /security/static/sweetalert2/sweetalert2.min.css HTTP/1.1[0m" 404 -
2023-04-22 22:10:00,061:INFO:127.0.0.1 - - [22/Apr/2023 22:10:00] "[33mGET /security/static/sweetalert2/sweetalert2.min.js HTTP/1.1[0m" 404 -
2023-04-22 22:10:00,073:INFO:127.0.0.1 - - [22/Apr/2023 22:10:00] "[36mGET /static/img/fondo5.jpg HTTP/1.1[0m" 304 -
2023-04-22 22:10:00,127:INFO:127.0.0.1 - - [22/Apr/2023 22:10:00] "[33mGET /security/static/estilos.css HTTP/1.1[0m" 404 -
2023-04-22 22:11:42,666:INFO:127.0.0.1 - - [22/Apr/2023 22:11:42] "[35m[1mPOST /security/modificar_proveedor_admin HTTP/1.1[0m" 500 -
2023-04-22 22:11:42,728:INFO:127.0.0.1 - - [22/Apr/2023 22:11:42] "GET /security/modificar_proveedor_admin?__debugger__=yes&cmd=resource&f=style.css HTTP/1.1" 200 -
2023-04-22 22:11:42,733:INFO:127.0.0.1 - - [22/Apr/2023 22:11:42] "GET /security/modificar_proveedor_admin?__debugger__=yes&cmd=resource&f=debugger.js HTTP/1.1" 200 -
2023-04-22 22:11:42,747:INFO:127.0.0.1 - - [22/Apr/2023 22:11:42] "GET /security/modificar_proveedor_admin?__debugger__=yes&cmd=resource&f=console.png HTTP/1.1" 200 -
2023-04-22 22:11:42,751:INFO:127.0.0.1 - - [22/Apr/2023 22:11:42] "[36mGET /security/modificar_proveedor_admin?__debugger__=yes&cmd=resource&f=console.png HTTP/1.1[0m" 304 -
2023-04-22 22:12:48,759:INFO: * Detected change in 'C:\\curso_python\\Proyecto Final\\The_World_of_cakes\\project\\auth.py', reloading
2023-04-22 22:12:48,960:INFO: * Restarting with stat
2023-04-22 22:12:52,850:INFO:Se inicio la aplicacion
2023-04-22 22:12:52,870:WARNING: * Debugger is active!
2023-04-22 22:12:52,875:INFO: * Debugger PIN: 577-661-229
2023-04-22 22:12:53,630:INFO:127.0.0.1 - - [22/Apr/2023 22:12:53] "[32mGET /security/proveedor_admin HTTP/1.1[0m" 302 -
2023-04-22 22:12:53,671:INFO:127.0.0.1 - - [22/Apr/2023 22:12:53] "GET /login?next=%2Fsecurity%2Fproveedor_admin HTTP/1.1" 200 -
2023-04-22 22:12:58,738:INFO:127.0.0.1 - - [22/Apr/2023 22:12:58] "GET / HTTP/1.1" 200 -
2023-04-22 22:12:58,814:INFO:127.0.0.1 - - [22/Apr/2023 22:12:58] "[36mGET /static/bootstrap/css/bootstrap.min.css HTTP/1.1[0m" 304 -
2023-04-22 22:12:58,818:INFO:127.0.0.1 - - [22/Apr/2023 22:12:58] "[36mGET /static/bootstrap/css/bootstrap-responsive.min.css HTTP/1.1[0m" 304 -
2023-04-22 22:12:58,821:INFO:127.0.0.1 - - [22/Apr/2023 22:12:58] "[36mGET /static/bootstrap/css/styles.css HTTP/1.1[0m" 304 -
2023-04-22 22:12:58,828:INFO:127.0.0.1 - - [22/Apr/2023 22:12:58] "[36mGET /static/css/nav.css HTTP/1.1[0m" 304 -
2023-04-22 22:12:58,838:INFO:127.0.0.1 - - [22/Apr/2023 22:12:58] "[36mGET /static/css/carrusel.css HTTP/1.1[0m" 304 -
2023-04-22 22:12:58,841:INFO:127.0.0.1 - - [22/Apr/2023 22:12:58] "[36mGET /static/js/carrusel.js HTTP/1.1[0m" 304 -
2023-04-22 22:12:58,919:INFO:127.0.0.1 - - [22/Apr/2023 22:12:58] "[36mGET /static/img/mision2.jpg HTTP/1.1[0m" 304 -
2023-04-22 22:12:58,931:INFO:127.0.0.1 - - [22/Apr/2023 22:12:58] "[36mGET /static/img/vision.png HTTP/1.1[0m" 304 -
2023-04-22 22:12:58,934:INFO:127.0.0.1 - - [22/Apr/2023 22:12:58] "[36mGET /static/img/ej4.png HTTP/1.1[0m" 304 -
2023-04-22 22:12:58,963:INFO:127.0.0.1 - - [22/Apr/2023 22:12:58] "[36mGET /static/img/fondo5.jpg HTTP/1.1[0m" 304 -
2023-04-22 22:13:00,406:INFO:127.0.0.1 - - [22/Apr/2023 22:13:00] "GET /security/login HTTP/1.1" 200 -
2023-04-22 22:13:00,480:INFO:127.0.0.1 - - [22/Apr/2023 22:13:00] "[36mGET /static/bootstrap/css/bootstrap.min.css HTTP/1.1[0m" 304 -
2023-04-22 22:13:00,488:INFO:127.0.0.1 - - [22/Apr/2023 22:13:00] "[36mGET /static/bootstrap/css/styles.css HTTP/1.1[0m" 304 -
2023-04-22 22:13:00,492:INFO:127.0.0.1 - - [22/Apr/2023 22:13:00] "[36mGET /static/bootstrap/css/bootstrap-responsive.min.css HTTP/1.1[0m" 304 -
2023-04-22 22:13:00,521:INFO:127.0.0.1 - - [22/Apr/2023 22:13:00] "[36mGET /static/css/nav.css HTTP/1.1[0m" 304 -
2023-04-22 22:13:00,522:INFO:127.0.0.1 - - [22/Apr/2023 22:13:00] "[36mGET /static/css/carrusel.css HTTP/1.1[0m" 304 -
2023-04-22 22:13:00,527:INFO:127.0.0.1 - - [22/Apr/2023 22:13:00] "[36mGET /static/js/carrusel.js HTTP/1.1[0m" 304 -
2023-04-22 22:13:00,529:INFO:127.0.0.1 - - [22/Apr/2023 22:13:00] "[33mGET /security/static/estilos.css HTTP/1.1[0m" 404 -
2023-04-22 22:13:00,568:INFO:127.0.0.1 - - [22/Apr/2023 22:13:00] "[33mGET /security/static/estilos.css HTTP/1.1[0m" 404 -
2023-04-22 22:13:00,570:INFO:127.0.0.1 - - [22/Apr/2023 22:13:00] "[36mGET /static/img/ej4.png HTTP/1.1[0m" 304 -
2023-04-22 22:13:00,575:INFO:127.0.0.1 - - [22/Apr/2023 22:13:00] "[36mGET /static/img/fondo5.jpg HTTP/1.1[0m" 304 -
2023-04-22 22:13:03,970:DEBUG:El usuario FernandoLP.mx@outlook.com ingreso al sistema
2023-04-22 22:13:03,972:INFO:127.0.0.1 - - [22/Apr/2023 22:13:03] "[32mPOST /security/login HTTP/1.1[0m" 302 -
2023-04-22 22:13:03,982:INFO:127.0.0.1 - - [22/Apr/2023 22:13:03] "GET / HTTP/1.1" 200 -
2023-04-22 22:13:04,048:INFO:127.0.0.1 - - [22/Apr/2023 22:13:04] "[36mGET /static/bootstrap/css/bootstrap.min.css HTTP/1.1[0m" 304 -
2023-04-22 22:13:04,062:INFO:127.0.0.1 - - [22/Apr/2023 22:13:04] "[36mGET /static/bootstrap/css/bootstrap-responsive.min.css HTTP/1.1[0m" 304 -
2023-04-22 22:13:04,066:INFO:127.0.0.1 - - [22/Apr/2023 22:13:04] "[36mGET /static/bootstrap/css/styles.css HTTP/1.1[0m" 304 -
2023-04-22 22:13:04,067:INFO:127.0.0.1 - - [22/Apr/2023 22:13:04] "[36mGET /static/css/nav.css HTTP/1.1[0m" 304 -
2023-04-22 22:13:04,078:INFO:127.0.0.1 - - [22/Apr/2023 22:13:04] "[36mGET /static/css/carrusel.css HTTP/1.1[0m" 304 -
2023-04-22 22:13:04,083:INFO:127.0.0.1 - - [22/Apr/2023 22:13:04] "[36mGET /static/js/carrusel.js HTTP/1.1[0m" 304 -
2023-04-22 22:13:04,141:INFO:127.0.0.1 - - [22/Apr/2023 22:13:04] "[36mGET /static/img/ej4.png HTTP/1.1[0m" 304 -
2023-04-22 22:13:04,153:INFO:127.0.0.1 - - [22/Apr/2023 22:13:04] "[36mGET /static/img/mision2.jpg HTTP/1.1[0m" 304 -
2023-04-22 22:13:04,167:INFO:127.0.0.1 - - [22/Apr/2023 22:13:04] "[36mGET /static/img/vision.png HTTP/1.1[0m" 304 -
2023-04-22 22:13:04,169:INFO:127.0.0.1 - - [22/Apr/2023 22:13:04] "[36mGET /static/img/fondo5.jpg HTTP/1.1[0m" 304 -
2023-04-22 22:13:07,108:INFO:127.0.0.1 - - [22/Apr/2023 22:13:07] "GET /security/proveedor_admin HTTP/1.1" 200 -
2023-04-22 22:13:07,192:INFO:127.0.0.1 - - [22/Apr/2023 22:13:07] "[36mGET /static/bootstrap/css/bootstrap.min.css HTTP/1.1[0m" 304 -
2023-04-22 22:13:07,194:INFO:127.0.0.1 - - [22/Apr/2023 22:13:07] "[36mGET /static/bootstrap/css/styles.css HTTP/1.1[0m" 304 -
2023-04-22 22:13:07,196:INFO:127.0.0.1 - - [22/Apr/2023 22:13:07] "[36mGET /static/bootstrap/css/bootstrap-responsive.min.css HTTP/1.1[0m" 304 -
2023-04-22 22:13:07,210:INFO:127.0.0.1 - - [22/Apr/2023 22:13:07] "[36mGET /static/css/nav.css HTTP/1.1[0m" 304 -
2023-04-22 22:13:07,234:INFO:127.0.0.1 - - [22/Apr/2023 22:13:07] "[36mGET /static/css/carrusel.css HTTP/1.1[0m" 304 -
2023-04-22 22:13:07,235:INFO:127.0.0.1 - - [22/Apr/2023 22:13:07] "[36mGET /static/js/carrusel.js HTTP/1.1[0m" 304 -
2023-04-22 22:13:07,244:INFO:127.0.0.1 - - [22/Apr/2023 22:13:07] "[33mGET /security/static/sweetalert2/sweetalert2.min.css HTTP/1.1[0m" 404 -
2023-04-22 22:13:07,252:INFO:127.0.0.1 - - [22/Apr/2023 22:13:07] "[33mGET /security/static/sweetalert2/sweetalert2.min.js HTTP/1.1[0m" 404 -
2023-04-22 22:13:07,274:INFO:127.0.0.1 - - [22/Apr/2023 22:13:07] "[33mGET /security/static/estilos.css HTTP/1.1[0m" 404 -
2023-04-22 22:13:07,340:INFO:127.0.0.1 - - [22/Apr/2023 22:13:07] "[33mGET /security/static/sweetalert2/sweetalert2.min.css HTTP/1.1[0m" 404 -
2023-04-22 22:13:07,346:INFO:127.0.0.1 - - [22/Apr/2023 22:13:07] "[33mGET /security/static/sweetalert2/sweetalert2.min.js HTTP/1.1[0m" 404 -
2023-04-22 22:13:07,368:INFO:127.0.0.1 - - [22/Apr/2023 22:13:07] "[36mGET /static/img/ej4.png HTTP/1.1[0m" 304 -
2023-04-22 22:13:07,369:INFO:127.0.0.1 - - [22/Apr/2023 22:13:07] "[36mGET /static/img/fondo5.jpg HTTP/1.1[0m" 304 -
2023-04-22 22:13:07,379:INFO:127.0.0.1 - - [22/Apr/2023 22:13:07] "[33mGET /security/static/estilos.css HTTP/1.1[0m" 404 -
2023-04-22 22:13:09,720:INFO:127.0.0.1 - - [22/Apr/2023 22:13:09] "GET /security/modificar_proveedor_admin?id=2 HTTP/1.1" 200 -
2023-04-22 22:13:09,788:INFO:127.0.0.1 - - [22/Apr/2023 22:13:09] "[36mGET /static/bootstrap/css/bootstrap.min.css HTTP/1.1[0m" 304 -
2023-04-22 22:13:09,798:INFO:127.0.0.1 - - [22/Apr/2023 22:13:09] "[36mGET /static/bootstrap/css/bootstrap-responsive.min.css HTTP/1.1[0m" 304 -
2023-04-22 22:13:09,804:INFO:127.0.0.1 - - [22/Apr/2023 22:13:09] "[36mGET /static/bootstrap/css/styles.css HTTP/1.1[0m" 304 -
2023-04-22 22:13:09,810:INFO:127.0.0.1 - - [22/Apr/2023 22:13:09] "[36mGET /static/css/nav.css HTTP/1.1[0m" 304 -
2023-04-22 22:13:09,821:INFO:127.0.0.1 - - [22/Apr/2023 22:13:09] "[36mGET /static/css/carrusel.css HTTP/1.1[0m" 304 -
2023-04-22 22:13:09,825:INFO:127.0.0.1 - - [22/Apr/2023 22:13:09] "[36mGET /static/js/carrusel.js HTTP/1.1[0m" 304 -
2023-04-22 22:13:09,830:INFO:127.0.0.1 - - [22/Apr/2023 22:13:09] "[33mGET /security/static/sweetalert2/sweetalert2.min.css HTTP/1.1[0m" 404 -
2023-04-22 22:13:09,848:INFO:127.0.0.1 - - [22/Apr/2023 22:13:09] "[33mGET /security/static/sweetalert2/sweetalert2.min.js HTTP/1.1[0m" 404 -
2023-04-22 22:13:09,854:INFO:127.0.0.1 - - [22/Apr/2023 22:13:09] "[33mGET /security/static/estilos.css HTTP/1.1[0m" 404 -
2023-04-22 22:13:09,888:INFO:127.0.0.1 - - [22/Apr/2023 22:13:09] "[36mGET /static/img/ej4.png HTTP/1.1[0m" 304 -
2023-04-22 22:13:09,896:INFO:127.0.0.1 - - [22/Apr/2023 22:13:09] "[33mGET /security/static/sweetalert2/sweetalert2.min.css HTTP/1.1[0m" 404 -
2023-04-22 22:13:09,905:INFO:127.0.0.1 - - [22/Apr/2023 22:13:09] "[33mGET /security/static/sweetalert2/sweetalert2.min.js HTTP/1.1[0m" 404 -
2023-04-22 22:13:09,910:INFO:127.0.0.1 - - [22/Apr/2023 22:13:09] "[36mGET /static/img/fondo5.jpg HTTP/1.1[0m" 304 -
2023-04-22 22:13:09,987:INFO:127.0.0.1 - - [22/Apr/2023 22:13:09] "[33mGET /security/static/estilos.css HTTP/1.1[0m" 404 -
2023-04-22 22:13:19,574:INFO:127.0.0.1 - - [22/Apr/2023 22:13:19] "[35m[1mPOST /security/modificar_proveedor_admin HTTP/1.1[0m" 500 -
2023-04-22 22:13:19,625:INFO:127.0.0.1 - - [22/Apr/2023 22:13:19] "[36mGET /security/modificar_proveedor_admin?__debugger__=yes&cmd=resource&f=style.css HTTP/1.1[0m" 304 -
2023-04-22 22:13:19,630:INFO:127.0.0.1 - - [22/Apr/2023 22:13:19] "[36mGET /security/modificar_proveedor_admin?__debugger__=yes&cmd=resource&f=debugger.js HTTP/1.1[0m" 304 -
2023-04-22 22:13:19,652:INFO:127.0.0.1 - - [22/Apr/2023 22:13:19] "[36mGET /security/modificar_proveedor_admin?__debugger__=yes&cmd=resource&f=console.png HTTP/1.1[0m" 304 -
2023-04-22 22:14:16,904:INFO: * Detected change in 'C:\\curso_python\\Proyecto Final\\The_World_of_cakes\\project\\auth.py', reloading
2023-04-22 22:14:17,122:INFO: * Restarting with stat
2023-04-22 22:14:20,038:INFO:Se inicio la aplicacion
2023-04-22 22:14:20,051:WARNING: * Debugger is active!
2023-04-22 22:14:20,058:INFO: * Debugger PIN: 577-661-229
2023-04-22 22:14:25,503:INFO: * Detected change in 'C:\\curso_python\\Proyecto Final\\The_World_of_cakes\\project\\auth.py', reloading
2023-04-22 22:14:25,770:INFO: * Restarting with stat
2023-04-22 22:14:28,888:INFO:Se inicio la aplicacion
2023-04-22 22:14:28,900:WARNING: * Debugger is active!
2023-04-22 22:14:28,906:INFO: * Debugger PIN: 577-661-229
2023-04-22 22:14:54,302:INFO:127.0.0.1 - - [22/Apr/2023 22:14:54] "[32mGET /security/modificar_proveedor_admin?id=2 HTTP/1.1[0m" 302 -
2023-04-22 22:14:54,351:INFO:127.0.0.1 - - [22/Apr/2023 22:14:54] "GET /login?next=%2Fsecurity%2Fmodificar_proveedor_admin%3Fid%3D2 HTTP/1.1" 200 -
2023-04-22 22:14:59,081:INFO:127.0.0.1 - - [22/Apr/2023 22:14:59] "GET / HTTP/1.1" 200 -
2023-04-22 22:14:59,143:INFO:127.0.0.1 - - [22/Apr/2023 22:14:59] "[36mGET /static/bootstrap/css/bootstrap.min.css HTTP/1.1[0m" 304 -
2023-04-22 22:14:59,150:INFO:127.0.0.1 - - [22/Apr/2023 22:14:59] "[36mGET /static/bootstrap/css/bootstrap-responsive.min.css HTTP/1.1[0m" 304 -
2023-04-22 22:14:59,150:INFO:127.0.0.1 - - [22/Apr/2023 22:14:59] "[36mGET /static/bootstrap/css/styles.css HTTP/1.1[0m" 304 -
2023-04-22 22:14:59,177:INFO:127.0.0.1 - - [22/Apr/2023 22:14:59] "[36mGET /static/css/nav.css HTTP/1.1[0m" 304 -
2023-04-22 22:14:59,178:INFO:127.0.0.1 - - [22/Apr/2023 22:14:59] "[36mGET /static/css/carrusel.css HTTP/1.1[0m" 304 -
2023-04-22 22:14:59,180:INFO:127.0.0.1 - - [22/Apr/2023 22:14:59] "[36mGET /static/js/carrusel.js HTTP/1.1[0m" 304 -
2023-04-22 22:14:59,209:INFO:127.0.0.1 - - [22/Apr/2023 22:14:59] "[36mGET /static/img/ej4.png HTTP/1.1[0m" 304 -
2023-04-22 22:14:59,217:INFO:127.0.0.1 - - [22/Apr/2023 22:14:59] "[36mGET /static/img/mision2.jpg HTTP/1.1[0m" 304 -
2023-04-22 22:14:59,223:INFO:127.0.0.1 - - [22/Apr/2023 22:14:59] "[36mGET /static/img/vision.png HTTP/1.1[0m" 304 -
2023-04-22 22:14:59,228:INFO:127.0.0.1 - - [22/Apr/2023 22:14:59] "[36mGET /static/img/fondo5.jpg HTTP/1.1[0m" 304 -
2023-04-22 22:15:00,925:INFO:127.0.0.1 - - [22/Apr/2023 22:15:00] "GET /security/login HTTP/1.1" 200 -
2023-04-22 22:15:00,976:INFO:127.0.0.1 - - [22/Apr/2023 22:15:00] "[36mGET /static/bootstrap/css/bootstrap.min.css HTTP/1.1[0m" 304 -
2023-04-22 22:15:00,982:INFO:127.0.0.1 - - [22/Apr/2023 22:15:00] "[36mGET /static/bootstrap/css/bootstrap-responsive.min.css HTTP/1.1[0m" 304 -
2023-04-22 22:15:00,982:INFO:127.0.0.1 - - [22/Apr/2023 22:15:00] "[36mGET /static/bootstrap/css/styles.css HTTP/1.1[0m" 304 -
2023-04-22 22:15:00,987:INFO:127.0.0.1 - - [22/Apr/2023 22:15:00] "[36mGET /static/css/nav.css HTTP/1.1[0m" 304 -
2023-04-22 22:15:01,000:INFO:127.0.0.1 - - [22/Apr/2023 22:15:01] "[36mGET /static/css/carrusel.css HTTP/1.1[0m" 304 -
2023-04-22 22:15:01,022:INFO:127.0.0.1 - - [22/Apr/2023 22:15:01] "[36mGET /static/js/carrusel.js HTTP/1.1[0m" 304 -
2023-04-22 22:15:01,027:INFO:127.0.0.1 - - [22/Apr/2023 22:15:01] "[33mGET /security/static/estilos.css HTTP/1.1[0m" 404 -
2023-04-22 22:15:01,055:INFO:127.0.0.1 - - [22/Apr/2023 22:15:01] "[36mGET /static/img/ej4.png HTTP/1.1[0m" 304 -
2023-04-22 22:15:01,070:INFO:127.0.0.1 - - [22/Apr/2023 22:15:01] "[33mGET /security/static/estilos.css HTTP/1.1[0m" 404 -
2023-04-22 22:15:01,074:INFO:127.0.0.1 - - [22/Apr/2023 22:15:01] "[36mGET /static/img/fondo5.jpg HTTP/1.1[0m" 304 -
2023-04-22 22:15:06,818:WARNING:Acceso fallido
2023-04-22 22:15:06,819:INFO:127.0.0.1 - - [22/Apr/2023 22:15:06] "[32mPOST /security/login HTTP/1.1[0m" 302 -
2023-04-22 22:15:06,824:INFO:127.0.0.1 - - [22/Apr/2023 22:15:06] "GET /security/login HTTP/1.1" 200 -
2023-04-22 22:15:06,865:INFO:127.0.0.1 - - [22/Apr/2023 22:15:06] "[36mGET /static/bootstrap/css/bootstrap.min.css HTTP/1.1[0m" 304 -
2023-04-22 22:15:06,867:INFO:127.0.0.1 - - [22/Apr/2023 22:15:06] "[36mGET /static/bootstrap/css/bootstrap-responsive.min.css HTTP/1.1[0m" 304 -
2023-04-22 22:15:06,874:INFO:127.0.0.1 - - [22/Apr/2023 22:15:06] "[36mGET /static/bootstrap/css/styles.css HTTP/1.1[0m" 304 -
2023-04-22 22:15:06,879:INFO:127.0.0.1 - - [22/Apr/2023 22:15:06] "[36mGET /static/css/nav.css HTTP/1.1[0m" 304 -
2023-04-22 22:15:06,886:INFO:127.0.0.1 - - [22/Apr/2023 22:15:06] "[36mGET /static/css/carrusel.css HTTP/1.1[0m" 304 -
2023-04-22 22:15:06,895:INFO:127.0.0.1 - - [22/Apr/2023 22:15:06] "[36mGET /static/js/carrusel.js HTTP/1.1[0m" 304 -
2023-04-22 22:15:06,900:INFO:127.0.0.1 - - [22/Apr/2023 22:15:06] "[33mGET /security/static/estilos.css HTTP/1.1[0m" 404 -
2023-04-22 22:15:06,923:INFO:127.0.0.1 - - [22/Apr/2023 22:15:06] "[33mGET /security/static/estilos.css HTTP/1.1[0m" 404 -
2023-04-22 22:15:06,932:INFO:127.0.0.1 - - [22/Apr/2023 22:15:06] "[36mGET /static/img/ej4.png HTTP/1.1[0m" 304 -
2023-04-22 22:15:06,939:INFO:127.0.0.1 - - [22/Apr/2023 22:15:06] "[36mGET /static/img/fondo5.jpg HTTP/1.1[0m" 304 -
2023-04-22 22:15:10,697:DEBUG:El usuario FernandoLP.mx@outlook.com ingreso al sistema
2023-04-22 22:15:10,699:INFO:127.0.0.1 - - [22/Apr/2023 22:15:10] "[32mPOST /security/login HTTP/1.1[0m" 302 -
2023-04-22 22:15:10,708:INFO:127.0.0.1 - - [22/Apr/2023 22:15:10] "GET / HTTP/1.1" 200 -
2023-04-22 22:15:10,767:INFO:127.0.0.1 - - [22/Apr/2023 22:15:10] "[36mGET /static/bootstrap/css/bootstrap.min.css HTTP/1.1[0m" 304 -
2023-04-22 22:15:10,772:INFO:127.0.0.1 - - [22/Apr/2023 22:15:10] "[36mGET /static/bootstrap/css/bootstrap-responsive.min.css HTTP/1.1[0m" 304 -
2023-04-22 22:15:10,797:INFO:127.0.0.1 - - [22/Apr/2023 22:15:10] "[36mGET /static/bootstrap/css/styles.css HTTP/1.1[0m" 304 -
2023-04-22 22:15:10,802:INFO:127.0.0.1 - - [22/Apr/2023 22:15:10] "[36mGET /static/css/nav.css HTTP/1.1[0m" 304 -
2023-04-22 22:15:10,806:INFO:127.0.0.1 - - [22/Apr/2023 22:15:10] "[36mGET /static/js/carrusel.js HTTP/1.1[0m" 304 -
2023-04-22 22:15:10,809:INFO:127.0.0.1 - - [22/Apr/2023 22:15:10] "[36mGET /static/css/carrusel.css HTTP/1.1[0m" 304 -
2023-04-22 22:15:10,845:INFO:127.0.0.1 - - [22/Apr/2023 22:15:10] "[36mGET /static/img/ej4.png HTTP/1.1[0m" 304 -
2023-04-22 22:15:10,864:INFO:127.0.0.1 - - [22/Apr/2023 22:15:10] "[36mGET /static/img/mision2.jpg HTTP/1.1[0m" 304 -
2023-04-22 22:15:10,872:INFO:127.0.0.1 - - [22/Apr/2023 22:15:10] "[36mGET /static/img/vision.png HTTP/1.1[0m" 304 -
2023-04-22 22:15:10,873:INFO:127.0.0.1 - - [22/Apr/2023 22:15:10] "[36mGET /static/img/fondo5.jpg HTTP/1.1[0m" 304 -
2023-04-22 22:15:12,839:INFO:127.0.0.1 - - [22/Apr/2023 22:15:12] "GET /security/proveedor_admin HTTP/1.1" 200 -
2023-04-22 22:15:12,909:INFO:127.0.0.1 - - [22/Apr/2023 22:15:12] "[36mGET /static/bootstrap/css/bootstrap.min.css HTTP/1.1[0m" 304 -
2023-04-22 22:15:12,911:INFO:127.0.0.1 - - [22/Apr/2023 22:15:12] "[36mGET /static/bootstrap/css/bootstrap-responsive.min.css HTTP/1.1[0m" 304 -
2023-04-22 22:15:12,914:INFO:127.0.0.1 - - [22/Apr/2023 22:15:12] "[36mGET /static/bootstrap/css/styles.css HTTP/1.1[0m" 304 -
2023-04-22 22:15:12,922:INFO:127.0.0.1 - - [22/Apr/2023 22:15:12] "[36mGET /static/css/nav.css HTTP/1.1[0m" 304 -
2023-04-22 22:15:12,928:INFO:127.0.0.1 - - [22/Apr/2023 22:15:12] "[36mGET /static/css/carrusel.css HTTP/1.1[0m" 304 -
2023-04-22 22:15:12,941:INFO:127.0.0.1 - - [22/Apr/2023 22:15:12] "[36mGET /static/js/carrusel.js HTTP/1.1[0m" 304 -
2023-04-22 22:15:12,949:INFO:127.0.0.1 - - [22/Apr/2023 22:15:12] "[33mGET /security/static/sweetalert2/sweetalert2.min.css HTTP/1.1[0m" 404 -
2023-04-22 22:15:12,961:INFO:127.0.0.1 - - [22/Apr/2023 22:15:12] "[33mGET /security/static/sweetalert2/sweetalert2.min.js HTTP/1.1[0m" 404 -
2023-04-22 22:15:12,970:INFO:127.0.0.1 - - [22/Apr/2023 22:15:12] "[33mGET /security/static/estilos.css HTTP/1.1[0m" 404 -
2023-04-22 22:15:13,040:INFO:127.0.0.1 - - [22/Apr/2023 22:15:13] "[36mGET /static/img/ej4.png HTTP/1.1[0m" 304 -
2023-04-22 22:15:13,044:INFO:127.0.0.1 - - [22/Apr/2023 22:15:13] "[33mGET /security/static/sweetalert2/sweetalert2.min.css HTTP/1.1[0m" 404 -
2023-04-22 22:15:13,054:INFO:127.0.0.1 - - [22/Apr/2023 22:15:13] "[33mGET /security/static/sweetalert2/sweetalert2.min.js HTTP/1.1[0m" 404 -
2023-04-22 22:15:13,059:INFO:127.0.0.1 - - [22/Apr/2023 22:15:13] "[36mGET /static/img/fondo5.jpg HTTP/1.1[0m" 304 -
2023-04-22 22:15:13,084:INFO:127.0.0.1 - - [22/Apr/2023 22:15:13] "[33mGET /security/static/estilos.css HTTP/1.1[0m" 404 -
2023-04-22 22:15:40,406:INFO:127.0.0.1 - - [22/Apr/2023 22:15:40] "GET /security/modificar_proveedor_admin?id=2 HTTP/1.1" 200 -
2023-04-22 22:15:40,501:INFO:127.0.0.1 - - [22/Apr/2023 22:15:40] "[36mGET /static/bootstrap/css/bootstrap.min.css HTTP/1.1[0m" 304 -
2023-04-22 22:15:40,502:INFO:127.0.0.1 - - [22/Apr/2023 22:15:40] "[36mGET /static/bootstrap/css/bootstrap-responsive.min.css HTTP/1.1[0m" 304 -
2023-04-22 22:15:40,509:INFO:127.0.0.1 - - [22/Apr/2023 22:15:40] "[36mGET /static/bootstrap/css/styles.css HTTP/1.1[0m" 304 -
2023-04-22 22:15:40,527:INFO:127.0.0.1 - - [22/Apr/2023 22:15:40] "[36mGET /static/css/nav.css HTTP/1.1[0m" 304 -
2023-04-22 22:15:40,530:INFO:127.0.0.1 - - [22/Apr/2023 22:15:40] "[36mGET /static/css/carrusel.css HTTP/1.1[0m" 304 -
2023-04-22 22:15:40,561:INFO:127.0.0.1 - - [22/Apr/2023 22:15:40] "[36mGET /static/js/carrusel.js HTTP/1.1[0m" 304 -
2023-04-22 22:15:40,561:INFO:127.0.0.1 - - [22/Apr/2023 22:15:40] "[33mGET /security/static/sweetalert2/sweetalert2.min.css HTTP/1.1[0m" 404 -
2023-04-22 22:15:40,571:INFO:127.0.0.1 - - [22/Apr/2023 22:15:40] "[33mGET /security/static/sweetalert2/sweetalert2.min.js HTTP/1.1[0m" 404 -
2023-04-22 22:15:40,578:INFO:127.0.0.1 - - [22/Apr/2023 22:15:40] "[33mGET /security/static/estilos.css HTTP/1.1[0m" 404 -
2023-04-22 22:15:40,621:INFO:127.0.0.1 - - [22/Apr/2023 22:15:40] "[36mGET /static/img/ej4.png HTTP/1.1[0m" 304 -
2023-04-22 22:15:40,638:INFO:127.0.0.1 - - [22/Apr/2023 22:15:40] "[33mGET /security/static/estilos.css HTTP/1.1[0m" 404 -
2023-04-22 22:15:40,640:INFO:127.0.0.1 - - [22/Apr/2023 22:15:40] "[33mGET /security/static/sweetalert2/sweetalert2.min.css HTTP/1.1[0m" 404 -
2023-04-22 22:15:40,653:INFO:127.0.0.1 - - [22/Apr/2023 22:15:40] "[36mGET /static/img/fondo5.jpg HTTP/1.1[0m" 304 -
2023-04-22 22:15:47,892:INFO:127.0.0.1 - - [22/Apr/2023 22:15:47] "[32mPOST /security/modificar_proveedor_admin HTTP/1.1[0m" 302 -
2023-04-22 22:15:47,907:INFO:127.0.0.1 - - [22/Apr/2023 22:15:47] "GET /security/proveedor_admin HTTP/1.1" 200 -
2023-04-22 22:15:47,986:INFO:127.0.0.1 - - [22/Apr/2023 22:15:47] "[36mGET /static/bootstrap/css/bootstrap.min.css HTTP/1.1[0m" 304 -
2023-04-22 22:15:47,988:INFO:127.0.0.1 - - [22/Apr/2023 22:15:47] "[36mGET /static/bootstrap/css/bootstrap-responsive.min.css HTTP/1.1[0m" 304 -
2023-04-22 22:15:47,991:INFO:127.0.0.1 - - [22/Apr/2023 22:15:47] "[36mGET /static/css/nav.css HTTP/1.1[0m" 304 -
2023-04-22 22:15:48,005:INFO:127.0.0.1 - - [22/Apr/2023 22:15:48] "[36mGET /static/bootstrap/css/styles.css HTTP/1.1[0m" 304 -
2023-04-22 22:15:48,036:INFO:127.0.0.1 - - [22/Apr/2023 22:15:48] "[36mGET /static/css/carrusel.css HTTP/1.1[0m" 304 -
2023-04-22 22:15:48,043:INFO:127.0.0.1 - - [22/Apr/2023 22:15:48] "[33mGET /security/static/sweetalert2/sweetalert2.min.css HTTP/1.1[0m" 404 -
2023-04-22 22:15:48,051:INFO:127.0.0.1 - - [22/Apr/2023 22:15:48] "[36mGET /static/js/carrusel.js HTTP/1.1[0m" 304 -
2023-04-22 22:15:48,058:INFO:127.0.0.1 - - [22/Apr/2023 22:15:48] "[33mGET /security/static/sweetalert2/sweetalert2.min.js HTTP/1.1[0m" 404 -
2023-04-22 22:15:48,068:INFO:127.0.0.1 - - [22/Apr/2023 22:15:48] "[33mGET /security/static/estilos.css HTTP/1.1[0m" 404 -
2023-04-22 22:15:48,108:INFO:127.0.0.1 - - [22/Apr/2023 22:15:48] "[36mGET /static/img/ej4.png HTTP/1.1[0m" 304 -
2023-04-22 22:15:48,109:INFO:127.0.0.1 - - [22/Apr/2023 22:15:48] "[33mGET /security/static/sweetalert2/sweetalert2.min.css HTTP/1.1[0m" 404 -
2023-04-22 22:15:48,125:INFO:127.0.0.1 - - [22/Apr/2023 22:15:48] "[33mGET /security/static/estilos.css HTTP/1.1[0m" 404 -
2023-04-22 22:15:48,140:INFO:127.0.0.1 - - [22/Apr/2023 22:15:48] "[36mGET /static/img/fondo5.jpg HTTP/1.1[0m" 304 -
2023-04-22 22:15:56,935:INFO:127.0.0.1 - - [22/Apr/2023 22:15:56] "GET /security/modificar_proveedor_admin?id=2 HTTP/1.1" 200 -
2023-04-22 22:15:57,036:INFO:127.0.0.1 - - [22/Apr/2023 22:15:57] "[36mGET /static/bootstrap/css/bootstrap.min.css HTTP/1.1[0m" 304 -
2023-04-22 22:15:57,044:INFO:127.0.0.1 - - [22/Apr/2023 22:15:57] "[36mGET /static/bootstrap/css/bootstrap-responsive.min.css HTTP/1.1[0m" 304 -
2023-04-22 22:15:57,045:INFO:127.0.0.1 - - [22/Apr/2023 22:15:57] "[36mGET /static/bootstrap/css/styles.css HTTP/1.1[0m" 304 -
2023-04-22 22:15:57,059:INFO:127.0.0.1 - - [22/Apr/2023 22:15:57] "[36mGET /static/css/nav.css HTTP/1.1[0m" 304 -
2023-04-22 22:15:57,082:INFO:127.0.0.1 - - [22/Apr/2023 22:15:57] "[36mGET /static/css/carrusel.css HTTP/1.1[0m" 304 -
2023-04-22 22:15:57,090:INFO:127.0.0.1 - - [22/Apr/2023 22:15:57] "[36mGET /static/js/carrusel.js HTTP/1.1[0m" 304 -
2023-04-22 22:15:57,110:INFO:127.0.0.1 - - [22/Apr/2023 22:15:57] "[33mGET /security/static/sweetalert2/sweetalert2.min.css HTTP/1.1[0m" 404 -
2023-04-22 22:15:57,137:INFO:127.0.0.1 - - [22/Apr/2023 22:15:57] "[33mGET /security/static/sweetalert2/sweetalert2.min.js HTTP/1.1[0m" 404 -
2023-04-22 22:15:57,159:INFO:127.0.0.1 - - [22/Apr/2023 22:15:57] "[33mGET /security/static/estilos.css HTTP/1.1[0m" 404 -
2023-04-22 22:15:57,182:INFO:127.0.0.1 - - [22/Apr/2023 22:15:57] "[36mGET /static/img/ej4.png HTTP/1.1[0m" 304 -
2023-04-22 22:15:57,191:INFO:127.0.0.1 - - [22/Apr/2023 22:15:57] "[36mGET /static/img/fondo5.jpg HTTP/1.1[0m" 304 -
2023-04-22 22:16:06,121:INFO:127.0.0.1 - - [22/Apr/2023 22:16:06] "[32mPOST /security/modificar_proveedor_admin HTTP/1.1[0m" 302 -
2023-04-22 22:16:06,138:INFO:127.0.0.1 - - [22/Apr/2023 22:16:06] "GET /security/proveedor_admin HTTP/1.1" 200 -
2023-04-22 22:16:06,236:INFO:127.0.0.1 - - [22/Apr/2023 22:16:06] "[36mGET /static/bootstrap/css/bootstrap.min.css HTTP/1.1[0m" 304 -
2023-04-22 22:16:06,239:INFO:127.0.0.1 - - [22/Apr/2023 22:16:06] "[36mGET /static/bootstrap/css/bootstrap-responsive.min.css HTTP/1.1[0m" 304 -
2023-04-22 22:16:06,245:INFO:127.0.0.1 - - [22/Apr/2023 22:16:06] "[36mGET /static/bootstrap/css/styles.css HTTP/1.1[0m" 304 -
2023-04-22 22:16:06,249:INFO:127.0.0.1 - - [22/Apr/2023 22:16:06] "[36mGET /static/css/nav.css HTTP/1.1[0m" 304 -
2023-04-22 22:16:06,251:INFO:127.0.0.1 - - [22/Apr/2023 22:16:06] "[36mGET /static/css/carrusel.css HTTP/1.1[0m" 304 -
2023-04-22 22:16:06,259:INFO:127.0.0.1 - - [22/Apr/2023 22:16:06] "[36mGET /static/js/carrusel.js HTTP/1.1[0m" 304 -
2023-04-22 22:16:06,269:INFO:127.0.0.1 - - [22/Apr/2023 22:16:06] "[33mGET /security/static/sweetalert2/sweetalert2.min.css HTTP/1.1[0m" 404 -
2023-04-22 22:16:06,306:INFO:127.0.0.1 - - [22/Apr/2023 22:16:06] "[33mGET /security/static/estilos.css HTTP/1.1[0m" 404 -
2023-04-22 22:16:06,306:INFO:127.0.0.1 - - [22/Apr/2023 22:16:06] "[33mGET /security/static/sweetalert2/sweetalert2.min.js HTTP/1.1[0m" 404 -
2023-04-22 22:16:06,322:INFO:127.0.0.1 - - [22/Apr/2023 22:16:06] "[36mGET /static/img/ej4.png HTTP/1.1[0m" 304 -
2023-04-22 22:16:06,346:INFO:127.0.0.1 - - [22/Apr/2023 22:16:06] "[36mGET /static/img/fondo5.jpg HTTP/1.1[0m" 304 -
2023-04-22 22:16:06,373:INFO:127.0.0.1 - - [22/Apr/2023 22:16:06] "[33mGET /security/static/estilos.css HTTP/1.1[0m" 404 -
2023-04-22 22:16:34,149:INFO: * Detected change in 'C:\\curso_python\\Proyecto Final\\The_World_of_cakes\\project\\auth.py', reloading
2023-04-22 22:16:34,358:INFO: * Restarting with stat
2023-04-22 22:16:38,056:INFO:Se inicio la aplicacion
2023-04-22 22:16:38,076:WARNING: * Debugger is active!
2023-04-22 22:16:38,082:INFO: * Debugger PIN: 577-661-229
2023-04-22 22:16:46,671:INFO: * Detected change in 'C:\\curso_python\\Proyecto Final\\The_World_of_cakes\\project\\auth.py', reloading
2023-04-22 22:16:46,924:INFO: * Restarting with stat
2023-04-22 22:16:50,716:INFO:Se inicio la aplicacion
2023-04-22 22:16:50,730:WARNING: * Debugger is active!
2023-04-22 22:16:50,735:INFO: * Debugger PIN: 577-661-229
2023-04-22 22:17:13,697:INFO: * Detected change in 'C:\\curso_python\\Proyecto Final\\The_World_of_cakes\\project\\forms.py', reloading
2023-04-22 22:17:13,915:INFO: * Restarting with stat
2023-04-22 22:17:17,108:INFO:Se inicio la aplicacion
2023-04-22 22:17:17,120:WARNING: * Debugger is active!
2023-04-22 22:17:17,127:INFO: * Debugger PIN: 577-661-229
2023-04-22 22:17:37,807:INFO:127.0.0.1 - - [22/Apr/2023 22:17:37] "[32mGET /security/proveedor_admin HTTP/1.1[0m" 302 -
2023-04-22 22:17:37,847:INFO:127.0.0.1 - - [22/Apr/2023 22:17:37] "GET /login?next=%2Fsecurity%2Fproveedor_admin HTTP/1.1" 200 -
2023-04-22 22:17:42,653:INFO:127.0.0.1 - - [22/Apr/2023 22:17:42] "GET / HTTP/1.1" 200 -
2023-04-22 22:17:42,737:INFO:127.0.0.1 - - [22/Apr/2023 22:17:42] "[36mGET /static/bootstrap/css/bootstrap.min.css HTTP/1.1[0m" 304 -
2023-04-22 22:17:42,751:INFO:127.0.0.1 - - [22/Apr/2023 22:17:42] "[36mGET /static/bootstrap/css/bootstrap-responsive.min.css HTTP/1.1[0m" 304 -
2023-04-22 22:17:42,758:INFO:127.0.0.1 - - [22/Apr/2023 22:17:42] "[36mGET /static/bootstrap/css/styles.css HTTP/1.1[0m" 304 -
2023-04-22 22:17:42,779:INFO:127.0.0.1 - - [22/Apr/2023 22:17:42] "[36mGET /static/css/nav.css HTTP/1.1[0m" 304 -
2023-04-22 22:17:42,797:INFO:127.0.0.1 - - [22/Apr/2023 22:17:42] "[36mGET /static/css/carrusel.css HTTP/1.1[0m" 304 -
2023-04-22 22:17:42,805:INFO:127.0.0.1 - - [22/Apr/2023 22:17:42] "[36mGET /static/js/carrusel.js HTTP/1.1[0m" 304 -
2023-04-22 22:17:42,852:INFO:127.0.0.1 - - [22/Apr/2023 22:17:42] "[36mGET /static/img/ej4.png HTTP/1.1[0m" 304 -
2023-04-22 22:17:42,858:INFO:127.0.0.1 - - [22/Apr/2023 22:17:42] "[36mGET /static/img/mision2.jpg HTTP/1.1[0m" 304 -
2023-04-22 22:17:42,865:INFO:127.0.0.1 - - [22/Apr/2023 22:17:42] "[36mGET /static/img/fondo5.jpg HTTP/1.1[0m" 304 -
2023-04-22 22:17:42,871:INFO:127.0.0.1 - - [22/Apr/2023 22:17:42] "[36mGET /static/img/vision.png HTTP/1.1[0m" 304 -
2023-04-22 22:17:44,623:INFO:127.0.0.1 - - [22/Apr/2023 22:17:44] "GET /security/login HTTP/1.1" 200 -
2023-04-22 22:17:44,690:INFO:127.0.0.1 - - [22/Apr/2023 22:17:44] "[36mGET /static/bootstrap/css/bootstrap.min.css HTTP/1.1[0m" 304 -
2023-04-22 22:17:44,698:INFO:127.0.0.1 - - [22/Apr/2023 22:17:44] "[36mGET /static/bootstrap/css/bootstrap-responsive.min.css HTTP/1.1[0m" 304 -
2023-04-22 22:17:44,713:INFO:127.0.0.1 - - [22/Apr/2023 22:17:44] "[36mGET /static/bootstrap/css/styles.css HTTP/1.1[0m" 304 -
2023-04-22 22:17:44,729:INFO:127.0.0.1 - - [22/Apr/2023 22:17:44] "[36mGET /static/css/nav.css HTTP/1.1[0m" 304 -
2023-04-22 22:17:44,742:INFO:127.0.0.1 - - [22/Apr/2023 22:17:44] "[36mGET /static/css/carrusel.css HTTP/1.1[0m" 304 -
2023-04-22 22:17:44,752:INFO:127.0.0.1 - - [22/Apr/2023 22:17:44] "[36mGET /static/js/carrusel.js HTTP/1.1[0m" 304 -
2023-04-22 22:17:44,758:INFO:127.0.0.1 - - [22/Apr/2023 22:17:44] "[33mGET /security/static/estilos.css HTTP/1.1[0m" 404 -
2023-04-22 22:17:44,786:INFO:127.0.0.1 - - [22/Apr/2023 22:17:44] "[36mGET /static/img/ej4.png HTTP/1.1[0m" 304 -
2023-04-22 22:17:44,792:INFO:127.0.0.1 - - [22/Apr/2023 22:17:44] "[36mGET /static/img/fondo5.jpg HTTP/1.1[0m" 304 -
2023-04-22 22:17:48,801:DEBUG:El usuario FernandoLP.mx@outlook.com ingreso al sistema
2023-04-22 22:17:48,804:INFO:127.0.0.1 - - [22/Apr/2023 22:17:48] "[32mPOST /security/login HTTP/1.1[0m" 302 -
2023-04-22 22:17:48,816:INFO:127.0.0.1 - - [22/Apr/2023 22:17:48] "GET / HTTP/1.1" 200 -
2023-04-22 22:17:48,951:INFO:127.0.0.1 - - [22/Apr/2023 22:17:48] "[36mGET /static/bootstrap/css/bootstrap.min.css HTTP/1.1[0m" 304 -
2023-04-22 22:17:48,964:INFO:127.0.0.1 - - [22/Apr/2023 22:17:48] "[36mGET /static/bootstrap/css/bootstrap-responsive.min.css HTTP/1.1[0m" 304 -
2023-04-22 22:17:48,967:INFO:127.0.0.1 - - [22/Apr/2023 22:17:48] "[36mGET /static/bootstrap/css/styles.css HTTP/1.1[0m" 304 -
2023-04-22 22:17:49,014:INFO:127.0.0.1 - - [22/Apr/2023 22:17:49] "[36mGET /static/css/nav.css HTTP/1.1[0m" 304 -
2023-04-22 22:17:49,020:INFO:127.0.0.1 - - [22/Apr/2023 22:17:49] "[36mGET /static/css/carrusel.css HTTP/1.1[0m" 304 -
2023-04-22 22:17:49,023:INFO:127.0.0.1 - - [22/Apr/2023 22:17:49] "[36mGET /static/js/carrusel.js HTTP/1.1[0m" 304 -
2023-04-22 22:17:49,078:INFO:127.0.0.1 - - [22/Apr/2023 22:17:49] "[36mGET /static/img/ej4.png HTTP/1.1[0m" 304 -
2023-04-22 22:17:49,102:INFO:127.0.0.1 - - [22/Apr/2023 22:17:49] "[36mGET /static/img/vision.png HTTP/1.1[0m" 304 -
2023-04-22 22:17:49,105:INFO:127.0.0.1 - - [22/Apr/2023 22:17:49] "[36mGET /static/img/mision2.jpg HTTP/1.1[0m" 304 -
2023-04-22 22:17:49,134:INFO:127.0.0.1 - - [22/Apr/2023 22:17:49] "[36mGET /static/img/fondo5.jpg HTTP/1.1[0m" 304 -
2023-04-22 22:17:50,500:INFO:127.0.0.1 - - [22/Apr/2023 22:17:50] "GET /security/proveedor_admin HTTP/1.1" 200 -
2023-04-22 22:17:50,574:INFO:127.0.0.1 - - [22/Apr/2023 22:17:50] "[36mGET /static/bootstrap/css/bootstrap.min.css HTTP/1.1[0m" 304 -
2023-04-22 22:17:50,609:INFO:127.0.0.1 - - [22/Apr/2023 22:17:50] "[36mGET /static/bootstrap/css/bootstrap-responsive.min.css HTTP/1.1[0m" 304 -
2023-04-22 22:17:50,623:INFO:127.0.0.1 - - [22/Apr/2023 22:17:50] "[36mGET /static/bootstrap/css/styles.css HTTP/1.1[0m" 304 -
2023-04-22 22:17:50,640:INFO:127.0.0.1 - - [22/Apr/2023 22:17:50] "[36mGET /static/css/nav.css HTTP/1.1[0m" 304 -
2023-04-22 22:17:50,668:INFO:127.0.0.1 - - [22/Apr/2023 22:17:50] "[36mGET /static/css/carrusel.css HTTP/1.1[0m" 304 -
2023-04-22 22:17:50,680:INFO:127.0.0.1 - - [22/Apr/2023 22:17:50] "[36mGET /static/js/carrusel.js HTTP/1.1[0m" 304 -
2023-04-22 22:17:50,688:INFO:127.0.0.1 - - [22/Apr/2023 22:17:50] "[33mGET /security/static/sweetalert2/sweetalert2.min.css HTTP/1.1[0m" 404 -
2023-04-22 22:17:50,703:INFO:127.0.0.1 - - [22/Apr/2023 22:17:50] "[33mGET /security/static/sweetalert2/sweetalert2.min.js HTTP/1.1[0m" 404 -
2023-04-22 22:17:50,747:INFO:127.0.0.1 - - [22/Apr/2023 22:17:50] "[33mGET /security/static/estilos.css HTTP/1.1[0m" 404 -
2023-04-22 22:17:50,758:INFO:127.0.0.1 - - [22/Apr/2023 22:17:50] "[36mGET /static/img/ej4.png HTTP/1.1[0m" 304 -
2023-04-22 22:17:50,782:INFO:127.0.0.1 - - [22/Apr/2023 22:17:50] "[36mGET /static/img/fondo5.jpg HTTP/1.1[0m" 304 -
2023-04-22 22:17:52,430:INFO:127.0.0.1 - - [22/Apr/2023 22:17:52] "GET /security/modificar_proveedor_admin?id=2 HTTP/1.1" 200 -
2023-04-22 22:17:52,548:INFO:127.0.0.1 - - [22/Apr/2023 22:17:52] "[36mGET /static/bootstrap/css/bootstrap.min.css HTTP/1.1[0m" 304 -
2023-04-22 22:17:52,552:INFO:127.0.0.1 - - [22/Apr/2023 22:17:52] "[36mGET /static/bootstrap/css/bootstrap-responsive.min.css HTTP/1.1[0m" 304 -
2023-04-22 22:17:52,554:INFO:127.0.0.1 - - [22/Apr/2023 22:17:52] "[36mGET /static/bootstrap/css/styles.css HTTP/1.1[0m" 304 -
2023-04-22 22:17:52,581:INFO:127.0.0.1 - - [22/Apr/2023 22:17:52] "[36mGET /static/css/nav.css HTTP/1.1[0m" 304 -
2023-04-22 22:17:52,600:INFO:127.0.0.1 - - [22/Apr/2023 22:17:52] "[36mGET /static/css/carrusel.css HTTP/1.1[0m" 304 -
2023-04-22 22:17:52,602:INFO:127.0.0.1 - - [22/Apr/2023 22:17:52] "[36mGET /static/js/carrusel.js HTTP/1.1[0m" 304 -
2023-04-22 22:17:52,613:INFO:127.0.0.1 - - [22/Apr/2023 22:17:52] "[33mGET /security/static/sweetalert2/sweetalert2.min.css HTTP/1.1[0m" 404 -
2023-04-22 22:17:52,620:INFO:127.0.0.1 - - [22/Apr/2023 22:17:52] "[33mGET /security/static/sweetalert2/sweetalert2.min.js HTTP/1.1[0m" 404 -
2023-04-22 22:17:52,636:INFO:127.0.0.1 - - [22/Apr/2023 22:17:52] "[33mGET /security/static/estilos.css HTTP/1.1[0m" 404 -
2023-04-22 22:17:52,670:INFO:127.0.0.1 - - [22/Apr/2023 22:17:52] "[36mGET /static/img/ej4.png HTTP/1.1[0m" 304 -
2023-04-22 22:17:52,671:INFO:127.0.0.1 - - [22/Apr/2023 22:17:52] "[36mGET /static/img/fondo5.jpg HTTP/1.1[0m" 304 -
2023-04-22 22:18:12,890:INFO:127.0.0.1 - - [22/Apr/2023 22:18:12] "GET /security/administracion_admin HTTP/1.1" 200 -
2023-04-22 22:18:12,972:INFO:127.0.0.1 - - [22/Apr/2023 22:18:12] "[36mGET /static/bootstrap/css/bootstrap-responsive.min.css HTTP/1.1[0m" 304 -
2023-04-22 22:18:12,975:INFO:127.0.0.1 - - [22/Apr/2023 22:18:12] "[36mGET /static/bootstrap/css/bootstrap.min.css HTTP/1.1[0m" 304 -
2023-04-22 22:18:12,985:INFO:127.0.0.1 - - [22/Apr/2023 22:18:12] "[36mGET /static/bootstrap/css/styles.css HTTP/1.1[0m" 304 -
2023-04-22 22:18:12,996:INFO:127.0.0.1 - - [22/Apr/2023 22:18:12] "[36mGET /static/css/nav.css HTTP/1.1[0m" 304 -
2023-04-22 22:18:13,007:INFO:127.0.0.1 - - [22/Apr/2023 22:18:13] "[36mGET /static/css/carrusel.css HTTP/1.1[0m" 304 -
2023-04-22 22:18:13,025:INFO:127.0.0.1 - - [22/Apr/2023 22:18:13] "[36mGET /static/js/carrusel.js HTTP/1.1[0m" 304 -
2023-04-22 22:18:13,029:INFO:127.0.0.1 - - [22/Apr/2023 22:18:13] "[33mGET /security/static/sweetalert2/sweetalert2.min.css HTTP/1.1[0m" 404 -
2023-04-22 22:18:13,040:INFO:127.0.0.1 - - [22/Apr/2023 22:18:13] "[33mGET /security/static/sweetalert2/sweetalert2.min.js HTTP/1.1[0m" 404 -
2023-04-22 22:18:13,065:INFO:127.0.0.1 - - [22/Apr/2023 22:18:13] "[33mGET /security/static/estilos.css HTTP/1.1[0m" 404 -
2023-04-22 22:18:13,085:INFO:127.0.0.1 - - [22/Apr/2023 22:18:13] "[36mGET /static/img/ej4.png HTTP/1.1[0m" 304 -
2023-04-22 22:18:13,101:INFO:127.0.0.1 - - [22/Apr/2023 22:18:13] "[33mGET /security/static/sweetalert2/sweetalert2.min.css HTTP/1.1[0m" 404 -
2023-04-22 22:18:13,113:INFO:127.0.0.1 - - [22/Apr/2023 22:18:13] "[36mGET /static/img/fondo5.jpg HTTP/1.1[0m" 304 -
2023-04-22 22:18:36,468:INFO: * Detected change in 'C:\\curso_python\\Proyecto Final\\The_World_of_cakes\\project\\auth.py', reloading
2023-04-22 22:18:36,853:INFO: * Restarting with stat
2023-04-22 22:18:40,592:INFO:Se inicio la aplicacion
2023-04-22 22:18:40,604:WARNING: * Debugger is active!
2023-04-22 22:18:40,610:INFO: * Debugger PIN: 577-661-229
2023-04-22 22:18:40,743:INFO:127.0.0.1 - - [22/Apr/2023 22:18:40] "[32mGET /security/modificar_administracion_admin?id=1 HTTP/1.1[0m" 302 -
2023-04-22 22:18:40,786:INFO:127.0.0.1 - - [22/Apr/2023 22:18:40] "GET /login?next=%2Fsecurity%2Fmodificar_administracion_admin%3Fid%3D1 HTTP/1.1" 200 -
2023-04-22 22:18:46,232:INFO:127.0.0.1 - - [22/Apr/2023 22:18:46] "GET / HTTP/1.1" 200 -
2023-04-22 22:18:46,300:INFO:127.0.0.1 - - [22/Apr/2023 22:18:46] "[36mGET /static/bootstrap/css/bootstrap.min.css HTTP/1.1[0m" 304 -
2023-04-22 22:18:46,302:INFO:127.0.0.1 - - [22/Apr/2023 22:18:46] "[36mGET /static/bootstrap/css/bootstrap-responsive.min.css HTTP/1.1[0m" 304 -
2023-04-22 22:18:46,311:INFO:127.0.0.1 - - [22/Apr/2023 22:18:46] "[36mGET /static/css/nav.css HTTP/1.1[0m" 304 -
2023-04-22 22:18:46,313:INFO:127.0.0.1 - - [22/Apr/2023 22:18:46] "[36mGET /static/bootstrap/css/styles.css HTTP/1.1[0m" 304 -
2023-04-22 22:18:46,320:INFO:127.0.0.1 - - [22/Apr/2023 22:18:46] "[36mGET /static/css/carrusel.css HTTP/1.1[0m" 304 -
2023-04-22 22:18:46,330:INFO:127.0.0.1 - - [22/Apr/2023 22:18:46] "[36mGET /static/js/carrusel.js HTTP/1.1[0m" 304 -
2023-04-22 22:18:46,366:INFO:127.0.0.1 - - [22/Apr/2023 22:18:46] "[36mGET /static/img/ej4.png HTTP/1.1[0m" 304 -
2023-04-22 22:18:46,375:INFO:127.0.0.1 - - [22/Apr/2023 22:18:46] "[36mGET /static/img/mision2.jpg HTTP/1.1[0m" 304 -
2023-04-22 22:18:46,405:INFO:127.0.0.1 - - [22/Apr/2023 22:18:46] "[36mGET /static/img/vision.png HTTP/1.1[0m" 304 -
2023-04-22 22:18:46,418:INFO:127.0.0.1 - - [22/Apr/2023 22:18:46] "[36mGET /static/img/fondo5.jpg HTTP/1.1[0m" 304 -
2023-04-22 22:18:48,586:INFO:127.0.0.1 - - [22/Apr/2023 22:18:48] "GET /security/login HTTP/1.1" 200 -
2023-04-22 22:18:48,635:INFO:127.0.0.1 - - [22/Apr/2023 22:18:48] "[36mGET /static/bootstrap/css/bootstrap.min.css HTTP/1.1[0m" 304 -
2023-04-22 22:18:48,639:INFO:127.0.0.1 - - [22/Apr/2023 22:18:48] "[36mGET /static/bootstrap/css/bootstrap-responsive.min.css HTTP/1.1[0m" 304 -
2023-04-22 22:18:48,654:INFO:127.0.0.1 - - [22/Apr/2023 22:18:48] "[36mGET /static/bootstrap/css/styles.css HTTP/1.1[0m" 304 -
2023-04-22 22:18:48,665:INFO:127.0.0.1 - - [22/Apr/2023 22:18:48] "[36mGET /static/css/nav.css HTTP/1.1[0m" 304 -
2023-04-22 22:18:48,679:INFO:127.0.0.1 - - [22/Apr/2023 22:18:48] "[36mGET /static/css/carrusel.css HTTP/1.1[0m" 304 -
2023-04-22 22:18:48,683:INFO:127.0.0.1 - - [22/Apr/2023 22:18:48] "[36mGET /static/js/carrusel.js HTTP/1.1[0m" 304 -
2023-04-22 22:18:48,686:INFO:127.0.0.1 - - [22/Apr/2023 22:18:48] "[33mGET /security/static/estilos.css HTTP/1.1[0m" 404 -
2023-04-22 22:18:48,721:INFO:127.0.0.1 - - [22/Apr/2023 22:18:48] "[36mGET /static/img/ej4.png HTTP/1.1[0m" 304 -
2023-04-22 22:18:48,741:INFO:127.0.0.1 - - [22/Apr/2023 22:18:48] "[36mGET /static/img/fondo5.jpg HTTP/1.1[0m" 304 -
2023-04-22 22:18:51,903:DEBUG:El usuario FernandoLP.mx@outlook.com ingreso al sistema
2023-04-22 22:18:51,905:INFO:127.0.0.1 - - [22/Apr/2023 22:18:51] "[32mPOST /security/login HTTP/1.1[0m" 302 -
2023-04-22 22:18:51,917:INFO:127.0.0.1 - - [22/Apr/2023 22:18:51] "GET / HTTP/1.1" 200 -
2023-04-22 22:18:51,979:INFO:127.0.0.1 - - [22/Apr/2023 22:18:51] "[36mGET /static/bootstrap/css/bootstrap.min.css HTTP/1.1[0m" 304 -
2023-04-22 22:18:52,008:INFO:127.0.0.1 - - [22/Apr/2023 22:18:52] "[36mGET /static/bootstrap/css/bootstrap-responsive.min.css HTTP/1.1[0m" 304 -
2023-04-22 22:18:52,023:INFO:127.0.0.1 - - [22/Apr/2023 22:18:52] "[36mGET /static/bootstrap/css/styles.css HTTP/1.1[0m" 304 -
2023-04-22 22:18:52,030:INFO:127.0.0.1 - - [22/Apr/2023 22:18:52] "[36mGET /static/css/nav.css HTTP/1.1[0m" 304 -
2023-04-22 22:18:52,032:INFO:127.0.0.1 - - [22/Apr/2023 22:18:52] "[36mGET /static/css/carrusel.css HTTP/1.1[0m" 304 -
2023-04-22 22:18:52,040:INFO:127.0.0.1 - - [22/Apr/2023 22:18:52] "[36mGET /static/js/carrusel.js HTTP/1.1[0m" 304 -
2023-04-22 22:18:52,090:INFO:127.0.0.1 - - [22/Apr/2023 22:18:52] "[36mGET /static/img/ej4.png HTTP/1.1[0m" 304 -
2023-04-22 22:18:52,098:INFO:127.0.0.1 - - [22/Apr/2023 22:18:52] "[36mGET /static/img/mision2.jpg HTTP/1.1[0m" 304 -
2023-04-22 22:18:52,104:INFO:127.0.0.1 - - [22/Apr/2023 22:18:52] "[36mGET /static/img/vision.png HTTP/1.1[0m" 304 -
2023-04-22 22:18:52,107:INFO:127.0.0.1 - - [22/Apr/2023 22:18:52] "[36mGET /static/img/fondo5.jpg HTTP/1.1[0m" 304 -
2023-04-22 22:18:56,289:INFO:127.0.0.1 - - [22/Apr/2023 22:18:56] "GET /security/administracion_admin HTTP/1.1" 200 -
2023-04-22 22:18:56,351:INFO:127.0.0.1 - - [22/Apr/2023 22:18:56] "[36mGET /static/bootstrap/css/bootstrap.min.css HTTP/1.1[0m" 304 -
2023-04-22 22:18:56,358:INFO:127.0.0.1 - - [22/Apr/2023 22:18:56] "[36mGET /static/bootstrap/css/bootstrap-responsive.min.css HTTP/1.1[0m" 304 -
2023-04-22 22:18:56,359:INFO:127.0.0.1 - - [22/Apr/2023 22:18:56] "[36mGET /static/css/nav.css HTTP/1.1[0m" 304 -
2023-04-22 22:18:56,378:INFO:127.0.0.1 - - [22/Apr/2023 22:18:56] "[36mGET /static/bootstrap/css/styles.css HTTP/1.1[0m" 304 -
2023-04-22 22:18:56,383:INFO:127.0.0.1 - - [22/Apr/2023 22:18:56] "[36mGET /static/css/carrusel.css HTTP/1.1[0m" 304 -
2023-04-22 22:18:56,384:INFO:127.0.0.1 - - [22/Apr/2023 22:18:56] "[36mGET /static/js/carrusel.js HTTP/1.1[0m" 304 -
2023-04-22 22:18:56,397:INFO:127.0.0.1 - - [22/Apr/2023 22:18:56] "[33mGET /security/static/sweetalert2/sweetalert2.min.css HTTP/1.1[0m" 404 -
2023-04-22 22:18:56,400:INFO:127.0.0.1 - - [22/Apr/2023 22:18:56] "[33mGET /security/static/sweetalert2/sweetalert2.min.js HTTP/1.1[0m" 404 -
2023-04-22 22:18:56,409:INFO:127.0.0.1 - - [22/Apr/2023 22:18:56] "[33mGET /security/static/estilos.css HTTP/1.1[0m" 404 -
2023-04-22 22:18:56,483:INFO:127.0.0.1 - - [22/Apr/2023 22:18:56] "[36mGET /static/img/ej4.png HTTP/1.1[0m" 304 -
2023-04-22 22:18:56,488:INFO:127.0.0.1 - - [22/Apr/2023 22:18:56] "[33mGET /security/static/sweetalert2/sweetalert2.min.css HTTP/1.1[0m" 404 -
2023-04-22 22:18:56,502:INFO:127.0.0.1 - - [22/Apr/2023 22:18:56] "[33mGET /security/static/sweetalert2/sweetalert2.min.js HTTP/1.1[0m" 404 -
2023-04-22 22:18:56,509:INFO:127.0.0.1 - - [22/Apr/2023 22:18:56] "[36mGET /static/img/fondo5.jpg HTTP/1.1[0m" 304 -
2023-04-22 22:18:56,523:INFO:127.0.0.1 - - [22/Apr/2023 22:18:56] "[33mGET /security/static/estilos.css HTTP/1.1[0m" 404 -
2023-04-22 22:18:57,615:INFO:127.0.0.1 - - [22/Apr/2023 22:18:57] "GET /security/modificar_administracion_admin?id=1 HTTP/1.1" 200 -
2023-04-22 22:18:57,729:INFO:127.0.0.1 - - [22/Apr/2023 22:18:57] "[36mGET /static/bootstrap/css/bootstrap.min.css HTTP/1.1[0m" 304 -
2023-04-22 22:18:57,738:INFO:127.0.0.1 - - [22/Apr/2023 22:18:57] "[36mGET /static/bootstrap/css/bootstrap-responsive.min.css HTTP/1.1[0m" 304 -
2023-04-22 22:18:57,746:INFO:127.0.0.1 - - [22/Apr/2023 22:18:57] "[36mGET /static/bootstrap/css/styles.css HTTP/1.1[0m" 304 -
2023-04-22 22:18:57,757:INFO:127.0.0.1 - - [22/Apr/2023 22:18:57] "[36mGET /static/css/nav.css HTTP/1.1[0m" 304 -
2023-04-22 22:18:57,780:INFO:127.0.0.1 - - [22/Apr/2023 22:18:57] "[36mGET /static/css/carrusel.css HTTP/1.1[0m" 304 -
2023-04-22 22:18:57,787:INFO:127.0.0.1 - - [22/Apr/2023 22:18:57] "[36mGET /static/js/carrusel.js HTTP/1.1[0m" 304 -
2023-04-22 22:18:57,799:INFO:127.0.0.1 - - [22/Apr/2023 22:18:57] "[33mGET /security/static/sweetalert2/sweetalert2.min.css HTTP/1.1[0m" 404 -
2023-04-22 22:18:57,799:INFO:127.0.0.1 - - [22/Apr/2023 22:18:57] "[33mGET /security/static/sweetalert2/sweetalert2.min.js HTTP/1.1[0m" 404 -
2023-04-22 22:18:57,813:INFO:127.0.0.1 - - [22/Apr/2023 22:18:57] "[33mGET /security/static/estilos.css HTTP/1.1[0m" 404 -
2023-04-22 22:18:57,848:INFO:127.0.0.1 - - [22/Apr/2023 22:18:57] "[36mGET /static/img/ej4.png HTTP/1.1[0m" 304 -
2023-04-22 22:18:57,851:INFO:127.0.0.1 - - [22/Apr/2023 22:18:57] "[36mGET /static/img/fondo5.jpg HTTP/1.1[0m" 304 -
2023-04-22 22:19:10,165:INFO:127.0.0.1 - - [22/Apr/2023 22:19:10] "[32mPOST /security/modificar_administracion_admin HTTP/1.1[0m" 302 -
2023-04-22 22:19:10,179:INFO:127.0.0.1 - - [22/Apr/2023 22:19:10] "GET /security/administracion_admin HTTP/1.1" 200 -
2023-04-22 22:19:10,278:INFO:127.0.0.1 - - [22/Apr/2023 22:19:10] "[36mGET /static/bootstrap/css/bootstrap.min.css HTTP/1.1[0m" 304 -
2023-04-22 22:19:10,285:INFO:127.0.0.1 - - [22/Apr/2023 22:19:10] "[36mGET /static/bootstrap/css/bootstrap-responsive.min.css HTTP/1.1[0m" 304 -
2023-04-22 22:19:10,286:INFO:127.0.0.1 - - [22/Apr/2023 22:19:10] "[36mGET /static/bootstrap/css/styles.css HTTP/1.1[0m" 304 -
2023-04-22 22:19:10,302:INFO:127.0.0.1 - - [22/Apr/2023 22:19:10] "[36mGET /static/css/nav.css HTTP/1.1[0m" 304 -
2023-04-22 22:19:10,315:INFO:127.0.0.1 - - [22/Apr/2023 22:19:10] "[36mGET /static/css/carrusel.css HTTP/1.1[0m" 304 -
2023-04-22 22:19:10,319:INFO:127.0.0.1 - - [22/Apr/2023 22:19:10] "[36mGET /static/js/carrusel.js HTTP/1.1[0m" 304 -
2023-04-22 22:19:10,330:INFO:127.0.0.1 - - [22/Apr/2023 22:19:10] "[33mGET /security/static/sweetalert2/sweetalert2.min.css HTTP/1.1[0m" 404 -
2023-04-22 22:19:10,338:INFO:127.0.0.1 - - [22/Apr/2023 22:19:10] "[33mGET /security/static/sweetalert2/sweetalert2.min.js HTTP/1.1[0m" 404 -
2023-04-22 22:19:10,349:INFO:127.0.0.1 - - [22/Apr/2023 22:19:10] "[33mGET /security/static/estilos.css HTTP/1.1[0m" 404 -
2023-04-22 22:19:10,412:INFO:127.0.0.1 - - [22/Apr/2023 22:19:10] "[36mGET /static/img/ej4.png HTTP/1.1[0m" 304 -
2023-04-22 22:19:10,415:INFO:127.0.0.1 - - [22/Apr/2023 22:19:10] "[33mGET /security/static/sweetalert2/sweetalert2.min.css HTTP/1.1[0m" 404 -
2023-04-22 22:19:10,423:INFO:127.0.0.1 - - [22/Apr/2023 22:19:10] "[33mGET /security/static/sweetalert2/sweetalert2.min.js HTTP/1.1[0m" 404 -
2023-04-22 22:19:10,436:INFO:127.0.0.1 - - [22/Apr/2023 22:19:10] "[36mGET /static/img/fondo5.jpg HTTP/1.1[0m" 304 -
2023-04-22 22:19:10,457:INFO:127.0.0.1 - - [22/Apr/2023 22:19:10] "[33mGET /security/static/estilos.css HTTP/1.1[0m" 404 -
